<?xml version="1.0" encoding="ISO-8859-1" ?>
<link_info>
   <banner>TI ARM Linker Unix v18.12.1.LTS</banner>
   <copyright>Copyright (c) 1996-2018 Texas Instruments Incorporated</copyright>
   <link_time>0x5cd25ca2</link_time>
   <link_errors>0x0</link_errors>
   <output_file>Lab_01_v3.out</output_file>
   <entry_point>
      <name>_c_int00_noargs</name>
      <address>0x1ed5</address>
   </entry_point>
   <input_file_list>
      <input_file id="fl-2">
         <path>./</path>
         <kind>object</kind>
         <file>HAL_I2C.obj</file>
         <name>HAL_I2C.obj</name>
      </input_file>
      <input_file id="fl-3">
         <path>./</path>
         <kind>object</kind>
         <file>HAL_OPT3001.obj</file>
         <name>HAL_OPT3001.obj</name>
      </input_file>
      <input_file id="fl-4">
         <path>./</path>
         <kind>object</kind>
         <file>Hardware_setup.obj</file>
         <name>Hardware_setup.obj</name>
      </input_file>
      <input_file id="fl-5">
         <path>./</path>
         <kind>object</kind>
         <file>Interruptions_handler.obj</file>
         <name>Interruptions_handler.obj</name>
      </input_file>
      <input_file id="fl-6">
         <path>./</path>
         <kind>object</kind>
         <file>main.obj</file>
         <name>main.obj</name>
      </input_file>
      <input_file id="fl-7">
         <path>./</path>
         <kind>object</kind>
         <file>startup_msp432p401r_ccs.obj</file>
         <name>startup_msp432p401r_ccs.obj</name>
      </input_file>
      <input_file id="fl-8">
         <path>./</path>
         <kind>object</kind>
         <file>system_msp432p401r.obj</file>
         <name>system_msp432p401r.obj</name>
      </input_file>
      <input_file id="fl-13">
         <kind>object</kind>
         <file>&lt;internal&gt;</file>
         <name>&lt;internal&gt;</name>
      </input_file>
      <input_file id="fl-14">
         <path>/home/sebastianblari/ti/simplelink_msp432p4_sdk_3_10_00_08/source/ti/devices/msp432p4xx/driverlib/ccs/</path>
         <kind>archive</kind>
         <file>msp432p4xx_driverlib.lib</file>
         <name>gpio.o</name>
      </input_file>
      <input_file id="fl-15">
         <path>/home/sebastianblari/ti/simplelink_msp432p4_sdk_3_10_00_08/source/ti/devices/msp432p4xx/driverlib/ccs/</path>
         <kind>archive</kind>
         <file>msp432p4xx_driverlib.lib</file>
         <name>i2c.o</name>
      </input_file>
      <input_file id="fl-16">
         <path>/home/sebastianblari/ti/simplelink_msp432p4_sdk_3_10_00_08/source/ti/devices/msp432p4xx/driverlib/ccs/</path>
         <kind>archive</kind>
         <file>msp432p4xx_driverlib.lib</file>
         <name>interrupt.o</name>
      </input_file>
      <input_file id="fl-17">
         <path>/home/sebastianblari/ti/simplelink_msp432p4_sdk_3_10_00_08/source/ti/devices/msp432p4xx/driverlib/ccs/</path>
         <kind>archive</kind>
         <file>msp432p4xx_driverlib.lib</file>
         <name>cpu.o</name>
      </input_file>
      <input_file id="fl-cd">
         <path>/home/sebastianblari/ti/ccs900/ccs/tools/compiler/ti-cgt-arm_18.12.1.LTS/lib/</path>
         <kind>archive</kind>
         <file>rtsv7M4_T_le_v4SPD16_eabi_eh.lib</file>
         <name>fd_cmp_t2.asm.obj</name>
      </input_file>
      <input_file id="fl-ce">
         <path>/home/sebastianblari/ti/ccs900/ccs/tools/compiler/ti-cgt-arm_18.12.1.LTS/lib/</path>
         <kind>archive</kind>
         <file>rtsv7M4_T_le_v4SPD16_eabi_eh.lib</file>
         <name>fd_mul_t2.asm.obj</name>
      </input_file>
      <input_file id="fl-cf">
         <path>/home/sebastianblari/ti/ccs900/ccs/tools/compiler/ti-cgt-arm_18.12.1.LTS/lib/</path>
         <kind>archive</kind>
         <file>rtsv7M4_T_le_v4SPD16_eabi_eh.lib</file>
         <name>i_tofd_t2.asm.obj</name>
      </input_file>
      <input_file id="fl-d0">
         <path>/home/sebastianblari/ti/ccs900/ccs/tools/compiler/ti-cgt-arm_18.12.1.LTS/lib/</path>
         <kind>archive</kind>
         <file>rtsv7M4_T_le_v4SPD16_eabi_eh.lib</file>
         <name>u_tofd_t2.asm.obj</name>
      </input_file>
      <input_file id="fl-d1">
         <path>/home/sebastianblari/ti/ccs900/ccs/tools/compiler/ti-cgt-arm_18.12.1.LTS/lib/</path>
         <kind>archive</kind>
         <file>rtsv7M4_T_le_v4SPD16_eabi_eh.lib</file>
         <name>tdeh_pr_arm.cpp.obj</name>
      </input_file>
      <input_file id="fl-d2">
         <path>/home/sebastianblari/ti/ccs900/ccs/tools/compiler/ti-cgt-arm_18.12.1.LTS/lib/</path>
         <kind>archive</kind>
         <file>rtsv7M4_T_le_v4SPD16_eabi_eh.lib</file>
         <name>copy_zero_init.c.obj</name>
      </input_file>
      <input_file id="fl-d3">
         <path>/home/sebastianblari/ti/ccs900/ccs/tools/compiler/ti-cgt-arm_18.12.1.LTS/lib/</path>
         <kind>archive</kind>
         <file>rtsv7M4_T_le_v4SPD16_eabi_eh.lib</file>
         <name>copy_decompress_none.c.obj</name>
      </input_file>
      <input_file id="fl-d4">
         <path>/home/sebastianblari/ti/ccs900/ccs/tools/compiler/ti-cgt-arm_18.12.1.LTS/lib/</path>
         <kind>archive</kind>
         <file>rtsv7M4_T_le_v4SPD16_eabi_eh.lib</file>
         <name>copy_decompress_lzss.c.obj</name>
      </input_file>
      <input_file id="fl-d5">
         <path>/home/sebastianblari/ti/ccs900/ccs/tools/compiler/ti-cgt-arm_18.12.1.LTS/lib/</path>
         <kind>archive</kind>
         <file>rtsv7M4_T_le_v4SPD16_eabi_eh.lib</file>
         <name>boot_cortex_m.c.obj</name>
      </input_file>
      <input_file id="fl-d6">
         <path>/home/sebastianblari/ti/ccs900/ccs/tools/compiler/ti-cgt-arm_18.12.1.LTS/lib/</path>
         <kind>archive</kind>
         <file>rtsv7M4_T_le_v4SPD16_eabi_eh.lib</file>
         <name>tdeh_unwinder.cpp.obj</name>
      </input_file>
      <input_file id="fl-d7">
         <path>/home/sebastianblari/ti/ccs900/ccs/tools/compiler/ti-cgt-arm_18.12.1.LTS/lib/</path>
         <kind>archive</kind>
         <file>rtsv7M4_T_le_v4SPD16_eabi_eh.lib</file>
         <name>tdeh_cpp_abi.cpp.obj</name>
      </input_file>
      <input_file id="fl-d8">
         <path>/home/sebastianblari/ti/ccs900/ccs/tools/compiler/ti-cgt-arm_18.12.1.LTS/lib/</path>
         <kind>archive</kind>
         <file>rtsv7M4_T_le_v4SPD16_eabi_eh.lib</file>
         <name>tdeh_pr_common.cpp.obj</name>
      </input_file>
      <input_file id="fl-d9">
         <path>/home/sebastianblari/ti/ccs900/ccs/tools/compiler/ti-cgt-arm_18.12.1.LTS/lib/</path>
         <kind>archive</kind>
         <file>rtsv7M4_T_le_v4SPD16_eabi_eh.lib</file>
         <name>error.c.obj</name>
      </input_file>
      <input_file id="fl-da">
         <path>/home/sebastianblari/ti/ccs900/ccs/tools/compiler/ti-cgt-arm_18.12.1.LTS/lib/</path>
         <kind>archive</kind>
         <file>rtsv7M4_T_le_v4SPD16_eabi_eh.lib</file>
         <name>rtti.c.obj</name>
      </input_file>
      <input_file id="fl-db">
         <path>/home/sebastianblari/ti/ccs900/ccs/tools/compiler/ti-cgt-arm_18.12.1.LTS/lib/</path>
         <kind>archive</kind>
         <file>rtsv7M4_T_le_v4SPD16_eabi_eh.lib</file>
         <name>typeinfo.c.obj</name>
      </input_file>
      <input_file id="fl-dc">
         <path>/home/sebastianblari/ti/ccs900/ccs/tools/compiler/ti-cgt-arm_18.12.1.LTS/lib/</path>
         <kind>archive</kind>
         <file>rtsv7M4_T_le_v4SPD16_eabi_eh.lib</file>
         <name>stdlib_exception.cpp.obj</name>
      </input_file>
      <input_file id="fl-dd">
         <path>/home/sebastianblari/ti/ccs900/ccs/tools/compiler/ti-cgt-arm_18.12.1.LTS/lib/</path>
         <kind>archive</kind>
         <file>rtsv7M4_T_le_v4SPD16_eabi_eh.lib</file>
         <name>stdlib_typeinfo.cpp.obj</name>
      </input_file>
      <input_file id="fl-de">
         <path>/home/sebastianblari/ti/ccs900/ccs/tools/compiler/ti-cgt-arm_18.12.1.LTS/lib/</path>
         <kind>archive</kind>
         <file>rtsv7M4_T_le_v4SPD16_eabi_eh.lib</file>
         <name>new.cpp.obj</name>
      </input_file>
      <input_file id="fl-df">
         <path>/home/sebastianblari/ti/ccs900/ccs/tools/compiler/ti-cgt-arm_18.12.1.LTS/lib/</path>
         <kind>archive</kind>
         <file>rtsv7M4_T_le_v4SPD16_eabi_eh.lib</file>
         <name>memset_t2.asm.obj</name>
      </input_file>
      <input_file id="fl-e0">
         <path>/home/sebastianblari/ti/ccs900/ccs/tools/compiler/ti-cgt-arm_18.12.1.LTS/lib/</path>
         <kind>archive</kind>
         <file>rtsv7M4_T_le_v4SPD16_eabi_eh.lib</file>
         <name>tdeh_uwentry_t2.asm.obj</name>
      </input_file>
      <input_file id="fl-e1">
         <path>/home/sebastianblari/ti/ccs900/ccs/tools/compiler/ti-cgt-arm_18.12.1.LTS/lib/</path>
         <kind>archive</kind>
         <file>rtsv7M4_T_le_v4SPD16_eabi_eh.lib</file>
         <name>memcpy_t2.asm.obj</name>
      </input_file>
      <input_file id="fl-e2">
         <path>/home/sebastianblari/ti/ccs900/ccs/tools/compiler/ti-cgt-arm_18.12.1.LTS/lib/</path>
         <kind>archive</kind>
         <file>rtsv7M4_T_le_v4SPD16_eabi_eh.lib</file>
         <name>autoinit.c.obj</name>
      </input_file>
      <input_file id="fl-e3">
         <path>/home/sebastianblari/ti/ccs900/ccs/tools/compiler/ti-cgt-arm_18.12.1.LTS/lib/</path>
         <kind>archive</kind>
         <file>rtsv7M4_T_le_v4SPD16_eabi_eh.lib</file>
         <name>pre_init.c.obj</name>
      </input_file>
      <input_file id="fl-e4">
         <path>/home/sebastianblari/ti/ccs900/ccs/tools/compiler/ti-cgt-arm_18.12.1.LTS/lib/</path>
         <kind>archive</kind>
         <file>rtsv7M4_T_le_v4SPD16_eabi_eh.lib</file>
         <name>cpy_tbl.c.obj</name>
      </input_file>
      <input_file id="fl-e5">
         <path>/home/sebastianblari/ti/ccs900/ccs/tools/compiler/ti-cgt-arm_18.12.1.LTS/lib/</path>
         <kind>archive</kind>
         <file>rtsv7M4_T_le_v4SPD16_eabi_eh.lib</file>
         <name>exit.c.obj</name>
      </input_file>
      <input_file id="fl-e6">
         <path>/home/sebastianblari/ti/ccs900/ccs/tools/compiler/ti-cgt-arm_18.12.1.LTS/lib/</path>
         <kind>archive</kind>
         <file>rtsv7M4_T_le_v4SPD16_eabi_eh.lib</file>
         <name>_lock.c.obj</name>
      </input_file>
      <input_file id="fl-e7">
         <path>/home/sebastianblari/ti/ccs900/ccs/tools/compiler/ti-cgt-arm_18.12.1.LTS/lib/</path>
         <kind>archive</kind>
         <file>rtsv7M4_T_le_v4SPD16_eabi_eh.lib</file>
         <name>args_main.c.obj</name>
      </input_file>
      <input_file id="fl-e8">
         <path>/home/sebastianblari/ti/ccs900/ccs/tools/compiler/ti-cgt-arm_18.12.1.LTS/lib/</path>
         <kind>archive</kind>
         <file>rtsv7M4_T_le_v4SPD16_eabi_eh.lib</file>
         <name>bsearch.c.obj</name>
      </input_file>
      <input_file id="fl-e9">
         <path>/home/sebastianblari/ti/ccs900/ccs/tools/compiler/ti-cgt-arm_18.12.1.LTS/lib/</path>
         <kind>archive</kind>
         <file>rtsv7M4_T_le_v4SPD16_eabi_eh.lib</file>
         <name>memory.c.obj</name>
      </input_file>
      <input_file id="fl-ea">
         <path>/home/sebastianblari/ti/ccs900/ccs/tools/compiler/ti-cgt-arm_18.12.1.LTS/lib/</path>
         <kind>archive</kind>
         <file>rtsv7M4_T_le_v4SPD16_eabi_eh.lib</file>
         <name>tdeh_init.cpp.obj</name>
      </input_file>
   </input_file_list>
   <object_component_list>
      <object_component id="oc-23">
         <name>.intvecs:retain</name>
         <load_address>0x0</load_address>
         <run_address>0x0</run_address>
         <size>0xe4</size>
         <input_file_ref idref="fl-7"/>
      </object_component>
      <object_component id="oc-434">
         <name>.text:_ZN37_INTERNAL_15_tdeh_pr_arm_cpp_7dc0f84d18__TI_unwind_cpp_prE13_Unwind_PhaseP19_Unwind_Exception_sP15_Unwind_Context15_Unwind_PR_Kind</name>
         <load_address>0xe4</load_address>
         <run_address>0xe4</run_address>
         <size>0x288</size>
         <input_file_ref idref="fl-d1"/>
      </object_component>
      <object_component id="oc-43b">
         <name>.text:_Z24__TI_process_descriptors13_Unwind_PhaseP19_Unwind_Exception_sP15_Unwind_Context15_Unwind_PR_KindPjP19_Unwind_Reason_CodePb</name>
         <load_address>0x36c</load_address>
         <run_address>0x36c</run_address>
         <size>0x252</size>
         <input_file_ref idref="fl-d8"/>
      </object_component>
      <object_component id="oc-6d">
         <name>.text:Default_Handler</name>
         <load_address>0x5be</load_address>
         <run_address>0x5be</run_address>
         <size>0x2</size>
         <input_file_ref idref="fl-7"/>
      </object_component>
      <object_component id="oc-599">
         <name>.text:_ZN27_INTERNAL_6_rtti_c_066a44b028derived_to_base_conversion_rEPvPS0_PKN10__cxxabiv117__class_type_infoES5_jPiiPS5_P19a_result_virtualityS6_</name>
         <load_address>0x5c0</load_address>
         <run_address>0x5c0</run_address>
         <size>0x210</size>
         <input_file_ref idref="fl-da"/>
      </object_component>
      <object_component id="oc-7f">
         <name>.text:T32_INT2_IRQHandler</name>
         <load_address>0x7d0</load_address>
         <run_address>0x7d0</run_address>
         <size>0x150</size>
         <input_file_ref idref="fl-5"/>
      </object_component>
      <object_component id="oc-47d">
         <name>.text:__cxa_type_match</name>
         <load_address>0x920</load_address>
         <run_address>0x920</run_address>
         <size>0x140</size>
         <input_file_ref idref="fl-d7"/>
      </object_component>
      <object_component id="oc-f3">
         <name>.text</name>
         <load_address>0xa60</load_address>
         <run_address>0xa60</run_address>
         <size>0xfc</size>
         <input_file_ref idref="fl-ce"/>
      </object_component>
      <object_component id="oc-3ba">
         <name>.text:aligned_alloc</name>
         <load_address>0xb5c</load_address>
         <run_address>0xb5c</run_address>
         <size>0xf4</size>
         <input_file_ref idref="fl-e9"/>
      </object_component>
      <object_component id="oc-5f3">
         <name>.text:free</name>
         <load_address>0xc50</load_address>
         <run_address>0xc50</run_address>
         <size>0xe8</size>
         <input_file_ref idref="fl-e9"/>
      </object_component>
      <object_component id="oc-459">
         <name>.text:__cxa_call_unexpected</name>
         <load_address>0xd38</load_address>
         <run_address>0xd38</run_address>
         <size>0xe0</size>
         <input_file_ref idref="fl-d7"/>
      </object_component>
      <object_component id="oc-153">
         <name>.text:_Z14OPT3001_getLuxv</name>
         <load_address>0xe18</load_address>
         <run_address>0xe18</run_address>
         <size>0xd8</size>
         <input_file_ref idref="fl-3"/>
      </object_component>
      <object_component id="oc-b6">
         <name>.text:main</name>
         <load_address>0xef0</load_address>
         <run_address>0xef0</run_address>
         <size>0x9c</size>
         <input_file_ref idref="fl-6"/>
      </object_component>
      <object_component id="oc-37">
         <name>.text</name>
         <load_address>0xf8c</load_address>
         <run_address>0xf8c</run_address>
         <size>0x9c</size>
         <input_file_ref idref="fl-e1"/>
      </object_component>
      <object_component id="oc-247">
         <name>.text:_Z10I2C_read16h</name>
         <load_address>0x1028</load_address>
         <run_address>0x1028</run_address>
         <size>0x8c</size>
         <input_file_ref idref="fl-2"/>
      </object_component>
      <object_component id="oc-337">
         <name>.text:GPIO_setAsPeripheralModuleFunctionOutputPin</name>
         <load_address>0x10b4</load_address>
         <run_address>0x10b4</run_address>
         <size>0x88</size>
         <input_file_ref idref="fl-14"/>
      </object_component>
      <object_component id="oc-f8">
         <name>.text:__aeabi_cdrcmple</name>
         <load_address>0x113c</load_address>
         <run_address>0x113c</run_address>
         <size>0x86</size>
         <input_file_ref idref="fl-cd"/>
      </object_component>
      <object_component id="oc-4ef">
         <name>.text:_ZNSt13bad_exceptionD1Ev</name>
         <load_address>0x11c2</load_address>
         <run_address>0x11c2</run_address>
         <size>0x2</size>
         <input_file_ref idref="fl-dc"/>
      </object_component>
      <object_component id="oc-103">
         <name>.text:GPIO_getEnabledInterruptStatus</name>
         <load_address>0x11c4</load_address>
         <run_address>0x11c4</run_address>
         <size>0x84</size>
         <input_file_ref idref="fl-14"/>
      </object_component>
      <object_component id="oc-14d">
         <name>.text:_Z7PowerUpi</name>
         <load_address>0x1248</load_address>
         <run_address>0x1248</run_address>
         <size>0x84</size>
         <input_file_ref idref="fl-4"/>
      </object_component>
      <object_component id="oc-2b3">
         <name>.text:Interrupt_enableInterrupt</name>
         <load_address>0x12cc</load_address>
         <run_address>0x12cc</run_address>
         <size>0x80</size>
         <input_file_ref idref="fl-16"/>
      </object_component>
      <object_component id="oc-501">
         <name>.text:__derived_to_base_conversion</name>
         <load_address>0x134c</load_address>
         <run_address>0x134c</run_address>
         <size>0x80</size>
         <input_file_ref idref="fl-da"/>
      </object_component>
      <object_component id="oc-417">
         <name>.text:split</name>
         <load_address>0x13cc</load_address>
         <run_address>0x13cc</run_address>
         <size>0x7c</size>
         <input_file_ref idref="fl-e9"/>
      </object_component>
      <object_component id="oc-c8">
         <name>.text:SystemInit</name>
         <load_address>0x1448</load_address>
         <run_address>0x1448</run_address>
         <size>0x78</size>
         <input_file_ref idref="fl-8"/>
      </object_component>
      <object_component id="oc-4ce">
         <name>.text:__cxa_allocate_exception</name>
         <load_address>0x14c0</load_address>
         <run_address>0x14c0</run_address>
         <size>0x75</size>
         <input_file_ref idref="fl-d7"/>
      </object_component>
      <object_component id="oc-565">
         <name>.text:_ZNSt9exceptionD1Ev</name>
         <load_address>0x1536</load_address>
         <run_address>0x1536</run_address>
         <size>0x2</size>
         <input_file_ref idref="fl-dc"/>
      </object_component>
      <object_component id="oc-216">
         <name>.text:_Z22InitialConditionsSetupv</name>
         <load_address>0x1538</load_address>
         <run_address>0x1538</run_address>
         <size>0x74</size>
         <input_file_ref idref="fl-4"/>
      </object_component>
      <object_component id="oc-3af">
         <name>.text:I2C_masterSendMultiByteFinish</name>
         <load_address>0x15ac</load_address>
         <run_address>0x15ac</run_address>
         <size>0x6c</size>
         <input_file_ref idref="fl-15"/>
      </object_component>
      <object_component id="oc-676">
         <name>.text:_ZN39_INTERNAL_17_tdeh_unwinder_cpp_f8f63fad16find_et_setup_prEP19_Unwind_Exception_sj</name>
         <load_address>0x1618</load_address>
         <run_address>0x1618</run_address>
         <size>0x6c</size>
         <input_file_ref idref="fl-d6"/>
      </object_component>
      <object_component id="oc-4a9">
         <name>.text</name>
         <load_address>0x1684</load_address>
         <run_address>0x1684</run_address>
         <size>0x6c</size>
         <input_file_ref idref="fl-e0"/>
      </object_component>
      <object_component id="oc-2e1">
         <name>.text:I2C_masterSendMultiByteStart</name>
         <load_address>0x16f0</load_address>
         <run_address>0x16f0</run_address>
         <size>0x68</size>
         <input_file_ref idref="fl-15"/>
      </object_component>
      <object_component id="oc-14">
         <name>.text:decompress:lzss:__TI_decompress_lzss</name>
         <load_address>0x1758</load_address>
         <run_address>0x1758</run_address>
         <size>0x68</size>
         <input_file_ref idref="fl-d4"/>
      </object_component>
      <object_component id="oc-33e">
         <name>.text:I2C_initMaster</name>
         <load_address>0x17c0</load_address>
         <run_address>0x17c0</run_address>
         <size>0x62</size>
         <input_file_ref idref="fl-15"/>
      </object_component>
      <object_component id="oc-6b0">
         <name>.text:_ZNSt9type_infoD1Ev</name>
         <load_address>0x1822</load_address>
         <run_address>0x1822</run_address>
         <size>0x2</size>
         <input_file_ref idref="fl-dd"/>
      </object_component>
      <object_component id="oc-21c">
         <name>.text:_Z12InitialBlinki</name>
         <load_address>0x1824</load_address>
         <run_address>0x1824</run_address>
         <size>0x60</size>
         <input_file_ref idref="fl-4"/>
      </object_component>
      <object_component id="oc-73">
         <name>.text:ADC14_IRQHandler</name>
         <load_address>0x1884</load_address>
         <run_address>0x1884</run_address>
         <size>0x58</size>
         <input_file_ref idref="fl-5"/>
      </object_component>
      <object_component id="oc-2a1">
         <name>.text:GPIO_setAsInputPinWithPullUpResistor</name>
         <load_address>0x18dc</load_address>
         <run_address>0x18dc</run_address>
         <size>0x58</size>
         <input_file_ref idref="fl-14"/>
      </object_component>
      <object_component id="oc-22e">
         <name>.text:_Z11ButtonSetupv</name>
         <load_address>0x1934</load_address>
         <run_address>0x1934</run_address>
         <size>0x50</size>
         <input_file_ref idref="fl-4"/>
      </object_component>
      <object_component id="oc-314">
         <name>.text:__cxa_get_globals</name>
         <load_address>0x1984</load_address>
         <run_address>0x1984</run_address>
         <size>0x50</size>
         <input_file_ref idref="fl-d7"/>
      </object_component>
      <object_component id="oc-85">
         <name>.text:PORT1_IRQHandler</name>
         <load_address>0x19d4</load_address>
         <run_address>0x19d4</run_address>
         <size>0x4c</size>
         <input_file_ref idref="fl-5"/>
      </object_component>
      <object_component id="oc-4c2">
         <name>.text:__cxa_end_catch</name>
         <load_address>0x1a20</load_address>
         <run_address>0x1a20</run_address>
         <size>0x4c</size>
         <input_file_ref idref="fl-d7"/>
      </object_component>
      <object_component id="oc-354">
         <name>.text:_Z11I2C_write16hj</name>
         <load_address>0x1a6c</load_address>
         <run_address>0x1a6c</run_address>
         <size>0x48</size>
         <input_file_ref idref="fl-2"/>
      </object_component>
      <object_component id="oc-27b">
         <name>.text:_ZN40_INTERNAL_18_Hardware_setup_cpp_49863bcb18__NVIC_SetPriorityE4IRQnj</name>
         <load_address>0x1ab4</load_address>
         <run_address>0x1ab4</run_address>
         <size>0x48</size>
         <input_file_ref idref="fl-4"/>
      </object_component>
      <object_component id="oc-167">
         <name>.text:__TI_auto_init_nobinit_nopinit:__TI_auto_init_nobinit_nopinit</name>
         <load_address>0x1afc</load_address>
         <run_address>0x1afc</run_address>
         <size>0x48</size>
         <input_file_ref idref="fl-e2"/>
      </object_component>
      <object_component id="oc-6be">
         <name>.text:_Z16__TI_targ_set_prP19_Unwind_Exception_s</name>
         <load_address>0x1b44</load_address>
         <run_address>0x1b44</run_address>
         <size>0x44</size>
         <input_file_ref idref="fl-d1"/>
      </object_component>
      <object_component id="oc-447">
         <name>.text:_ZN37_INTERNAL_15_tdeh_pr_arm_cpp_7dc0f84d13regb_Dreg_popEP15_Unwind_Contextjjb</name>
         <load_address>0x1b88</load_address>
         <run_address>0x1b88</run_address>
         <size>0x44</size>
         <input_file_ref idref="fl-d1"/>
      </object_component>
      <object_component id="oc-6b8">
         <name>.text:bsearch</name>
         <load_address>0x1bcc</load_address>
         <run_address>0x1bcc</run_address>
         <size>0x44</size>
         <input_file_ref idref="fl-e8"/>
      </object_component>
      <object_component id="oc-29b">
         <name>.text:GPIO_setAsOutputPin</name>
         <load_address>0x1c10</load_address>
         <run_address>0x1c10</run_address>
         <size>0x40</size>
         <input_file_ref idref="fl-14"/>
      </object_component>
      <object_component id="oc-2ff">
         <name>.text:I2C_masterReceiveMultiByteFinish</name>
         <load_address>0x1c50</load_address>
         <run_address>0x1c50</run_address>
         <size>0x40</size>
         <input_file_ref idref="fl-15"/>
      </object_component>
      <object_component id="oc-23a">
         <name>.text:_Z9ADC_setupv</name>
         <load_address>0x1c90</load_address>
         <run_address>0x1c90</run_address>
         <size>0x40</size>
         <input_file_ref idref="fl-4"/>
      </object_component>
      <object_component id="oc-6c4">
         <name>.text:__TI_ut_entry_cmp</name>
         <load_address>0x1cd0</load_address>
         <run_address>0x1cd0</run_address>
         <size>0x40</size>
         <input_file_ref idref="fl-d6"/>
      </object_component>
      <object_component id="oc-2a7">
         <name>.text:GPIO_interruptEdgeSelect</name>
         <load_address>0x1d10</load_address>
         <run_address>0x1d10</run_address>
         <size>0x3c</size>
         <input_file_ref idref="fl-14"/>
      </object_component>
      <object_component id="oc-5eb">
         <name>.text:_ZN39_INTERNAL_17_tdeh_unwinder_cpp_f8f63fad17__TI_unwind_frameEP19_Unwind_Exception_sP15_Unwind_Context</name>
         <load_address>0x1d4c</load_address>
         <run_address>0x1d4c</run_address>
         <size>0x3c</size>
         <input_file_ref idref="fl-d6"/>
      </object_component>
      <object_component id="oc-2ed">
         <name>.text:I2C_masterSendMultiByteStop</name>
         <load_address>0x1d88</load_address>
         <run_address>0x1d88</run_address>
         <size>0x38</size>
         <input_file_ref idref="fl-15"/>
      </object_component>
      <object_component id="oc-210">
         <name>.text:_Z8PinSetupv</name>
         <load_address>0x1dc0</load_address>
         <run_address>0x1dc0</run_address>
         <size>0x38</size>
         <input_file_ref idref="fl-4"/>
      </object_component>
      <object_component id="oc-5de">
         <name>.text:__TI_Unwind_RaiseException2</name>
         <load_address>0x1df8</load_address>
         <run_address>0x1df8</run_address>
         <size>0x38</size>
         <input_file_ref idref="fl-d6"/>
      </object_component>
      <object_component id="oc-534">
         <name>.text:__TI_Unwind_Resume</name>
         <load_address>0x1e30</load_address>
         <run_address>0x1e30</run_address>
         <size>0x38</size>
         <input_file_ref idref="fl-d6"/>
      </object_component>
      <object_component id="oc-4da">
         <name>.text:__cxa_rethrow</name>
         <load_address>0x1e68</load_address>
         <run_address>0x1e68</run_address>
         <size>0x36</size>
         <input_file_ref idref="fl-d7"/>
      </object_component>
      <object_component id="oc-308">
         <name>.text:_nop</name>
         <load_address>0x1e9e</load_address>
         <run_address>0x1e9e</run_address>
         <size>0x2</size>
         <input_file_ref idref="fl-e6"/>
      </object_component>
      <object_component id="oc-3a9">
         <name>.text:I2C_masterSendMultiByteNext</name>
         <load_address>0x1ea0</load_address>
         <run_address>0x1ea0</run_address>
         <size>0x34</size>
         <input_file_ref idref="fl-15"/>
      </object_component>
      <object_component id="oc-55">
         <name>.text:_c_int00_noargs:_c_int00_noargs</name>
         <load_address>0x1ed4</load_address>
         <run_address>0x1ed4</run_address>
         <size>0x34</size>
         <input_file_ref idref="fl-d5"/>
      </object_component>
      <object_component id="oc-44d">
         <name>.text:_ZN37_INTERNAL_15_tdeh_pr_arm_cpp_7dc0f84d13regb_core_popEP15_Unwind_Contextj</name>
         <load_address>0x1f08</load_address>
         <run_address>0x1f08</run_address>
         <size>0x32</size>
         <input_file_ref idref="fl-d1"/>
      </object_component>
      <object_component id="oc-234">
         <name>.text:_Z11T32_2_setupv</name>
         <load_address>0x1f3c</load_address>
         <run_address>0x1f3c</run_address>
         <size>0x30</size>
         <input_file_ref idref="fl-4"/>
      </object_component>
      <object_component id="oc-441">
         <name>.text:_ZN37_INTERNAL_15_tdeh_pr_arm_cpp_7dc0f84d12next_uw_byteEP20_Unwind_Instr_Handle</name>
         <load_address>0x1f6c</load_address>
         <run_address>0x1f6c</run_address>
         <size>0x30</size>
         <input_file_ref idref="fl-d1"/>
      </object_component>
      <object_component id="oc-281">
         <name>.text:_ZN40_INTERNAL_18_Hardware_setup_cpp_49863bcb16__NVIC_EnableIRQE4IRQn</name>
         <load_address>0x1f9c</load_address>
         <run_address>0x1f9c</run_address>
         <size>0x30</size>
         <input_file_ref idref="fl-4"/>
      </object_component>
      <object_component id="oc-4b6">
         <name>.text:__cxa_begin_catch</name>
         <load_address>0x1fcc</load_address>
         <run_address>0x1fcc</run_address>
         <size>0x2e</size>
         <input_file_ref idref="fl-d7"/>
      </object_component>
      <object_component id="oc-ee">
         <name>.text</name>
         <load_address>0x1ffa</load_address>
         <run_address>0x1ffa</run_address>
         <size>0x2e</size>
         <input_file_ref idref="fl-cf"/>
      </object_component>
      <object_component id="oc-222">
         <name>.text:_Z11T32_1_setupv</name>
         <load_address>0x2028</load_address>
         <run_address>0x2028</run_address>
         <size>0x2c</size>
         <input_file_ref idref="fl-4"/>
      </object_component>
      <object_component id="oc-4d4">
         <name>.text:__cxa_throw</name>
         <load_address>0x2054</load_address>
         <run_address>0x2054</run_address>
         <size>0x2a</size>
         <input_file_ref idref="fl-d7"/>
      </object_component>
      <object_component id="oc-10f">
         <name>.text:GPIO_clearInterruptFlag</name>
         <load_address>0x2080</load_address>
         <run_address>0x2080</run_address>
         <size>0x28</size>
         <input_file_ref idref="fl-14"/>
      </object_component>
      <object_component id="oc-2ad">
         <name>.text:GPIO_enableInterrupt</name>
         <load_address>0x20a8</load_address>
         <run_address>0x20a8</run_address>
         <size>0x28</size>
         <input_file_ref idref="fl-14"/>
      </object_component>
      <object_component id="oc-2bf">
         <name>.text:GPIO_setOutputLowOnPin</name>
         <load_address>0x20d0</load_address>
         <run_address>0x20d0</run_address>
         <size>0x28</size>
         <input_file_ref idref="fl-14"/>
      </object_component>
      <object_component id="oc-109">
         <name>.text:GPIO_toggleOutputOnPin</name>
         <load_address>0x20f8</load_address>
         <run_address>0x20f8</run_address>
         <size>0x28</size>
         <input_file_ref idref="fl-14"/>
      </object_component>
      <object_component id="oc-411">
         <name>.text:free_list_insert</name>
         <load_address>0x2120</load_address>
         <run_address>0x2120</run_address>
         <size>0x28</size>
         <input_file_ref idref="fl-e9"/>
      </object_component>
      <object_component id="oc-1fa">
         <name>.text:GPIO_getInterruptStatus</name>
         <load_address>0x2148</load_address>
         <run_address>0x2148</run_address>
         <size>0x24</size>
         <input_file_ref idref="fl-14"/>
      </object_component>
      <object_component id="oc-543">
         <name>.text:__cxa_free_exception</name>
         <load_address>0x216c</load_address>
         <run_address>0x216c</run_address>
         <size>0x22</size>
         <input_file_ref idref="fl-d7"/>
      </object_component>
      <object_component id="oc-79">
         <name>.text:T32_INT1_IRQHandler</name>
         <load_address>0x2190</load_address>
         <run_address>0x2190</run_address>
         <size>0x20</size>
         <input_file_ref idref="fl-5"/>
      </object_component>
      <object_component id="oc-228">
         <name>.text:_Z16LightSensorSetupv</name>
         <load_address>0x21b0</load_address>
         <run_address>0x21b0</run_address>
         <size>0x20</size>
         <input_file_ref idref="fl-4"/>
      </object_component>
      <object_component id="oc-28e">
         <name>.text:_Z8I2C_initv</name>
         <load_address>0x21d0</load_address>
         <run_address>0x21d0</run_address>
         <size>0x20</size>
         <input_file_ref idref="fl-2"/>
      </object_component>
      <object_component id="oc-4bc">
         <name>.text:_ZSt10unexpectedv</name>
         <load_address>0x21f0</load_address>
         <run_address>0x21f0</run_address>
         <size>0x20</size>
         <input_file_ref idref="fl-d7"/>
      </object_component>
      <object_component id="oc-3c5">
         <name>.text:_ZSt9terminatev</name>
         <load_address>0x2210</load_address>
         <run_address>0x2210</run_address>
         <size>0x20</size>
         <input_file_ref idref="fl-d7"/>
      </object_component>
      <object_component id="oc-52e">
         <name>.text:__TI_Unwind_RaiseException</name>
         <load_address>0x2230</load_address>
         <run_address>0x2230</run_address>
         <size>0x20</size>
         <input_file_ref idref="fl-d1"/>
      </object_component>
      <object_component id="oc-4fb">
         <name>.text:__cxa_bad_typeid</name>
         <load_address>0x2250</load_address>
         <run_address>0x2250</run_address>
         <size>0x20</size>
         <input_file_ref idref="fl-da"/>
      </object_component>
      <object_component id="oc-e9">
         <name>.text</name>
         <load_address>0x2270</load_address>
         <run_address>0x2270</run_address>
         <size>0x20</size>
         <input_file_ref idref="fl-d0"/>
      </object_component>
      <object_component id="oc-4c8">
         <name>.text:_ZN38_INTERNAL_16_tdeh_cpp_abi_cpp_89652da837__TI_setup_handler_and_call_terminateEP19_Unwind_Exception_s</name>
         <load_address>0x2290</load_address>
         <run_address>0x2290</run_address>
         <size>0x1e</size>
         <input_file_ref idref="fl-d7"/>
      </object_component>
      <object_component id="oc-2d5">
         <name>.text:I2C_setMode</name>
         <load_address>0x22ae</load_address>
         <run_address>0x22ae</run_address>
         <size>0x1c</size>
         <input_file_ref idref="fl-15"/>
      </object_component>
      <object_component id="oc-241">
         <name>.text:_Z12I2C_setslavej</name>
         <load_address>0x22cc</load_address>
         <run_address>0x22cc</run_address>
         <size>0x1c</size>
         <input_file_ref idref="fl-2"/>
      </object_component>
      <object_component id="oc-40b">
         <name>.text:free_list_remove</name>
         <load_address>0x22e8</load_address>
         <run_address>0x22e8</run_address>
         <size>0x1c</size>
         <input_file_ref idref="fl-e9"/>
      </object_component>
      <object_component id="oc-2f3">
         <name>.text:I2C_masterReceiveStart</name>
         <load_address>0x2304</load_address>
         <run_address>0x2304</run_address>
         <size>0x1a</size>
         <input_file_ref idref="fl-15"/>
      </object_component>
      <object_component id="oc-2e7">
         <name>.text:I2C_getInterruptStatus</name>
         <load_address>0x231e</load_address>
         <run_address>0x231e</run_address>
         <size>0x18</size>
         <input_file_ref idref="fl-15"/>
      </object_component>
      <object_component id="oc-2db">
         <name>.text:I2C_isBusBusy</name>
         <load_address>0x2338</load_address>
         <run_address>0x2338</run_address>
         <size>0x18</size>
         <input_file_ref idref="fl-15"/>
      </object_component>
      <object_component id="oc-288">
         <name>.text:_Z13Init_I2C_GPIOv</name>
         <load_address>0x2350</load_address>
         <run_address>0x2350</run_address>
         <size>0x18</size>
         <input_file_ref idref="fl-2"/>
      </object_component>
      <object_component id="oc-57b">
         <name>.text:_ZNKSt13bad_exception4whatEv</name>
         <load_address>0x2368</load_address>
         <run_address>0x2368</run_address>
         <size>0x18</size>
         <input_file_ref idref="fl-dc"/>
      </object_component>
      <object_component id="oc-2ce">
         <name>.text:I2C_clearInterruptFlag</name>
         <load_address>0x2380</load_address>
         <run_address>0x2380</run_address>
         <size>0x16</size>
         <input_file_ref idref="fl-15"/>
      </object_component>
      <object_component id="oc-344">
         <name>.text:I2C_disableModule</name>
         <load_address>0x2396</load_address>
         <run_address>0x2396</run_address>
         <size>0x16</size>
         <input_file_ref idref="fl-15"/>
      </object_component>
      <object_component id="oc-34a">
         <name>.text:I2C_enableModule</name>
         <load_address>0x23ac</load_address>
         <run_address>0x23ac</run_address>
         <size>0x16</size>
         <input_file_ref idref="fl-15"/>
      </object_component>
      <object_component id="oc-2f9">
         <name>.text:I2C_masterReceiveMultiByteNext</name>
         <load_address>0x23c2</load_address>
         <run_address>0x23c2</run_address>
         <size>0x14</size>
         <input_file_ref idref="fl-15"/>
      </object_component>
      <object_component id="oc-2c8">
         <name>.text:I2C_setSlaveAddress</name>
         <load_address>0x23d6</load_address>
         <run_address>0x23d6</run_address>
         <size>0x14</size>
         <input_file_ref idref="fl-15"/>
      </object_component>
      <object_component id="oc-294">
         <name>.text:_Z12OPT3001_initv</name>
         <load_address>0x23ea</load_address>
         <run_address>0x23ea</run_address>
         <size>0x14</size>
         <input_file_ref idref="fl-3"/>
      </object_component>
      <object_component id="oc-69e">
         <name>.text:_ZNKSt10bad_typeid4whatEv</name>
         <load_address>0x2400</load_address>
         <run_address>0x2400</run_address>
         <size>0x14</size>
         <input_file_ref idref="fl-dd"/>
      </object_component>
      <object_component id="oc-587">
         <name>.text:_ZNSt10bad_typeidC1Ev</name>
         <load_address>0x2414</load_address>
         <run_address>0x2414</run_address>
         <size>0x14</size>
         <input_file_ref idref="fl-dd"/>
      </object_component>
      <object_component id="oc-570">
         <name>.text:_ZNKSt9exception4whatEv</name>
         <load_address>0x2428</load_address>
         <run_address>0x2428</run_address>
         <size>0x13</size>
         <input_file_ref idref="fl-dc"/>
      </object_component>
      <object_component id="oc-49b">
         <name>.text:__cxa_begin_cleanup</name>
         <load_address>0x243c</load_address>
         <run_address>0x243c</run_address>
         <size>0x12</size>
         <input_file_ref idref="fl-d7"/>
      </object_component>
      <object_component id="oc-54c">
         <name>.text:__cxa_call_terminate</name>
         <load_address>0x244e</load_address>
         <run_address>0x244e</run_address>
         <size>0x12</size>
         <input_file_ref idref="fl-d7"/>
      </object_component>
      <object_component id="oc-43">
         <name>.text:decompress:ZI:__TI_zero_init_nomemset:__TI_zero_init_nomemset</name>
         <load_address>0x2460</load_address>
         <run_address>0x2460</run_address>
         <size>0x12</size>
         <input_file_ref idref="fl-d2"/>
      </object_component>
      <object_component id="oc-2b9">
         <name>.text:Interrupt_enableMaster</name>
         <load_address>0x2472</load_address>
         <run_address>0x2472</run_address>
         <size>0x10</size>
         <input_file_ref idref="fl-16"/>
      </object_component>
      <object_component id="oc-688">
         <name>.text:_ZN10__cxxabiv117__class_type_infoD0Ev</name>
         <load_address>0x2482</load_address>
         <run_address>0x2482</run_address>
         <size>0xe</size>
         <input_file_ref idref="fl-db"/>
      </object_component>
      <object_component id="oc-601">
         <name>.text:_ZN10__cxxabiv120__si_class_type_infoD0Ev</name>
         <load_address>0x2490</load_address>
         <run_address>0x2490</run_address>
         <size>0xe</size>
         <input_file_ref idref="fl-db"/>
      </object_component>
      <object_component id="oc-66b">
         <name>.text:_ZN10__cxxabiv123__fundamental_type_infoD0Ev</name>
         <load_address>0x249e</load_address>
         <run_address>0x249e</run_address>
         <size>0xe</size>
         <input_file_ref idref="fl-db"/>
      </object_component>
      <object_component id="oc-698">
         <name>.text:_ZNSt10bad_typeidD0Ev</name>
         <load_address>0x24ac</load_address>
         <run_address>0x24ac</run_address>
         <size>0xe</size>
         <input_file_ref idref="fl-dd"/>
      </object_component>
      <object_component id="oc-1a">
         <name>.text:decompress:none:__TI_decompress_none</name>
         <load_address>0x24ba</load_address>
         <run_address>0x24ba</run_address>
         <size>0xe</size>
         <input_file_ref idref="fl-d3"/>
      </object_component>
      <object_component id="oc-363">
         <name>.text:CPU_cpsie</name>
         <load_address>0x24c8</load_address>
         <run_address>0x24c8</run_address>
         <size>0xc</size>
         <input_file_ref idref="fl-17"/>
      </object_component>
      <object_component id="oc-67">
         <name>.text:Reset_Handler</name>
         <load_address>0x24d4</load_address>
         <run_address>0x24d4</run_address>
         <size>0xc</size>
         <input_file_ref idref="fl-7"/>
      </object_component>
      <object_component id="oc-53a">
         <name>.text:__TI_cxa_end_cleanup</name>
         <load_address>0x24e0</load_address>
         <run_address>0x24e0</run_address>
         <size>0xc</size>
         <input_file_ref idref="fl-d7"/>
      </object_component>
      <object_component id="oc-483">
         <name>.text:_Z13__TI_prel2absPKj</name>
         <load_address>0x24ec</load_address>
         <run_address>0x24ec</run_address>
         <size>0xa</size>
         <input_file_ref idref="fl-d6"/>
      </object_component>
      <object_component id="oc-387">
         <name>.text:_ZN38_INTERNAL_16_tdeh_cpp_abi_cpp_89652da825__TI_default_term_handlerEv</name>
         <load_address>0x24f6</load_address>
         <run_address>0x24f6</run_address>
         <size>0xa</size>
         <input_file_ref idref="fl-d7"/>
      </object_component>
      <object_component id="oc-68e">
         <name>.text:_ZdlPv</name>
         <load_address>0x2500</load_address>
         <run_address>0x2500</run_address>
         <size>0xa</size>
         <input_file_ref idref="fl-de"/>
      </object_component>
      <object_component id="oc-42e">
         <name>.text:__aeabi_unwind_cpp_pr0</name>
         <load_address>0x250a</load_address>
         <run_address>0x250a</run_address>
         <size>0xa</size>
         <input_file_ref idref="fl-d1"/>
      </object_component>
      <object_component id="oc-6e0">
         <name>.text:__aeabi_unwind_cpp_pr1</name>
         <load_address>0x2514</load_address>
         <run_address>0x2514</run_address>
         <size>0xa</size>
         <input_file_ref idref="fl-d1"/>
      </object_component>
      <object_component id="oc-6da">
         <name>.text:__aeabi_unwind_cpp_pr2</name>
         <load_address>0x251e</load_address>
         <run_address>0x251e</run_address>
         <size>0xa</size>
         <input_file_ref idref="fl-d1"/>
      </object_component>
      <object_component id="oc-5e5">
         <name>.text:_Z24__TI_targ_regbuf_installP15_Unwind_Context</name>
         <load_address>0x2528</load_address>
         <run_address>0x2528</run_address>
         <size>0x8</size>
         <input_file_ref idref="fl-d1"/>
      </object_component>
      <object_component id="oc-680">
         <name>.text:_ZN10__cxxabiv117__class_type_infoD1Ev</name>
         <load_address>0x2530</load_address>
         <run_address>0x2530</run_address>
         <size>0x8</size>
         <input_file_ref idref="fl-db"/>
      </object_component>
      <object_component id="oc-5fb">
         <name>.text:_ZN10__cxxabiv120__si_class_type_infoD1Ev</name>
         <load_address>0x2538</load_address>
         <run_address>0x2538</run_address>
         <size>0x8</size>
         <input_file_ref idref="fl-db"/>
      </object_component>
      <object_component id="oc-665">
         <name>.text:_ZN10__cxxabiv123__fundamental_type_infoD1Ev</name>
         <load_address>0x2540</load_address>
         <run_address>0x2540</run_address>
         <size>0x8</size>
         <input_file_ref idref="fl-db"/>
      </object_component>
      <object_component id="oc-592">
         <name>.text:_ZNSt10bad_typeidD1Ev</name>
         <load_address>0x2548</load_address>
         <run_address>0x2548</run_address>
         <size>0x8</size>
         <input_file_ref idref="fl-dd"/>
      </object_component>
      <object_component id="oc-258">
         <name>.text:__tdeh_init</name>
         <load_address>0x2550</load_address>
         <run_address>0x2550</run_address>
         <size>0x8</size>
         <input_file_ref idref="fl-ea"/>
      </object_component>
      <object_component id="oc-378">
         <name>.text:malloc</name>
         <load_address>0x2558</load_address>
         <run_address>0x2558</run_address>
         <size>0x8</size>
         <input_file_ref idref="fl-e9"/>
      </object_component>
      <object_component id="oc-453">
         <name>.text:_ZN37_INTERNAL_15_tdeh_pr_arm_cpp_7dc0f84d13regb_core_setEP15_Unwind_Context14_Unwind_Reg_Idj</name>
         <load_address>0x2560</load_address>
         <run_address>0x2560</run_address>
         <size>0x6</size>
         <input_file_ref idref="fl-d1"/>
      </object_component>
      <object_component id="oc-576">
         <name>.text:_ZNSt13bad_exceptionD0Ev</name>
         <load_address>0x2566</load_address>
         <run_address>0x2566</run_address>
         <size>0x6</size>
         <input_file_ref idref="fl-dc"/>
      </object_component>
      <object_component id="oc-56b">
         <name>.text:_ZNSt9exceptionD0Ev</name>
         <load_address>0x256c</load_address>
         <run_address>0x256c</run_address>
         <size>0x6</size>
         <input_file_ref idref="fl-dc"/>
      </object_component>
      <object_component id="oc-477">
         <name>.text:_Z22__TI_targ_rtti_addressPjP15_Unwind_Context</name>
         <load_address>0x2572</load_address>
         <run_address>0x2572</run_address>
         <size>0x4</size>
         <input_file_ref idref="fl-d1"/>
      </object_component>
      <object_component id="oc-46b">
         <name>.text:_Z23__TI_targ_regbuf_get_pcP15_Unwind_Context</name>
         <load_address>0x2576</load_address>
         <run_address>0x2576</run_address>
         <size>0x4</size>
         <input_file_ref idref="fl-d1"/>
      </object_component>
      <object_component id="oc-495">
         <name>.text:_Z23__TI_targ_regbuf_get_sbP15_Unwind_Context</name>
         <load_address>0x257a</load_address>
         <run_address>0x257a</run_address>
         <size>0x4</size>
         <input_file_ref idref="fl-d1"/>
      </object_component>
      <object_component id="oc-471">
         <name>.text:_Z23__TI_targ_regbuf_get_spP15_Unwind_Context</name>
         <load_address>0x257e</load_address>
         <run_address>0x257e</run_address>
         <size>0x4</size>
         <input_file_ref idref="fl-d1"/>
      </object_component>
      <object_component id="oc-489">
         <name>.text:_Z23__TI_targ_regbuf_set_pcP15_Unwind_Contextj</name>
         <load_address>0x2582</load_address>
         <run_address>0x2582</run_address>
         <size>0x4</size>
         <input_file_ref idref="fl-d1"/>
      </object_component>
      <object_component id="oc-48f">
         <name>.text:_Z26__TI_targ_setup_call_parm0P15_Unwind_Contextj</name>
         <load_address>0x2586</load_address>
         <run_address>0x2586</run_address>
         <size>0x4</size>
         <input_file_ref idref="fl-d1"/>
      </object_component>
      <object_component id="oc-38d">
         <name>.text:_ZN38_INTERNAL_16_tdeh_cpp_abi_cpp_89652da826__TI_default_unexp_handlerEv</name>
         <load_address>0x258a</load_address>
         <run_address>0x258a</run_address>
         <size>0x4</size>
         <input_file_ref idref="fl-d7"/>
      </object_component>
      <object_component id="oc-619">
         <name>.text:_ZdlPvj</name>
         <load_address>0x258e</load_address>
         <run_address>0x258e</run_address>
         <size>0x4</size>
         <input_file_ref idref="fl-de"/>
      </object_component>
      <object_component id="oc-37e">
         <name>.text:__abort_execution</name>
         <load_address>0x2592</load_address>
         <run_address>0x2592</run_address>
         <size>0x4</size>
         <input_file_ref idref="fl-d9"/>
      </object_component>
      <object_component id="oc-b0">
         <name>.text:_system_pre_init</name>
         <load_address>0x2596</load_address>
         <run_address>0x2596</run_address>
         <size>0x4</size>
         <input_file_ref idref="fl-e3"/>
      </object_component>
      <object_component id="oc-15b">
         <name>.text:abort:abort</name>
         <load_address>0x259a</load_address>
         <run_address>0x259a</run_address>
         <size>0x4</size>
         <input_file_ref idref="fl-e5"/>
      </object_component>
      <object_component id="oc-200">
         <name>.const:GPIO_PORT_TO_BASE</name>
         <load_address>0x25a0</load_address>
         <run_address>0x25a0</run_address>
         <size>0x30</size>
         <input_file_ref idref="fl-14"/>
      </object_component>
      <object_component id="oc-6ab">
         <name>.const:.typeinfo:_ZTSN10__cxxabiv123__fundamental_type_infoE</name>
         <load_address>0x25d0</load_address>
         <run_address>0x25d0</run_address>
         <size>0x28</size>
         <input_file_ref idref="fl-db"/>
      </object_component>
      <object_component id="oc-5cd">
         <name>.const:.typeinfo:_ZTSN10__cxxabiv121__vmi_class_type_infoE</name>
         <load_address>0x25f8</load_address>
         <run_address>0x25f8</run_address>
         <size>0x26</size>
         <input_file_ref idref="fl-db"/>
      </object_component>
      <object_component id="oc-5c3">
         <name>.const:.typeinfo:_ZTSN10__cxxabiv120__si_class_type_infoE</name>
         <load_address>0x261e</load_address>
         <run_address>0x261e</run_address>
         <size>0x25</size>
         <input_file_ref idref="fl-db"/>
      </object_component>
      <object_component id="oc-5ac">
         <name>.const:.typeinfo:_ZTSN10__cxxabiv119__pointer_type_infoE</name>
         <load_address>0x2643</load_address>
         <run_address>0x2643</run_address>
         <size>0x24</size>
         <input_file_ref idref="fl-db"/>
      </object_component>
      <object_component id="oc-671">
         <name>.const:.typeinfo:_ZTSN10__cxxabiv117__class_type_infoE</name>
         <load_address>0x2667</load_address>
         <run_address>0x2667</run_address>
         <size>0x22</size>
         <input_file_ref idref="fl-db"/>
      </object_component>
      <object_component id="oc-64f">
         <name>.const:.typeinfo:_ZTSN10__cxxabiv117__pbase_type_infoE</name>
         <load_address>0x2689</load_address>
         <run_address>0x2689</run_address>
         <size>0x22</size>
         <input_file_ref idref="fl-db"/>
      </object_component>
      <object_component id="oc-625">
         <name>.const:_ZTVSt10bad_typeid</name>
         <load_address>0x26ac</load_address>
         <run_address>0x26ac</run_address>
         <size>0x14</size>
         <input_file_ref idref="fl-dd"/>
      </object_component>
      <object_component id="oc-4ea">
         <name>.const:_ZTVSt13bad_exception</name>
         <load_address>0x26c0</load_address>
         <run_address>0x26c0</run_address>
         <size>0x14</size>
         <input_file_ref idref="fl-dc"/>
      </object_component>
      <object_component id="oc-4e5">
         <name>.const:_ZTVSt9exception</name>
         <load_address>0x26d4</load_address>
         <run_address>0x26d4</run_address>
         <size>0x14</size>
         <input_file_ref idref="fl-dc"/>
      </object_component>
      <object_component id="oc-350">
         <name>.const:i2cConfig</name>
         <load_address>0x26e8</load_address>
         <run_address>0x26e8</run_address>
         <size>0x14</size>
         <input_file_ref idref="fl-2"/>
      </object_component>
      <object_component id="oc-559">
         <name>.const:.typeinfo:_ZTSSt13bad_exception</name>
         <load_address>0x26fc</load_address>
         <run_address>0x26fc</run_address>
         <size>0x12</size>
         <input_file_ref idref="fl-dc"/>
      </object_component>
      <object_component id="oc-5be">
         <name>.const:.typeinfo:_ZTSv</name>
         <load_address>0x270e</load_address>
         <run_address>0x270e</run_address>
         <size>0x2</size>
         <input_file_ref idref="fl-d7"/>
      </object_component>
      <object_component id="oc-607">
         <name>.const:_ZTVN10__cxxabiv117__class_type_infoE</name>
         <load_address>0x2710</load_address>
         <run_address>0x2710</run_address>
         <size>0x10</size>
         <input_file_ref idref="fl-db"/>
      </object_component>
      <object_component id="oc-554">
         <name>.const:_ZTVN10__cxxabiv120__si_class_type_infoE</name>
         <load_address>0x2720</load_address>
         <run_address>0x2720</run_address>
         <size>0x10</size>
         <input_file_ref idref="fl-db"/>
      </object_component>
      <object_component id="oc-5b9">
         <name>.const:_ZTVN10__cxxabiv123__fundamental_type_infoE</name>
         <load_address>0x2730</load_address>
         <run_address>0x2730</run_address>
         <size>0x10</size>
         <input_file_ref idref="fl-db"/>
      </object_component>
      <object_component id="oc-632">
         <name>.const:.typeinfo:_ZTSSt10bad_typeid</name>
         <load_address>0x2740</load_address>
         <run_address>0x2740</run_address>
         <size>0xf</size>
         <input_file_ref idref="fl-dd"/>
      </object_component>
      <object_component id="oc-60c">
         <name>.const:.typeinfo:_ZTSSt9exception</name>
         <load_address>0x274f</load_address>
         <run_address>0x274f</run_address>
         <size>0xd</size>
         <input_file_ref idref="fl-dc"/>
      </object_component>
      <object_component id="oc-6a6">
         <name>.const:.typeinfo:_ZTSSt9type_info</name>
         <load_address>0x275c</load_address>
         <run_address>0x275c</run_address>
         <size>0xd</size>
         <input_file_ref idref="fl-dd"/>
      </object_component>
      <object_component id="oc-5c8">
         <name>.const:.typeinfo:_ZTIN10__cxxabiv117__class_type_infoE</name>
         <load_address>0x276c</load_address>
         <run_address>0x276c</run_address>
         <size>0xc</size>
         <input_file_ref idref="fl-db"/>
      </object_component>
      <object_component id="oc-5b1">
         <name>.const:.typeinfo:_ZTIN10__cxxabiv117__pbase_type_infoE</name>
         <load_address>0x2778</load_address>
         <run_address>0x2778</run_address>
         <size>0xc</size>
         <input_file_ref idref="fl-db"/>
      </object_component>
      <object_component id="oc-507">
         <name>.const:.typeinfo:_ZTIN10__cxxabiv119__pointer_type_infoE</name>
         <load_address>0x2784</load_address>
         <run_address>0x2784</run_address>
         <size>0xc</size>
         <input_file_ref idref="fl-db"/>
      </object_component>
      <object_component id="oc-511">
         <name>.const:.typeinfo:_ZTIN10__cxxabiv120__si_class_type_infoE</name>
         <load_address>0x2790</load_address>
         <run_address>0x2790</run_address>
         <size>0xc</size>
         <input_file_ref idref="fl-db"/>
      </object_component>
      <object_component id="oc-516">
         <name>.const:.typeinfo:_ZTIN10__cxxabiv121__vmi_class_type_infoE</name>
         <load_address>0x279c</load_address>
         <run_address>0x279c</run_address>
         <size>0xc</size>
         <input_file_ref idref="fl-db"/>
      </object_component>
      <object_component id="oc-660">
         <name>.const:.typeinfo:_ZTIN10__cxxabiv123__fundamental_type_infoE</name>
         <load_address>0x27a8</load_address>
         <run_address>0x27a8</run_address>
         <size>0xc</size>
         <input_file_ref idref="fl-db"/>
      </object_component>
      <object_component id="oc-58d">
         <name>.const:.typeinfo:_ZTISt10bad_typeid</name>
         <load_address>0x27b4</load_address>
         <run_address>0x27b4</run_address>
         <size>0xc</size>
         <input_file_ref idref="fl-dd"/>
      </object_component>
      <object_component id="oc-4e0">
         <name>.const:.typeinfo:_ZTISt13bad_exception</name>
         <load_address>0x27c0</load_address>
         <run_address>0x27c0</run_address>
         <size>0xc</size>
         <input_file_ref idref="fl-dc"/>
      </object_component>
      <object_component id="oc-55e">
         <name>.const:.typeinfo:_ZTISt9exception</name>
         <load_address>0x27cc</load_address>
         <run_address>0x27cc</run_address>
         <size>0x8</size>
         <input_file_ref idref="fl-dc"/>
      </object_component>
      <object_component id="oc-654">
         <name>.const:.typeinfo:_ZTISt9type_info</name>
         <load_address>0x27d4</load_address>
         <run_address>0x27d4</run_address>
         <size>0x8</size>
         <input_file_ref idref="fl-dd"/>
      </object_component>
      <object_component id="oc-50c">
         <name>.const:.typeinfo:_ZTIv</name>
         <load_address>0x27dc</load_address>
         <run_address>0x27dc</run_address>
         <size>0x8</size>
         <input_file_ref idref="fl-d7"/>
      </object_component>
      <object_component id="oc-35f">
         <name>.const:g_pulEnRegs</name>
         <load_address>0x27e4</load_address>
         <run_address>0x27e4</run_address>
         <size>0x8</size>
         <input_file_ref idref="fl-16"/>
      </object_component>
      <object_component id="oc-7b1">
         <name>.cinit..data.load</name>
         <load_address>0x27f0</load_address>
         <run_address>0x27f0</run_address>
         <size>0xc</size>
      </object_component>
      <object_component id="oc-7af">
         <name>__TI_handler_table</name>
         <load_address>0x27fc</load_address>
         <run_address>0x27fc</run_address>
         <size>0xc</size>
      </object_component>
      <object_component id="oc-7b2">
         <name>.cinit..bss.load</name>
         <load_address>0x2808</load_address>
         <run_address>0x2808</run_address>
         <size>0x8</size>
      </object_component>
      <object_component id="oc-7b0">
         <name>__TI_cinit_table</name>
         <load_address>0x2810</load_address>
         <run_address>0x2810</run_address>
         <size>0x10</size>
      </object_component>
      <object_component id="oc-6ee">
         <name>.binit</name>
         <load_address>0x0</load_address>
         <run_address>0x0</run_address>
         <size>0x0</size>
      </object_component>
      <object_component id="oc-384">
         <name>.data</name>
         <load_address>0x2000083c</load_address>
         <run_address>0x2000083c</run_address>
         <size>0x4</size>
         <input_file_ref idref="fl-d7"/>
      </object_component>
      <object_component id="oc-252">
         <name>.data:$O1$$</name>
         <load_address>0x2000082c</load_address>
         <run_address>0x2000082c</run_address>
         <size>0x8</size>
         <input_file_ref idref="fl-e6"/>
      </object_component>
      <object_component id="oc-41d">
         <name>.data:$O1$$</name>
         <load_address>0x20000834</load_address>
         <run_address>0x20000834</run_address>
         <size>0x8</size>
         <input_file_ref idref="fl-e9"/>
      </object_component>
      <object_component id="oc-101">
         <name>.common:g_iLedLight</name>
         <uninitialized>true</uninitialized>
         <run_address>0x2000081c</run_address>
         <size>0x4</size>
      </object_component>
      <object_component id="oc-e4">
         <name>.common:g_u8OverThSampleCount</name>
         <uninitialized>true</uninitialized>
         <run_address>0x20000829</run_address>
         <size>0x1</size>
      </object_component>
      <object_component id="oc-fe">
         <name>.common:g_u16Adc14Result</name>
         <uninitialized>true</uninitialized>
         <run_address>0x20000800</run_address>
         <size>0xc</size>
      </object_component>
      <object_component id="oc-ff">
         <name>.common:g_u16AudioAverage_5s</name>
         <uninitialized>true</uninitialized>
         <run_address>0x20000826</run_address>
         <size>0x2</size>
      </object_component>
      <object_component id="oc-fd">
         <name>.common:g_u16AudioAverage_1s</name>
         <uninitialized>true</uninitialized>
         <run_address>0x20000824</run_address>
         <size>0x2</size>
      </object_component>
      <object_component id="oc-e5">
         <name>.common:g_u32AudioSampleSum</name>
         <uninitialized>true</uninitialized>
         <run_address>0x20000820</run_address>
         <size>0x4</size>
      </object_component>
      <object_component id="oc-e3">
         <name>.common:g_iAudioThreshold</name>
         <uninitialized>true</uninitialized>
         <run_address>0x20000814</run_address>
         <size>0x4</size>
      </object_component>
      <object_component id="oc-e6">
         <name>.common:g_iAudioSampleCount</name>
         <uninitialized>true</uninitialized>
         <run_address>0x20000810</run_address>
         <size>0x4</size>
      </object_component>
      <object_component id="oc-d0">
         <name>.common:g_u8Flags</name>
         <uninitialized>true</uninitialized>
         <run_address>0x20000828</run_address>
         <size>0x1</size>
      </object_component>
      <object_component id="oc-100">
         <name>.common:g_iLampOnCount</name>
         <uninitialized>true</uninitialized>
         <run_address>0x20000818</run_address>
         <size>0x4</size>
      </object_component>
      <object_component id="oc-159">
         <name>.common:g_fSensorLux</name>
         <uninitialized>true</uninitialized>
         <run_address>0x2000080c</run_address>
         <size>0x4</size>
      </object_component>
      <object_component id="oc-29">
         <name>.sysmem</name>
         <uninitialized>true</uninitialized>
         <run_address>0x20000000</run_address>
         <size>0x10</size>
         <input_file_ref idref="fl-e9"/>
      </object_component>
      <object_component id="oc-7b4">
         <name>.sysmem</name>
         <uninitialized>true</uninitialized>
         <run_address>0x20000000</run_address>
         <size>0x0</size>
      </object_component>
      <object_component id="oc-26">
         <name>.stack</name>
         <uninitialized>true</uninitialized>
         <run_address>0x2000fe00</run_address>
         <size>0x4</size>
         <input_file_ref idref="fl-d5"/>
      </object_component>
      <object_component id="oc-7b3">
         <name>.stack</name>
         <uninitialized>true</uninitialized>
         <run_address>0x2000fe00</run_address>
         <size>0x0</size>
      </object_component>
      <object_component id="oc-d1">
         <name>.debug_info</name>
         <load_address>0x0</load_address>
         <run_address>0x0</run_address>
         <size>0x20db</size>
         <input_file_ref idref="fl-2"/>
      </object_component>
      <object_component id="oc-351">
         <name>.debug_info</name>
         <load_address>0x20db</load_address>
         <run_address>0x20db</run_address>
         <size>0xd5</size>
         <input_file_ref idref="fl-2"/>
      </object_component>
      <object_component id="oc-289">
         <name>.debug_info</name>
         <load_address>0x21b0</load_address>
         <run_address>0x21b0</run_address>
         <size>0x177</size>
         <input_file_ref idref="fl-2"/>
      </object_component>
      <object_component id="oc-28f">
         <name>.debug_info</name>
         <load_address>0x2327</load_address>
         <run_address>0x2327</run_address>
         <size>0x14c</size>
         <input_file_ref idref="fl-2"/>
      </object_component>
      <object_component id="oc-248">
         <name>.debug_info</name>
         <load_address>0x2473</load_address>
         <run_address>0x2473</run_address>
         <size>0x2be</size>
         <input_file_ref idref="fl-2"/>
      </object_component>
      <object_component id="oc-355">
         <name>.debug_info</name>
         <load_address>0x2731</load_address>
         <run_address>0x2731</run_address>
         <size>0x222</size>
         <input_file_ref idref="fl-2"/>
      </object_component>
      <object_component id="oc-242">
         <name>.debug_info</name>
         <load_address>0x2953</load_address>
         <run_address>0x2953</run_address>
         <size>0x17b</size>
         <input_file_ref idref="fl-2"/>
      </object_component>
      <object_component id="oc-19c">
         <name>.debug_info</name>
         <load_address>0x2ace</load_address>
         <run_address>0x2ace</run_address>
         <size>0x139b</size>
         <input_file_ref idref="fl-2"/>
      </object_component>
      <object_component id="oc-1a1">
         <name>.debug_info</name>
         <load_address>0x3e69</load_address>
         <run_address>0x3e69</run_address>
         <size>0x46de</size>
         <input_file_ref idref="fl-2"/>
      </object_component>
      <object_component id="oc-1a6">
         <name>.debug_info</name>
         <load_address>0x8547</load_address>
         <run_address>0x8547</run_address>
         <size>0x221</size>
         <input_file_ref idref="fl-2"/>
      </object_component>
      <object_component id="oc-1ab">
         <name>.debug_info</name>
         <load_address>0x8768</load_address>
         <run_address>0x8768</run_address>
         <size>0x73</size>
         <input_file_ref idref="fl-2"/>
      </object_component>
      <object_component id="oc-1b0">
         <name>.debug_info</name>
         <load_address>0x87db</load_address>
         <run_address>0x87db</run_address>
         <size>0xd0</size>
         <input_file_ref idref="fl-2"/>
      </object_component>
      <object_component id="oc-1b5">
         <name>.debug_info</name>
         <load_address>0x88ab</load_address>
         <run_address>0x88ab</run_address>
         <size>0xbc</size>
         <input_file_ref idref="fl-2"/>
      </object_component>
      <object_component id="oc-1ba">
         <name>.debug_info</name>
         <load_address>0x8967</load_address>
         <run_address>0x8967</run_address>
         <size>0xf8</size>
         <input_file_ref idref="fl-2"/>
      </object_component>
      <object_component id="oc-1bf">
         <name>.debug_info</name>
         <load_address>0x8a5f</load_address>
         <run_address>0x8a5f</run_address>
         <size>0x46d</size>
         <input_file_ref idref="fl-2"/>
      </object_component>
      <object_component id="oc-1c4">
         <name>.debug_info</name>
         <load_address>0x8ecc</load_address>
         <run_address>0x8ecc</run_address>
         <size>0x8b</size>
         <input_file_ref idref="fl-2"/>
      </object_component>
      <object_component id="oc-1d3">
         <name>.debug_info</name>
         <load_address>0x8f57</load_address>
         <run_address>0x8f57</run_address>
         <size>0x2c9</size>
         <input_file_ref idref="fl-2"/>
      </object_component>
      <object_component id="oc-1e7">
         <name>.debug_info</name>
         <load_address>0x9220</load_address>
         <run_address>0x9220</run_address>
         <size>0xef</size>
         <input_file_ref idref="fl-2"/>
      </object_component>
      <object_component id="oc-116">
         <name>.debug_info</name>
         <load_address>0x930f</load_address>
         <run_address>0x930f</run_address>
         <size>0xbb</size>
         <input_file_ref idref="fl-2"/>
      </object_component>
      <object_component id="oc-1c9">
         <name>.debug_info</name>
         <load_address>0x93ca</load_address>
         <run_address>0x93ca</run_address>
         <size>0x2a1</size>
         <input_file_ref idref="fl-2"/>
      </object_component>
      <object_component id="oc-1ce">
         <name>.debug_info</name>
         <load_address>0x966b</load_address>
         <run_address>0x966b</run_address>
         <size>0xfe</size>
         <input_file_ref idref="fl-2"/>
      </object_component>
      <object_component id="oc-1d8">
         <name>.debug_info</name>
         <load_address>0x9769</load_address>
         <run_address>0x9769</run_address>
         <size>0x195</size>
         <input_file_ref idref="fl-2"/>
      </object_component>
      <object_component id="oc-1dd">
         <name>.debug_info</name>
         <load_address>0x98fe</load_address>
         <run_address>0x98fe</run_address>
         <size>0x120</size>
         <input_file_ref idref="fl-2"/>
      </object_component>
      <object_component id="oc-1e2">
         <name>.debug_info</name>
         <load_address>0x9a1e</load_address>
         <run_address>0x9a1e</run_address>
         <size>0xd0</size>
         <input_file_ref idref="fl-2"/>
      </object_component>
      <object_component id="oc-d4">
         <name>.debug_info</name>
         <load_address>0x9aee</load_address>
         <run_address>0x9aee</run_address>
         <size>0x1d09</size>
         <input_file_ref idref="fl-3"/>
      </object_component>
      <object_component id="oc-295">
         <name>.debug_info</name>
         <load_address>0xb7f7</load_address>
         <run_address>0xb7f7</run_address>
         <size>0x14d</size>
         <input_file_ref idref="fl-3"/>
      </object_component>
      <object_component id="oc-154">
         <name>.debug_info</name>
         <load_address>0xb944</load_address>
         <run_address>0xb944</run_address>
         <size>0x193</size>
         <input_file_ref idref="fl-3"/>
      </object_component>
      <object_component id="oc-32">
         <name>.debug_info</name>
         <load_address>0xbad7</load_address>
         <run_address>0xbad7</run_address>
         <size>0x84</size>
         <input_file_ref idref="fl-3"/>
      </object_component>
      <object_component id="oc-d7">
         <name>.debug_info</name>
         <load_address>0xbb5b</load_address>
         <run_address>0xbb5b</run_address>
         <size>0x1f43</size>
         <input_file_ref idref="fl-4"/>
      </object_component>
      <object_component id="oc-282">
         <name>.debug_info</name>
         <load_address>0xda9e</load_address>
         <run_address>0xda9e</run_address>
         <size>0x22b</size>
         <input_file_ref idref="fl-4"/>
      </object_component>
      <object_component id="oc-27c">
         <name>.debug_info</name>
         <load_address>0xdcc9</load_address>
         <run_address>0xdcc9</run_address>
         <size>0x25f</size>
         <input_file_ref idref="fl-4"/>
      </object_component>
      <object_component id="oc-211">
         <name>.debug_info</name>
         <load_address>0xdf28</load_address>
         <run_address>0xdf28</run_address>
         <size>0x123</size>
         <input_file_ref idref="fl-4"/>
      </object_component>
      <object_component id="oc-223">
         <name>.debug_info</name>
         <load_address>0xe04b</load_address>
         <run_address>0xe04b</run_address>
         <size>0x1c5</size>
         <input_file_ref idref="fl-4"/>
      </object_component>
      <object_component id="oc-235">
         <name>.debug_info</name>
         <load_address>0xe210</load_address>
         <run_address>0xe210</run_address>
         <size>0x1c5</size>
         <input_file_ref idref="fl-4"/>
      </object_component>
      <object_component id="oc-23b">
         <name>.debug_info</name>
         <load_address>0xe3d5</load_address>
         <run_address>0xe3d5</run_address>
         <size>0x1c0</size>
         <input_file_ref idref="fl-4"/>
      </object_component>
      <object_component id="oc-229">
         <name>.debug_info</name>
         <load_address>0xe595</load_address>
         <run_address>0xe595</run_address>
         <size>0x178</size>
         <input_file_ref idref="fl-4"/>
      </object_component>
      <object_component id="oc-22f">
         <name>.debug_info</name>
         <load_address>0xe70d</load_address>
         <run_address>0xe70d</run_address>
         <size>0x258</size>
         <input_file_ref idref="fl-4"/>
      </object_component>
      <object_component id="oc-217">
         <name>.debug_info</name>
         <load_address>0xe965</load_address>
         <run_address>0xe965</run_address>
         <size>0x140</size>
         <input_file_ref idref="fl-4"/>
      </object_component>
      <object_component id="oc-21d">
         <name>.debug_info</name>
         <load_address>0xeaa5</load_address>
         <run_address>0xeaa5</run_address>
         <size>0x18d</size>
         <input_file_ref idref="fl-4"/>
      </object_component>
      <object_component id="oc-14e">
         <name>.debug_info</name>
         <load_address>0xec32</load_address>
         <run_address>0xec32</run_address>
         <size>0x248</size>
         <input_file_ref idref="fl-4"/>
      </object_component>
      <object_component id="oc-da">
         <name>.debug_info</name>
         <load_address>0xee7a</load_address>
         <run_address>0xee7a</run_address>
         <size>0x1d61</size>
         <input_file_ref idref="fl-5"/>
      </object_component>
      <object_component id="oc-7a">
         <name>.debug_info</name>
         <load_address>0x10bdb</load_address>
         <run_address>0x10bdb</run_address>
         <size>0x14a</size>
         <input_file_ref idref="fl-5"/>
      </object_component>
      <object_component id="oc-80">
         <name>.debug_info</name>
         <load_address>0x10d25</load_address>
         <run_address>0x10d25</run_address>
         <size>0x1c9</size>
         <input_file_ref idref="fl-5"/>
      </object_component>
      <object_component id="oc-74">
         <name>.debug_info</name>
         <load_address>0x10eee</load_address>
         <run_address>0x10eee</run_address>
         <size>0x144</size>
         <input_file_ref idref="fl-5"/>
      </object_component>
      <object_component id="oc-86">
         <name>.debug_info</name>
         <load_address>0x11032</load_address>
         <run_address>0x11032</run_address>
         <size>0x1cc</size>
         <input_file_ref idref="fl-5"/>
      </object_component>
      <object_component id="oc-dd">
         <name>.debug_info</name>
         <load_address>0x111fe</load_address>
         <run_address>0x111fe</run_address>
         <size>0x1cc4</size>
         <input_file_ref idref="fl-6"/>
      </object_component>
      <object_component id="oc-b7">
         <name>.debug_info</name>
         <load_address>0x12ec2</load_address>
         <run_address>0x12ec2</run_address>
         <size>0x123</size>
         <input_file_ref idref="fl-6"/>
      </object_component>
      <object_component id="oc-8d">
         <name>.debug_info</name>
         <load_address>0x12fe5</load_address>
         <run_address>0x12fe5</run_address>
         <size>0x7c4</size>
         <input_file_ref idref="fl-7"/>
      </object_component>
      <object_component id="oc-24">
         <name>.debug_info</name>
         <load_address>0x137a9</load_address>
         <run_address>0x137a9</run_address>
         <size>0xf4</size>
         <input_file_ref idref="fl-7"/>
      </object_component>
      <object_component id="oc-68">
         <name>.debug_info</name>
         <load_address>0x1389d</load_address>
         <run_address>0x1389d</run_address>
         <size>0x14f</size>
         <input_file_ref idref="fl-7"/>
      </object_component>
      <object_component id="oc-6e">
         <name>.debug_info</name>
         <load_address>0x139ec</load_address>
         <run_address>0x139ec</run_address>
         <size>0x137</size>
         <input_file_ref idref="fl-7"/>
      </object_component>
      <object_component id="oc-12c">
         <name>.debug_info</name>
         <load_address>0x13b23</load_address>
         <run_address>0x13b23</run_address>
         <size>0x26b</size>
         <input_file_ref idref="fl-7"/>
      </object_component>
      <object_component id="oc-122">
         <name>.debug_info</name>
         <load_address>0x13d8e</load_address>
         <run_address>0x13d8e</run_address>
         <size>0x1055</size>
         <input_file_ref idref="fl-7"/>
      </object_component>
      <object_component id="oc-11d">
         <name>.debug_info</name>
         <load_address>0x14de3</load_address>
         <run_address>0x14de3</run_address>
         <size>0x37e2</size>
         <input_file_ref idref="fl-7"/>
      </object_component>
      <object_component id="oc-402">
         <name>.debug_info</name>
         <load_address>0x185c5</load_address>
         <run_address>0x185c5</run_address>
         <size>0x9a</size>
         <input_file_ref idref="fl-7"/>
      </object_component>
      <object_component id="oc-20b">
         <name>.debug_info</name>
         <load_address>0x1865f</load_address>
         <run_address>0x1865f</run_address>
         <size>0x297</size>
         <input_file_ref idref="fl-7"/>
      </object_component>
      <object_component id="oc-204">
         <name>.debug_info</name>
         <load_address>0x188f6</load_address>
         <run_address>0x188f6</run_address>
         <size>0xef</size>
         <input_file_ref idref="fl-7"/>
      </object_component>
      <object_component id="oc-127">
         <name>.debug_info</name>
         <load_address>0x189e5</load_address>
         <run_address>0x189e5</run_address>
         <size>0xbb</size>
         <input_file_ref idref="fl-7"/>
      </object_component>
      <object_component id="oc-e0">
         <name>.debug_info</name>
         <load_address>0x18aa0</load_address>
         <run_address>0x18aa0</run_address>
         <size>0x1c7f</size>
         <input_file_ref idref="fl-8"/>
      </object_component>
      <object_component id="oc-c9">
         <name>.debug_info</name>
         <load_address>0x1a71f</load_address>
         <run_address>0x1a71f</run_address>
         <size>0x12c</size>
         <input_file_ref idref="fl-8"/>
      </object_component>
      <object_component id="oc-277">
         <name>.debug_info</name>
         <load_address>0x1a84b</load_address>
         <run_address>0x1a84b</run_address>
         <size>0x6fd</size>
         <input_file_ref idref="fl-14"/>
      </object_component>
      <object_component id="oc-201">
         <name>.debug_info</name>
         <load_address>0x1af48</load_address>
         <run_address>0x1af48</run_address>
         <size>0x131</size>
         <input_file_ref idref="fl-14"/>
      </object_component>
      <object_component id="oc-29d">
         <name>.debug_info</name>
[...]
      </symbol>
      <symbol id="sm-772">
         <name>__cxa_free_exception</name>
         <value>0x216d</value>
         <object_component_ref idref="oc-543"/>
      </symbol>
      <symbol id="sm-7a5">
         <name>_Z24__TI_process_descriptors13_Unwind_PhaseP19_Unwind_Exception_sP15_Unwind_Context15_Unwind_PR_KindPjP19_Unwind_Reason_CodePb</name>
         <value>0x36d</value>
         <object_component_ref idref="oc-43b"/>
      </symbol>
      <symbol id="sm-7af">
         <name>__abort_execution</name>
         <value>0x2593</value>
         <object_component_ref idref="oc-37e"/>
      </symbol>
      <symbol id="sm-811">
         <name>__derived_to_base_conversion</name>
         <value>0x134d</value>
         <object_component_ref idref="oc-501"/>
      </symbol>
      <symbol id="sm-812">
         <name>__cxa_bad_typeid</name>
         <value>0x2251</value>
         <object_component_ref idref="oc-4fb"/>
      </symbol>
      <symbol id="sm-8a8">
         <name>_ZTIN10__cxxabiv119__pointer_type_infoE</name>
         <value>0x2784</value>
         <object_component_ref idref="oc-507"/>
      </symbol>
      <symbol id="sm-8a9">
         <name>_ZTSN10__cxxabiv121__vmi_class_type_infoE</name>
         <value>0x25f8</value>
         <object_component_ref idref="oc-5cd"/>
      </symbol>
      <symbol id="sm-8aa">
         <name>_ZTIN10__cxxabiv121__vmi_class_type_infoE</name>
         <value>0x279c</value>
         <object_component_ref idref="oc-516"/>
      </symbol>
      <symbol id="sm-8ab">
         <name>_ZN10__cxxabiv123__fundamental_type_infoD2Ev</name>
         <value>0x2541</value>
         <object_component_ref idref="oc-665"/>
      </symbol>
      <symbol id="sm-8ac">
         <name>_ZN10__cxxabiv117__class_type_infoD1Ev</name>
         <value>0x2531</value>
         <object_component_ref idref="oc-680"/>
      </symbol>
      <symbol id="sm-8ad">
         <name>_ZTSN10__cxxabiv123__fundamental_type_infoE</name>
         <value>0x25d0</value>
         <object_component_ref idref="oc-6ab"/>
      </symbol>
      <symbol id="sm-8ae">
         <name>_ZTVN10__cxxabiv123__fundamental_type_infoE</name>
         <value>0x2730</value>
         <object_component_ref idref="oc-5b9"/>
      </symbol>
      <symbol id="sm-8af">
         <name>_ZTSN10__cxxabiv120__si_class_type_infoE</name>
         <value>0x261e</value>
         <object_component_ref idref="oc-5c3"/>
      </symbol>
      <symbol id="sm-8b0">
         <name>_ZN10__cxxabiv123__fundamental_type_infoD1Ev</name>
         <value>0x2541</value>
         <object_component_ref idref="oc-665"/>
      </symbol>
      <symbol id="sm-8b1">
         <name>_ZTSN10__cxxabiv119__pointer_type_infoE</name>
         <value>0x2643</value>
         <object_component_ref idref="oc-5ac"/>
      </symbol>
      <symbol id="sm-8b2">
         <name>_ZTSN10__cxxabiv117__class_type_infoE</name>
         <value>0x2667</value>
         <object_component_ref idref="oc-671"/>
      </symbol>
      <symbol id="sm-8b3">
         <name>_ZN10__cxxabiv117__class_type_infoD2Ev</name>
         <value>0x2531</value>
         <object_component_ref idref="oc-680"/>
      </symbol>
      <symbol id="sm-8b4">
         <name>_ZN10__cxxabiv120__si_class_type_infoD2Ev</name>
         <value>0x2539</value>
         <object_component_ref idref="oc-5fb"/>
      </symbol>
      <symbol id="sm-8b5">
         <name>_ZTVN10__cxxabiv117__class_type_infoE</name>
         <value>0x2710</value>
         <object_component_ref idref="oc-607"/>
      </symbol>
      <symbol id="sm-8b6">
         <name>_ZTIN10__cxxabiv123__fundamental_type_infoE</name>
         <value>0x27a8</value>
         <object_component_ref idref="oc-660"/>
      </symbol>
      <symbol id="sm-8b7">
         <name>_ZN10__cxxabiv123__fundamental_type_infoD0Ev</name>
         <value>0x249f</value>
         <object_component_ref idref="oc-66b"/>
      </symbol>
      <symbol id="sm-8b8">
         <name>_ZTIN10__cxxabiv117__pbase_type_infoE</name>
         <value>0x2778</value>
         <object_component_ref idref="oc-5b1"/>
      </symbol>
      <symbol id="sm-8b9">
         <name>_ZTIN10__cxxabiv117__class_type_infoE</name>
         <value>0x276c</value>
         <object_component_ref idref="oc-5c8"/>
      </symbol>
      <symbol id="sm-8ba">
         <name>_ZN10__cxxabiv120__si_class_type_infoD1Ev</name>
         <value>0x2539</value>
         <object_component_ref idref="oc-5fb"/>
      </symbol>
      <symbol id="sm-8bb">
         <name>_ZTIN10__cxxabiv120__si_class_type_infoE</name>
         <value>0x2790</value>
         <object_component_ref idref="oc-511"/>
      </symbol>
      <symbol id="sm-8bc">
         <name>_ZN10__cxxabiv117__class_type_infoD0Ev</name>
         <value>0x2483</value>
         <object_component_ref idref="oc-688"/>
      </symbol>
      <symbol id="sm-8bd">
         <name>_ZTSN10__cxxabiv117__pbase_type_infoE</name>
         <value>0x2689</value>
         <object_component_ref idref="oc-64f"/>
      </symbol>
      <symbol id="sm-8be">
         <name>_ZTVN10__cxxabiv120__si_class_type_infoE</name>
         <value>0x2720</value>
         <object_component_ref idref="oc-554"/>
      </symbol>
      <symbol id="sm-8bf">
         <name>_ZN10__cxxabiv120__si_class_type_infoD0Ev</name>
         <value>0x2491</value>
         <object_component_ref idref="oc-601"/>
      </symbol>
      <symbol id="sm-927">
         <name>_ZNSt9exceptionD1Ev</name>
         <value>0x1537</value>
         <object_component_ref idref="oc-565"/>
      </symbol>
      <symbol id="sm-928">
         <name>_ZTISt13bad_exception</name>
         <value>0x27c0</value>
         <object_component_ref idref="oc-4e0"/>
      </symbol>
      <symbol id="sm-929">
         <name>_ZNKSt9exception4whatEv</name>
         <value>0x2429</value>
         <object_component_ref idref="oc-570"/>
      </symbol>
      <symbol id="sm-92a">
         <name>_ZTISt9exception</name>
         <value>0x27cc</value>
         <object_component_ref idref="oc-55e"/>
      </symbol>
      <symbol id="sm-92b">
         <name>_ZTVSt13bad_exception</name>
         <value>0x26c0</value>
         <object_component_ref idref="oc-4ea"/>
      </symbol>
      <symbol id="sm-92c">
         <name>_ZNSt13bad_exceptionD0Ev</name>
         <value>0x2567</value>
         <object_component_ref idref="oc-576"/>
      </symbol>
      <symbol id="sm-92d">
         <name>_ZNSt9exceptionD0Ev</name>
         <value>0x256d</value>
         <object_component_ref idref="oc-56b"/>
      </symbol>
      <symbol id="sm-92e">
         <name>_ZTSSt13bad_exception</name>
         <value>0x26fc</value>
         <object_component_ref idref="oc-559"/>
      </symbol>
      <symbol id="sm-92f">
         <name>_ZTVSt9exception</name>
         <value>0x26d4</value>
         <object_component_ref idref="oc-4e5"/>
      </symbol>
      <symbol id="sm-930">
         <name>_ZNSt13bad_exceptionD1Ev</name>
         <value>0x11c3</value>
         <object_component_ref idref="oc-4ef"/>
      </symbol>
      <symbol id="sm-931">
         <name>_ZTSSt9exception</name>
         <value>0x274f</value>
         <object_component_ref idref="oc-60c"/>
      </symbol>
      <symbol id="sm-932">
         <name>_ZNKSt13bad_exception4whatEv</name>
         <value>0x2369</value>
         <object_component_ref idref="oc-57b"/>
      </symbol>
      <symbol id="sm-933">
         <name>_ZNSt13bad_exceptionD2Ev</name>
         <value>0x11c3</value>
         <object_component_ref idref="oc-4ef"/>
      </symbol>
      <symbol id="sm-934">
         <name>_ZNSt9exceptionD2Ev</name>
         <value>0x1537</value>
         <object_component_ref idref="oc-565"/>
      </symbol>
      <symbol id="sm-98a">
         <name>_ZTSSt9type_info</name>
         <value>0x275c</value>
         <object_component_ref idref="oc-6a6"/>
      </symbol>
      <symbol id="sm-98b">
         <name>_ZNSt9type_infoD2Ev</name>
         <value>0x1823</value>
         <object_component_ref idref="oc-6b0"/>
      </symbol>
      <symbol id="sm-98c">
         <name>_ZNSt10bad_typeidD2Ev</name>
         <value>0x2549</value>
         <object_component_ref idref="oc-592"/>
      </symbol>
      <symbol id="sm-98d">
         <name>_ZTISt10bad_typeid</name>
         <value>0x27b4</value>
         <object_component_ref idref="oc-58d"/>
      </symbol>
      <symbol id="sm-98e">
         <name>_ZTSSt10bad_typeid</name>
         <value>0x2740</value>
         <object_component_ref idref="oc-632"/>
      </symbol>
      <symbol id="sm-98f">
         <name>_ZTVSt10bad_typeid</name>
         <value>0x26ac</value>
         <object_component_ref idref="oc-625"/>
      </symbol>
      <symbol id="sm-990">
         <name>_ZNSt9type_infoD1Ev</name>
         <value>0x1823</value>
         <object_component_ref idref="oc-6b0"/>
      </symbol>
      <symbol id="sm-991">
         <name>_ZNKSt10bad_typeid4whatEv</name>
         <value>0x2401</value>
         <object_component_ref idref="oc-69e"/>
      </symbol>
      <symbol id="sm-992">
         <name>_ZTISt9type_info</name>
         <value>0x27d4</value>
         <object_component_ref idref="oc-654"/>
      </symbol>
      <symbol id="sm-993">
         <name>_ZNSt10bad_typeidD1Ev</name>
         <value>0x2549</value>
         <object_component_ref idref="oc-592"/>
      </symbol>
      <symbol id="sm-994">
         <name>_ZNSt10bad_typeidC2Ev</name>
         <value>0x2415</value>
         <object_component_ref idref="oc-587"/>
      </symbol>
      <symbol id="sm-995">
         <name>_ZNSt10bad_typeidC1Ev</name>
         <value>0x2415</value>
         <object_component_ref idref="oc-587"/>
      </symbol>
      <symbol id="sm-996">
         <name>_ZNSt10bad_typeidD0Ev</name>
         <value>0x24ad</value>
         <object_component_ref idref="oc-698"/>
      </symbol>
      <symbol id="sm-9b3">
         <name>_ZdlPv</name>
         <value>0x2501</value>
         <object_component_ref idref="oc-68e"/>
      </symbol>
      <symbol id="sm-9b4">
         <name>_ZdlPvj</name>
         <value>0x258f</value>
         <object_component_ref idref="oc-619"/>
      </symbol>
      <symbol id="sm-9be">
         <name>_Unwind_Resume</name>
         <value>0x16a7</value>
         <object_component_ref idref="oc-4a9"/>
      </symbol>
      <symbol id="sm-9bf">
         <name>__TI_Install_CoreRegs</name>
         <value>0x16bd</value>
         <object_component_ref idref="oc-4a9"/>
      </symbol>
      <symbol id="sm-9c0">
         <name>_Unwind_RaiseException</name>
         <value>0x1685</value>
         <object_component_ref idref="oc-4a9"/>
      </symbol>
      <symbol id="sm-9c1">
         <name>__TI_restore_low_VFP</name>
         <value>0x16eb</value>
         <object_component_ref idref="oc-4a9"/>
      </symbol>
      <symbol id="sm-9c2">
         <name>__cxa_end_cleanup</name>
         <value>0x16d7</value>
         <object_component_ref idref="oc-4a9"/>
      </symbol>
      <symbol id="sm-9c3">
         <name>__TI_preserve_low_VFP</name>
         <value>0x16e5</value>
         <object_component_ref idref="oc-4a9"/>
      </symbol>
      <symbol id="sm-9de">
         <name>memcpy</name>
         <value>0xf8d</value>
         <object_component_ref idref="oc-37"/>
      </symbol>
      <symbol id="sm-9df">
         <name>__aeabi_memcpy</name>
         <value>0xf8d</value>
         <object_component_ref idref="oc-37"/>
      </symbol>
      <symbol id="sm-9e0">
         <name>__aeabi_memcpy8</name>
         <value>0xf8d</value>
         <object_component_ref idref="oc-37"/>
      </symbol>
      <symbol id="sm-9e1">
         <name>__aeabi_memcpy4</name>
         <value>0xf8d</value>
         <object_component_ref idref="oc-37"/>
      </symbol>
      <symbol id="sm-a09">
         <name>__TI_auto_init_nobinit_nopinit</name>
         <value>0x1afd</value>
         <object_component_ref idref="oc-167"/>
      </symbol>
      <symbol id="sm-a13">
         <name>_system_pre_init</name>
         <value>0x2597</value>
         <object_component_ref idref="oc-b0"/>
      </symbol>
      <symbol id="sm-a1f">
         <name>C$$EXIT</name>
         <value>0x259b</value>
         <object_component_ref idref="oc-15b"/>
      </symbol>
      <symbol id="sm-a20">
         <name>abort</name>
         <value>0x259b</value>
         <object_component_ref idref="oc-15b"/>
      </symbol>
      <symbol id="sm-a35">
         <name>_nop</name>
         <value>0x1e9f</value>
         <object_component_ref idref="oc-308"/>
      </symbol>
      <symbol id="sm-a36">
         <name>_lock</name>
         <value>0x2000082c</value>
         <object_component_ref idref="oc-252"/>
      </symbol>
      <symbol id="sm-a37">
         <name>_unlock</name>
         <value>0x20000830</value>
         <object_component_ref idref="oc-252"/>
      </symbol>
      <symbol id="sm-a4d">
         <name>bsearch</name>
         <value>0x1bcd</value>
         <object_component_ref idref="oc-6b8"/>
      </symbol>
      <symbol id="sm-acf">
         <name>_sys_memory</name>
         <value>0x20000000</value>
         <object_component_ref idref="oc-29"/>
      </symbol>
      <symbol id="sm-ad0">
         <name>free</name>
         <value>0xc51</value>
         <object_component_ref idref="oc-5f3"/>
      </symbol>
      <symbol id="sm-ad1">
         <name>memalign</name>
         <value>0xb5d</value>
         <object_component_ref idref="oc-3ba"/>
      </symbol>
      <symbol id="sm-ad2">
         <name>malloc</name>
         <value>0x2559</value>
         <object_component_ref idref="oc-378"/>
      </symbol>
      <symbol id="sm-ad3">
         <name>aligned_alloc</name>
         <value>0xb5d</value>
         <object_component_ref idref="oc-3ba"/>
      </symbol>
      <symbol id="sm-adf">
         <name>__tdeh_init</name>
         <value>0x2551</value>
         <object_component_ref idref="oc-258"/>
      </symbol>
      <symbol id="sm-ae0">
         <name>__TI_static_base__</name>
         <value>0x0</value>
      </symbol>
      <symbol id="sm-ae3">
         <name>__mpu_init</name>
         <value>0x0</value>
      </symbol>
      <symbol id="sm-ae4">
         <name>_system_post_cinit</name>
         <value>0x0</value>
      </symbol>
      <symbol id="sm-ae5">
         <name>NMI_Handler</name>
         <value>0x5bf</value>
      </symbol>
      <symbol id="sm-ae6">
         <name>HardFault_Handler</name>
         <value>0x5bf</value>
      </symbol>
      <symbol id="sm-ae7">
         <name>MemManage_Handler</name>
         <value>0x5bf</value>
      </symbol>
      <symbol id="sm-ae8">
         <name>BusFault_Handler</name>
         <value>0x5bf</value>
      </symbol>
      <symbol id="sm-ae9">
         <name>UsageFault_Handler</name>
         <value>0x5bf</value>
      </symbol>
      <symbol id="sm-aea">
         <name>SVC_Handler</name>
         <value>0x5bf</value>
      </symbol>
      <symbol id="sm-aeb">
         <name>DebugMon_Handler</name>
         <value>0x5bf</value>
      </symbol>
      <symbol id="sm-aec">
         <name>PendSV_Handler</name>
         <value>0x5bf</value>
      </symbol>
      <symbol id="sm-aed">
         <name>SysTick_Handler</name>
         <value>0x5bf</value>
      </symbol>
      <symbol id="sm-aee">
         <name>PSS_IRQHandler</name>
         <value>0x5bf</value>
      </symbol>
      <symbol id="sm-aef">
         <name>CS_IRQHandler</name>
         <value>0x5bf</value>
      </symbol>
      <symbol id="sm-af0">
         <name>PCM_IRQHandler</name>
         <value>0x5bf</value>
      </symbol>
      <symbol id="sm-af1">
         <name>WDT_A_IRQHandler</name>
         <value>0x5bf</value>
      </symbol>
      <symbol id="sm-af2">
         <name>FPU_IRQHandler</name>
         <value>0x5bf</value>
      </symbol>
      <symbol id="sm-af3">
         <name>FLCTL_IRQHandler</name>
         <value>0x5bf</value>
      </symbol>
      <symbol id="sm-af4">
         <name>COMP_E0_IRQHandler</name>
         <value>0x5bf</value>
      </symbol>
      <symbol id="sm-af5">
         <name>COMP_E1_IRQHandler</name>
         <value>0x5bf</value>
      </symbol>
      <symbol id="sm-af6">
         <name>TA0_0_IRQHandler</name>
         <value>0x5bf</value>
      </symbol>
      <symbol id="sm-af7">
         <name>TA0_N_IRQHandler</name>
         <value>0x5bf</value>
      </symbol>
      <symbol id="sm-af8">
         <name>TA1_0_IRQHandler</name>
         <value>0x5bf</value>
      </symbol>
      <symbol id="sm-af9">
         <name>TA1_N_IRQHandler</name>
         <value>0x5bf</value>
      </symbol>
      <symbol id="sm-afa">
         <name>TA2_0_IRQHandler</name>
         <value>0x5bf</value>
      </symbol>
      <symbol id="sm-afb">
         <name>TA2_N_IRQHandler</name>
         <value>0x5bf</value>
      </symbol>
      <symbol id="sm-afc">
         <name>TA3_0_IRQHandler</name>
         <value>0x5bf</value>
      </symbol>
      <symbol id="sm-afd">
         <name>TA3_N_IRQHandler</name>
         <value>0x5bf</value>
      </symbol>
      <symbol id="sm-afe">
         <name>EUSCIA0_IRQHandler</name>
         <value>0x5bf</value>
      </symbol>
      <symbol id="sm-aff">
         <name>EUSCIA1_IRQHandler</name>
         <value>0x5bf</value>
      </symbol>
      <symbol id="sm-b00">
         <name>EUSCIA2_IRQHandler</name>
         <value>0x5bf</value>
      </symbol>
      <symbol id="sm-b01">
         <name>EUSCIA3_IRQHandler</name>
         <value>0x5bf</value>
      </symbol>
      <symbol id="sm-b02">
         <name>EUSCIB0_IRQHandler</name>
         <value>0x5bf</value>
      </symbol>
      <symbol id="sm-b03">
         <name>EUSCIB1_IRQHandler</name>
         <value>0x5bf</value>
      </symbol>
      <symbol id="sm-b04">
         <name>EUSCIB2_IRQHandler</name>
         <value>0x5bf</value>
      </symbol>
      <symbol id="sm-b05">
         <name>EUSCIB3_IRQHandler</name>
         <value>0x5bf</value>
      </symbol>
      <symbol id="sm-b06">
         <name>ADC14_IRQHandler</name>
         <value>0x1885</value>
      </symbol>
      <symbol id="sm-b07">
         <name>T32_INT1_IRQHandler</name>
         <value>0x2191</value>
      </symbol>
      <symbol id="sm-b08">
         <name>T32_INT2_IRQHandler</name>
         <value>0x7d1</value>
      </symbol>
      <symbol id="sm-b09">
         <name>T32_INTC_IRQHandler</name>
         <value>0x5bf</value>
      </symbol>
      <symbol id="sm-b0a">
         <name>AES256_IRQHandler</name>
         <value>0x5bf</value>
      </symbol>
      <symbol id="sm-b0b">
         <name>RTC_C_IRQHandler</name>
         <value>0x5bf</value>
      </symbol>
      <symbol id="sm-b0c">
         <name>DMA_ERR_IRQHandler</name>
         <value>0x5bf</value>
      </symbol>
      <symbol id="sm-b0d">
         <name>DMA_INT3_IRQHandler</name>
         <value>0x5bf</value>
      </symbol>
      <symbol id="sm-b0e">
         <name>DMA_INT2_IRQHandler</name>
         <value>0x5bf</value>
      </symbol>
      <symbol id="sm-b0f">
         <name>DMA_INT1_IRQHandler</name>
         <value>0x5bf</value>
      </symbol>
      <symbol id="sm-b10">
         <name>DMA_INT0_IRQHandler</name>
         <value>0x5bf</value>
      </symbol>
      <symbol id="sm-b11">
         <name>PORT1_IRQHandler</name>
         <value>0x19d5</value>
      </symbol>
      <symbol id="sm-b12">
         <name>PORT2_IRQHandler</name>
         <value>0x5bf</value>
      </symbol>
      <symbol id="sm-b13">
         <name>PORT3_IRQHandler</name>
         <value>0x5bf</value>
      </symbol>
      <symbol id="sm-b14">
         <name>PORT4_IRQHandler</name>
         <value>0x5bf</value>
      </symbol>
      <symbol id="sm-b15">
         <name>PORT5_IRQHandler</name>
         <value>0x5bf</value>
      </symbol>
      <symbol id="sm-b16">
         <name>PORT6_IRQHandler</name>
         <value>0x5bf</value>
      </symbol>
   </symbol_table>
   <title>Link successful</title>
</link_info>
