<?xml version="1.0" encoding="ISO-8859-1" ?>
<link_info>
   <banner>TI ARM Linker Unix v18.12.1.LTS</banner>
   <copyright>Copyright (c) 1996-2018 Texas Instruments Incorporated</copyright>
   <link_time>0x5cb4219a</link_time>
   <link_errors>0x0</link_errors>
   <output_file>LightSensor_test.out</output_file>
   <entry_point>
      <name>_c_int00_noargs</name>
      <address>0x3e3d</address>
   </entry_point>
   <input_file_list>
      <input_file id="fl-1">
         <path>./</path>
         <kind>object</kind>
         <file>HAL_I2C.obj</file>
         <name>HAL_I2C.obj</name>
      </input_file>
      <input_file id="fl-2">
         <path>./</path>
         <kind>object</kind>
         <file>HAL_OPT3001.obj</file>
         <name>HAL_OPT3001.obj</name>
      </input_file>
      <input_file id="fl-3">
         <path>./</path>
         <kind>object</kind>
         <file>main.obj</file>
         <name>main.obj</name>
      </input_file>
      <input_file id="fl-4">
         <path>./</path>
         <kind>object</kind>
         <file>startup_msp432p401r_ccs.obj</file>
         <name>startup_msp432p401r_ccs.obj</name>
      </input_file>
      <input_file id="fl-5">
         <path>./</path>
         <kind>object</kind>
         <file>system_msp432p401r.obj</file>
         <name>system_msp432p401r.obj</name>
      </input_file>
      <input_file id="fl-10">
         <kind>object</kind>
         <file>&lt;internal&gt;</file>
         <name>&lt;internal&gt;</name>
      </input_file>
      <input_file id="fl-11">
         <path>/home/du/ti/simplelink_msp432p4_sdk_3_10_00_08/source/ti/devices/msp432p4xx/driverlib/ccs/</path>
         <kind>archive</kind>
         <file>msp432p4xx_driverlib.lib</file>
         <name>gpio.o</name>
      </input_file>
      <input_file id="fl-12">
         <path>/home/du/ti/simplelink_msp432p4_sdk_3_10_00_08/source/ti/devices/msp432p4xx/driverlib/ccs/</path>
         <kind>archive</kind>
         <file>msp432p4xx_driverlib.lib</file>
         <name>i2c.o</name>
      </input_file>
      <input_file id="fl-13">
         <path>/home/du/ti/simplelink_msp432p4_sdk_3_10_00_08/source/ti/devices/msp432p4xx/driverlib/ccs/</path>
         <kind>archive</kind>
         <file>msp432p4xx_driverlib.lib</file>
         <name>interrupt.o</name>
      </input_file>
      <input_file id="fl-14">
         <path>/home/du/ti/simplelink_msp432p4_sdk_3_10_00_08/source/ti/devices/msp432p4xx/driverlib/ccs/</path>
         <kind>archive</kind>
         <file>msp432p4xx_driverlib.lib</file>
         <name>cpu.o</name>
      </input_file>
      <input_file id="fl-ca">
         <path>/home/du/ti/ccs900/ccs/tools/compiler/ti-cgt-arm_18.12.1.LTS/lib/</path>
         <kind>archive</kind>
         <file>rtsv7M4_T_le_v4SPD16_eabi_eh.lib</file>
         <name>printf.c.obj</name>
      </input_file>
      <input_file id="fl-cb">
         <path>/home/du/ti/ccs900/ccs/tools/compiler/ti-cgt-arm_18.12.1.LTS/lib/</path>
         <kind>archive</kind>
         <file>rtsv7M4_T_le_v4SPD16_eabi_eh.lib</file>
         <name>_printfi.c.obj</name>
      </input_file>
      <input_file id="fl-cc">
         <path>/home/du/ti/ccs900/ccs/tools/compiler/ti-cgt-arm_18.12.1.LTS/lib/</path>
         <kind>archive</kind>
         <file>rtsv7M4_T_le_v4SPD16_eabi_eh.lib</file>
         <name>fputc.c.obj</name>
      </input_file>
      <input_file id="fl-cd">
         <path>/home/du/ti/ccs900/ccs/tools/compiler/ti-cgt-arm_18.12.1.LTS/lib/</path>
         <kind>archive</kind>
         <file>rtsv7M4_T_le_v4SPD16_eabi_eh.lib</file>
         <name>fputs.c.obj</name>
      </input_file>
      <input_file id="fl-ce">
         <path>/home/du/ti/ccs900/ccs/tools/compiler/ti-cgt-arm_18.12.1.LTS/lib/</path>
         <kind>archive</kind>
         <file>rtsv7M4_T_le_v4SPD16_eabi_eh.lib</file>
         <name>_io_perm.c.obj</name>
      </input_file>
      <input_file id="fl-cf">
         <path>/home/du/ti/ccs900/ccs/tools/compiler/ti-cgt-arm_18.12.1.LTS/lib/</path>
         <kind>archive</kind>
         <file>rtsv7M4_T_le_v4SPD16_eabi_eh.lib</file>
         <name>setvbuf.c.obj</name>
      </input_file>
      <input_file id="fl-d0">
         <path>/home/du/ti/ccs900/ccs/tools/compiler/ti-cgt-arm_18.12.1.LTS/lib/</path>
         <kind>archive</kind>
         <file>rtsv7M4_T_le_v4SPD16_eabi_eh.lib</file>
         <name>memset_t2.asm.obj</name>
      </input_file>
      <input_file id="fl-d1">
         <path>/home/du/ti/ccs900/ccs/tools/compiler/ti-cgt-arm_18.12.1.LTS/lib/</path>
         <kind>archive</kind>
         <file>rtsv7M4_T_le_v4SPD16_eabi_eh.lib</file>
         <name>fd_add_t2.asm.obj</name>
      </input_file>
      <input_file id="fl-d2">
         <path>/home/du/ti/ccs900/ccs/tools/compiler/ti-cgt-arm_18.12.1.LTS/lib/</path>
         <kind>archive</kind>
         <file>rtsv7M4_T_le_v4SPD16_eabi_eh.lib</file>
         <name>fd_cmp_t2.asm.obj</name>
      </input_file>
      <input_file id="fl-d3">
         <path>/home/du/ti/ccs900/ccs/tools/compiler/ti-cgt-arm_18.12.1.LTS/lib/</path>
         <kind>archive</kind>
         <file>rtsv7M4_T_le_v4SPD16_eabi_eh.lib</file>
         <name>fd_div_t2.asm.obj</name>
      </input_file>
      <input_file id="fl-d4">
         <path>/home/du/ti/ccs900/ccs/tools/compiler/ti-cgt-arm_18.12.1.LTS/lib/</path>
         <kind>archive</kind>
         <file>rtsv7M4_T_le_v4SPD16_eabi_eh.lib</file>
         <name>fd_mul_t2.asm.obj</name>
      </input_file>
      <input_file id="fl-d5">
         <path>/home/du/ti/ccs900/ccs/tools/compiler/ti-cgt-arm_18.12.1.LTS/lib/</path>
         <kind>archive</kind>
         <file>rtsv7M4_T_le_v4SPD16_eabi_eh.lib</file>
         <name>fd_toi_t2.asm.obj</name>
      </input_file>
      <input_file id="fl-d6">
         <path>/home/du/ti/ccs900/ccs/tools/compiler/ti-cgt-arm_18.12.1.LTS/lib/</path>
         <kind>archive</kind>
         <file>rtsv7M4_T_le_v4SPD16_eabi_eh.lib</file>
         <name>i_tofd_t2.asm.obj</name>
      </input_file>
      <input_file id="fl-d7">
         <path>/home/du/ti/ccs900/ccs/tools/compiler/ti-cgt-arm_18.12.1.LTS/lib/</path>
         <kind>archive</kind>
         <file>rtsv7M4_T_le_v4SPD16_eabi_eh.lib</file>
         <name>memcpy_t2.asm.obj</name>
      </input_file>
      <input_file id="fl-d8">
         <path>/home/du/ti/ccs900/ccs/tools/compiler/ti-cgt-arm_18.12.1.LTS/lib/</path>
         <kind>archive</kind>
         <file>rtsv7M4_T_le_v4SPD16_eabi_eh.lib</file>
         <name>ull_div_t2.asm.obj</name>
      </input_file>
      <input_file id="fl-d9">
         <path>/home/du/ti/ccs900/ccs/tools/compiler/ti-cgt-arm_18.12.1.LTS/lib/</path>
         <kind>archive</kind>
         <file>rtsv7M4_T_le_v4SPD16_eabi_eh.lib</file>
         <name>tdeh_pr_arm.cpp.obj</name>
      </input_file>
      <input_file id="fl-da">
         <path>/home/du/ti/ccs900/ccs/tools/compiler/ti-cgt-arm_18.12.1.LTS/lib/</path>
         <kind>archive</kind>
         <file>rtsv7M4_T_le_v4SPD16_eabi_eh.lib</file>
         <name>copy_zero_init.c.obj</name>
      </input_file>
      <input_file id="fl-db">
         <path>/home/du/ti/ccs900/ccs/tools/compiler/ti-cgt-arm_18.12.1.LTS/lib/</path>
         <kind>archive</kind>
         <file>rtsv7M4_T_le_v4SPD16_eabi_eh.lib</file>
         <name>copy_decompress_none.c.obj</name>
      </input_file>
      <input_file id="fl-dc">
         <path>/home/du/ti/ccs900/ccs/tools/compiler/ti-cgt-arm_18.12.1.LTS/lib/</path>
         <kind>archive</kind>
         <file>rtsv7M4_T_le_v4SPD16_eabi_eh.lib</file>
         <name>copy_decompress_lzss.c.obj</name>
      </input_file>
      <input_file id="fl-dd">
         <path>/home/du/ti/ccs900/ccs/tools/compiler/ti-cgt-arm_18.12.1.LTS/lib/</path>
         <kind>archive</kind>
         <file>rtsv7M4_T_le_v4SPD16_eabi_eh.lib</file>
         <name>exit.c.obj</name>
      </input_file>
      <input_file id="fl-de">
         <path>/home/du/ti/ccs900/ccs/tools/compiler/ti-cgt-arm_18.12.1.LTS/lib/</path>
         <kind>archive</kind>
         <file>rtsv7M4_T_le_v4SPD16_eabi_eh.lib</file>
         <name>_lock.c.obj</name>
      </input_file>
      <input_file id="fl-df">
         <path>/home/du/ti/ccs900/ccs/tools/compiler/ti-cgt-arm_18.12.1.LTS/lib/</path>
         <kind>archive</kind>
         <file>rtsv7M4_T_le_v4SPD16_eabi_eh.lib</file>
         <name>atoi.c.obj</name>
      </input_file>
      <input_file id="fl-e0">
         <path>/home/du/ti/ccs900/ccs/tools/compiler/ti-cgt-arm_18.12.1.LTS/lib/</path>
         <kind>archive</kind>
         <file>rtsv7M4_T_le_v4SPD16_eabi_eh.lib</file>
         <name>ctype.c.obj</name>
      </input_file>
      <input_file id="fl-e1">
         <path>/home/du/ti/ccs900/ccs/tools/compiler/ti-cgt-arm_18.12.1.LTS/lib/</path>
         <kind>archive</kind>
         <file>rtsv7M4_T_le_v4SPD16_eabi_eh.lib</file>
         <name>defs.c.obj</name>
      </input_file>
      <input_file id="fl-e2">
         <path>/home/du/ti/ccs900/ccs/tools/compiler/ti-cgt-arm_18.12.1.LTS/lib/</path>
         <kind>archive</kind>
         <file>rtsv7M4_T_le_v4SPD16_eabi_eh.lib</file>
         <name>ltoa.c.obj</name>
      </input_file>
      <input_file id="fl-e3">
         <path>/home/du/ti/ccs900/ccs/tools/compiler/ti-cgt-arm_18.12.1.LTS/lib/</path>
         <kind>archive</kind>
         <file>rtsv7M4_T_le_v4SPD16_eabi_eh.lib</file>
         <name>memccpy.c.obj</name>
      </input_file>
      <input_file id="fl-e4">
         <path>/home/du/ti/ccs900/ccs/tools/compiler/ti-cgt-arm_18.12.1.LTS/lib/</path>
         <kind>archive</kind>
         <file>rtsv7M4_T_le_v4SPD16_eabi_eh.lib</file>
         <name>memchr.c.obj</name>
      </input_file>
      <input_file id="fl-e5">
         <path>/home/du/ti/ccs900/ccs/tools/compiler/ti-cgt-arm_18.12.1.LTS/lib/</path>
         <kind>archive</kind>
         <file>rtsv7M4_T_le_v4SPD16_eabi_eh.lib</file>
         <name>memory.c.obj</name>
      </input_file>
      <input_file id="fl-e6">
         <path>/home/du/ti/ccs900/ccs/tools/compiler/ti-cgt-arm_18.12.1.LTS/lib/</path>
         <kind>archive</kind>
         <file>rtsv7M4_T_le_v4SPD16_eabi_eh.lib</file>
         <name>strchr.c.obj</name>
      </input_file>
      <input_file id="fl-e7">
         <path>/home/du/ti/ccs900/ccs/tools/compiler/ti-cgt-arm_18.12.1.LTS/lib/</path>
         <kind>archive</kind>
         <file>rtsv7M4_T_le_v4SPD16_eabi_eh.lib</file>
         <name>strlen.c.obj</name>
      </input_file>
      <input_file id="fl-e8">
         <path>/home/du/ti/ccs900/ccs/tools/compiler/ti-cgt-arm_18.12.1.LTS/lib/</path>
         <kind>archive</kind>
         <file>rtsv7M4_T_le_v4SPD16_eabi_eh.lib</file>
         <name>write.c.obj</name>
      </input_file>
      <input_file id="fl-e9">
         <path>/home/du/ti/ccs900/ccs/tools/compiler/ti-cgt-arm_18.12.1.LTS/lib/</path>
         <kind>archive</kind>
         <file>rtsv7M4_T_le_v4SPD16_eabi_eh.lib</file>
         <name>host_device.c.obj</name>
      </input_file>
      <input_file id="fl-ea">
         <path>/home/du/ti/ccs900/ccs/tools/compiler/ti-cgt-arm_18.12.1.LTS/lib/</path>
         <kind>archive</kind>
         <file>rtsv7M4_T_le_v4SPD16_eabi_eh.lib</file>
         <name>boot_cortex_m.c.obj</name>
      </input_file>
      <input_file id="fl-eb">
         <path>/home/du/ti/ccs900/ccs/tools/compiler/ti-cgt-arm_18.12.1.LTS/lib/</path>
         <kind>archive</kind>
         <file>rtsv7M4_T_le_v4SPD16_eabi_eh.lib</file>
         <name>errno.c.obj</name>
      </input_file>
      <input_file id="fl-ec">
         <path>/home/du/ti/ccs900/ccs/tools/compiler/ti-cgt-arm_18.12.1.LTS/lib/</path>
         <kind>archive</kind>
         <file>rtsv7M4_T_le_v4SPD16_eabi_eh.lib</file>
         <name>tdeh_unwinder.cpp.obj</name>
      </input_file>
      <input_file id="fl-ed">
         <path>/home/du/ti/ccs900/ccs/tools/compiler/ti-cgt-arm_18.12.1.LTS/lib/</path>
         <kind>archive</kind>
         <file>rtsv7M4_T_le_v4SPD16_eabi_eh.lib</file>
         <name>tdeh_cpp_abi.cpp.obj</name>
      </input_file>
      <input_file id="fl-ee">
         <path>/home/du/ti/ccs900/ccs/tools/compiler/ti-cgt-arm_18.12.1.LTS/lib/</path>
         <kind>archive</kind>
         <file>rtsv7M4_T_le_v4SPD16_eabi_eh.lib</file>
         <name>tdeh_pr_common.cpp.obj</name>
      </input_file>
      <input_file id="fl-ef">
         <path>/home/du/ti/ccs900/ccs/tools/compiler/ti-cgt-arm_18.12.1.LTS/lib/</path>
         <kind>archive</kind>
         <file>rtsv7M4_T_le_v4SPD16_eabi_eh.lib</file>
         <name>error.c.obj</name>
      </input_file>
      <input_file id="fl-f0">
         <path>/home/du/ti/ccs900/ccs/tools/compiler/ti-cgt-arm_18.12.1.LTS/lib/</path>
         <kind>archive</kind>
         <file>rtsv7M4_T_le_v4SPD16_eabi_eh.lib</file>
         <name>rtti.c.obj</name>
      </input_file>
      <input_file id="fl-f1">
         <path>/home/du/ti/ccs900/ccs/tools/compiler/ti-cgt-arm_18.12.1.LTS/lib/</path>
         <kind>archive</kind>
         <file>rtsv7M4_T_le_v4SPD16_eabi_eh.lib</file>
         <name>typeinfo.c.obj</name>
      </input_file>
      <input_file id="fl-f2">
         <path>/home/du/ti/ccs900/ccs/tools/compiler/ti-cgt-arm_18.12.1.LTS/lib/</path>
         <kind>archive</kind>
         <file>rtsv7M4_T_le_v4SPD16_eabi_eh.lib</file>
         <name>wcslen.c.obj</name>
      </input_file>
      <input_file id="fl-f3">
         <path>/home/du/ti/ccs900/ccs/tools/compiler/ti-cgt-arm_18.12.1.LTS/lib/</path>
         <kind>archive</kind>
         <file>rtsv7M4_T_le_v4SPD16_eabi_eh.lib</file>
         <name>s_frexp.c.obj</name>
      </input_file>
      <input_file id="fl-f4">
         <path>/home/du/ti/ccs900/ccs/tools/compiler/ti-cgt-arm_18.12.1.LTS/lib/</path>
         <kind>archive</kind>
         <file>rtsv7M4_T_le_v4SPD16_eabi_eh.lib</file>
         <name>s_scalbn.c.obj</name>
      </input_file>
      <input_file id="fl-f5">
         <path>/home/du/ti/ccs900/ccs/tools/compiler/ti-cgt-arm_18.12.1.LTS/lib/</path>
         <kind>archive</kind>
         <file>rtsv7M4_T_le_v4SPD16_eabi_eh.lib</file>
         <name>stdlib_exception.cpp.obj</name>
      </input_file>
      <input_file id="fl-f6">
         <path>/home/du/ti/ccs900/ccs/tools/compiler/ti-cgt-arm_18.12.1.LTS/lib/</path>
         <kind>archive</kind>
         <file>rtsv7M4_T_le_v4SPD16_eabi_eh.lib</file>
         <name>stdlib_typeinfo.cpp.obj</name>
      </input_file>
      <input_file id="fl-f7">
         <path>/home/du/ti/ccs900/ccs/tools/compiler/ti-cgt-arm_18.12.1.LTS/lib/</path>
         <kind>archive</kind>
         <file>rtsv7M4_T_le_v4SPD16_eabi_eh.lib</file>
         <name>fflush.c.obj</name>
      </input_file>
      <input_file id="fl-f8">
         <path>/home/du/ti/ccs900/ccs/tools/compiler/ti-cgt-arm_18.12.1.LTS/lib/</path>
         <kind>archive</kind>
         <file>rtsv7M4_T_le_v4SPD16_eabi_eh.lib</file>
         <name>fopen.c.obj</name>
      </input_file>
      <input_file id="fl-f9">
         <path>/home/du/ti/ccs900/ccs/tools/compiler/ti-cgt-arm_18.12.1.LTS/lib/</path>
         <kind>archive</kind>
         <file>rtsv7M4_T_le_v4SPD16_eabi_eh.lib</file>
         <name>fseek.c.obj</name>
      </input_file>
      <input_file id="fl-fa">
         <path>/home/du/ti/ccs900/ccs/tools/compiler/ti-cgt-arm_18.12.1.LTS/lib/</path>
         <kind>archive</kind>
         <file>rtsv7M4_T_le_v4SPD16_eabi_eh.lib</file>
         <name>new.cpp.obj</name>
      </input_file>
      <input_file id="fl-fb">
         <path>/home/du/ti/ccs900/ccs/tools/compiler/ti-cgt-arm_18.12.1.LTS/lib/</path>
         <kind>archive</kind>
         <file>rtsv7M4_T_le_v4SPD16_eabi_eh.lib</file>
         <name>div0.asm.obj</name>
      </input_file>
      <input_file id="fl-fc">
         <path>/home/du/ti/ccs900/ccs/tools/compiler/ti-cgt-arm_18.12.1.LTS/lib/</path>
         <kind>archive</kind>
         <file>rtsv7M4_T_le_v4SPD16_eabi_eh.lib</file>
         <name>tdeh_uwentry_t2.asm.obj</name>
      </input_file>
      <input_file id="fl-fd">
         <path>/home/du/ti/ccs900/ccs/tools/compiler/ti-cgt-arm_18.12.1.LTS/lib/</path>
         <kind>archive</kind>
         <file>rtsv7M4_T_le_v4SPD16_eabi_eh.lib</file>
         <name>autoinit.c.obj</name>
      </input_file>
      <input_file id="fl-fe">
         <path>/home/du/ti/ccs900/ccs/tools/compiler/ti-cgt-arm_18.12.1.LTS/lib/</path>
         <kind>archive</kind>
         <file>rtsv7M4_T_le_v4SPD16_eabi_eh.lib</file>
         <name>pre_init.c.obj</name>
      </input_file>
      <input_file id="fl-ff">
         <path>/home/du/ti/ccs900/ccs/tools/compiler/ti-cgt-arm_18.12.1.LTS/lib/</path>
         <kind>archive</kind>
         <file>rtsv7M4_T_le_v4SPD16_eabi_eh.lib</file>
         <name>cpy_tbl.c.obj</name>
      </input_file>
      <input_file id="fl-100">
         <path>/home/du/ti/ccs900/ccs/tools/compiler/ti-cgt-arm_18.12.1.LTS/lib/</path>
         <kind>archive</kind>
         <file>rtsv7M4_T_le_v4SPD16_eabi_eh.lib</file>
         <name>args_main.c.obj</name>
      </input_file>
      <input_file id="fl-101">
         <path>/home/du/ti/ccs900/ccs/tools/compiler/ti-cgt-arm_18.12.1.LTS/lib/</path>
         <kind>archive</kind>
         <file>rtsv7M4_T_le_v4SPD16_eabi_eh.lib</file>
         <name>bsearch.c.obj</name>
      </input_file>
      <input_file id="fl-102">
         <path>/home/du/ti/ccs900/ccs/tools/compiler/ti-cgt-arm_18.12.1.LTS/lib/</path>
         <kind>archive</kind>
         <file>rtsv7M4_T_le_v4SPD16_eabi_eh.lib</file>
         <name>hostclose.c.obj</name>
      </input_file>
      <input_file id="fl-103">
         <path>/home/du/ti/ccs900/ccs/tools/compiler/ti-cgt-arm_18.12.1.LTS/lib/</path>
         <kind>archive</kind>
         <file>rtsv7M4_T_le_v4SPD16_eabi_eh.lib</file>
         <name>hostlseek.c.obj</name>
      </input_file>
      <input_file id="fl-104">
         <path>/home/du/ti/ccs900/ccs/tools/compiler/ti-cgt-arm_18.12.1.LTS/lib/</path>
         <kind>archive</kind>
         <file>rtsv7M4_T_le_v4SPD16_eabi_eh.lib</file>
         <name>hostopen.c.obj</name>
      </input_file>
      <input_file id="fl-105">
         <path>/home/du/ti/ccs900/ccs/tools/compiler/ti-cgt-arm_18.12.1.LTS/lib/</path>
         <kind>archive</kind>
         <file>rtsv7M4_T_le_v4SPD16_eabi_eh.lib</file>
         <name>hostread.c.obj</name>
      </input_file>
      <input_file id="fl-106">
         <path>/home/du/ti/ccs900/ccs/tools/compiler/ti-cgt-arm_18.12.1.LTS/lib/</path>
         <kind>archive</kind>
         <file>rtsv7M4_T_le_v4SPD16_eabi_eh.lib</file>
         <name>hostrename.c.obj</name>
      </input_file>
      <input_file id="fl-107">
         <path>/home/du/ti/ccs900/ccs/tools/compiler/ti-cgt-arm_18.12.1.LTS/lib/</path>
         <kind>archive</kind>
         <file>rtsv7M4_T_le_v4SPD16_eabi_eh.lib</file>
         <name>hostunlink.c.obj</name>
      </input_file>
      <input_file id="fl-108">
         <path>/home/du/ti/ccs900/ccs/tools/compiler/ti-cgt-arm_18.12.1.LTS/lib/</path>
         <kind>archive</kind>
         <file>rtsv7M4_T_le_v4SPD16_eabi_eh.lib</file>
         <name>hostwrite.c.obj</name>
      </input_file>
      <input_file id="fl-109">
         <path>/home/du/ti/ccs900/ccs/tools/compiler/ti-cgt-arm_18.12.1.LTS/lib/</path>
         <kind>archive</kind>
         <file>rtsv7M4_T_le_v4SPD16_eabi_eh.lib</file>
         <name>trgmsg.c.obj</name>
      </input_file>
      <input_file id="fl-10a">
         <path>/home/du/ti/ccs900/ccs/tools/compiler/ti-cgt-arm_18.12.1.LTS/lib/</path>
         <kind>archive</kind>
         <file>rtsv7M4_T_le_v4SPD16_eabi_eh.lib</file>
         <name>open.c.obj</name>
      </input_file>
      <input_file id="fl-10b">
         <path>/home/du/ti/ccs900/ccs/tools/compiler/ti-cgt-arm_18.12.1.LTS/lib/</path>
         <kind>archive</kind>
         <file>rtsv7M4_T_le_v4SPD16_eabi_eh.lib</file>
         <name>lseek.c.obj</name>
      </input_file>
      <input_file id="fl-10c">
         <path>/home/du/ti/ccs900/ccs/tools/compiler/ti-cgt-arm_18.12.1.LTS/lib/</path>
         <kind>archive</kind>
         <file>rtsv7M4_T_le_v4SPD16_eabi_eh.lib</file>
         <name>tdeh_init.cpp.obj</name>
      </input_file>
      <input_file id="fl-10d">
         <path>/home/du/ti/ccs900/ccs/tools/compiler/ti-cgt-arm_18.12.1.LTS/lib/</path>
         <kind>archive</kind>
         <file>rtsv7M4_T_le_v4SPD16_eabi_eh.lib</file>
         <name>s_copysign.c.obj</name>
      </input_file>
      <input_file id="fl-10e">
         <path>/home/du/ti/ccs900/ccs/tools/compiler/ti-cgt-arm_18.12.1.LTS/lib/</path>
         <kind>archive</kind>
         <file>rtsv7M4_T_le_v4SPD16_eabi_eh.lib</file>
         <name>fclose.c.obj</name>
      </input_file>
      <input_file id="fl-10f">
         <path>/home/du/ti/ccs900/ccs/tools/compiler/ti-cgt-arm_18.12.1.LTS/lib/</path>
         <kind>archive</kind>
         <file>rtsv7M4_T_le_v4SPD16_eabi_eh.lib</file>
         <name>getdevice.c.obj</name>
      </input_file>
      <input_file id="fl-110">
         <path>/home/du/ti/ccs900/ccs/tools/compiler/ti-cgt-arm_18.12.1.LTS/lib/</path>
         <kind>archive</kind>
         <file>rtsv7M4_T_le_v4SPD16_eabi_eh.lib</file>
         <name>strcmp.c.obj</name>
      </input_file>
      <input_file id="fl-111">
         <path>/home/du/ti/ccs900/ccs/tools/compiler/ti-cgt-arm_18.12.1.LTS/lib/</path>
         <kind>archive</kind>
         <file>rtsv7M4_T_le_v4SPD16_eabi_eh.lib</file>
         <name>strcpy.c.obj</name>
      </input_file>
      <input_file id="fl-112">
         <path>/home/du/ti/ccs900/ccs/tools/compiler/ti-cgt-arm_18.12.1.LTS/lib/</path>
         <kind>archive</kind>
         <file>rtsv7M4_T_le_v4SPD16_eabi_eh.lib</file>
         <name>strncpy.c.obj</name>
      </input_file>
      <input_file id="fl-113">
         <path>/home/du/ti/ccs900/ccs/tools/compiler/ti-cgt-arm_18.12.1.LTS/lib/</path>
         <kind>archive</kind>
         <file>rtsv7M4_T_le_v4SPD16_eabi_eh.lib</file>
         <name>remove.c.obj</name>
      </input_file>
      <input_file id="fl-114">
         <path>/home/du/ti/ccs900/ccs/tools/compiler/ti-cgt-arm_18.12.1.LTS/lib/</path>
         <kind>archive</kind>
         <file>rtsv7M4_T_le_v4SPD16_eabi_eh.lib</file>
         <name>close.c.obj</name>
      </input_file>
      <input_file id="fl-115">
         <path>/home/du/ti/ccs900/ccs/tools/compiler/ti-cgt-arm_18.12.1.LTS/lib/</path>
         <kind>archive</kind>
         <file>rtsv7M4_T_le_v4SPD16_eabi_eh.lib</file>
         <name>unlink.c.obj</name>
      </input_file>
   </input_file_list>
   <object_component_list>
      <object_component id="oc-23">
         <name>.intvecs:retain</name>
         <load_address>0x0</load_address>
         <run_address>0x0</run_address>
         <size>0xe4</size>
         <input_file_ref idref="fl-4"/>
      </object_component>
      <object_component id="oc-1e9">
         <name>.text:__TI_printfi</name>
         <load_address>0xe4</load_address>
         <run_address>0xe4</run_address>
         <size>0xa4e</size>
         <input_file_ref idref="fl-cb"/>
      </object_component>
      <object_component id="oc-6d">
         <name>.text:Default_Handler</name>
         <load_address>0xb32</load_address>
         <run_address>0xb32</run_address>
         <size>0x2</size>
         <input_file_ref idref="fl-4"/>
      </object_component>
      <object_component id="oc-61f">
         <name>.text:_ZN37_INTERNAL_15_tdeh_pr_arm_cpp_7dc0f84d18__TI_unwind_cpp_prE13_Unwind_PhaseP19_Unwind_Exception_sP15_Unwind_Context15_Unwind_PR_Kind</name>
         <load_address>0xb34</load_address>
         <run_address>0xb34</run_address>
         <size>0x288</size>
         <input_file_ref idref="fl-d9"/>
      </object_component>
      <object_component id="oc-28e">
         <name>.text:_pconv_a</name>
         <load_address>0xdbc</load_address>
         <run_address>0xdbc</run_address>
         <size>0x270</size>
         <input_file_ref idref="fl-cb"/>
      </object_component>
      <object_component id="oc-626">
         <name>.text:_Z24__TI_process_descriptors13_Unwind_PhaseP19_Unwind_Exception_sP15_Unwind_Context15_Unwind_PR_KindPjP19_Unwind_Reason_CodePb</name>
         <load_address>0x102c</load_address>
         <run_address>0x102c</run_address>
         <size>0x252</size>
         <input_file_ref idref="fl-ee"/>
      </object_component>
      <object_component id="oc-6da">
         <name>.text:_ZNSt13bad_exceptionD1Ev</name>
         <load_address>0x127e</load_address>
         <run_address>0x127e</run_address>
         <size>0x2</size>
         <input_file_ref idref="fl-f5"/>
      </object_component>
      <object_component id="oc-784">
         <name>.text:_ZN27_INTERNAL_6_rtti_c_066a44b028derived_to_base_conversion_rEPvPS0_PKN10__cxxabiv117__class_type_infoES5_jPiiPS5_P19a_result_virtualityS6_</name>
         <load_address>0x1280</load_address>
         <run_address>0x1280</run_address>
         <size>0x210</size>
         <input_file_ref idref="fl-f0"/>
      </object_component>
      <object_component id="oc-27c">
         <name>.text:_pconv_g</name>
         <load_address>0x1490</load_address>
         <run_address>0x1490</run_address>
         <size>0x1d0</size>
         <input_file_ref idref="fl-cb"/>
      </object_component>
      <object_component id="oc-37a">
         <name>.text</name>
         <load_address>0x1660</load_address>
         <run_address>0x1660</run_address>
         <size>0x1b6</size>
         <input_file_ref idref="fl-d1"/>
      </object_component>
      <object_component id="oc-750">
         <name>.text:_ZNSt9exceptionD1Ev</name>
         <load_address>0x1816</load_address>
         <run_address>0x1816</run_address>
         <size>0x2</size>
         <input_file_ref idref="fl-f5"/>
      </object_component>
      <object_component id="oc-7f">
         <name>.text:T32_INT2_IRQHandler</name>
         <load_address>0x1818</load_address>
         <run_address>0x1818</run_address>
         <size>0x17c</size>
         <input_file_ref idref="fl-3"/>
      </object_component>
      <object_component id="oc-668">
         <name>.text:__cxa_type_match</name>
         <load_address>0x1994</load_address>
         <run_address>0x1994</run_address>
         <size>0x140</size>
         <input_file_ref idref="fl-ed"/>
      </object_component>
      <object_component id="oc-288">
         <name>.text:_pconv_e</name>
         <load_address>0x1ad4</load_address>
         <run_address>0x1ad4</run_address>
         <size>0x13c</size>
         <input_file_ref idref="fl-cb"/>
      </object_component>
      <object_component id="oc-36a">
         <name>.text</name>
         <load_address>0x1c10</load_address>
         <run_address>0x1c10</run_address>
         <size>0x136</size>
         <input_file_ref idref="fl-d3"/>
      </object_component>
      <object_component id="oc-894">
         <name>.text:_ZNSt9type_infoD1Ev</name>
         <load_address>0x1d46</load_address>
         <run_address>0x1d46</run_address>
         <size>0x2</size>
         <input_file_ref idref="fl-f6"/>
      </object_component>
      <object_component id="oc-38c">
         <name>.text:fcvt</name>
         <load_address>0x1d48</load_address>
         <run_address>0x1d48</run_address>
         <size>0x124</size>
         <input_file_ref idref="fl-cb"/>
      </object_component>
      <object_component id="oc-2c0">
         <name>.text:fputs</name>
         <load_address>0x1e6c</load_address>
         <run_address>0x1e6c</run_address>
         <size>0x114</size>
         <input_file_ref idref="fl-cd"/>
      </object_component>
      <object_component id="oc-3a0">
         <name>.text:scalbn</name>
         <load_address>0x1f80</load_address>
         <run_address>0x1f80</run_address>
         <size>0x110</size>
         <input_file_ref idref="fl-f4"/>
      </object_component>
      <object_component id="oc-e9">
         <name>.text</name>
         <load_address>0x2090</load_address>
         <run_address>0x2090</run_address>
         <size>0xfc</size>
         <input_file_ref idref="fl-d4"/>
      </object_component>
      <object_component id="oc-4a7">
         <name>.text:aligned_alloc</name>
         <load_address>0x218c</load_address>
         <run_address>0x218c</run_address>
         <size>0xf4</size>
         <input_file_ref idref="fl-e5"/>
      </object_component>
      <object_component id="oc-506">
         <name>.text:free</name>
         <load_address>0x2280</load_address>
         <run_address>0x2280</run_address>
         <size>0xe8</size>
         <input_file_ref idref="fl-e5"/>
      </object_component>
      <object_component id="oc-644">
         <name>.text:__cxa_call_unexpected</name>
         <load_address>0x2368</load_address>
         <run_address>0x2368</run_address>
         <size>0xe0</size>
         <input_file_ref idref="fl-ed"/>
      </object_component>
      <object_component id="oc-47c">
         <name>.text:setvbuf</name>
         <load_address>0x2448</load_address>
         <run_address>0x2448</run_address>
         <size>0xdc</size>
         <input_file_ref idref="fl-cf"/>
      </object_component>
      <object_component id="oc-148">
         <name>.text:_Z14OPT3001_getLuxv</name>
         <load_address>0x2524</load_address>
         <run_address>0x2524</run_address>
         <size>0xd8</size>
         <input_file_ref idref="fl-2"/>
      </object_component>
      <object_component id="oc-271">
         <name>.text:_ltostr</name>
         <load_address>0x25fc</load_address>
         <run_address>0x25fc</run_address>
         <size>0xb1</size>
         <input_file_ref idref="fl-cb"/>
      </object_component>
      <object_component id="oc-37">
         <name>.text</name>
         <load_address>0x26ae</load_address>
         <run_address>0x26ae</run_address>
         <size>0x9c</size>
         <input_file_ref idref="fl-d7"/>
      </object_component>
      <object_component id="oc-363">
         <name>.text</name>
         <load_address>0x274a</load_address>
         <run_address>0x274a</run_address>
         <size>0x96</size>
         <input_file_ref idref="fl-d8"/>
      </object_component>
      <object_component id="oc-23b">
         <name>.text:_Z10I2C_read16h</name>
         <load_address>0x27e0</load_address>
         <run_address>0x27e0</run_address>
         <size>0x8c</size>
         <input_file_ref idref="fl-1"/>
      </object_component>
      <object_component id="oc-142">
         <name>.text:_Z23InitialConditions_setupv</name>
         <load_address>0x286c</load_address>
         <run_address>0x286c</run_address>
         <size>0x8c</size>
         <input_file_ref idref="fl-3"/>
      </object_component>
      <object_component id="oc-2c7">
         <name>.text:fputc</name>
         <load_address>0x28f8</load_address>
         <run_address>0x28f8</run_address>
         <size>0x8c</size>
         <input_file_ref idref="fl-cc"/>
      </object_component>
      <object_component id="oc-2dc">
         <name>.text:GPIO_setAsPeripheralModuleFunctionOutputPin</name>
         <load_address>0x2984</load_address>
         <run_address>0x2984</run_address>
         <size>0x88</size>
         <input_file_ref idref="fl-11"/>
      </object_component>
      <object_component id="oc-b0">
         <name>.text:main</name>
         <load_address>0x2a0c</load_address>
         <run_address>0x2a0c</run_address>
         <size>0x88</size>
         <input_file_ref idref="fl-3"/>
      </object_component>
      <object_component id="oc-277">
         <name>.text:__aeabi_cdcmple</name>
         <load_address>0x2a94</load_address>
         <run_address>0x2a94</run_address>
         <size>0x86</size>
         <input_file_ref idref="fl-d2"/>
      </object_component>
      <object_component id="oc-ee">
         <name>.text:__aeabi_cdrcmple</name>
         <load_address>0x2b1a</load_address>
         <run_address>0x2b1a</run_address>
         <size>0x86</size>
         <input_file_ref idref="fl-d2"/>
      </object_component>
      <object_component id="oc-6ec">
         <name>.text:__derived_to_base_conversion</name>
         <load_address>0x2ba0</load_address>
         <run_address>0x2ba0</run_address>
         <size>0x80</size>
         <input_file_ref idref="fl-f0"/>
      </object_component>
      <object_component id="oc-53f">
         <name>.text:split</name>
         <load_address>0x2c20</load_address>
         <run_address>0x2c20</run_address>
         <size>0x7c</size>
         <input_file_ref idref="fl-e5"/>
      </object_component>
      <object_component id="oc-a4">
         <name>.text</name>
         <load_address>0x2c9c</load_address>
         <run_address>0x2c9c</run_address>
         <size>0x7a</size>
         <input_file_ref idref="fl-d0"/>
      </object_component>
      <object_component id="oc-2b2">
         <name>.text:_nop</name>
         <load_address>0x2d16</load_address>
         <run_address>0x2d16</run_address>
         <size>0x2</size>
         <input_file_ref idref="fl-de"/>
      </object_component>
      <object_component id="oc-c2">
         <name>.text:SystemInit</name>
         <load_address>0x2d18</load_address>
         <run_address>0x2d18</run_address>
         <size>0x78</size>
         <input_file_ref idref="fl-5"/>
      </object_component>
      <object_component id="oc-6b9">
         <name>.text:__cxa_allocate_exception</name>
         <load_address>0x2d90</load_address>
         <run_address>0x2d90</run_address>
         <size>0x75</size>
         <input_file_ref idref="fl-ed"/>
      </object_component>
      <object_component id="oc-444">
         <name>.text</name>
         <load_address>0x2e06</load_address>
         <run_address>0x2e06</run_address>
         <size>0x2</size>
         <input_file_ref idref="fl-fb"/>
      </object_component>
      <object_component id="oc-54f">
         <name>.text:__TI_closefile</name>
         <load_address>0x2e08</load_address>
         <run_address>0x2e08</run_address>
         <size>0x74</size>
         <input_file_ref idref="fl-10e"/>
      </object_component>
      <object_component id="oc-73">
         <name>.text:ADC14_IRQHandler</name>
         <load_address>0x2e7c</load_address>
         <run_address>0x2e7c</run_address>
         <size>0x70</size>
         <input_file_ref idref="fl-3"/>
      </object_component>
      <object_component id="oc-385">
         <name>.text:_mcpy</name>
         <load_address>0x2eec</load_address>
         <run_address>0x2eec</run_address>
         <size>0x6e</size>
         <input_file_ref idref="fl-cb"/>
      </object_component>
      <object_component id="oc-402">
         <name>.text:I2C_masterSendMultiByteFinish</name>
         <load_address>0x2f5c</load_address>
         <run_address>0x2f5c</run_address>
         <size>0x6c</size>
         <input_file_ref idref="fl-12"/>
      </object_component>
      <object_component id="oc-85b">
         <name>.text:_ZN39_INTERNAL_17_tdeh_unwinder_cpp_f8f63fad16find_et_setup_prEP19_Unwind_Exception_sj</name>
         <load_address>0x2fc8</load_address>
         <run_address>0x2fc8</run_address>
         <size>0x6c</size>
         <input_file_ref idref="fl-ec"/>
      </object_component>
      <object_component id="oc-694">
         <name>.text</name>
         <load_address>0x3034</load_address>
         <run_address>0x3034</run_address>
         <size>0x6c</size>
         <input_file_ref idref="fl-fc"/>
      </object_component>
      <object_component id="oc-573">
         <name>.text:HOSTlseek</name>
         <load_address>0x30a0</load_address>
         <run_address>0x30a0</run_address>
         <size>0x68</size>
         <input_file_ref idref="fl-103"/>
      </object_component>
      <object_component id="oc-57f">
         <name>.text:HOSTrename</name>
         <load_address>0x3108</load_address>
         <run_address>0x3108</run_address>
         <size>0x68</size>
         <input_file_ref idref="fl-106"/>
      </object_component>
      <object_component id="oc-319">
         <name>.text:I2C_masterSendMultiByteStart</name>
         <load_address>0x3170</load_address>
         <run_address>0x3170</run_address>
         <size>0x68</size>
         <input_file_ref idref="fl-12"/>
      </object_component>
      <object_component id="oc-14">
         <name>.text:decompress:lzss:__TI_decompress_lzss</name>
         <load_address>0x31d8</load_address>
         <run_address>0x31d8</run_address>
         <size>0x68</size>
         <input_file_ref idref="fl-dc"/>
      </object_component>
      <object_component id="oc-de">
         <name>.text:printf</name>
         <load_address>0x3240</load_address>
         <run_address>0x3240</run_address>
         <size>0x68</size>
         <input_file_ref idref="fl-ca"/>
      </object_component>
      <object_component id="oc-39a">
         <name>.text:frexp</name>
         <load_address>0x32a8</load_address>
         <run_address>0x32a8</run_address>
         <size>0x64</size>
         <input_file_ref idref="fl-f3"/>
      </object_component>
      <object_component id="oc-476">
         <name>.text:fseek</name>
         <load_address>0x330c</load_address>
         <run_address>0x330c</run_address>
         <size>0x64</size>
         <input_file_ref idref="fl-f9"/>
      </object_component>
      <object_component id="oc-2e3">
         <name>.text:I2C_initMaster</name>
         <load_address>0x3370</load_address>
         <run_address>0x3370</run_address>
         <size>0x62</size>
         <input_file_ref idref="fl-12"/>
      </object_component>
      <object_component id="oc-3d1">
         <name>.text:__TI_wrt_ok</name>
         <load_address>0x33d2</load_address>
         <run_address>0x33d2</run_address>
         <size>0x62</size>
         <input_file_ref idref="fl-ce"/>
      </object_component>
      <object_component id="oc-55b">
         <name>.text:HOSTopen</name>
         <load_address>0x3434</load_address>
         <run_address>0x3434</run_address>
         <size>0x60</size>
         <input_file_ref idref="fl-104"/>
      </object_component>
      <object_component id="oc-590">
         <name>.text:close</name>
         <load_address>0x3494</load_address>
         <run_address>0x3494</run_address>
         <size>0x5c</size>
         <input_file_ref idref="fl-114"/>
      </object_component>
      <object_component id="oc-567">
         <name>.text:HOSTread</name>
         <load_address>0x34f0</load_address>
         <run_address>0x34f0</run_address>
         <size>0x58</size>
         <input_file_ref idref="fl-105"/>
      </object_component>
      <object_component id="oc-56d">
         <name>.text:HOSTwrite</name>
         <load_address>0x3548</load_address>
         <run_address>0x3548</run_address>
         <size>0x58</size>
         <input_file_ref idref="fl-108"/>
      </object_component>
      <object_component id="oc-282">
         <name>.text:_pconv_f</name>
         <load_address>0x35a0</load_address>
         <run_address>0x35a0</run_address>
         <size>0x56</size>
         <input_file_ref idref="fl-cb"/>
      </object_component>
      <object_component id="oc-374">
         <name>.text:ltoa</name>
         <load_address>0x35f6</load_address>
         <run_address>0x35f6</run_address>
         <size>0x54</size>
         <input_file_ref idref="fl-e2"/>
      </object_component>
      <object_component id="oc-37f">
         <name>.text:_ecpy</name>
         <load_address>0x364a</load_address>
         <run_address>0x364a</run_address>
         <size>0x52</size>
         <input_file_ref idref="fl-cb"/>
      </object_component>
      <object_component id="oc-342">
         <name>.text:__cxa_get_globals</name>
         <load_address>0x369c</load_address>
         <run_address>0x369c</run_address>
         <size>0x50</size>
         <input_file_ref idref="fl-ed"/>
      </object_component>
      <object_component id="oc-3dd">
         <name>.text:__TI_doflush</name>
         <load_address>0x36ec</load_address>
         <run_address>0x36ec</run_address>
         <size>0x4c</size>
         <input_file_ref idref="fl-f7"/>
      </object_component>
      <object_component id="oc-6ad">
         <name>.text:__cxa_end_catch</name>
         <load_address>0x3738</load_address>
         <run_address>0x3738</run_address>
         <size>0x4c</size>
         <input_file_ref idref="fl-ed"/>
      </object_component>
      <object_component id="oc-26b">
         <name>.text:atoi</name>
         <load_address>0x3784</load_address>
         <run_address>0x3784</run_address>
         <size>0x4c</size>
         <input_file_ref idref="fl-df"/>
      </object_component>
      <object_component id="oc-2f9">
         <name>.text:_Z11I2C_write16hj</name>
         <load_address>0x37d0</load_address>
         <run_address>0x37d0</run_address>
         <size>0x48</size>
         <input_file_ref idref="fl-1"/>
      </object_component>
      <object_component id="oc-124">
         <name>.text:_Z9Pin_setupv</name>
         <load_address>0x3818</load_address>
         <run_address>0x3818</run_address>
         <size>0x48</size>
         <input_file_ref idref="fl-3"/>
      </object_component>
      <object_component id="oc-211">
         <name>.text:_ZN25_INTERNAL_8_main_cpp_main18__NVIC_SetPriorityE4IRQnj</name>
         <load_address>0x3860</load_address>
         <run_address>0x3860</run_address>
         <size>0x48</size>
         <input_file_ref idref="fl-3"/>
      </object_component>
      <object_component id="oc-15e">
         <name>.text:__TI_auto_init_nobinit_nopinit:__TI_auto_init_nobinit_nopinit</name>
         <load_address>0x38a8</load_address>
         <run_address>0x38a8</run_address>
         <size>0x48</size>
         <input_file_ref idref="fl-fd"/>
      </object_component>
      <object_component id="oc-158">
         <name>.text:exit</name>
         <load_address>0x38f0</load_address>
         <run_address>0x38f0</run_address>
         <size>0x48</size>
         <input_file_ref idref="fl-dd"/>
      </object_component>
      <object_component id="oc-36f">
         <name>.text</name>
         <load_address>0x3938</load_address>
         <run_address>0x3938</run_address>
         <size>0x48</size>
         <input_file_ref idref="fl-d5"/>
      </object_component>
      <object_component id="oc-561">
         <name>.text:HOSTclose</name>
         <load_address>0x3980</load_address>
         <run_address>0x3980</run_address>
         <size>0x44</size>
         <input_file_ref idref="fl-102"/>
      </object_component>
      <object_component id="oc-579">
         <name>.text:HOSTunlink</name>
         <load_address>0x39c4</load_address>
         <run_address>0x39c4</run_address>
         <size>0x44</size>
         <input_file_ref idref="fl-107"/>
      </object_component>
      <object_component id="oc-8a2">
         <name>.text:_Z16__TI_targ_set_prP19_Unwind_Exception_s</name>
         <load_address>0x3a08</load_address>
         <run_address>0x3a08</run_address>
         <size>0x44</size>
         <input_file_ref idref="fl-d9"/>
      </object_component>
      <object_component id="oc-632">
         <name>.text:_ZN37_INTERNAL_15_tdeh_pr_arm_cpp_7dc0f84d13regb_Dreg_popEP15_Unwind_Contextjjb</name>
         <load_address>0x3a4c</load_address>
         <run_address>0x3a4c</run_address>
         <size>0x44</size>
         <input_file_ref idref="fl-d9"/>
      </object_component>
      <object_component id="oc-89c">
         <name>.text:bsearch</name>
         <load_address>0x3a90</load_address>
         <run_address>0x3a90</run_address>
         <size>0x44</size>
         <input_file_ref idref="fl-101"/>
      </object_component>
      <object_component id="oc-5c5">
         <name>.text:getdevice</name>
         <load_address>0x3ad4</load_address>
         <run_address>0x3ad4</run_address>
         <size>0x44</size>
         <input_file_ref idref="fl-10f"/>
      </object_component>
      <object_component id="oc-337">
         <name>.text:I2C_masterReceiveMultiByteFinish</name>
         <load_address>0x3b18</load_address>
         <run_address>0x3b18</run_address>
         <size>0x40</size>
         <input_file_ref idref="fl-12"/>
      </object_component>
      <object_component id="oc-136">
         <name>.text:_Z9ADC_setupv</name>
         <load_address>0x3b58</load_address>
         <run_address>0x3b58</run_address>
         <size>0x40</size>
         <input_file_ref idref="fl-3"/>
      </object_component>
      <object_component id="oc-8a8">
         <name>.text:__TI_ut_entry_cmp</name>
         <load_address>0x3b98</load_address>
         <run_address>0x3b98</run_address>
         <size>0x40</size>
         <input_file_ref idref="fl-ec"/>
      </object_component>
      <object_component id="oc-392">
         <name>.text:_fcpy</name>
         <load_address>0x3bd8</load_address>
         <run_address>0x3bd8</run_address>
         <size>0x3e</size>
         <input_file_ref idref="fl-cb"/>
      </object_component>
      <object_component id="oc-7d6">
         <name>.text:_ZN39_INTERNAL_17_tdeh_unwinder_cpp_f8f63fad17__TI_unwind_frameEP19_Unwind_Exception_sP15_Unwind_Context</name>
         <load_address>0x3c16</load_address>
         <run_address>0x3c16</run_address>
         <size>0x3c</size>
         <input_file_ref idref="fl-ec"/>
      </object_component>
      <object_component id="oc-325">
         <name>.text:I2C_masterSendMultiByteStop</name>
         <load_address>0x3c54</load_address>
         <run_address>0x3c54</run_address>
         <size>0x38</size>
         <input_file_ref idref="fl-12"/>
      </object_component>
      <object_component id="oc-7c9">
         <name>.text:__TI_Unwind_RaiseException2</name>
         <load_address>0x3c8c</load_address>
         <run_address>0x3c8c</run_address>
         <size>0x38</size>
         <input_file_ref idref="fl-ec"/>
      </object_component>
      <object_component id="oc-71f">
         <name>.text:__TI_Unwind_Resume</name>
         <load_address>0x3cc4</load_address>
         <run_address>0x3cc4</run_address>
         <size>0x38</size>
         <input_file_ref idref="fl-ec"/>
      </object_component>
      <object_component id="oc-5a1">
         <name>.text:__TI_writemsg</name>
         <load_address>0x3cfc</load_address>
         <run_address>0x3cfc</run_address>
         <size>0x38</size>
         <input_file_ref idref="fl-109"/>
      </object_component>
      <object_component id="oc-6c5">
         <name>.text:__cxa_rethrow</name>
         <load_address>0x3d34</load_address>
         <run_address>0x3d34</run_address>
         <size>0x36</size>
         <input_file_ref idref="fl-ed"/>
      </object_component>
      <object_component id="oc-5e7">
         <name>.text:strncpy</name>
         <load_address>0x3d6a</load_address>
         <run_address>0x3d6a</run_address>
         <size>0x36</size>
         <input_file_ref idref="fl-112"/>
      </object_component>
      <object_component id="oc-3fc">
         <name>.text:I2C_masterSendMultiByteNext</name>
         <load_address>0x3da0</load_address>
         <run_address>0x3da0</run_address>
         <size>0x34</size>
         <input_file_ref idref="fl-12"/>
      </object_component>
      <object_component id="oc-50c">
         <name>.text:__TI_cleanup</name>
         <load_address>0x3dd4</load_address>
         <run_address>0x3dd4</run_address>
         <size>0x34</size>
         <input_file_ref idref="fl-f8"/>
      </object_component>
      <object_component id="oc-5a7">
         <name>.text:__TI_readmsg</name>
         <load_address>0x3e08</load_address>
         <run_address>0x3e08</run_address>
         <size>0x34</size>
         <input_file_ref idref="fl-109"/>
      </object_component>
      <object_component id="oc-55">
         <name>.text:_c_int00_noargs:_c_int00_noargs</name>
         <load_address>0x3e3c</load_address>
         <run_address>0x3e3c</run_address>
         <size>0x34</size>
         <input_file_ref idref="fl-ea"/>
      </object_component>
      <object_component id="oc-638">
         <name>.text:_ZN37_INTERNAL_15_tdeh_pr_arm_cpp_7dc0f84d13regb_core_popEP15_Unwind_Contextj</name>
         <load_address>0x3e70</load_address>
         <run_address>0x3e70</run_address>
         <size>0x32</size>
         <input_file_ref idref="fl-d9"/>
      </object_component>
      <object_component id="oc-130">
         <name>.text:_Z11T32_2_setupv</name>
         <load_address>0x3ea4</load_address>
         <run_address>0x3ea4</run_address>
         <size>0x30</size>
         <input_file_ref idref="fl-3"/>
      </object_component>
      <object_component id="oc-217">
         <name>.text:_ZN25_INTERNAL_8_main_cpp_main16__NVIC_EnableIRQE4IRQn</name>
         <load_address>0x3ed4</load_address>
         <run_address>0x3ed4</run_address>
         <size>0x30</size>
         <input_file_ref idref="fl-3"/>
      </object_component>
      <object_component id="oc-62c">
         <name>.text:_ZN37_INTERNAL_15_tdeh_pr_arm_cpp_7dc0f84d12next_uw_byteEP20_Unwind_Instr_Handle</name>
         <load_address>0x3f04</load_address>
         <run_address>0x3f04</run_address>
         <size>0x30</size>
         <input_file_ref idref="fl-d9"/>
      </object_component>
      <object_component id="oc-5ed">
         <name>.text:finddevice</name>
         <load_address>0x3f34</load_address>
         <run_address>0x3f34</run_address>
         <size>0x30</size>
         <input_file_ref idref="fl-10f"/>
      </object_component>
      <object_component id="oc-6a1">
         <name>.text:__cxa_begin_catch</name>
         <load_address>0x3f64</load_address>
         <run_address>0x3f64</run_address>
         <size>0x2e</size>
         <input_file_ref idref="fl-ed"/>
      </object_component>
      <object_component id="oc-e4">
         <name>.text</name>
         <load_address>0x3f92</load_address>
         <run_address>0x3f92</run_address>
         <size>0x2e</size>
         <input_file_ref idref="fl-d6"/>
      </object_component>
      <object_component id="oc-12a">
         <name>.text:_Z11T32_1_setupv</name>
         <load_address>0x3fc0</load_address>
         <run_address>0x3fc0</run_address>
         <size>0x2c</size>
         <input_file_ref idref="fl-3"/>
      </object_component>
      <object_component id="oc-596">
         <name>.text:unlink</name>
         <load_address>0x3fec</load_address>
         <run_address>0x3fec</run_address>
         <size>0x2c</size>
         <input_file_ref idref="fl-115"/>
      </object_component>
      <object_component id="oc-6bf">
         <name>.text:__cxa_throw</name>
         <load_address>0x4018</load_address>
         <run_address>0x4018</run_address>
         <size>0x2a</size>
         <input_file_ref idref="fl-ed"/>
      </object_component>
      <object_component id="oc-539">
         <name>.text:free_list_insert</name>
         <load_address>0x4044</load_address>
         <run_address>0x4044</run_address>
         <size>0x28</size>
         <input_file_ref idref="fl-e5"/>
      </object_component>
      <object_component id="oc-4fe">
         <name>.text:lseek</name>
         <load_address>0x406c</load_address>
         <run_address>0x406c</run_address>
         <size>0x28</size>
         <input_file_ref idref="fl-10b"/>
      </object_component>
      <object_component id="oc-3e3">
         <name>.text:write</name>
         <load_address>0x4094</load_address>
         <run_address>0x4094</run_address>
         <size>0x28</size>
         <input_file_ref idref="fl-e8"/>
      </object_component>
      <object_component id="oc-72e">
         <name>.text:__cxa_free_exception</name>
         <load_address>0x40bc</load_address>
         <run_address>0x40bc</run_address>
         <size>0x22</size>
         <input_file_ref idref="fl-ed"/>
      </object_component>
      <object_component id="oc-79">
         <name>.text:T32_INT1_IRQHandler</name>
         <load_address>0x40e0</load_address>
         <run_address>0x40e0</run_address>
         <size>0x20</size>
         <input_file_ref idref="fl-3"/>
      </object_component>
      <object_component id="oc-13c">
         <name>.text:_Z17LightSensor_setupv</name>
         <load_address>0x4100</load_address>
         <run_address>0x4100</run_address>
         <size>0x20</size>
         <input_file_ref idref="fl-3"/>
      </object_component>
      <object_component id="oc-226">
         <name>.text:_Z8I2C_initv</name>
         <load_address>0x4120</load_address>
         <run_address>0x4120</run_address>
         <size>0x20</size>
         <input_file_ref idref="fl-1"/>
      </object_component>
      <object_component id="oc-6a7">
         <name>.text:_ZSt10unexpectedv</name>
         <load_address>0x4140</load_address>
         <run_address>0x4140</run_address>
         <size>0x20</size>
         <input_file_ref idref="fl-ed"/>
      </object_component>
      <object_component id="oc-4b2">
         <name>.text:_ZSt9terminatev</name>
         <load_address>0x4160</load_address>
         <run_address>0x4160</run_address>
         <size>0x20</size>
         <input_file_ref idref="fl-ed"/>
      </object_component>
      <object_component id="oc-719">
         <name>.text:__TI_Unwind_RaiseException</name>
         <load_address>0x4180</load_address>
         <run_address>0x4180</run_address>
         <size>0x20</size>
         <input_file_ref idref="fl-d9"/>
      </object_component>
      <object_component id="oc-6e6">
         <name>.text:__cxa_bad_typeid</name>
         <load_address>0x41a0</load_address>
         <run_address>0x41a0</run_address>
         <size>0x20</size>
         <input_file_ref idref="fl-f0"/>
      </object_component>
      <object_component id="oc-3d7">
         <name>.text:memchr</name>
         <load_address>0x41c0</load_address>
         <run_address>0x41c0</run_address>
         <size>0x20</size>
         <input_file_ref idref="fl-e4"/>
      </object_component>
      <object_component id="oc-6b3">
         <name>.text:_ZN38_INTERNAL_16_tdeh_cpp_abi_cpp_89652da837__TI_setup_handler_and_call_terminateEP19_Unwind_Exception_s</name>
         <load_address>0x41e0</load_address>
         <run_address>0x41e0</run_address>
         <size>0x1e</size>
         <input_file_ref idref="fl-ed"/>
      </object_component>
      <object_component id="oc-30d">
         <name>.text:I2C_setMode</name>
         <load_address>0x41fe</load_address>
         <run_address>0x41fe</run_address>
         <size>0x1c</size>
         <input_file_ref idref="fl-12"/>
      </object_component>
      <object_component id="oc-235">
         <name>.text:_Z12I2C_setslavej</name>
         <load_address>0x421c</load_address>
         <run_address>0x421c</run_address>
         <size>0x1c</size>
         <input_file_ref idref="fl-1"/>
      </object_component>
      <object_component id="oc-533">
         <name>.text:free_list_remove</name>
         <load_address>0x4238</load_address>
         <run_address>0x4238</run_address>
         <size>0x1c</size>
         <input_file_ref idref="fl-e5"/>
      </object_component>
      <object_component id="oc-294">
         <name>.text:memccpy</name>
         <load_address>0x4254</load_address>
         <run_address>0x4254</run_address>
         <size>0x1c</size>
         <input_file_ref idref="fl-e3"/>
      </object_component>
      <object_component id="oc-32b">
         <name>.text:I2C_masterReceiveStart</name>
         <load_address>0x4270</load_address>
         <run_address>0x4270</run_address>
         <size>0x1a</size>
         <input_file_ref idref="fl-12"/>
      </object_component>
      <object_component id="oc-45a">
         <name>.text:copysign</name>
         <load_address>0x428a</load_address>
         <run_address>0x428a</run_address>
         <size>0x1a</size>
         <input_file_ref idref="fl-10d"/>
      </object_component>
      <object_component id="oc-31f">
         <name>.text:I2C_getInterruptStatus</name>
         <load_address>0x42a4</load_address>
         <run_address>0x42a4</run_address>
         <size>0x18</size>
         <input_file_ref idref="fl-12"/>
      </object_component>
      <object_component id="oc-313">
         <name>.text:I2C_isBusBusy</name>
         <load_address>0x42bc</load_address>
         <run_address>0x42bc</run_address>
         <size>0x18</size>
         <input_file_ref idref="fl-12"/>
      </object_component>
      <object_component id="oc-220">
         <name>.text:_Z13Init_I2C_GPIOv</name>
         <load_address>0x42d4</load_address>
         <run_address>0x42d4</run_address>
         <size>0x18</size>
         <input_file_ref idref="fl-1"/>
      </object_component>
      <object_component id="oc-766">
         <name>.text:_ZNKSt13bad_exception4whatEv</name>
         <load_address>0x42ec</load_address>
         <run_address>0x42ec</run_address>
         <size>0x18</size>
         <input_file_ref idref="fl-f5"/>
      </object_component>
      <object_component id="oc-604">
         <name>.text:strcmp</name>
         <load_address>0x4304</load_address>
         <run_address>0x4304</run_address>
         <size>0x18</size>
         <input_file_ref idref="fl-110"/>
      </object_component>
      <object_component id="oc-306">
         <name>.text:I2C_clearInterruptFlag</name>
         <load_address>0x431c</load_address>
         <run_address>0x431c</run_address>
         <size>0x16</size>
         <input_file_ref idref="fl-12"/>
      </object_component>
      <object_component id="oc-2e9">
         <name>.text:I2C_disableModule</name>
         <load_address>0x4332</load_address>
         <run_address>0x4332</run_address>
         <size>0x16</size>
         <input_file_ref idref="fl-12"/>
      </object_component>
      <object_component id="oc-2ef">
         <name>.text:I2C_enableModule</name>
         <load_address>0x4348</load_address>
         <run_address>0x4348</run_address>
         <size>0x16</size>
         <input_file_ref idref="fl-12"/>
      </object_component>
      <object_component id="oc-3a6">
         <name>.text:strchr</name>
         <load_address>0x435e</load_address>
         <run_address>0x435e</run_address>
         <size>0x16</size>
         <input_file_ref idref="fl-e6"/>
      </object_component>
      <object_component id="oc-331">
         <name>.text:I2C_masterReceiveMultiByteNext</name>
         <load_address>0x4374</load_address>
         <run_address>0x4374</run_address>
         <size>0x14</size>
         <input_file_ref idref="fl-12"/>
      </object_component>
      <object_component id="oc-300">
         <name>.text:I2C_setSlaveAddress</name>
         <load_address>0x4388</load_address>
         <run_address>0x4388</run_address>
         <size>0x14</size>
         <input_file_ref idref="fl-12"/>
      </object_component>
      <object_component id="oc-22c">
         <name>.text:_Z12OPT3001_initv</name>
         <load_address>0x439c</load_address>
         <run_address>0x439c</run_address>
         <size>0x14</size>
         <input_file_ref idref="fl-2"/>
      </object_component>
      <object_component id="oc-882">
         <name>.text:_ZNKSt10bad_typeid4whatEv</name>
         <load_address>0x43b0</load_address>
         <run_address>0x43b0</run_address>
         <size>0x14</size>
         <input_file_ref idref="fl-f6"/>
      </object_component>
      <object_component id="oc-772">
         <name>.text:_ZNSt10bad_typeidC1Ev</name>
         <load_address>0x43c4</load_address>
         <run_address>0x43c4</run_address>
         <size>0x14</size>
         <input_file_ref idref="fl-f6"/>
      </object_component>
      <object_component id="oc-5bb">
         <name>.text:strcpy</name>
         <load_address>0x43d8</load_address>
         <run_address>0x43d8</run_address>
         <size>0x14</size>
         <input_file_ref idref="fl-111"/>
      </object_component>
      <object_component id="oc-265">
         <name>.text:strlen</name>
         <load_address>0x43ec</load_address>
         <run_address>0x43ec</run_address>
         <size>0x14</size>
         <input_file_ref idref="fl-e7"/>
      </object_component>
      <object_component id="oc-75b">
         <name>.text:_ZNKSt9exception4whatEv</name>
         <load_address>0x4400</load_address>
         <run_address>0x4400</run_address>
         <size>0x13</size>
         <input_file_ref idref="fl-f5"/>
      </object_component>
      <object_component id="oc-686">
         <name>.text:__cxa_begin_cleanup</name>
         <load_address>0x4414</load_address>
         <run_address>0x4414</run_address>
         <size>0x12</size>
         <input_file_ref idref="fl-ed"/>
      </object_component>
      <object_component id="oc-737">
         <name>.text:__cxa_call_terminate</name>
         <load_address>0x4426</load_address>
         <run_address>0x4426</run_address>
         <size>0x12</size>
         <input_file_ref idref="fl-ed"/>
      </object_component>
      <object_component id="oc-43">
         <name>.text:decompress:ZI:__TI_zero_init_nomemset:__TI_zero_init_nomemset</name>
         <load_address>0x4438</load_address>
         <run_address>0x4438</run_address>
         <size>0x12</size>
         <input_file_ref idref="fl-da"/>
      </object_component>
      <object_component id="oc-29a">
         <name>.text:wcslen</name>
         <load_address>0x444a</load_address>
         <run_address>0x444a</run_address>
         <size>0x12</size>
         <input_file_ref idref="fl-f2"/>
      </object_component>
      <object_component id="oc-86c">
         <name>.text:_ZN10__cxxabiv117__class_type_infoD0Ev</name>
         <load_address>0x445c</load_address>
         <run_address>0x445c</run_address>
         <size>0xe</size>
         <input_file_ref idref="fl-f1"/>
      </object_component>
      <object_component id="oc-7e6">
         <name>.text:_ZN10__cxxabiv120__si_class_type_infoD0Ev</name>
         <load_address>0x446a</load_address>
         <run_address>0x446a</run_address>
         <size>0xe</size>
         <input_file_ref idref="fl-f1"/>
      </object_component>
      <object_component id="oc-850">
         <name>.text:_ZN10__cxxabiv123__fundamental_type_infoD0Ev</name>
         <load_address>0x4478</load_address>
         <run_address>0x4478</run_address>
         <size>0xe</size>
         <input_file_ref idref="fl-f1"/>
      </object_component>
      <object_component id="oc-87c">
         <name>.text:_ZNSt10bad_typeidD0Ev</name>
         <load_address>0x4486</load_address>
         <run_address>0x4486</run_address>
         <size>0xe</size>
         <input_file_ref idref="fl-f6"/>
      </object_component>
      <object_component id="oc-1a">
         <name>.text:decompress:none:__TI_decompress_none</name>
         <load_address>0x4494</load_address>
         <run_address>0x4494</run_address>
         <size>0xe</size>
         <input_file_ref idref="fl-db"/>
      </object_component>
      <object_component id="oc-67">
         <name>.text:Reset_Handler</name>
         <load_address>0x44a2</load_address>
         <run_address>0x44a2</run_address>
         <size>0xc</size>
         <input_file_ref idref="fl-4"/>
      </object_component>
      <object_component id="oc-725">
         <name>.text:__TI_cxa_end_cleanup</name>
         <load_address>0x44ae</load_address>
         <run_address>0x44ae</run_address>
         <size>0xc</size>
         <input_file_ref idref="fl-ed"/>
      </object_component>
      <object_component id="oc-66e">
         <name>.text:_Z13__TI_prel2absPKj</name>
         <load_address>0x44ba</load_address>
         <run_address>0x44ba</run_address>
         <size>0xa</size>
         <input_file_ref idref="fl-ec"/>
      </object_component>
      <object_component id="oc-422">
         <name>.text:_ZN38_INTERNAL_16_tdeh_cpp_abi_cpp_89652da825__TI_default_term_handlerEv</name>
         <load_address>0x44c4</load_address>
         <run_address>0x44c4</run_address>
         <size>0xa</size>
         <input_file_ref idref="fl-ed"/>
      </object_component>
      <object_component id="oc-872">
         <name>.text:_ZdlPv</name>
         <load_address>0x44ce</load_address>
         <run_address>0x44ce</run_address>
         <size>0xa</size>
         <input_file_ref idref="fl-fa"/>
      </object_component>
      <object_component id="oc-619">
         <name>.text:__aeabi_unwind_cpp_pr0</name>
         <load_address>0x44d8</load_address>
         <run_address>0x44d8</run_address>
         <size>0xa</size>
         <input_file_ref idref="fl-d9"/>
      </object_component>
      <object_component id="oc-8c4">
         <name>.text:__aeabi_unwind_cpp_pr1</name>
         <load_address>0x44e2</load_address>
         <run_address>0x44e2</run_address>
         <size>0xa</size>
         <input_file_ref idref="fl-d9"/>
      </object_component>
      <object_component id="oc-8be">
         <name>.text:__aeabi_unwind_cpp_pr2</name>
         <load_address>0x44ec</load_address>
         <run_address>0x44ec</run_address>
         <size>0xa</size>
         <input_file_ref idref="fl-d9"/>
      </object_component>
      <object_component id="oc-7d0">
         <name>.text:_Z24__TI_targ_regbuf_installP15_Unwind_Context</name>
         <load_address>0x44f6</load_address>
         <run_address>0x44f6</run_address>
         <size>0x8</size>
         <input_file_ref idref="fl-d9"/>
      </object_component>
      <object_component id="oc-864">
         <name>.text:_ZN10__cxxabiv117__class_type_infoD1Ev</name>
         <load_address>0x44fe</load_address>
         <run_address>0x44fe</run_address>
         <size>0x8</size>
         <input_file_ref idref="fl-f1"/>
      </object_component>
      <object_component id="oc-7e0">
         <name>.text:_ZN10__cxxabiv120__si_class_type_infoD1Ev</name>
         <load_address>0x4506</load_address>
         <run_address>0x4506</run_address>
         <size>0x8</size>
         <input_file_ref idref="fl-f1"/>
      </object_component>
      <object_component id="oc-84a">
         <name>.text:_ZN10__cxxabiv123__fundamental_type_infoD1Ev</name>
         <load_address>0x450e</load_address>
         <run_address>0x450e</run_address>
         <size>0x8</size>
         <input_file_ref idref="fl-f1"/>
      </object_component>
      <object_component id="oc-77d">
         <name>.text:_ZNSt10bad_typeidD1Ev</name>
         <load_address>0x4516</load_address>
         <run_address>0x4516</run_address>
         <size>0x8</size>
         <input_file_ref idref="fl-f6"/>
      </object_component>
      <object_component id="oc-2a0">
         <name>.text:__aeabi_errno_addr</name>
         <load_address>0x4520</load_address>
         <run_address>0x4520</run_address>
         <size>0x8</size>
         <input_file_ref idref="fl-eb"/>
      </object_component>
      <object_component id="oc-249">
         <name>.text:__tdeh_init</name>
         <load_address>0x4528</load_address>
         <run_address>0x4528</run_address>
         <size>0x8</size>
         <input_file_ref idref="fl-10c"/>
      </object_component>
      <object_component id="oc-413">
         <name>.text:malloc</name>
         <load_address>0x4530</load_address>
         <run_address>0x4530</run_address>
         <size>0x8</size>
         <input_file_ref idref="fl-e5"/>
      </object_component>
      <object_component id="oc-63e">
         <name>.text:_ZN37_INTERNAL_15_tdeh_pr_arm_cpp_7dc0f84d13regb_core_setEP15_Unwind_Context14_Unwind_Reg_Idj</name>
         <load_address>0x4538</load_address>
         <run_address>0x4538</run_address>
         <size>0x6</size>
         <input_file_ref idref="fl-d9"/>
      </object_component>
      <object_component id="oc-761">
         <name>.text:_ZNSt13bad_exceptionD0Ev</name>
         <load_address>0x453e</load_address>
         <run_address>0x453e</run_address>
         <size>0x6</size>
         <input_file_ref idref="fl-f5"/>
      </object_component>
      <object_component id="oc-756">
         <name>.text:_ZNSt9exceptionD0Ev</name>
         <load_address>0x4544</load_address>
         <run_address>0x4544</run_address>
         <size>0x6</size>
         <input_file_ref idref="fl-f5"/>
      </object_component>
      <object_component id="oc-662">
         <name>.text:_Z22__TI_targ_rtti_addressPjP15_Unwind_Context</name>
         <load_address>0x454a</load_address>
         <run_address>0x454a</run_address>
         <size>0x4</size>
         <input_file_ref idref="fl-d9"/>
      </object_component>
      <object_component id="oc-656">
         <name>.text:_Z23__TI_targ_regbuf_get_pcP15_Unwind_Context</name>
         <load_address>0x454e</load_address>
         <run_address>0x454e</run_address>
         <size>0x4</size>
         <input_file_ref idref="fl-d9"/>
      </object_component>
      <object_component id="oc-680">
         <name>.text:_Z23__TI_targ_regbuf_get_sbP15_Unwind_Context</name>
         <load_address>0x4552</load_address>
         <run_address>0x4552</run_address>
         <size>0x4</size>
         <input_file_ref idref="fl-d9"/>
      </object_component>
      <object_component id="oc-65c">
         <name>.text:_Z23__TI_targ_regbuf_get_spP15_Unwind_Context</name>
         <load_address>0x4556</load_address>
         <run_address>0x4556</run_address>
         <size>0x4</size>
         <input_file_ref idref="fl-d9"/>
      </object_component>
      <object_component id="oc-674">
         <name>.text:_Z23__TI_targ_regbuf_set_pcP15_Unwind_Contextj</name>
         <load_address>0x455a</load_address>
         <run_address>0x455a</run_address>
         <size>0x4</size>
         <input_file_ref idref="fl-d9"/>
      </object_component>
      <object_component id="oc-67a">
         <name>.text:_Z26__TI_targ_setup_call_parm0P15_Unwind_Contextj</name>
         <load_address>0x455e</load_address>
         <run_address>0x455e</run_address>
         <size>0x4</size>
         <input_file_ref idref="fl-d9"/>
      </object_component>
      <object_component id="oc-428">
         <name>.text:_ZN38_INTERNAL_16_tdeh_cpp_abi_cpp_89652da826__TI_default_unexp_handlerEv</name>
         <load_address>0x4562</load_address>
         <run_address>0x4562</run_address>
         <size>0x4</size>
         <input_file_ref idref="fl-ed"/>
      </object_component>
      <object_component id="oc-7fe">
         <name>.text:_ZdlPvj</name>
         <load_address>0x4566</load_address>
         <run_address>0x4566</run_address>
         <size>0x4</size>
         <input_file_ref idref="fl-fa"/>
      </object_component>
      <object_component id="oc-419">
         <name>.text:__abort_execution</name>
         <load_address>0x456a</load_address>
         <run_address>0x456a</run_address>
         <size>0x4</size>
         <input_file_ref idref="fl-ef"/>
      </object_component>
      <object_component id="oc-1fb">
         <name>.text:_outc</name>
         <load_address>0x456e</load_address>
         <run_address>0x456e</run_address>
         <size>0x4</size>
         <input_file_ref idref="fl-ca"/>
      </object_component>
      <object_component id="oc-1f5">
         <name>.text:_outs</name>
         <load_address>0x4572</load_address>
         <run_address>0x4572</run_address>
         <size>0x4</size>
         <input_file_ref idref="fl-ca"/>
      </object_component>
      <object_component id="oc-aa">
         <name>.text:_system_pre_init</name>
         <load_address>0x4576</load_address>
         <run_address>0x4576</run_address>
         <size>0x4</size>
         <input_file_ref idref="fl-fe"/>
      </object_component>
      <object_component id="oc-152">
         <name>.text:abort:abort</name>
         <load_address>0x457a</load_address>
         <run_address>0x457a</run_address>
         <size>0x4</size>
         <input_file_ref idref="fl-dd"/>
      </object_component>
      <object_component id="oc-35e">
         <name>.const:.string:_ctypes_</name>
         <load_address>0x4580</load_address>
         <run_address>0x4580</run_address>
         <size>0x101</size>
         <input_file_ref idref="fl-e0"/>
      </object_component>
      <object_component id="oc-7a9">
         <name>.const:.typeinfo:_ZTSv</name>
         <load_address>0x4681</load_address>
         <run_address>0x4681</run_address>
         <size>0x2</size>
         <input_file_ref idref="fl-ed"/>
      </object_component>
      <object_component id="oc-3ed">
         <name>.const:GPIO_PORT_TO_BASE</name>
         <load_address>0x4684</load_address>
         <run_address>0x4684</run_address>
         <size>0x30</size>
         <input_file_ref idref="fl-11"/>
      </object_component>
      <object_component id="oc-88f">
         <name>.const:.typeinfo:_ZTSN10__cxxabiv123__fundamental_type_infoE</name>
         <load_address>0x46b4</load_address>
         <run_address>0x46b4</run_address>
         <size>0x28</size>
         <input_file_ref idref="fl-f1"/>
      </object_component>
      <object_component id="oc-7b8">
         <name>.const:.typeinfo:_ZTSN10__cxxabiv121__vmi_class_type_infoE</name>
         <load_address>0x46dc</load_address>
         <run_address>0x46dc</run_address>
         <size>0x26</size>
         <input_file_ref idref="fl-f1"/>
      </object_component>
      <object_component id="oc-7ae">
         <name>.const:.typeinfo:_ZTSN10__cxxabiv120__si_class_type_infoE</name>
         <load_address>0x4702</load_address>
         <run_address>0x4702</run_address>
         <size>0x25</size>
         <input_file_ref idref="fl-f1"/>
      </object_component>
      <object_component id="oc-797">
         <name>.const:.typeinfo:_ZTSN10__cxxabiv119__pointer_type_infoE</name>
         <load_address>0x4727</load_address>
         <run_address>0x4727</run_address>
         <size>0x24</size>
         <input_file_ref idref="fl-f1"/>
      </object_component>
      <object_component id="oc-856">
         <name>.const:.typeinfo:_ZTSN10__cxxabiv117__class_type_infoE</name>
         <load_address>0x474b</load_address>
         <run_address>0x474b</run_address>
         <size>0x22</size>
         <input_file_ref idref="fl-f1"/>
      </object_component>
      <object_component id="oc-834">
         <name>.const:.typeinfo:_ZTSN10__cxxabiv117__pbase_type_infoE</name>
         <load_address>0x476d</load_address>
         <run_address>0x476d</run_address>
         <size>0x22</size>
         <input_file_ref idref="fl-f1"/>
      </object_component>
      <object_component id="oc-80a">
         <name>.const:_ZTVSt10bad_typeid</name>
         <load_address>0x4790</load_address>
         <run_address>0x4790</run_address>
         <size>0x14</size>
         <input_file_ref idref="fl-f6"/>
      </object_component>
      <object_component id="oc-6d5">
         <name>.const:_ZTVSt13bad_exception</name>
         <load_address>0x47a4</load_address>
         <run_address>0x47a4</run_address>
         <size>0x14</size>
         <input_file_ref idref="fl-f5"/>
      </object_component>
      <object_component id="oc-6d0">
         <name>.const:_ZTVSt9exception</name>
         <load_address>0x47b8</load_address>
         <run_address>0x47b8</run_address>
         <size>0x14</size>
         <input_file_ref idref="fl-f5"/>
      </object_component>
      <object_component id="oc-2f5">
         <name>.const:i2cConfig</name>
         <load_address>0x47cc</load_address>
         <run_address>0x47cc</run_address>
         <size>0x14</size>
         <input_file_ref idref="fl-1"/>
      </object_component>
      <object_component id="oc-744">
         <name>.const:.typeinfo:_ZTSSt13bad_exception</name>
         <load_address>0x47e0</load_address>
         <run_address>0x47e0</run_address>
         <size>0x12</size>
         <input_file_ref idref="fl-f5"/>
      </object_component>
      <object_component id="oc-7ec">
         <name>.const:_ZTVN10__cxxabiv117__class_type_infoE</name>
         <load_address>0x47f4</load_address>
         <run_address>0x47f4</run_address>
         <size>0x10</size>
         <input_file_ref idref="fl-f1"/>
      </object_component>
      <object_component id="oc-73f">
         <name>.const:_ZTVN10__cxxabiv120__si_class_type_infoE</name>
         <load_address>0x4804</load_address>
         <run_address>0x4804</run_address>
         <size>0x10</size>
         <input_file_ref idref="fl-f1"/>
      </object_component>
      <object_component id="oc-7a4">
         <name>.const:_ZTVN10__cxxabiv123__fundamental_type_infoE</name>
         <load_address>0x4814</load_address>
         <run_address>0x4814</run_address>
         <size>0x10</size>
         <input_file_ref idref="fl-f1"/>
      </object_component>
      <object_component id="oc-817">
         <name>.const:.typeinfo:_ZTSSt10bad_typeid</name>
         <load_address>0x4824</load_address>
         <run_address>0x4824</run_address>
         <size>0xf</size>
         <input_file_ref idref="fl-f6"/>
      </object_component>
      <object_component id="oc-7f1">
         <name>.const:.typeinfo:_ZTSSt9exception</name>
         <load_address>0x4833</load_address>
         <run_address>0x4833</run_address>
         <size>0xd</size>
         <input_file_ref idref="fl-f5"/>
      </object_component>
      <object_component id="oc-88a">
         <name>.const:.typeinfo:_ZTSSt9type_info</name>
         <load_address>0x4840</load_address>
         <run_address>0x4840</run_address>
         <size>0xd</size>
         <input_file_ref idref="fl-f6"/>
      </object_component>
      <object_component id="oc-7b3">
         <name>.const:.typeinfo:_ZTIN10__cxxabiv117__class_type_infoE</name>
         <load_address>0x4850</load_address>
         <run_address>0x4850</run_address>
         <size>0xc</size>
         <input_file_ref idref="fl-f1"/>
      </object_component>
      <object_component id="oc-79c">
         <name>.const:.typeinfo:_ZTIN10__cxxabiv117__pbase_type_infoE</name>
         <load_address>0x485c</load_address>
         <run_address>0x485c</run_address>
         <size>0xc</size>
         <input_file_ref idref="fl-f1"/>
      </object_component>
      <object_component id="oc-6f2">
         <name>.const:.typeinfo:_ZTIN10__cxxabiv119__pointer_type_infoE</name>
         <load_address>0x4868</load_address>
         <run_address>0x4868</run_address>
         <size>0xc</size>
         <input_file_ref idref="fl-f1"/>
      </object_component>
      <object_component id="oc-6fc">
         <name>.const:.typeinfo:_ZTIN10__cxxabiv120__si_class_type_infoE</name>
         <load_address>0x4874</load_address>
         <run_address>0x4874</run_address>
         <size>0xc</size>
         <input_file_ref idref="fl-f1"/>
      </object_component>
      <object_component id="oc-701">
         <name>.const:.typeinfo:_ZTIN10__cxxabiv121__vmi_class_type_infoE</name>
         <load_address>0x4880</load_address>
         <run_address>0x4880</run_address>
         <size>0xc</size>
         <input_file_ref idref="fl-f1"/>
      </object_component>
      <object_component id="oc-845">
         <name>.const:.typeinfo:_ZTIN10__cxxabiv123__fundamental_type_infoE</name>
         <load_address>0x488c</load_address>
         <run_address>0x488c</run_address>
         <size>0xc</size>
         <input_file_ref idref="fl-f1"/>
      </object_component>
      <object_component id="oc-778">
         <name>.const:.typeinfo:_ZTISt10bad_typeid</name>
         <load_address>0x4898</load_address>
         <run_address>0x4898</run_address>
         <size>0xc</size>
         <input_file_ref idref="fl-f6"/>
      </object_component>
      <object_component id="oc-6cb">
         <name>.const:.typeinfo:_ZTISt13bad_exception</name>
         <load_address>0x48a4</load_address>
         <run_address>0x48a4</run_address>
         <size>0xc</size>
         <input_file_ref idref="fl-f5"/>
      </object_component>
      <object_component id="oc-749">
         <name>.const:.typeinfo:_ZTISt9exception</name>
         <load_address>0x48b0</load_address>
         <run_address>0x48b0</run_address>
         <size>0x8</size>
         <input_file_ref idref="fl-f5"/>
      </object_component>
      <object_component id="oc-839">
         <name>.const:.typeinfo:_ZTISt9type_info</name>
         <load_address>0x48b8</load_address>
[...]
         <value>0x4507</value>
         <object_component_ref idref="oc-7e0"/>
      </symbol>
      <symbol id="sm-c17">
         <name>_ZTVN10__cxxabiv117__class_type_infoE</name>
         <value>0x47f4</value>
         <object_component_ref idref="oc-7ec"/>
      </symbol>
      <symbol id="sm-c18">
         <name>_ZTIN10__cxxabiv123__fundamental_type_infoE</name>
         <value>0x488c</value>
         <object_component_ref idref="oc-845"/>
      </symbol>
      <symbol id="sm-c19">
         <name>_ZN10__cxxabiv123__fundamental_type_infoD0Ev</name>
         <value>0x4479</value>
         <object_component_ref idref="oc-850"/>
      </symbol>
      <symbol id="sm-c1a">
         <name>_ZTIN10__cxxabiv117__pbase_type_infoE</name>
         <value>0x485c</value>
         <object_component_ref idref="oc-79c"/>
      </symbol>
      <symbol id="sm-c1b">
         <name>_ZTIN10__cxxabiv117__class_type_infoE</name>
         <value>0x4850</value>
         <object_component_ref idref="oc-7b3"/>
      </symbol>
      <symbol id="sm-c1c">
         <name>_ZN10__cxxabiv120__si_class_type_infoD1Ev</name>
         <value>0x4507</value>
         <object_component_ref idref="oc-7e0"/>
      </symbol>
      <symbol id="sm-c1d">
         <name>_ZTIN10__cxxabiv120__si_class_type_infoE</name>
         <value>0x4874</value>
         <object_component_ref idref="oc-6fc"/>
      </symbol>
      <symbol id="sm-c1e">
         <name>_ZN10__cxxabiv117__class_type_infoD0Ev</name>
         <value>0x445d</value>
         <object_component_ref idref="oc-86c"/>
      </symbol>
      <symbol id="sm-c1f">
         <name>_ZTSN10__cxxabiv117__pbase_type_infoE</name>
         <value>0x476d</value>
         <object_component_ref idref="oc-834"/>
      </symbol>
      <symbol id="sm-c20">
         <name>_ZTVN10__cxxabiv120__si_class_type_infoE</name>
         <value>0x4804</value>
         <object_component_ref idref="oc-73f"/>
      </symbol>
      <symbol id="sm-c21">
         <name>_ZN10__cxxabiv120__si_class_type_infoD0Ev</name>
         <value>0x446b</value>
         <object_component_ref idref="oc-7e6"/>
      </symbol>
      <symbol id="sm-c3a">
         <name>wcslen</name>
         <value>0x444b</value>
         <object_component_ref idref="oc-29a"/>
      </symbol>
      <symbol id="sm-c5a">
         <name>frexpl</name>
         <value>0x32a9</value>
         <object_component_ref idref="oc-39a"/>
      </symbol>
      <symbol id="sm-c5b">
         <name>frexp</name>
         <value>0x32a9</value>
         <object_component_ref idref="oc-39a"/>
      </symbol>
      <symbol id="sm-c78">
         <name>scalbn</name>
         <value>0x1f81</value>
         <object_component_ref idref="oc-3a0"/>
      </symbol>
      <symbol id="sm-c79">
         <name>scalbnl</name>
         <value>0x1f81</value>
         <object_component_ref idref="oc-3a0"/>
      </symbol>
      <symbol id="sm-c7a">
         <name>ldexpl</name>
         <value>0x1f81</value>
         <object_component_ref idref="oc-3a0"/>
      </symbol>
      <symbol id="sm-c7b">
         <name>ldexp</name>
         <value>0x1f81</value>
         <object_component_ref idref="oc-3a0"/>
      </symbol>
      <symbol id="sm-ce3">
         <name>_ZNSt9exceptionD1Ev</name>
         <value>0x1817</value>
         <object_component_ref idref="oc-750"/>
      </symbol>
      <symbol id="sm-ce4">
         <name>_ZTISt13bad_exception</name>
         <value>0x48a4</value>
         <object_component_ref idref="oc-6cb"/>
      </symbol>
      <symbol id="sm-ce5">
         <name>_ZNKSt9exception4whatEv</name>
         <value>0x4401</value>
         <object_component_ref idref="oc-75b"/>
      </symbol>
      <symbol id="sm-ce6">
         <name>_ZTISt9exception</name>
         <value>0x48b0</value>
         <object_component_ref idref="oc-749"/>
      </symbol>
      <symbol id="sm-ce7">
         <name>_ZTVSt13bad_exception</name>
         <value>0x47a4</value>
         <object_component_ref idref="oc-6d5"/>
      </symbol>
      <symbol id="sm-ce8">
         <name>_ZNSt13bad_exceptionD0Ev</name>
         <value>0x453f</value>
         <object_component_ref idref="oc-761"/>
      </symbol>
      <symbol id="sm-ce9">
         <name>_ZNSt9exceptionD0Ev</name>
         <value>0x4545</value>
         <object_component_ref idref="oc-756"/>
      </symbol>
      <symbol id="sm-cea">
         <name>_ZTSSt13bad_exception</name>
         <value>0x47e0</value>
         <object_component_ref idref="oc-744"/>
      </symbol>
      <symbol id="sm-ceb">
         <name>_ZTVSt9exception</name>
         <value>0x47b8</value>
         <object_component_ref idref="oc-6d0"/>
      </symbol>
      <symbol id="sm-cec">
         <name>_ZNSt13bad_exceptionD1Ev</name>
         <value>0x127f</value>
         <object_component_ref idref="oc-6da"/>
      </symbol>
      <symbol id="sm-ced">
         <name>_ZTSSt9exception</name>
         <value>0x4833</value>
         <object_component_ref idref="oc-7f1"/>
      </symbol>
      <symbol id="sm-cee">
         <name>_ZNKSt13bad_exception4whatEv</name>
         <value>0x42ed</value>
         <object_component_ref idref="oc-766"/>
      </symbol>
      <symbol id="sm-cef">
         <name>_ZNSt13bad_exceptionD2Ev</name>
         <value>0x127f</value>
         <object_component_ref idref="oc-6da"/>
      </symbol>
      <symbol id="sm-cf0">
         <name>_ZNSt9exceptionD2Ev</name>
         <value>0x1817</value>
         <object_component_ref idref="oc-750"/>
      </symbol>
      <symbol id="sm-d46">
         <name>_ZTSSt9type_info</name>
         <value>0x4840</value>
         <object_component_ref idref="oc-88a"/>
      </symbol>
      <symbol id="sm-d47">
         <name>_ZNSt9type_infoD2Ev</name>
         <value>0x1d47</value>
         <object_component_ref idref="oc-894"/>
      </symbol>
      <symbol id="sm-d48">
         <name>_ZNSt10bad_typeidD2Ev</name>
         <value>0x4517</value>
         <object_component_ref idref="oc-77d"/>
      </symbol>
      <symbol id="sm-d49">
         <name>_ZTISt10bad_typeid</name>
         <value>0x4898</value>
         <object_component_ref idref="oc-778"/>
      </symbol>
      <symbol id="sm-d4a">
         <name>_ZTSSt10bad_typeid</name>
         <value>0x4824</value>
         <object_component_ref idref="oc-817"/>
      </symbol>
      <symbol id="sm-d4b">
         <name>_ZTVSt10bad_typeid</name>
         <value>0x4790</value>
         <object_component_ref idref="oc-80a"/>
      </symbol>
      <symbol id="sm-d4c">
         <name>_ZNSt9type_infoD1Ev</name>
         <value>0x1d47</value>
         <object_component_ref idref="oc-894"/>
      </symbol>
      <symbol id="sm-d4d">
         <name>_ZNKSt10bad_typeid4whatEv</name>
         <value>0x43b1</value>
         <object_component_ref idref="oc-882"/>
      </symbol>
      <symbol id="sm-d4e">
         <name>_ZTISt9type_info</name>
         <value>0x48b8</value>
         <object_component_ref idref="oc-839"/>
      </symbol>
      <symbol id="sm-d4f">
         <name>_ZNSt10bad_typeidD1Ev</name>
         <value>0x4517</value>
         <object_component_ref idref="oc-77d"/>
      </symbol>
      <symbol id="sm-d50">
         <name>_ZNSt10bad_typeidC2Ev</name>
         <value>0x43c5</value>
         <object_component_ref idref="oc-772"/>
      </symbol>
      <symbol id="sm-d51">
         <name>_ZNSt10bad_typeidC1Ev</name>
         <value>0x43c5</value>
         <object_component_ref idref="oc-772"/>
      </symbol>
      <symbol id="sm-d52">
         <name>_ZNSt10bad_typeidD0Ev</name>
         <value>0x4487</value>
         <object_component_ref idref="oc-87c"/>
      </symbol>
      <symbol id="sm-d62">
         <name>__TI_doflush</name>
         <value>0x36ed</value>
         <object_component_ref idref="oc-3dd"/>
      </symbol>
      <symbol id="sm-d72">
         <name>__TI_cleanup</name>
         <value>0x3dd5</value>
         <object_component_ref idref="oc-50c"/>
      </symbol>
      <symbol id="sm-d84">
         <name>fseek</name>
         <value>0x330d</value>
         <object_component_ref idref="oc-476"/>
      </symbol>
      <symbol id="sm-da1">
         <name>_ZdlPv</name>
         <value>0x44cf</value>
         <object_component_ref idref="oc-872"/>
      </symbol>
      <symbol id="sm-da2">
         <name>_ZdlPvj</name>
         <value>0x4567</value>
         <object_component_ref idref="oc-7fe"/>
      </symbol>
      <symbol id="sm-dac">
         <name>__aeabi_idiv0</name>
         <value>0x2e07</value>
         <object_component_ref idref="oc-444"/>
      </symbol>
      <symbol id="sm-dad">
         <name>__aeabi_ldiv0</name>
         <value>0x2e07</value>
         <object_component_ref idref="oc-444"/>
      </symbol>
      <symbol id="sm-db6">
         <name>_Unwind_Resume</name>
         <value>0x3057</value>
         <object_component_ref idref="oc-694"/>
      </symbol>
      <symbol id="sm-db7">
         <name>__TI_Install_CoreRegs</name>
         <value>0x306d</value>
         <object_component_ref idref="oc-694"/>
      </symbol>
      <symbol id="sm-db8">
         <name>_Unwind_RaiseException</name>
         <value>0x3035</value>
         <object_component_ref idref="oc-694"/>
      </symbol>
      <symbol id="sm-db9">
         <name>__TI_restore_low_VFP</name>
         <value>0x309b</value>
         <object_component_ref idref="oc-694"/>
      </symbol>
      <symbol id="sm-dba">
         <name>__cxa_end_cleanup</name>
         <value>0x3087</value>
         <object_component_ref idref="oc-694"/>
      </symbol>
      <symbol id="sm-dbb">
         <name>__TI_preserve_low_VFP</name>
         <value>0x3095</value>
         <object_component_ref idref="oc-694"/>
      </symbol>
      <symbol id="sm-de3">
         <name>__TI_auto_init_nobinit_nopinit</name>
         <value>0x38a9</value>
         <object_component_ref idref="oc-15e"/>
      </symbol>
      <symbol id="sm-ded">
         <name>_system_pre_init</name>
         <value>0x4577</value>
         <object_component_ref idref="oc-aa"/>
      </symbol>
      <symbol id="sm-dff">
         <name>bsearch</name>
         <value>0x3a91</value>
         <object_component_ref idref="oc-89c"/>
      </symbol>
      <symbol id="sm-e10">
         <name>HOSTclose</name>
         <value>0x3981</value>
         <object_component_ref idref="oc-561"/>
      </symbol>
      <symbol id="sm-e21">
         <name>HOSTlseek</name>
         <value>0x30a1</value>
         <object_component_ref idref="oc-573"/>
      </symbol>
      <symbol id="sm-e33">
         <name>parmbuf</name>
         <value>0x200009cc</value>
      </symbol>
      <symbol id="sm-e34">
         <name>HOSTopen</name>
         <value>0x3435</value>
         <object_component_ref idref="oc-55b"/>
      </symbol>
      <symbol id="sm-e45">
         <name>HOSTread</name>
         <value>0x34f1</value>
         <object_component_ref idref="oc-567"/>
      </symbol>
      <symbol id="sm-e56">
         <name>HOSTrename</name>
         <value>0x3109</value>
         <object_component_ref idref="oc-57f"/>
      </symbol>
      <symbol id="sm-e67">
         <name>HOSTunlink</name>
         <value>0x39c5</value>
         <object_component_ref idref="oc-579"/>
      </symbol>
      <symbol id="sm-e78">
         <name>HOSTwrite</name>
         <value>0x3549</value>
         <object_component_ref idref="oc-56d"/>
      </symbol>
      <symbol id="sm-e9c">
         <name>__TI_readmsg</name>
         <value>0x3e09</value>
         <object_component_ref idref="oc-5a7"/>
      </symbol>
      <symbol id="sm-e9d">
         <name>C$$IO$$</name>
         <value>0x3d2b</value>
         <object_component_ref idref="oc-5a1"/>
      </symbol>
      <symbol id="sm-e9e">
         <name>__CIOBUF_</name>
         <value>0x20000800</value>
         <object_component_ref idref="oc-5cf"/>
      </symbol>
      <symbol id="sm-e9f">
         <name>__TI_writemsg</name>
         <value>0x3cfd</value>
         <object_component_ref idref="oc-5a1"/>
      </symbol>
      <symbol id="sm-eb0">
         <name>lseek</name>
         <value>0x406d</value>
         <object_component_ref idref="oc-4fe"/>
      </symbol>
      <symbol id="sm-ebc">
         <name>__tdeh_init</name>
         <value>0x4529</value>
         <object_component_ref idref="oc-249"/>
      </symbol>
      <symbol id="sm-ec6">
         <name>copysign</name>
         <value>0x428b</value>
         <object_component_ref idref="oc-45a"/>
      </symbol>
      <symbol id="sm-ec7">
         <name>copysignl</name>
         <value>0x428b</value>
         <object_component_ref idref="oc-45a"/>
      </symbol>
      <symbol id="sm-edc">
         <name>__TI_closefile</name>
         <value>0x2e09</value>
         <object_component_ref idref="oc-54f"/>
      </symbol>
      <symbol id="sm-eff">
         <name>finddevice</name>
         <value>0x3f35</value>
         <object_component_ref idref="oc-5ed"/>
      </symbol>
      <symbol id="sm-f00">
         <name>getdevice</name>
         <value>0x3ad5</value>
         <object_component_ref idref="oc-5c5"/>
      </symbol>
      <symbol id="sm-f0f">
         <name>strcmp</name>
         <value>0x4305</value>
         <object_component_ref idref="oc-604"/>
      </symbol>
      <symbol id="sm-f1d">
         <name>strcpy</name>
         <value>0x43d9</value>
         <object_component_ref idref="oc-5bb"/>
      </symbol>
      <symbol id="sm-f2d">
         <name>strncpy</name>
         <value>0x3d6b</value>
         <object_component_ref idref="oc-5e7"/>
      </symbol>
      <symbol id="sm-f42">
         <name>close</name>
         <value>0x3495</value>
         <object_component_ref idref="oc-590"/>
      </symbol>
      <symbol id="sm-f52">
         <name>unlink</name>
         <value>0x3fed</value>
         <object_component_ref idref="oc-596"/>
      </symbol>
      <symbol id="sm-f53">
         <name>__TI_static_base__</name>
         <value>0x0</value>
      </symbol>
      <symbol id="sm-f56">
         <name>__mpu_init</name>
         <value>0x0</value>
      </symbol>
      <symbol id="sm-f57">
         <name>_system_post_cinit</name>
         <value>0x0</value>
      </symbol>
      <symbol id="sm-f58">
         <name>NMI_Handler</name>
         <value>0xb33</value>
      </symbol>
      <symbol id="sm-f59">
         <name>HardFault_Handler</name>
         <value>0xb33</value>
      </symbol>
      <symbol id="sm-f5a">
         <name>MemManage_Handler</name>
         <value>0xb33</value>
      </symbol>
      <symbol id="sm-f5b">
         <name>BusFault_Handler</name>
         <value>0xb33</value>
      </symbol>
      <symbol id="sm-f5c">
         <name>UsageFault_Handler</name>
         <value>0xb33</value>
      </symbol>
      <symbol id="sm-f5d">
         <name>SVC_Handler</name>
         <value>0xb33</value>
      </symbol>
      <symbol id="sm-f5e">
         <name>DebugMon_Handler</name>
         <value>0xb33</value>
      </symbol>
      <symbol id="sm-f5f">
         <name>PendSV_Handler</name>
         <value>0xb33</value>
      </symbol>
      <symbol id="sm-f60">
         <name>SysTick_Handler</name>
         <value>0xb33</value>
      </symbol>
      <symbol id="sm-f61">
         <name>PSS_IRQHandler</name>
         <value>0xb33</value>
      </symbol>
      <symbol id="sm-f62">
         <name>CS_IRQHandler</name>
         <value>0xb33</value>
      </symbol>
      <symbol id="sm-f63">
         <name>PCM_IRQHandler</name>
         <value>0xb33</value>
      </symbol>
      <symbol id="sm-f64">
         <name>WDT_A_IRQHandler</name>
         <value>0xb33</value>
      </symbol>
      <symbol id="sm-f65">
         <name>FPU_IRQHandler</name>
         <value>0xb33</value>
      </symbol>
      <symbol id="sm-f66">
         <name>FLCTL_IRQHandler</name>
         <value>0xb33</value>
      </symbol>
      <symbol id="sm-f67">
         <name>COMP_E0_IRQHandler</name>
         <value>0xb33</value>
      </symbol>
      <symbol id="sm-f68">
         <name>COMP_E1_IRQHandler</name>
         <value>0xb33</value>
      </symbol>
      <symbol id="sm-f69">
         <name>TA0_0_IRQHandler</name>
         <value>0xb33</value>
      </symbol>
      <symbol id="sm-f6a">
         <name>TA0_N_IRQHandler</name>
         <value>0xb33</value>
      </symbol>
      <symbol id="sm-f6b">
         <name>TA1_0_IRQHandler</name>
         <value>0xb33</value>
      </symbol>
      <symbol id="sm-f6c">
         <name>TA1_N_IRQHandler</name>
         <value>0xb33</value>
      </symbol>
      <symbol id="sm-f6d">
         <name>TA2_0_IRQHandler</name>
         <value>0xb33</value>
      </symbol>
      <symbol id="sm-f6e">
         <name>TA2_N_IRQHandler</name>
         <value>0xb33</value>
      </symbol>
      <symbol id="sm-f6f">
         <name>TA3_0_IRQHandler</name>
         <value>0xb33</value>
      </symbol>
      <symbol id="sm-f70">
         <name>TA3_N_IRQHandler</name>
         <value>0xb33</value>
      </symbol>
      <symbol id="sm-f71">
         <name>EUSCIA0_IRQHandler</name>
         <value>0xb33</value>
      </symbol>
      <symbol id="sm-f72">
         <name>EUSCIA1_IRQHandler</name>
         <value>0xb33</value>
      </symbol>
      <symbol id="sm-f73">
         <name>EUSCIA2_IRQHandler</name>
         <value>0xb33</value>
      </symbol>
      <symbol id="sm-f74">
         <name>EUSCIA3_IRQHandler</name>
         <value>0xb33</value>
      </symbol>
      <symbol id="sm-f75">
         <name>EUSCIB0_IRQHandler</name>
         <value>0xb33</value>
      </symbol>
      <symbol id="sm-f76">
         <name>EUSCIB1_IRQHandler</name>
         <value>0xb33</value>
      </symbol>
      <symbol id="sm-f77">
         <name>EUSCIB2_IRQHandler</name>
         <value>0xb33</value>
      </symbol>
      <symbol id="sm-f78">
         <name>EUSCIB3_IRQHandler</name>
         <value>0xb33</value>
      </symbol>
      <symbol id="sm-f79">
         <name>ADC14_IRQHandler</name>
         <value>0x2e7d</value>
      </symbol>
      <symbol id="sm-f7a">
         <name>T32_INT1_IRQHandler</name>
         <value>0x40e1</value>
      </symbol>
      <symbol id="sm-f7b">
         <name>T32_INT2_IRQHandler</name>
         <value>0x1819</value>
      </symbol>
      <symbol id="sm-f7c">
         <name>T32_INTC_IRQHandler</name>
         <value>0xb33</value>
      </symbol>
      <symbol id="sm-f7d">
         <name>AES256_IRQHandler</name>
         <value>0xb33</value>
      </symbol>
      <symbol id="sm-f7e">
         <name>RTC_C_IRQHandler</name>
         <value>0xb33</value>
      </symbol>
      <symbol id="sm-f7f">
         <name>DMA_ERR_IRQHandler</name>
         <value>0xb33</value>
      </symbol>
      <symbol id="sm-f80">
         <name>DMA_INT3_IRQHandler</name>
         <value>0xb33</value>
      </symbol>
      <symbol id="sm-f81">
         <name>DMA_INT2_IRQHandler</name>
         <value>0xb33</value>
      </symbol>
      <symbol id="sm-f82">
         <name>DMA_INT1_IRQHandler</name>
         <value>0xb33</value>
      </symbol>
      <symbol id="sm-f83">
         <name>DMA_INT0_IRQHandler</name>
         <value>0xb33</value>
      </symbol>
      <symbol id="sm-f84">
         <name>PORT1_IRQHandler</name>
         <value>0xb33</value>
      </symbol>
      <symbol id="sm-f85">
         <name>PORT2_IRQHandler</name>
         <value>0xb33</value>
      </symbol>
      <symbol id="sm-f86">
         <name>PORT3_IRQHandler</name>
         <value>0xb33</value>
      </symbol>
      <symbol id="sm-f87">
         <name>PORT4_IRQHandler</name>
         <value>0xb33</value>
      </symbol>
      <symbol id="sm-f88">
         <name>PORT5_IRQHandler</name>
         <value>0xb33</value>
      </symbol>
      <symbol id="sm-f89">
         <name>PORT6_IRQHandler</name>
         <value>0xb33</value>
      </symbol>
      <symbol id="sm-f8a">
         <name>remove</name>
         <value>0x3fed</value>
      </symbol>
   </symbol_table>
   <title>Link successful</title>
</link_info>
