******************************************************************************
                  TI ARM Linker Unix v18.12.1                  
******************************************************************************
>> Linked Sun Jun  9 12:58:35 2019

OUTPUT FILE NAME:   <attitudeIndicator.out>
ENTRY POINT SYMBOL: "_c_int00_noargs"  address: 000046a9


MEMORY CONFIGURATION

         name            origin    length      used     unused   attr    fill
----------------------  --------  ---------  --------  --------  ----  --------
  MAIN                  00000000   00040000  00005688  0003a978  R  X
  INFO                  00200000   00004000  00000000  00004000  R  X
  SRAM_CODE             01000000   00010000  00004c50  0000b3b0  RW X
  SRAM_DATA             20000000   00010000  00004c50  0000b3b0  RW  


SEGMENT ALLOCATION MAP

run origin  load origin   length   init length attrs members
----------  ----------- ---------- ----------- ----- -------
00000000    00000000    00005690   00005690    r-x
  00000000    00000000    000000e4   000000e4    r-- .intvecs
  000000e4    000000e4    00004e0a   00004e0a    r-x .text
  00004ef0    00004ef0    00000476   00000476    r-- .const
  00005368    00005368    00000004   00000004    r-- .init_array
  0000536c    0000536c    00000060   00000060    r-- .ARM.extab
  000053d0    000053d0    00000038   00000038    r-- .cinit
  00005408    00005408    00000288   00000288    r-- .ARM.exidx
20000000    20000000    00004a51   00000000    rw-
  20000000    20000000    00004227   00000000    rw- .bss
  20004228    20004228    00000800   00000000    rw- .sysmem
  20004a28    20004a28    00000029   00000000    rw- .data
2000fe00    2000fe00    00000200   00000000    rw-
  2000fe00    2000fe00    00000200   00000000    rw- .stack


SECTION ALLOCATION MAP

 output                                  attributes/
section   page    origin      length       input sections
--------  ----  ----------  ----------   ----------------
.intvecs   0    00000000    000000e4     
                  00000000    000000e4     startup_msp432p401r_ccs.obj (.intvecs:retain)

.binit     0    00000000    00000000     

.text      0    000000e4    00004e0a     
                  000000e4    000003bc     GetDifference.obj (.text:_ZN13GetDifference14FillScreenDiffEv)
                  000004a0    00000334     GetDifference.obj (.text:_ZN13GetDifference13FillScreenTotEv)
                  000007d4    00000304     Interruptions_handler.obj (.text:ADC14_IRQHandler)
                  00000ad8    000002ec     rtsv7M4_T_le_v4SPD16_eabi_eh.lib : s_atan.c.obj (.text:atan)
                  00000dc4    000002c4     FillScreen.obj (.text:_ZN10FillScreen3runEv)
                  00001088    00000288     rtsv7M4_T_le_v4SPD16_eabi_eh.lib : tdeh_pr_arm.cpp.obj (.text:_ZN37_INTERNAL_15_tdeh_pr_arm_cpp_7dc0f84d18__TI_unwind_cpp_prE13_Unwind_PhaseP19_Unwind_Exception_sP15_Unwind_Context15_Unwind_PR_Kind)
                  00001310    00000252                                      : tdeh_pr_common.cpp.obj (.text:_Z24__TI_process_descriptors13_Unwind_PhaseP19_Unwind_Exception_sP15_Unwind_Context15_Unwind_PR_KindPjP19_Unwind_Reason_CodePb)
                  00001562    00000002     startup_msp432p401r_ccs.obj (.text:Default_Handler)
                  00001564    00000210     rtsv7M4_T_le_v4SPD16_eabi_eh.lib : rtti.c.obj (.text:_ZN27_INTERNAL_6_rtti_c_066a44b028derived_to_base_conversion_rEPvPS0_PKN10__cxxabiv117__class_type_infoES5_jPiiPS5_P19a_result_virtualityS6_)
                  00001774    000001d8     Crystalfontz128x128_ST7735.obj (.text:_ZN50_INTERNAL_28_Crystalfontz128x128_ST7735_c_acdafc1437Crystalfontz128x128_PixelDrawMultipleEPK16Graphics_DisplaysssssPKhPKj)
                  0000194c    000001d8     rtsv7M4_T_le_v4SPD16_eabi_eh.lib : e_atan2.c.obj (.text:atan2)
                  00001b24    000001b6                                      : fd_add_t2.asm.obj (.text)
                  00001cda    00000180     grlib.a : line.obj (.text:Graphics_clipLine)
                  00001e5a    00000174             : line.obj (.text:Graphics_drawLine)
                  00001fce    00000002     rtsv7M4_T_le_v4SPD16_eabi_eh.lib : stdlib_exception.cpp.obj (.text:_ZNSt13bad_exceptionD1Ev)
                  00001fd0    0000016c     GetBorder.obj (.text:_ZN9GetBorder3runEv)
                  0000213c    00000160     msp432p4xx_driverlib.lib : adc14.o (.text:_getIndexForMemRegister)
                  0000229c    00000158     rtsv7M4_T_le_v4SPD16_eabi_eh.lib : e_sqrt.c.obj (.text:sqrt)
                  000023f4    00000140                                      : tdeh_cpp_abi.cpp.obj (.text:__cxa_type_match)
                  00002534    00000136                                      : fd_div_t2.asm.obj (.text)
                  0000266a    00000002                                      : stdlib_exception.cpp.obj (.text:_ZNSt9exceptionD1Ev)
                  0000266c    00000134     Crystalfontz128x128_ST7735.obj (.text:_Z32Crystalfontz128x128_SetDrawFrametttt)
                  000027a0    0000012c     Crystalfontz128x128_ST7735.obj (.text:_Z24Crystalfontz128x128_Initv)
                  000028cc    00000112     grlib.a : rectangle.obj (.text:Graphics_fillRectangle)
                  000029de    00000002     rtsv7M4_T_le_v4SPD16_eabi_eh.lib : stdlib_typeinfo.cpp.obj (.text:_ZNSt9type_infoD1Ev)
                  000029e0    00000104     main.obj (.text:main)
                  00002ae4    000000fc     rtsv7M4_T_le_v4SPD16_eabi_eh.lib : fd_mul_t2.asm.obj (.text)
                  00002be0    000000f4                                      : memory.c.obj (.text:aligned_alloc)
                  00002cd4    000000e8                                      : memory.c.obj (.text:free)
                  00002dbc    000000e0                                      : tdeh_cpp_abi.cpp.obj (.text:__cxa_call_unexpected)
                  00002e9c    000000c6     Scheduler.obj (.text:_ZN9Scheduler3runEv)
                  00002f62    000000c2     Mailbox.obj (.text:_ZN7Mailbox7SendMsgEhh)
                  00003024    000000bc     system_msp432p401r.obj (.text:SystemInit)
                  000030e0    000000b0     msp432p4xx_driverlib.lib : spi.o (.text:SPI_initMaster)
                  00003190    000000ac     Hardware_setup.obj (.text:_Z9LCD_setupv)
                  0000323c    000000ac     rtsv7M4_T_le_v4SPD16_eabi_eh.lib : s_tanf.c.obj (.text:tanf)
                  000032e8    000000a4                                      : s_sinf.c.obj (.text:sinf)
                  0000338c    000000a0     Hardware_setup.obj (.text:_Z9ADC_setupv)
                  0000342c    0000009c     grlib.a : line.obj (.text:Graphics_drawLineH)
                  000034c8    0000009c             : line.obj (.text:Graphics_drawLineV)
                  00003564    0000009c     Crystalfontz128x128_ST7735.obj (.text:_ZN50_INTERNAL_28_Crystalfontz128x128_ST7735_c_acdafc1428Crystalfontz128x128_RectFillEPK16Graphics_DisplayPK18Graphics_Rectanglet)
                  00003600    0000009c     rtsv7M4_T_le_v4SPD16_eabi_eh.lib : memcpy_t2.asm.obj (.text)
                  0000369c    0000008c     GetDifference.obj (.text:_ZN13GetDifference3runEv)
                  00003728    00000088     msp432p4xx_driverlib.lib : gpio.o (.text:GPIO_setAsPeripheralModuleFunctionOutputPin)
                  000037b0    00000086     rtsv7M4_T_le_v4SPD16_eabi_eh.lib : fd_cmp_t2.asm.obj (.text:__aeabi_cdcmple)
                  00003836    00000086                                      : fd_cmp_t2.asm.obj (.text:__aeabi_cdrcmple)
                  000038bc    00000082     Scheduler.obj (.text:_ZN9Scheduler6removeEP4Task)
                  0000393e    00000080     Scheduler.obj (.text:_ZN9Scheduler6attachEP4Tasky)
                  000039be    00000002     rtsv7M4_T_le_v4SPD16_eabi_eh.lib : _lock.c.obj (.text:_nop)
                  000039c0    00000080                                      : rtti.c.obj (.text:__derived_to_base_conversion)
                  00003a40    0000007c                                      : memory.c.obj (.text:split)
                  00003abc    0000007a                                      : memset_t2.asm.obj (.text)
                  00003b36    00000002     --HOLE-- [fill = 0]
                  00003b38    00000075                                      : tdeh_cpp_abi.cpp.obj (.text:__cxa_allocate_exception)
                  00003bad    00000001     --HOLE-- [fill = 0]
                  00003bae    0000006e                                      : fd_tos_t2.asm.obj (.text)
                  00003c1c    0000006c                                      : tdeh_unwinder.cpp.obj (.text:_ZN39_INTERNAL_17_tdeh_unwinder_cpp_f8f63fad16find_et_setup_prEP19_Unwind_Exception_sj)
                  00003c88    0000006c                                      : tdeh_uwentry_t2.asm.obj (.text)
                  00003cf4    00000068                                      : copy_decompress_lzss.c.obj (.text:decompress:lzss:__TI_decompress_lzss)
                  00003d5c    00000064     grlib.a : line.obj (.text:Graphics_getClipCode)
                  00003dc0    00000064     rtsv7M4_T_le_v4SPD16_eabi_eh.lib : autoinit.c.obj (.text:__TI_auto_init_nobinit:__TI_auto_init_nobinit)
                  00003e24    00000060     Crystalfontz128x128_ST7735.obj (.text:_ZN50_INTERNAL_28_Crystalfontz128x128_ST7735_c_acdafc1429Crystalfontz128x128_LineDrawHEPK16Graphics_Displayssst)
                  00003e84    00000060     Crystalfontz128x128_ST7735.obj (.text:_ZN50_INTERNAL_28_Crystalfontz128x128_ST7735_c_acdafc1429Crystalfontz128x128_LineDrawVEPK16Graphics_Displayssst)
                  00003ee4    00000060     Scheduler.obj (.text:_ZN9Scheduler5setupEP7Mailbox)
                  00003f44    00000058     Mailbox.obj (.text:_ZN7Mailbox10ReceiveMsgE10st_MsgInfo)
                  00003f9c    00000054     Crystalfontz128x128_ST7735.obj (.text:_Z34Crystalfontz128x128_SetOrientationh)
                  00003ff0    00000052     grlib.a : context.obj (.text:Graphics_initContext)
                  00004042    00000002     --HOLE-- [fill = 0]
                  00004044    00000050     rtsv7M4_T_le_v4SPD16_eabi_eh.lib : tdeh_cpp_abi.cpp.obj (.text:__cxa_get_globals)
                  00004094    0000004c                                      : tdeh_cpp_abi.cpp.obj (.text:__cxa_end_catch)
                  000040e0    00000048     Hardware_setup.obj (.text:_ZN40_INTERNAL_18_Hardware_setup_cpp_436c594a18__NVIC_SetPriorityE4IRQnj)
                  00004128    00000048     rtsv7M4_T_le_v4SPD16_eabi_eh.lib : fd_toi_t2.asm.obj (.text)
                  00004170    00000044                                      : tdeh_pr_arm.cpp.obj (.text:_Z16__TI_targ_set_prP19_Unwind_Exception_s)
                  000041b4    00000044                                      : tdeh_pr_arm.cpp.obj (.text:_ZN37_INTERNAL_15_tdeh_pr_arm_cpp_7dc0f84d13regb_Dreg_popEP15_Unwind_Contextjjb)
                  000041f8    00000044                                      : bsearch.c.obj (.text:bsearch)
                  0000423c    00000042     GetBorder.obj (.text:_ZN9GetBorder12BuildMsgDataEv)
                  0000427e    00000002     --HOLE-- [fill = 0]
                  00004280    00000040     msp432p4xx_driverlib.lib : gpio.o (.text:GPIO_setAsOutputPin)
                  000042c0    00000040     HAL_MSP_EXP432P401R_Crystalfontz128x128_ST7735.obj (.text:_Z15HAL_LCD_SpiInitv)
                  00004300    00000040     Crystalfontz128x128_ST7735.obj (.text:_ZN50_INTERNAL_28_Crystalfontz128x128_ST7735_c_acdafc1429Crystalfontz128x128_PixelDrawEPK16Graphics_Displaysst)
                  00004340    00000040     rtsv7M4_T_le_v4SPD16_eabi_eh.lib : tdeh_unwinder.cpp.obj (.text:__TI_ut_entry_cmp)
                  00004380    00000040     msp432p4xx_driverlib.lib : spi.o (.text:is_A_Module)
                  000043c0    0000003c     Interruptions_handler.obj (.text:_Z5atan2IidENSt3__216__lazy_enable_ifIXaasr3std3__213is_arithmeticIT_EE5valuesr3std3__213is_arithmeticIT0_EE5valueENS0_9__promoteIS2_S3_vEEE4typeES2_S3_)
                  000043fc    0000003c     Interruptions_handler.obj (.text:_Z5atan2IiiENSt3__216__lazy_enable_ifIXaasr3std3__213is_arithmeticIT_EE5valuesr3std3__213is_arithmeticIT0_EE5valueENS0_9__promoteIS2_S3_vEEE4typeES2_S3_)
                  00004438    0000003c     rtsv7M4_T_le_v4SPD16_eabi_eh.lib : tdeh_unwinder.cpp.obj (.text:_ZN39_INTERNAL_17_tdeh_unwinder_cpp_f8f63fad17__TI_unwind_frameEP19_Unwind_Exception_sP15_Unwind_Context)
                  00004474    0000003a     FillScreen.obj (.text:_ZN10FillScreen13DecodeMsgDataEv)
                  000044ae    0000003a     GetDifference.obj (.text:_ZN13GetDifference13DecodeMsgDataEv)
                  000044e8    0000003a     Scheduler.obj (.text:_ZN9SchedulerC1Ev)
                  00004522    00000002     --HOLE-- [fill = 0]
                  00004524    00000038     HAL_MSP_EXP432P401R_Crystalfontz128x128_ST7735.obj (.text:_Z20HAL_LCD_writeCommandh)
                  0000455c    00000038     rtsv7M4_T_le_v4SPD16_eabi_eh.lib : tdeh_unwinder.cpp.obj (.text:__TI_Unwind_RaiseException2)
                  00004594    00000038                                      : tdeh_unwinder.cpp.obj (.text:__TI_Unwind_Resume)
                  000045cc    00000038                                      : fs_tod_t2.asm.obj (.text)
                  00004604    00000036     grlib.a : display.obj (.text:Graphics_drawHorizontalLineOnDisplay)
                  0000463a    00000036             : display.obj (.text:Graphics_drawVerticalLineOnDisplay)
                  00004670    00000036     rtsv7M4_T_le_v4SPD16_eabi_eh.lib : tdeh_cpp_abi.cpp.obj (.text:__cxa_rethrow)
                  000046a6    00000002     --HOLE-- [fill = 0]
                  000046a8    00000034                                      : boot_cortex_m.c.obj (.text:_c_int00_noargs:_c_int00_noargs)
                  000046dc    00000032                                      : tdeh_pr_arm.cpp.obj (.text:_ZN37_INTERNAL_15_tdeh_pr_arm_cpp_7dc0f84d13regb_core_popEP15_Unwind_Contextj)
                  0000470e    00000030     HAL_MSP_EXP432P401R_Crystalfontz128x128_ST7735.obj (.text:_Z16HAL_LCD_PortInitv)
                  0000473e    00000002     --HOLE-- [fill = 0]
                  00004740    00000030     Hardware_setup.obj (.text:_Z23InitialConditions_setupv)
                  00004770    00000030     rtsv7M4_T_le_v4SPD16_eabi_eh.lib : tdeh_pr_arm.cpp.obj (.text:_ZN37_INTERNAL_15_tdeh_pr_arm_cpp_7dc0f84d12next_uw_byteEP20_Unwind_Instr_Handle)
                  000047a0    00000030     Hardware_setup.obj (.text:_ZN40_INTERNAL_18_Hardware_setup_cpp_436c594a16__NVIC_EnableIRQE4IRQn)
                  000047d0    00000030     Task.obj (.text:_ZN4TaskC1Ev)
                  00004800    0000002e     rtsv7M4_T_le_v4SPD16_eabi_eh.lib : tdeh_cpp_abi.cpp.obj (.text:__cxa_begin_catch)
                  0000482e    0000002e                                      : i_tofd_t2.asm.obj (.text)
                  0000485c    0000002c     grlib.a : display.obj (.text:Graphics_drawPixelOnDisplay)
                  00004888    0000002c     Interruptions_handler.obj (.text:T32_INT2_IRQHandler)
                  000048b4    0000002c     Hardware_setup.obj (.text:_Z11T32_2_setupv)
                  000048e0    0000002c     HAL_MSP_EXP432P401R_Crystalfontz128x128_ST7735.obj (.text:_Z17HAL_LCD_writeDatah)
                  0000490c    0000002c     Crystalfontz128x128_ST7735.obj (.text:_ZN50_INTERNAL_28_Crystalfontz128x128_ST7735_c_acdafc1431Crystalfontz128x128_ClearScreenEPK16Graphics_Displayt)
                  00004938    0000002a     Interruptions_handler.obj (.text:_Z4sqrtIiENSt3__29enable_ifIXsr3std3__211is_integralIT_EE5valueEdE4typeES2_)
                  00004962    0000002a     rtsv7M4_T_le_v4SPD16_eabi_eh.lib : tdeh_cpp_abi.cpp.obj (.text:__cxa_throw)
                  0000498c    00000028     msp432p4xx_driverlib.lib : gpio.o (.text:GPIO_setOutputHighOnPin)
                  000049b4    00000028                              : gpio.o (.text:GPIO_setOutputLowOnPin)
                  000049dc    00000028     Crystalfontz128x128_ST7735.obj (.text:_ZN50_INTERNAL_28_Crystalfontz128x128_ST7735_c_acdafc1434Crystalfontz128x128_ColorTranslateEPK16Graphics_Displayj)
                  00004a04    00000028     Mailbox.obj (.text:_ZN7MailboxC1Ev)
                  00004a2c    00000028     rtsv7M4_T_le_v4SPD16_eabi_eh.lib : memory.c.obj (.text:free_list_insert)
                  00004a54    00000022                                      : tdeh_cpp_abi.cpp.obj (.text:__cxa_free_exception)
                  00004a76    00000002     --HOLE-- [fill = 0]
                  00004a78    00000020     GetDifference.obj (.text:_ZN13GetDifferenceC1Ev)
                  00004a98    00000020     rtsv7M4_T_le_v4SPD16_eabi_eh.lib : tdeh_cpp_abi.cpp.obj (.text:_ZSt10unexpectedv)
                  00004ab8    00000020                                      : tdeh_cpp_abi.cpp.obj (.text:_ZSt9terminatev)
                  00004ad8    00000020                                      : tdeh_pr_arm.cpp.obj (.text:__TI_Unwind_RaiseException)
                  00004af8    00000020                                      : rtti.c.obj (.text:__cxa_bad_typeid)
                  00004b18    0000001e     grlib.a : display.obj (.text:Graphics_fillRectangleOnDisplay)
                  00004b36    0000001e     rtsv7M4_T_le_v4SPD16_eabi_eh.lib : tdeh_cpp_abi.cpp.obj (.text:_ZN38_INTERNAL_16_tdeh_cpp_abi_cpp_89652da837__TI_setup_handler_and_call_terminateEP19_Unwind_Exception_s)
                  00004b54    0000001c     msp432p4xx_driverlib.lib : adc14.o (.text:ADC14_getResult)
                  00004b70    0000001c                              : spi.o (.text:SPI_enableModule)
                  00004b8c    0000001c     rtsv7M4_T_le_v4SPD16_eabi_eh.lib : memory.c.obj (.text:free_list_remove)
                  00004ba8    0000001a     grlib.a : display.obj (.text:Graphics_clearDisplayOnDisplay)
                  00004bc2    0000001a     Mailbox.obj (.text:_ZN7Mailbox12CheckMailboxEh)
                  00004bdc    00000018     GetBorder.obj (.text:_Z3sinf)
                  00004bf4    00000018     GetBorder.obj (.text:_Z3tanf)
                  00004c0c    00000018     FillScreen.obj (.text:_ZN10FillScreenC1Ev)
                  00004c24    00000018     GetBorder.obj (.text:_ZN9GetBorderC1Ev)
                  00004c3c    00000018     rtsv7M4_T_le_v4SPD16_eabi_eh.lib : stdlib_exception.cpp.obj (.text:_ZNKSt13bad_exception4whatEv)
                  00004c54    00000016     msp432p4xx_driverlib.lib : spi.o (.text:EUSCI_A_SPI_enable)
                  00004c6a    00000016                              : spi.o (.text:EUSCI_B_SPI_enable)
                  00004c80    00000016     grlib.a : context.obj (.text:Graphics_setForegroundColor)
                  00004c96    00000016             : display.obj (.text:Graphics_translateColorOnDisplay)
                  00004cac    00000016     Mailbox.obj (.text:_ZN7MailboxD0Ev)
                  00004cc2    00000014     Hardware_setup.obj (.text:_Z8Power_upv)
                  00004cd6    00000014     FillScreen.obj (.text:_ZN10FillScreen5setupEP7Mailbox)
                  00004cea    00000014     GetDifference.obj (.text:_ZN13GetDifference5setupEP7Mailbox)
                  00004cfe    00000014     GetBorder.obj (.text:_ZN9GetBorder5setupEP7Mailbox)
                  00004d12    00000002     --HOLE-- [fill = 0]
                  00004d14    00000014     rtsv7M4_T_le_v4SPD16_eabi_eh.lib : stdlib_typeinfo.cpp.obj (.text:_ZNKSt10bad_typeid4whatEv)
                  00004d28    00000014                                      : stdlib_typeinfo.cpp.obj (.text:_ZNSt10bad_typeidC1Ev)
                  00004d3c    00000013                                      : stdlib_exception.cpp.obj (.text:_ZNKSt9exception4whatEv)
                  00004d4f    00000001     --HOLE-- [fill = 0]
                  00004d50    00000012     grlib.a : context.obj (.text:Graphics_clearDisplay)
                  00004d62    00000012     rtsv7M4_T_le_v4SPD16_eabi_eh.lib : tdeh_cpp_abi.cpp.obj (.text:__cxa_begin_cleanup)
                  00004d74    00000012                                      : tdeh_cpp_abi.cpp.obj (.text:__cxa_call_terminate)
                  00004d86    00000002     --HOLE-- [fill = 0]
                  00004d88    00000010     main.obj (.text:__sti___8_main_cpp_937618a8)
                  00004d98    0000000e     rtsv7M4_T_le_v4SPD16_eabi_eh.lib : typeinfo.c.obj (.text:_ZN10__cxxabiv117__class_type_infoD0Ev)
                  00004da6    0000000e                                      : typeinfo.c.obj (.text:_ZN10__cxxabiv120__si_class_type_infoD0Ev)
                  00004db4    0000000e                                      : typeinfo.c.obj (.text:_ZN10__cxxabiv123__fundamental_type_infoD0Ev)
                  00004dc2    0000000e     Task.obj (.text:_ZN4Task5setupEP7Mailbox)
                  00004dd0    0000000e     rtsv7M4_T_le_v4SPD16_eabi_eh.lib : stdlib_typeinfo.cpp.obj (.text:_ZNSt10bad_typeidD0Ev)
                  00004dde    0000000e                                      : copy_decompress_none.c.obj (.text:decompress:none:__TI_decompress_none)
                  00004dec    0000000c     startup_msp432p401r_ccs.obj (.text:Reset_Handler)
                  00004df8    0000000c     Task.obj (.text:_ZN4Task3runEv)
                  00004e04    0000000c     Mailbox.obj (.text:_ZN7MailboxD1Ev)
                  00004e10    0000000c     rtsv7M4_T_le_v4SPD16_eabi_eh.lib : tdeh_cpp_abi.cpp.obj (.text:__TI_cxa_end_cleanup)
                  00004e1c    0000000c                                      : copy_zero_init.c.obj (.text:decompress:ZI:__TI_zero_init)
                  00004e28    0000000a                                      : tdeh_unwinder.cpp.obj (.text:_Z13__TI_prel2absPKj)
                  00004e32    0000000a                                      : tdeh_cpp_abi.cpp.obj (.text:_ZN38_INTERNAL_16_tdeh_cpp_abi_cpp_89652da825__TI_default_term_handlerEv)
                  00004e3c    0000000a     Crystalfontz128x128_ST7735.obj (.text:_ZN50_INTERNAL_28_Crystalfontz128x128_ST7735_c_acdafc1425Crystalfontz128x128_FlushEPK16Graphics_Display)
                  00004e46    0000000a     rtsv7M4_T_le_v4SPD16_eabi_eh.lib : new.cpp.obj (.text:_ZdlPv)
                  00004e50    0000000a                                      : tdeh_pr_arm.cpp.obj (.text:__aeabi_unwind_cpp_pr0)
                  00004e5a    0000000a                                      : tdeh_pr_arm.cpp.obj (.text:__aeabi_unwind_cpp_pr1)
                  00004e64    0000000a                                      : tdeh_pr_arm.cpp.obj (.text:__aeabi_unwind_cpp_pr2)
                  00004e6e    00000008                                      : tdeh_pr_arm.cpp.obj (.text:_Z24__TI_targ_regbuf_installP15_Unwind_Context)
                  00004e76    00000008                                      : typeinfo.c.obj (.text:_ZN10__cxxabiv117__class_type_infoD1Ev)
                  00004e7e    00000008                                      : typeinfo.c.obj (.text:_ZN10__cxxabiv120__si_class_type_infoD1Ev)
                  00004e86    00000008                                      : typeinfo.c.obj (.text:_ZN10__cxxabiv123__fundamental_type_infoD1Ev)
                  00004e8e    00000008                                      : stdlib_typeinfo.cpp.obj (.text:_ZNSt10bad_typeidD1Ev)
                  00004e96    00000002     --HOLE-- [fill = 0]
                  00004e98    00000008                                      : errno.c.obj (.text:__aeabi_errno_addr)
                  00004ea0    00000008                                      : tdeh_init.cpp.obj (.text:__tdeh_init)
                  00004ea8    00000008                                      : memory.c.obj (.text:malloc)
                  00004eb0    00000006                                      : tdeh_pr_arm.cpp.obj (.text:_ZN37_INTERNAL_15_tdeh_pr_arm_cpp_7dc0f84d13regb_core_setEP15_Unwind_Context14_Unwind_Reg_Idj)
                  00004eb6    00000006                                      : stdlib_exception.cpp.obj (.text:_ZNSt13bad_exceptionD0Ev)
                  00004ebc    00000006                                      : stdlib_exception.cpp.obj (.text:_ZNSt9exceptionD0Ev)
                  00004ec2    00000004                                      : tdeh_pr_arm.cpp.obj (.text:_Z22__TI_targ_rtti_addressPjP15_Unwind_Context)
                  00004ec6    00000004                                      : tdeh_pr_arm.cpp.obj (.text:_Z23__TI_targ_regbuf_get_pcP15_Unwind_Context)
                  00004eca    00000004                                      : tdeh_pr_arm.cpp.obj (.text:_Z23__TI_targ_regbuf_get_sbP15_Unwind_Context)
                  00004ece    00000004                                      : tdeh_pr_arm.cpp.obj (.text:_Z23__TI_targ_regbuf_get_spP15_Unwind_Context)
                  00004ed2    00000004                                      : tdeh_pr_arm.cpp.obj (.text:_Z23__TI_targ_regbuf_set_pcP15_Unwind_Contextj)
                  00004ed6    00000004                                      : tdeh_pr_arm.cpp.obj (.text:_Z26__TI_targ_setup_call_parm0P15_Unwind_Contextj)
                  00004eda    00000004                                      : tdeh_cpp_abi.cpp.obj (.text:_ZN38_INTERNAL_16_tdeh_cpp_abi_cpp_89652da826__TI_default_unexp_handlerEv)
                  00004ede    00000004                                      : new.cpp.obj (.text:_ZdlPvj)
                  00004ee2    00000004                                      : error.c.obj (.text:__abort_execution)
                  00004ee6    00000004                                      : pre_init.c.obj (.text:_system_pre_init)
                  00004eea    00000004                                      : exit.c.obj (.text:abort:abort)

.const     0    00004ef0    00000476     
                  00004ef0    00000098     rtsv7M4_T_le_v4SPD16_eabi_eh.lib : s_atan.c.obj (.const:$O1$$)
                  00004f88    00000080     msp432p4xx_driverlib.lib : adc14.o (.const:_ctlRegs)
                  00005008    00000030                              : gpio.o (.const:GPIO_PORT_TO_BASE)
                  00005038    00000028     rtsv7M4_T_le_v4SPD16_eabi_eh.lib : typeinfo.c.obj (.const:.typeinfo:_ZTSN10__cxxabiv123__fundamental_type_infoE)
                  00005060    00000026                                      : typeinfo.c.obj (.const:.typeinfo:_ZTSN10__cxxabiv121__vmi_class_type_infoE)
                  00005086    00000025                                      : typeinfo.c.obj (.const:.typeinfo:_ZTSN10__cxxabiv120__si_class_type_infoE)
                  000050ab    00000024                                      : typeinfo.c.obj (.const:.typeinfo:_ZTSN10__cxxabiv119__pointer_type_infoE)
                  000050cf    00000022                                      : typeinfo.c.obj (.const:.typeinfo:_ZTSN10__cxxabiv117__class_type_infoE)
                  000050f1    00000022                                      : typeinfo.c.obj (.const:.typeinfo:_ZTSN10__cxxabiv117__pbase_type_infoE)
                  00005113    00000001     --HOLE-- [fill = 0]
                  00005114    00000020     Crystalfontz128x128_ST7735.obj (.const:g_sCrystalfontz128x128_funcs)
                  00005134    0000001c     HAL_MSP_EXP432P401R_Crystalfontz128x128_ST7735.obj (.const:$P$T40$1)
                  00005150    00000014     rtsv7M4_T_le_v4SPD16_eabi_eh.lib : stdlib_typeinfo.cpp.obj (.const:_ZTVSt10bad_typeid)
                  00005164    00000014                                      : stdlib_exception.cpp.obj (.const:_ZTVSt13bad_exception)
                  00005178    00000014                                      : stdlib_exception.cpp.obj (.const:_ZTVSt9exception)
                  0000518c    00000012                                      : stdlib_exception.cpp.obj (.const:.typeinfo:_ZTSSt13bad_exception)
                  0000519e    00000010     GetDifference.obj (.const:.typeinfo:_ZTS13GetDifference)
                  000051ae    00000002     rtsv7M4_T_le_v4SPD16_eabi_eh.lib : typeinfo.c.obj (.const:.typeinfo:_ZTSv)
                  000051b0    00000010     FillScreen.obj (.const:_ZTV10FillScreen)
                  000051c0    00000010     GetDifference.obj (.const:_ZTV13GetDifference)
                  000051d0    00000010     Task.obj (.const:_ZTV4Task)
                  000051e0    00000010     Mailbox.obj (.const:_ZTV7Mailbox)
                  000051f0    00000010     GetBorder.obj (.const:_ZTV9GetBorder)
                  00005200    00000010     rtsv7M4_T_le_v4SPD16_eabi_eh.lib : typeinfo.c.obj (.const:_ZTVN10__cxxabiv117__class_type_infoE)
                  00005210    00000010                                      : typeinfo.c.obj (.const:_ZTVN10__cxxabiv120__si_class_type_infoE)
                  00005220    00000010                                      : typeinfo.c.obj (.const:_ZTVN10__cxxabiv123__fundamental_type_infoE)
                  00005230    0000000f                                      : stdlib_typeinfo.cpp.obj (.const:.typeinfo:_ZTSSt10bad_typeid)
                  0000523f    0000000d     FillScreen.obj (.const:.typeinfo:_ZTS10FillScreen)
                  0000524c    0000000d     rtsv7M4_T_le_v4SPD16_eabi_eh.lib : stdlib_exception.cpp.obj (.const:.typeinfo:_ZTSSt9exception)
                  00005259    0000000d                                      : stdlib_typeinfo.cpp.obj (.const:.typeinfo:_ZTSSt9type_info)
                  00005266    00000002     --HOLE-- [fill = 0]
                  00005268    0000000c     FillScreen.obj (.const:.typeinfo:_ZTI10FillScreen)
                  00005274    0000000c     GetDifference.obj (.const:.typeinfo:_ZTI13GetDifference)
                  00005280    0000000c     GetBorder.obj (.const:.typeinfo:_ZTI9GetBorder)
                  0000528c    0000000c     rtsv7M4_T_le_v4SPD16_eabi_eh.lib : typeinfo.c.obj (.const:.typeinfo:_ZTIN10__cxxabiv117__class_type_infoE)
                  00005298    0000000c                                      : typeinfo.c.obj (.const:.typeinfo:_ZTIN10__cxxabiv117__pbase_type_infoE)
                  000052a4    0000000c                                      : typeinfo.c.obj (.const:.typeinfo:_ZTIN10__cxxabiv119__pointer_type_infoE)
                  000052b0    0000000c                                      : typeinfo.c.obj (.const:.typeinfo:_ZTIN10__cxxabiv120__si_class_type_infoE)
                  000052bc    0000000c                                      : typeinfo.c.obj (.const:.typeinfo:_ZTIN10__cxxabiv121__vmi_class_type_infoE)
                  000052c8    0000000c                                      : typeinfo.c.obj (.const:.typeinfo:_ZTIN10__cxxabiv123__fundamental_type_infoE)
                  000052d4    0000000c                                      : stdlib_typeinfo.cpp.obj (.const:.typeinfo:_ZTISt10bad_typeid)
                  000052e0    0000000c                                      : stdlib_exception.cpp.obj (.const:.typeinfo:_ZTISt13bad_exception)
                  000052ec    0000000b     GetBorder.obj (.const:.typeinfo:_ZTS9GetBorder)
                  000052f7    00000009     Mailbox.obj (.const:.typeinfo:_ZTS7Mailbox)
                  00005300    00000008     Crystalfontz128x128_ST7735.obj (.const:$P$T40$1)
                  00005308    00000008     FillScreen.obj (.const:$P$T41$1)
                  00005310    00000008     GetDifference.obj (.const:$P$T41$1)
                  00005318    00000008     FillScreen.obj (.const:$P$T42$2)
                  00005320    00000008     GetDifference.obj (.const:$P$T42$2)
                  00005328    00000008     GetDifference.obj (.const:$P$T43$3)
                  00005330    00000008     GetDifference.obj (.const:$P$T44$4)
                  00005338    00000008     FillScreen.obj (.const:.typeinfo:_ZTI4Task)
                  00005340    00000008     Mailbox.obj (.const:.typeinfo:_ZTI7Mailbox)
                  00005348    00000008     rtsv7M4_T_le_v4SPD16_eabi_eh.lib : stdlib_exception.cpp.obj (.const:.typeinfo:_ZTISt9exception)
                  00005350    00000008                                      : stdlib_typeinfo.cpp.obj (.const:.typeinfo:_ZTISt9type_info)
                  00005358    00000008                                      : typeinfo.c.obj (.const:.typeinfo:_ZTIv)
                  00005360    00000006     FillScreen.obj (.const:.typeinfo:_ZTS4Task)

.cinit     0    000053d0    00000038     
                  000053d0    00000014     (.cinit..data.load) [load image, compression = lzss]
                  000053e4    0000000c     (__TI_handler_table)
                  000053f0    00000008     (.cinit..bss.load) [load image, compression = zero_init]
                  000053f8    00000010     (__TI_cinit_table)

.init_array 
*          0    00005368    00000004     
                  00005368    00000004     main.obj (.init_array)

.bss       0    20000000    00004227     UNINITIALIZED
                  20000000    00003fd0     main.obj (.bss:g_MainScheduler)
                  20003fd0    00000200     (.common:g_iXYCoordinatesPrevious)
                  200041d0    0000001c     (.common:g_sContext)
                  200041ec    00000014     Mailbox.obj (.bss:$P$T40$1)
                  20004200    00000008     (.common:g_SystemTicks)
                  20004208    00000004     (.common:g_fPitchAngle)
                  2000420c    00000004     (.common:g_fRollAngle)
                  20004210    00000004     (.common:g_i16XFilteredGravityVector)
                  20004214    00000004     (.common:g_i16YFilteredGravityVector)
                  20004218    00000004     (.common:g_i16ZFilteredGravityVector)
                  2000421c    00000002     (.common:Lcd_ScreenHeigth)
                  2000421e    00000002     (.common:Lcd_ScreenWidth)
                  20004220    00000002     (.common:Lcd_TouchTrim)
                  20004222    00000001     (.common:Lcd_FlagRead)
                  20004223    00000001     (.common:Lcd_FontSolid)
                  20004224    00000001     (.common:Lcd_Orientation)
                  20004225    00000001     (.common:Lcd_PenSolid)
                  20004226    00000001     (.common:done)

.sysmem    0    20004228    00000800     UNINITIALIZED
                  20004228    00000010     rtsv7M4_T_le_v4SPD16_eabi_eh.lib : memory.c.obj (.sysmem)
                  20004238    000007f0     --HOLE--

.data      0    20004a28    00000029     UNINITIALIZED
                  20004a28    00000010     Crystalfontz128x128_ST7735.obj (.data:g_sCrystalfontz128x128)
                  20004a38    00000008     rtsv7M4_T_le_v4SPD16_eabi_eh.lib : _lock.c.obj (.data:$O1$$)
                  20004a40    00000008                                      : memory.c.obj (.data:$O1$$)
                  20004a48    00000004                                      : errno.c.obj (.data)
                  20004a4c    00000004                                      : tdeh_cpp_abi.cpp.obj (.data)
                  20004a50    00000001     main.obj (.data)

.stack     0    2000fe00    00000200     UNINITIALIZED
                  2000fe00    00000004     rtsv7M4_T_le_v4SPD16_eabi_eh.lib : boot_cortex_m.c.obj (.stack)
                  2000fe04    000001fc     --HOLE--

.ARM.extab 
*          0    0000536c    00000060     
                  0000536c    00000030     rtsv7M4_T_le_v4SPD16_eabi_eh.lib : tdeh_cpp_abi.cpp.obj (.ARM.extab)
                  0000539c    0000001c                                      : tdeh_cpp_abi.cpp.obj (.ARM.extab)
                  000053b8    00000014     main.obj (.ARM.extab)

.ARM.exidx 
*          0    00005408    00000288     
                  00005408    00000008     GetDifference.obj (.ARM.exidx)
                  00005410    00000008     Interruptions_handler.obj (.ARM.exidx)
                  00005418    00000008     (.ARM.exidx.text:atan:rtsv7M4_T_le_v4SPD16_eabi_eh.lib<s_atan.c.obj>)
                  00005420    00000008     FillScreen.obj (.ARM.exidx)
                  00005428    00000008     rtsv7M4_T_le_v4SPD16_eabi_eh.lib : tdeh_pr_arm.cpp.obj (.ARM.exidx)
                  00005430    00000008                                      : tdeh_pr_common.cpp.obj (.ARM.exidx)
                  00005438    00000008     (.ARM.exidx.text:Default_Handler:startup_msp432p401r_ccs.obj)
                  00005440    00000008                                      : rtti.c.obj (.ARM.exidx)
                  00005448    00000008     (.ARM.exidx.text:_ZN50_INTERNAL_28_Crystalfontz128x128_ST7735_c_acdafc1437Crystalfontz128x128_PixelDrawMultipleEPK16Graphics_DisplaysssssPKhPKj:Crystalfontz128x128_ST7735.obj)
                  00005450    00000008     GetBorder.obj (.ARM.exidx)
                  00005458    00000008     (.ARM.exidx.text:_getIndexForMemRegister:msp432p4xx_driverlib.lib<adc14.o>)
                  00005460    00000008     rtsv7M4_T_le_v4SPD16_eabi_eh.lib : tdeh_cpp_abi.cpp.obj (.ARM.exidx)
                  00005468    00000008     (.ARM.exidx.text:rtsv7M4_T_le_v4SPD16_eabi_eh.lib<fd_div_t2.asm.obj>)
                  00005470    00000008     main.obj (.ARM.exidx)
                  00005478    00000008     (.ARM.exidx.text:rtsv7M4_T_le_v4SPD16_eabi_eh.lib<fd_mul_t2.asm.obj>)
                  00005480    00000008     rtsv7M4_T_le_v4SPD16_eabi_eh.lib : tdeh_cpp_abi.cpp.obj (.ARM.exidx)
                  00005488    00000008     Scheduler.obj (.ARM.exidx)
                  00005490    00000008     (.ARM.exidx.text:_ZN7Mailbox7SendMsgEhh:Mailbox.obj)
                  00005498    00000008     Hardware_setup.obj (.ARM.exidx)
                  000054a0    00000008     (.ARM.exidx.text:tanf:rtsv7M4_T_le_v4SPD16_eabi_eh.lib<s_tanf.c.obj>)
                  000054a8    00000008     Hardware_setup.obj (.ARM.exidx)
                  000054b0    00000008     (.ARM.exidx.text:Graphics_drawLineH:grlib.a<line.obj>)
                  000054b8    00000008     GetDifference.obj (.ARM.exidx)
                  000054c0    00000008     (.ARM.exidx.text:GPIO_setAsPeripheralModuleFunctionOutputPin:msp432p4xx_driverlib.lib<gpio.o>)
                  000054c8    00000008     rtsv7M4_T_le_v4SPD16_eabi_eh.lib : rtti.c.obj (.ARM.exidx)
                  000054d0    00000008     (.ARM.exidx.text:split:rtsv7M4_T_le_v4SPD16_eabi_eh.lib<memory.c.obj>)
                  000054d8    00000008                                      : tdeh_cpp_abi.cpp.obj (.ARM.exidx)
                  000054e0    00000008     (.ARM.exidx.text:rtsv7M4_T_le_v4SPD16_eabi_eh.lib<fd_tos_t2.asm.obj>)
                  000054e8    00000008                                      : tdeh_unwinder.cpp.obj (.ARM.exidx)
                  000054f0    00000008     (.ARM.exidx.text:rtsv7M4_T_le_v4SPD16_eabi_eh.lib<tdeh_uwentry_t2.asm.obj>)
                  000054f8    00000008     Scheduler.obj (.ARM.exidx)
                  00005500    00000008     (.ARM.exidx.text:_ZN7Mailbox10ReceiveMsgE10st_MsgInfo:Mailbox.obj)
                  00005508    00000008     rtsv7M4_T_le_v4SPD16_eabi_eh.lib : tdeh_cpp_abi.cpp.obj (.ARM.exidx)
                  00005510    00000008                                      : tdeh_cpp_abi.cpp.obj (.ARM.exidx)
                  00005518    00000008     (.ARM.exidx.text:_ZN40_INTERNAL_18_Hardware_setup_cpp_436c594a18__NVIC_SetPriorityE4IRQnj:Hardware_setup.obj)
                  00005520    00000008                                      : tdeh_pr_arm.cpp.obj (.ARM.exidx)
                  00005528    00000008                                      : tdeh_pr_arm.cpp.obj (.ARM.exidx)
                  00005530    00000008     (.ARM.exidx.text:bsearch:rtsv7M4_T_le_v4SPD16_eabi_eh.lib<bsearch.c.obj>)
                  00005538    00000008     GetBorder.obj (.ARM.exidx)
                  00005540    00000008     (.ARM.exidx.text:GPIO_setAsOutputPin:msp432p4xx_driverlib.lib<gpio.o>)
                  00005548    00000008     Interruptions_handler.obj (.ARM.exidx)
                  00005550    00000008     Interruptions_handler.obj (.ARM.exidx)
                  00005558    00000008     rtsv7M4_T_le_v4SPD16_eabi_eh.lib : tdeh_unwinder.cpp.obj (.ARM.exidx)
                  00005560    00000008     FillScreen.obj (.ARM.exidx)
                  00005568    00000008     (.ARM.exidx.text:_ZN9SchedulerC1Ev:Scheduler.obj)
                  00005570    00000008     rtsv7M4_T_le_v4SPD16_eabi_eh.lib : tdeh_unwinder.cpp.obj (.ARM.exidx)
                  00005578    00000008                                      : tdeh_unwinder.cpp.obj (.ARM.exidx)
                  00005580    00000008     (.ARM.exidx.text:rtsv7M4_T_le_v4SPD16_eabi_eh.lib<fs_tod_t2.asm.obj>)
                  00005588    00000008                                      : tdeh_cpp_abi.cpp.obj (.ARM.exidx)
                  00005590    00000008     (.ARM.exidx.text:_c_int00_noargs:_c_int00_noargs:rtsv7M4_T_le_v4SPD16_eabi_eh.lib<boot_cortex_m.c.obj>)
                  00005598    00000008                                      : tdeh_cpp_abi.cpp.obj (.ARM.exidx)
                  000055a0    00000008     (.ARM.exidx.text:rtsv7M4_T_le_v4SPD16_eabi_eh.lib<i_tofd_t2.asm.obj>)
                  000055a8    00000008     Interruptions_handler.obj (.ARM.exidx)
                  000055b0    00000008     rtsv7M4_T_le_v4SPD16_eabi_eh.lib : tdeh_cpp_abi.cpp.obj (.ARM.exidx)
                  000055b8    00000008     (.ARM.exidx.text:GPIO_setOutputHighOnPin:msp432p4xx_driverlib.lib<gpio.o>)
                  000055c0    00000008                                      : tdeh_cpp_abi.cpp.obj (.ARM.exidx)
                  000055c8    00000008     GetDifference.obj (.ARM.exidx)
                  000055d0    00000008     rtsv7M4_T_le_v4SPD16_eabi_eh.lib : tdeh_pr_arm.cpp.obj (.ARM.exidx)
                  000055d8    00000008                                      : rtti.c.obj (.ARM.exidx)
                  000055e0    00000008     (.ARM.exidx.text:Graphics_fillRectangleOnDisplay:grlib.a<display.obj>)
                  000055e8    00000008                                      : tdeh_cpp_abi.cpp.obj (.ARM.exidx)
                  000055f0    00000008     (.ARM.exidx.text:ADC14_getResult:msp432p4xx_driverlib.lib<adc14.o>)
                  000055f8    00000008     GetBorder.obj (.ARM.exidx)
                  00005600    00000008     FillScreen.obj (.ARM.exidx)
                  00005608    00000008     (.ARM.exidx.text:_ZNKSt13bad_exception4whatEv:rtsv7M4_T_le_v4SPD16_eabi_eh.lib<stdlib_exception.cpp.obj>)
                  00005610    00000008     Hardware_setup.obj (.ARM.exidx)
                  00005618    00000008     (.ARM.exidx.text:_ZN10FillScreen5setupEP7Mailbox:FillScreen.obj)
                  00005620    00000008     rtsv7M4_T_le_v4SPD16_eabi_eh.lib : tdeh_cpp_abi.cpp.obj (.ARM.exidx)
                  00005628    00000008     (.ARM.exidx.text:__sti___8_main_cpp_937618a8:main.obj)
                  00005630    00000008                                      : typeinfo.c.obj (.ARM.exidx)
                  00005638    00000008     (.ARM.exidx.text:_ZN4Task5setupEP7Mailbox:Task.obj)
                  00005640    00000008                                      : stdlib_typeinfo.cpp.obj (.ARM.exidx)
                  00005648    00000008     (.ARM.exidx.text:decompress:none:__TI_decompress_none:rtsv7M4_T_le_v4SPD16_eabi_eh.lib<copy_decompress_none.c.obj>)
                  00005650    00000008                                      : tdeh_cpp_abi.cpp.obj (.ARM.exidx)
                  00005658    00000008     (.ARM.exidx.text:decompress:ZI:__TI_zero_init:rtsv7M4_T_le_v4SPD16_eabi_eh.lib<copy_zero_init.c.obj>)
                  00005660    00000008                                      : tdeh_cpp_abi.cpp.obj (.ARM.exidx)
                  00005668    00000008     (.ARM.exidx.text:_ZN50_INTERNAL_28_Crystalfontz128x128_ST7735_c_acdafc1425Crystalfontz128x128_FlushEPK16Graphics_Display:Crystalfontz128x128_ST7735.obj)
                  00005670    00000008                                      : new.cpp.obj (.ARM.exidx)
                  00005678    00000008     (.ARM.exidx.text:__aeabi_errno_addr:rtsv7M4_T_le_v4SPD16_eabi_eh.lib<errno.c.obj>)
                  00005680    00000008                                      : tdeh_init.cpp.obj (.ARM.exidx)
                  00005688    00000008     (.ARM.exidx.text:malloc:rtsv7M4_T_le_v4SPD16_eabi_eh.lib<memory.c.obj>)

MODULE SUMMARY

       Module                                               code    ro data   rw data
       ------                                               ----    -------   -------
    ./
       main.obj                                             276     32        32674  
       GetDifference.obj                                    2026    100       0      
       FillScreen.obj                                       810     95        1138   
       Interruptions_handler.obj                            978     32        0      
       Scheduler.obj                                        610     16        0      
       Hardware_setup.obj                                   564     24        0      
       GetBorder.obj                                        522     63        0      
       Mailbox.obj                                          382     33        40     
       system_msp432p401r.obj                               188     0         0      
       Task.obj                                             74      16        0      
    +--+----------------------------------------------------+-------+---------+---------+
       Total:                                               6430    411       33852  
                                                                                     
    ./LcdDriver/
       Crystalfontz128x128_ST7735.obj                       1670    40        52     
       HAL_MSP_EXP432P401R_Crystalfontz128x128_ST7735.obj   212     28        0      
    +--+----------------------------------------------------+-------+---------+---------+
       Total:                                               1882    68        52     
                                                                                     
    ./ccs/
       startup_msp432p401r_ccs.obj                          14      228       0      
    +--+----------------------------------------------------+-------+---------+---------+
       Total:                                               14      228       0      
                                                                                     
    /Applications/ti/ccs901/ccs/tools/compiler/ti-cgt-arm_18.12.1.LTS/lib/rtsv7M4_T_le_v4SPD16_eabi_eh.lib
       tdeh_cpp_abi.cpp.obj                                 1149    180       8      
       tdeh_pr_arm.cpp.obj                                  982     32        0      
       s_atan.c.obj                                         748     152       0      
       rtti.c.obj                                           688     24        0      
       memory.c.obj                                         676     0         16     
       tdeh_pr_common.cpp.obj                               594     8         0      
       e_atan2.c.obj                                        472     0         0      
       fd_add_t2.asm.obj                                    438     0         0      
       typeinfo.c.obj                                       66      357       0      
       tdeh_unwinder.cpp.obj                                354     32        0      
       e_sqrt.c.obj                                         344     0         0      
       fd_div_t2.asm.obj                                    310     0         0      
       fd_cmp_t2.asm.obj                                    268     0         0      
       fd_mul_t2.asm.obj                                    252     0         0      
       s_tanf.c.obj                                         172     0         0      
       s_sinf.c.obj                                         164     0         0      
       memcpy_t2.asm.obj                                    156     0         0      
       stdlib_exception.cpp.obj                             59      91        0      
       stdlib_typeinfo.cpp.obj                              64      76        0      
       memset_t2.asm.obj                                    122     0         0      
       fd_tos_t2.asm.obj                                    110     0         0      
       tdeh_uwentry_t2.asm.obj                              108     0         0      
       copy_decompress_lzss.c.obj                           104     0         0      
       autoinit.c.obj                                       100     0         0      
       fd_toi_t2.asm.obj                                    72      0         0      
       bsearch.c.obj                                        68      0         0      
       fs_tod_t2.asm.obj                                    56      0         0      
       boot_cortex_m.c.obj                                  52      0         0      
       i_tofd_t2.asm.obj                                    46      0         0      
       new.cpp.obj                                          14      8         0      
       _lock.c.obj                                          2       0         16     
       errno.c.obj                                          8       0         8      
       tdeh_init.cpp.obj                                    8       8         0      
       copy_decompress_none.c.obj                           14      0         0      
       copy_zero_init.c.obj                                 12      0         0      
       error.c.obj                                          4       0         0      
       exit.c.obj                                           4       0         0      
       pre_init.c.obj                                       4       0         0      
    +--+----------------------------------------------------+-------+---------+---------+
       Total:                                               8864    968       48     
                                                                                     
    /Users/sebastianblanco/ti/simplelink_msp432p4_sdk_3_10_00_08/source/ti/devices/msp432p4xx/driverlib/ccs/msp432p4xx_driverlib.lib
       adc14.o                                              380     128       0      
       gpio.o                                               280     48        0      
       spi.o                                                312     0         0      
    +--+----------------------------------------------------+-------+---------+---------+
       Total:                                               972     176       0      
                                                                                     
    /Users/sebastianblanco/ti/simplelink_msp432p4_sdk_3_10_00_08/source/ti/grlib/lib/ccs/m4f/grlib.a
       line.obj                                             1168    0         0      
       rectangle.obj                                        274     0         0      
       display.obj                                          230     0         0      
       context.obj                                          122     0         0      
    +--+----------------------------------------------------+-------+---------+---------+
       Total:                                               1794    0         0      
                                                                                     
       Heap:                                                0       0         4096   
       Stack:                                               0       0         1024   
       Linker Generated:                                    0       320       0      
    +--+----------------------------------------------------+-------+---------+---------+
       Grand Total:                                         19956   2171      39072  


LINKER GENERATED COPY TABLES

__TI_cinit_table @ 000053f8 records: 2, size/record: 8, table size: 16
	.data: load addr=000053d0, load size=00000014 bytes, run addr=20004a28, run size=00000029 bytes, compression=lzss
	.bss: load addr=000053f0, load size=00000008 bytes, run addr=20000000, run size=00004227 bytes, compression=zero_init


LINKER GENERATED HANDLER TABLE

__TI_handler_table @ 000053e4 records: 3, size/record: 4, table size: 12
	index: 0, handler: __TI_decompress_lzss
	index: 1, handler: __TI_decompress_none
	index: 2, handler: __TI_zero_init


GLOBAL SYMBOLS: SORTED ALPHABETICALLY BY Name 

address   name                                                                                                                                                    
-------   ----                                                                                                                                                    
00005408  .ARM.exidx$$Base                                                                                                                                        
00005690  .ARM.exidx$$Limit                                                                                                                                       
000007d5  ADC14_IRQHandler                                                                                                                                        
000007d5  ADC14_IRQHandler                                                                                                                                        
00004b55  ADC14_getResult                                                                                                                                         
00001563  AES256_IRQHandler                                                                                                                                       
00001563  BusFault_Handler                                                                                                                                        
00004eeb  C$$EXIT                                                                                                                                                 
00001563  COMP_E0_IRQHandler                                                                                                                                      
00001563  COMP_E1_IRQHandler                                                                                                                                      
00001563  CS_IRQHandler                                                                                                                                           
00001563  DMA_ERR_IRQHandler                                                                                                                                      
00001563  DMA_INT0_IRQHandler                                                                                                                                     
00001563  DMA_INT1_IRQHandler                                                                                                                                     
00001563  DMA_INT2_IRQHandler                                                                                                                                     
00001563  DMA_INT3_IRQHandler                                                                                                                                     
00001563  DebugMon_Handler                                                                                                                                        
00001563  Default_Handler                                                                                                                                         
00001563  EUSCIA0_IRQHandler                                                                                                                                      
00001563  EUSCIA1_IRQHandler                                                                                                                                      
00001563  EUSCIA2_IRQHandler                                                                                                                                      
00001563  EUSCIA3_IRQHandler                                                                                                                                      
00001563  EUSCIB0_IRQHandler                                                                                                                                      
00001563  EUSCIB1_IRQHandler                                                                                                                                      
00001563  EUSCIB2_IRQHandler                                                                                                                                      
00001563  EUSCIB3_IRQHandler                                                                                                                                      
00004c55  EUSCI_A_SPI_enable                                                                                                                                      
00004c6b  EUSCI_B_SPI_enable                                                                                                                                      
00001563  FLCTL_IRQHandler                                                                                                                                        
00001563  FPU_IRQHandler                                                                                                                                          
00004281  GPIO_setAsOutputPin                                                                                                                                     
00003729  GPIO_setAsPeripheralModuleFunctionOutputPin                                                                                                             
0000498d  GPIO_setOutputHighOnPin                                                                                                                                 
000049b5  GPIO_setOutputLowOnPin                                                                                                                                  
00004d51  Graphics_clearDisplay                                                                                                                                   
00004ba9  Graphics_clearDisplayOnDisplay                                                                                                                          
00004605  Graphics_drawHorizontalLineOnDisplay                                                                                                                    
00001e5b  Graphics_drawLine                                                                                                                                       
0000342d  Graphics_drawLineH                                                                                                                                      
000034c9  Graphics_drawLineV                                                                                                                                      
0000485d  Graphics_drawPixelOnDisplay                                                                                                                             
0000463b  Graphics_drawVerticalLineOnDisplay                                                                                                                      
000028cd  Graphics_fillRectangle                                                                                                                                  
00004b19  Graphics_fillRectangleOnDisplay                                                                                                                         
00003ff1  Graphics_initContext                                                                                                                                    
00004c81  Graphics_setForegroundColor                                                                                                                             
00004c97  Graphics_translateColorOnDisplay                                                                                                                        
00001563  HardFault_Handler                                                                                                                                       
20004222  Lcd_FlagRead                                                                                                                                            
20004223  Lcd_FontSolid                                                                                                                                           
20004224  Lcd_Orientation                                                                                                                                         
20004225  Lcd_PenSolid                                                                                                                                            
2000421c  Lcd_ScreenHeigth                                                                                                                                        
2000421e  Lcd_ScreenWidth                                                                                                                                         
20004220  Lcd_TouchTrim                                                                                                                                           
00001563  MemManage_Handler                                                                                                                                       
00001563  NMI_Handler                                                                                                                                             
00001563  PCM_IRQHandler                                                                                                                                          
00001563  PORT1_IRQHandler                                                                                                                                        
00001563  PORT2_IRQHandler                                                                                                                                        
00001563  PORT3_IRQHandler                                                                                                                                        
00001563  PORT4_IRQHandler                                                                                                                                        
00001563  PORT5_IRQHandler                                                                                                                                        
00001563  PORT6_IRQHandler                                                                                                                                        
00001563  PSS_IRQHandler                                                                                                                                          
00001563  PendSV_Handler                                                                                                                                          
00001563  RTC_C_IRQHandler                                                                                                                                        
00004ded  Reset_Handler                                                                                                                                           
00005368  SHT$$INIT_ARRAY$$Base                                                                                                                                   
0000536c  SHT$$INIT_ARRAY$$Limit                                                                                                                                  
00004b71  SPI_enableModule                                                                                                                                        
000030e1  SPI_initMaster                                                                                                                                          
00001563  SVC_Handler                                                                                                                                             
00001563  SysTick_Handler                                                                                                                                         
00003025  SystemInit                                                                                                                                              
00001563  T32_INT1_IRQHandler                                                                                                                                     
00004889  T32_INT2_IRQHandler                                                                                                                                     
00004889  T32_INT2_IRQHandler                                                                                                                                     
00001563  T32_INTC_IRQHandler                                                                                                                                     
00001563  TA0_0_IRQHandler                                                                                                                                        
00001563  TA0_N_IRQHandler                                                                                                                                        
00001563  TA1_0_IRQHandler                                                                                                                                        
00001563  TA1_N_IRQHandler                                                                                                                                        
00001563  TA2_0_IRQHandler                                                                                                                                        
00001563  TA2_N_IRQHandler                                                                                                                                        
00001563  TA3_0_IRQHandler                                                                                                                                        
00001563  TA3_N_IRQHandler                                                                                                                                        
00001563  UsageFault_Handler                                                                                                                                      
4000480c  WDTCTL_SYM                                                                                                                                              
00001563  WDT_A_IRQHandler                                                                                                                                        
00003c89  _Unwind_RaiseException                                                                                                                                  
00003cab  _Unwind_Resume                                                                                                                                          
000048b5  _Z11T32_2_setupv                                                                                                                                        
00004e29  _Z13__TI_prel2absPKj                                                                                                                                    
000042c1  _Z15HAL_LCD_SpiInitv                                                                                                                                    
0000470f  _Z16HAL_LCD_PortInitv                                                                                                                                   
00004171  _Z16__TI_targ_set_prP19_Unwind_Exception_s                                                                                                              
000048e1  _Z17HAL_LCD_writeDatah                                                                                                                                  
00004525  _Z20HAL_LCD_writeCommandh                                                                                                                               
00004ec3  _Z22__TI_targ_rtti_addressPjP15_Unwind_Context                                                                                                          
00004741  _Z23InitialConditions_setupv                                                                                                                            
00004ec7  _Z23__TI_targ_regbuf_get_pcP15_Unwind_Context                                                                                                           
00004ecb  _Z23__TI_targ_regbuf_get_sbP15_Unwind_Context                                                                                                           
00004ecf  _Z23__TI_targ_regbuf_get_spP15_Unwind_Context                                                                                                           
00004ed3  _Z23__TI_targ_regbuf_set_pcP15_Unwind_Contextj                                                                                                          
000027a1  _Z24Crystalfontz128x128_Initv                                                                                                                           
00001311  _Z24__TI_process_descriptors13_Unwind_PhaseP19_Unwind_Exception_sP15_Unwind_Context15_Unwind_PR_KindPjP19_Unwind_Reason_CodePb                          
00004e6f  _Z24__TI_targ_regbuf_installP15_Unwind_Context                                                                                                          
00004ed7  _Z26__TI_targ_setup_call_parm0P15_Unwind_Contextj                                                                                                       
0000266d  _Z32Crystalfontz128x128_SetDrawFrametttt                                                                                                                
00003f9d  _Z34Crystalfontz128x128_SetOrientationh                                                                                                                 
00004bdd  _Z3sinf                                                                                                                                                 
00004bf5  _Z3tanf                                                                                                                                                 
00004939  _Z4sqrtIiENSt3__29enable_ifIXsr3std3__211is_integralIT_EE5valueEdE4typeES2_                                                                             
000043c1  _Z5atan2IidENSt3__216__lazy_enable_ifIXaasr3std3__213is_arithmeticIT_EE5valuesr3std3__213is_arithmeticIT0_EE5valueENS0_9__promoteIS2_S3_vEEE4typeES2_S3_
000043fd  _Z5atan2IiiENSt3__216__lazy_enable_ifIXaasr3std3__213is_arithmeticIT_EE5valuesr3std3__213is_arithmeticIT0_EE5valueENS0_9__promoteIS2_S3_vEEE4typeES2_S3_
00004cc3  _Z8Power_upv                                                                                                                                            
0000338d  _Z9ADC_setupv                                                                                                                                           
00003191  _Z9LCD_setupv                                                                                                                                           
00004475  _ZN10FillScreen13DecodeMsgDataEv                                                                                                                        
00000dc5  _ZN10FillScreen3runEv                                                                                                                                   
00004cd7  _ZN10FillScreen5setupEP7Mailbox                                                                                                                         
00004c0d  _ZN10FillScreenC1Ev                                                                                                                                     
00004c0d  _ZN10FillScreenC2Ev                                                                                                                                     
00004d99  _ZN10__cxxabiv117__class_type_infoD0Ev                                                                                                                  
00004e77  _ZN10__cxxabiv117__class_type_infoD1Ev                                                                                                                  
00004e77  _ZN10__cxxabiv117__class_type_infoD2Ev                                                                                                                  
00004da7  _ZN10__cxxabiv120__si_class_type_infoD0Ev                                                                                                               
00004e7f  _ZN10__cxxabiv120__si_class_type_infoD1Ev                                                                                                               
00004e7f  _ZN10__cxxabiv120__si_class_type_infoD2Ev                                                                                                               
00004db5  _ZN10__cxxabiv123__fundamental_type_infoD0Ev                                                                                                            
00004e87  _ZN10__cxxabiv123__fundamental_type_infoD1Ev                                                                                                            
00004e87  _ZN10__cxxabiv123__fundamental_type_infoD2Ev                                                                                                            
000044af  _ZN13GetDifference13DecodeMsgDataEv                                                                                                                     
000004a1  _ZN13GetDifference13FillScreenTotEv                                                                                                                     
000000e5  _ZN13GetDifference14FillScreenDiffEv                                                                                                                    
0000369d  _ZN13GetDifference3runEv                                                                                                                                
00004ceb  _ZN13GetDifference5setupEP7Mailbox                                                                                                                      
00004a79  _ZN13GetDifferenceC1Ev                                                                                                                                  
00004a79  _ZN13GetDifferenceC2Ev                                                                                                                                  
20004a50  _ZN4Task14m_u8NextTaskIDE                                                                                                                               
00004df9  _ZN4Task3runEv                                                                                                                                          
00004dc3  _ZN4Task5setupEP7Mailbox                                                                                                                                
000047d1  _ZN4TaskC1Ev                                                                                                                                            
000047d1  _ZN4TaskC2Ev                                                                                                                                            
00003f45  _ZN7Mailbox10ReceiveMsgE10st_MsgInfo                                                                                                                    
00004bc3  _ZN7Mailbox12CheckMailboxEh                                                                                                                             
00002f63  _ZN7Mailbox7SendMsgEhh                                                                                                                                  
00004a05  _ZN7MailboxC1Ev                                                                                                                                         
00004a05  _ZN7MailboxC2Ev                                                                                                                                         
00004cad  _ZN7MailboxD0Ev                                                                                                                                         
00004e05  _ZN7MailboxD1Ev                                                                                                                                         
00004e05  _ZN7MailboxD2Ev                                                                                                                                         
0000423d  _ZN9GetBorder12BuildMsgDataEv                                                                                                                           
00001fd1  _ZN9GetBorder3runEv                                                                                                                                     
00004cff  _ZN9GetBorder5setupEP7Mailbox                                                                                                                           
00004c25  _ZN9GetBorderC1Ev                                                                                                                                       
00004c25  _ZN9GetBorderC2Ev                                                                                                                                       
00002e9d  _ZN9Scheduler3runEv                                                                                                                                     
00003ee5  _ZN9Scheduler5setupEP7Mailbox                                                                                                                           
0000393f  _ZN9Scheduler6attachEP4Tasky                                                                                                                            
000038bd  _ZN9Scheduler6removeEP4Task                                                                                                                             
000044e9  _ZN9SchedulerC1Ev                                                                                                                                       
000044e9  _ZN9SchedulerC2Ev                                                                                                                                       
00004d15  _ZNKSt10bad_typeid4whatEv                                                                                                                               
00004c3d  _ZNKSt13bad_exception4whatEv                                                                                                                            
[...]
00004e05  _ZN7MailboxD1Ev                                                                                                                                         
00004e05  _ZN7MailboxD2Ev                                                                                                                                         
00004e11  __TI_cxa_end_cleanup                                                                                                                                    
00004e1d  __TI_zero_init                                                                                                                                          
00004e29  _Z13__TI_prel2absPKj                                                                                                                                    
00004e47  _ZdlPv                                                                                                                                                  
00004e51  __aeabi_unwind_cpp_pr0                                                                                                                                  
00004e5b  __aeabi_unwind_cpp_pr1                                                                                                                                  
00004e65  __aeabi_unwind_cpp_pr2                                                                                                                                  
00004e6f  _Z24__TI_targ_regbuf_installP15_Unwind_Context                                                                                                          
00004e77  _ZN10__cxxabiv117__class_type_infoD1Ev                                                                                                                  
00004e77  _ZN10__cxxabiv117__class_type_infoD2Ev                                                                                                                  
00004e7f  _ZN10__cxxabiv120__si_class_type_infoD1Ev                                                                                                               
00004e7f  _ZN10__cxxabiv120__si_class_type_infoD2Ev                                                                                                               
00004e87  _ZN10__cxxabiv123__fundamental_type_infoD1Ev                                                                                                            
00004e87  _ZN10__cxxabiv123__fundamental_type_infoD2Ev                                                                                                            
00004e8f  _ZNSt10bad_typeidD1Ev                                                                                                                                   
00004e8f  _ZNSt10bad_typeidD2Ev                                                                                                                                   
00004e99  __aeabi_errno_addr                                                                                                                                      
00004ea1  __tdeh_init                                                                                                                                             
00004ea9  malloc                                                                                                                                                  
00004eb7  _ZNSt13bad_exceptionD0Ev                                                                                                                                
00004ebd  _ZNSt9exceptionD0Ev                                                                                                                                     
00004ec3  _Z22__TI_targ_rtti_addressPjP15_Unwind_Context                                                                                                          
00004ec7  _Z23__TI_targ_regbuf_get_pcP15_Unwind_Context                                                                                                           
00004ecb  _Z23__TI_targ_regbuf_get_sbP15_Unwind_Context                                                                                                           
00004ecf  _Z23__TI_targ_regbuf_get_spP15_Unwind_Context                                                                                                           
00004ed3  _Z23__TI_targ_regbuf_set_pcP15_Unwind_Contextj                                                                                                          
00004ed7  _Z26__TI_targ_setup_call_parm0P15_Unwind_Contextj                                                                                                       
00004edf  _ZdlPvj                                                                                                                                                 
00004ee3  __abort_execution                                                                                                                                       
00004ee7  _system_pre_init                                                                                                                                        
00004eeb  C$$EXIT                                                                                                                                                 
00004eeb  abort                                                                                                                                                   
00005038  _ZTSN10__cxxabiv123__fundamental_type_infoE                                                                                                             
00005060  _ZTSN10__cxxabiv121__vmi_class_type_infoE                                                                                                               
00005086  _ZTSN10__cxxabiv120__si_class_type_infoE                                                                                                                
000050ab  _ZTSN10__cxxabiv119__pointer_type_infoE                                                                                                                 
000050cf  _ZTSN10__cxxabiv117__class_type_infoE                                                                                                                   
000050f1  _ZTSN10__cxxabiv117__pbase_type_infoE                                                                                                                   
00005114  g_sCrystalfontz128x128_funcs                                                                                                                            
00005150  _ZTVSt10bad_typeid                                                                                                                                      
00005164  _ZTVSt13bad_exception                                                                                                                                   
00005178  _ZTVSt9exception                                                                                                                                        
0000518c  _ZTSSt13bad_exception                                                                                                                                   
0000519e  _ZTS13GetDifference                                                                                                                                     
000051ae  _ZTSv                                                                                                                                                   
000051b0  _ZTV10FillScreen                                                                                                                                        
000051c0  _ZTV13GetDifference                                                                                                                                     
000051d0  _ZTV4Task                                                                                                                                               
000051e0  _ZTV7Mailbox                                                                                                                                            
000051f0  _ZTV9GetBorder                                                                                                                                          
00005200  _ZTVN10__cxxabiv117__class_type_infoE                                                                                                                   
00005210  _ZTVN10__cxxabiv120__si_class_type_infoE                                                                                                                
00005220  _ZTVN10__cxxabiv123__fundamental_type_infoE                                                                                                             
00005230  _ZTSSt10bad_typeid                                                                                                                                      
0000523f  _ZTS10FillScreen                                                                                                                                        
0000524c  _ZTSSt9exception                                                                                                                                        
00005259  _ZTSSt9type_info                                                                                                                                        
00005268  _ZTI10FillScreen                                                                                                                                        
00005274  _ZTI13GetDifference                                                                                                                                     
00005280  _ZTI9GetBorder                                                                                                                                          
0000528c  _ZTIN10__cxxabiv117__class_type_infoE                                                                                                                   
00005298  _ZTIN10__cxxabiv117__pbase_type_infoE                                                                                                                   
000052a4  _ZTIN10__cxxabiv119__pointer_type_infoE                                                                                                                 
000052b0  _ZTIN10__cxxabiv120__si_class_type_infoE                                                                                                                
000052bc  _ZTIN10__cxxabiv121__vmi_class_type_infoE                                                                                                               
000052c8  _ZTIN10__cxxabiv123__fundamental_type_infoE                                                                                                             
000052d4  _ZTISt10bad_typeid                                                                                                                                      
000052e0  _ZTISt13bad_exception                                                                                                                                   
000052ec  _ZTS9GetBorder                                                                                                                                          
000052f7  _ZTS7Mailbox                                                                                                                                            
00005338  _ZTI4Task                                                                                                                                               
00005340  _ZTI7Mailbox                                                                                                                                            
00005348  _ZTISt9exception                                                                                                                                        
00005350  _ZTISt9type_info                                                                                                                                        
00005358  _ZTIv                                                                                                                                                   
00005360  _ZTS4Task                                                                                                                                               
00005368  SHT$$INIT_ARRAY$$Base                                                                                                                                   
0000536c  SHT$$INIT_ARRAY$$Limit                                                                                                                                  
000053e4  __TI_Handler_Table_Base                                                                                                                                 
000053f0  __TI_Handler_Table_Limit                                                                                                                                
000053f8  __TI_CINIT_Base                                                                                                                                         
00005408  .ARM.exidx$$Base                                                                                                                                        
00005408  __TI_CINIT_Limit                                                                                                                                        
00005408  __TI_UNWIND_TABLE_START                                                                                                                                 
00005690  .ARM.exidx$$Limit                                                                                                                                       
00005690  __TI_UNWIND_TABLE_END                                                                                                                                   
20000000  g_MainScheduler                                                                                                                                         
20003fd0  g_iXYCoordinatesPrevious                                                                                                                                
200041d0  g_sContext                                                                                                                                              
20004200  g_SystemTicks                                                                                                                                           
20004208  g_fPitchAngle                                                                                                                                           
2000420c  g_fRollAngle                                                                                                                                            
20004210  g_i16XFilteredGravityVector                                                                                                                             
20004214  g_i16YFilteredGravityVector                                                                                                                             
20004218  g_i16ZFilteredGravityVector                                                                                                                             
2000421c  Lcd_ScreenHeigth                                                                                                                                        
2000421e  Lcd_ScreenWidth                                                                                                                                         
20004220  Lcd_TouchTrim                                                                                                                                           
20004222  Lcd_FlagRead                                                                                                                                            
20004223  Lcd_FontSolid                                                                                                                                           
20004224  Lcd_Orientation                                                                                                                                         
20004225  Lcd_PenSolid                                                                                                                                            
20004226  done                                                                                                                                                    
20004228  _sys_memory                                                                                                                                             
20004a28  g_sCrystalfontz128x128                                                                                                                                  
20004a38  _lock                                                                                                                                                   
20004a3c  _unlock                                                                                                                                                 
20004a48  errno                                                                                                                                                   
20004a50  _ZN4Task14m_u8NextTaskIDE                                                                                                                               
2000fe00  __stack                                                                                                                                                 
20010000  __STACK_END                                                                                                                                             
4000480c  WDTCTL_SYM                                                                                                                                              
ffffffff  __TI_pprof_out_hndl                                                                                                                                     
ffffffff  __TI_prof_data_size                                                                                                                                     
ffffffff  __TI_prof_data_start                                                                                                                                    
ffffffff  __binit__                                                                                                                                               
ffffffff  __c_args__                                                                                                                                              
ffffffff  binit                                                                                                                                                   
UNDEFED   __mpu_init                                                                                                                                              
UNDEFED   _system_post_cinit                                                                                                                                      

[336 symbols]
