******************************************************************************
                  TI ARM Linker Unix v18.12.1                  
******************************************************************************
>> Linked Thu Apr 11 11:42:56 2019

OUTPUT FILE NAME:   <boostxl_edumkii_lightsensor_msp432p401r_MSP_EXP432P401R_nortos_ccs.out>
ENTRY POINT SYMBOL: "_c_int00_noargs"  address: 00003425


MEMORY CONFIGURATION

         name            origin    length      used     unused   attr    fill
----------------------  --------  ---------  --------  --------  ----  --------
  MAIN                  00000000   00040000  00003e40  0003c1c0  R  X
  INFO                  00200000   00004000  00000000  00004000  R  X
  SRAM_CODE             01000000   00010000  0000024e  0000fdb2  RW X
  SRAM_DATA             20000000   00010000  0000024e  0000fdb2  RW  


SEGMENT ALLOCATION MAP

run origin  load origin   length   init length attrs members
----------  ----------- ---------- ----------- ----- -------
00000000    00000000    00003e40   00003e40    r-x
  00000000    00000000    000000e4   000000e4    r-- .intvecs
  000000e4    000000e4    000037b8   000037b8    r-x .text
  0000389c    0000389c    00000564   00000564    r-- .const
  00003e00    00003e00    00000040   00000040    r-- .cinit
20000000    20000000    00000050   00000000    rw-
  20000000    20000000    0000002a   00000000    rw- .bss
  2000002c    2000002c    00000024   00000000    rw- .data
2000fe00    2000fe00    00000200   00000000    rw-
  2000fe00    2000fe00    00000200   00000000    rw- .stack


SECTION ALLOCATION MAP

 output                                  attributes/
section   page    origin      length       input sections
--------  ----  ----------  ----------   ----------------
.intvecs   0    00000000    000000e4     
                  00000000    000000e4     startup_msp432p401r_ccs.obj (.intvecs:retain)

.text      0    000000e4    000037b8     
                  000000e4    00000a4e     rtsv7M4_T_le_v4SPD16_eabi.lib : _printfi.c.obj (.text:__TI_printfi)
                  00000b32    0000047e     grlib.a : string.obj (.text:Graphics_drawString)
                  00000fb0    00000270     rtsv7M4_T_le_v4SPD16_eabi.lib : _printfi.c.obj (.text:_pconv_a)
                  00001220    0000024c     main.obj (.text:main)
                  0000146c    000001d8     Crystalfontz128x128_ST7735.obj (.text:Crystalfontz128x128_PixelDrawMultiple)
                  00001644    000001d0     rtsv7M4_T_le_v4SPD16_eabi.lib : _printfi.c.obj (.text:_pconv_g)
                  00001814    000001b6                                   : fd_add_t2.asm.obj (.text)
                  000019ca    00000002     startup_msp432p401r_ccs.obj (.text:Default_Handler)
                  000019cc    0000013c     rtsv7M4_T_le_v4SPD16_eabi.lib : _printfi.c.obj (.text:_pconv_e)
                  00001b08    00000136                                   : fd_div_t2.asm.obj (.text)
                  00001c3e    00000002                                   : div0.asm.obj (.text)
                  00001c40    00000134     Crystalfontz128x128_ST7735.obj (.text:Crystalfontz128x128_SetDrawFrame)
                  00001d74    0000012c     Crystalfontz128x128_ST7735.obj (.text:Crystalfontz128x128_Init)
                  00001ea0    00000124     rtsv7M4_T_le_v4SPD16_eabi.lib : _printfi.c.obj (.text:fcvt)
                  00001fc4    00000110                                   : s_scalbn.c.obj (.text:scalbn)
                  000020d4    000000fc                                   : fd_mul_t2.asm.obj (.text)
                  000021d0    000000fa     grlib.a : string.obj (.text:Graphics_getStringWidth)
                  000022ca    00000002     --HOLE-- [fill = 0]
                  000022cc    000000d8     HAL_OPT3001.obj (.text:OPT3001_getLux)
                  000023a4    000000b1     rtsv7M4_T_le_v4SPD16_eabi.lib : _printfi.c.obj (.text:_ltostr)
                  00002455    00000001     --HOLE-- [fill = 0]
                  00002456    000000b0     msp432p4xx_driverlib.lib : spi.o (.text:SPI_initMaster)
                  00002506    0000009c     Crystalfontz128x128_ST7735.obj (.text:Crystalfontz128x128_RectFill)
                  000025a2    0000009c     grlib.a : line.obj (.text:Graphics_drawLineH)
                  0000263e    0000009c     rtsv7M4_T_le_v4SPD16_eabi.lib : memcpy_t2.asm.obj (.text)
                  000026da    00000096                                   : ull_div_t2.asm.obj (.text)
                  00002770    0000008c     HAL_I2C.obj (.text:I2C_read16)
                  000027fc    00000088     msp432p4xx_driverlib.lib : gpio.o (.text:GPIO_setAsPeripheralModuleFunctionOutputPin)
                  00002884    00000086     rtsv7M4_T_le_v4SPD16_eabi.lib : fd_cmp_t2.asm.obj (.text:__aeabi_cdcmple)
                  0000290a    00000086                                   : fd_cmp_t2.asm.obj (.text:__aeabi_cdrcmple)
                  00002990    0000007a                                   : memset_t2.asm.obj (.text)
                  00002a0a    00000002     --HOLE-- [fill = 0]
                  00002a0c    00000078     system_msp432p401r.obj (.text:SystemInit)
                  00002a84    0000006e     rtsv7M4_T_le_v4SPD16_eabi.lib : _printfi.c.obj (.text:_mcpy)
                  00002af2    00000002     --HOLE-- [fill = 0]
                  00002af4    0000006c     msp432p4xx_driverlib.lib : i2c.o (.text:I2C_masterSendMultiByteFinish)
                  00002b60    00000068                              : i2c.o (.text:I2C_masterSendMultiByteStart)
                  00002bc8    00000068     rtsv7M4_T_le_v4SPD16_eabi.lib : copy_decompress_lzss.c.obj (.text:decompress:lzss:__TI_decompress_lzss)
                  00002c30    00000064                                   : s_frexp.c.obj (.text:frexp)
                  00002c94    00000062     msp432p4xx_driverlib.lib : i2c.o (.text:I2C_initMaster)
                  00002cf6    00000060     Crystalfontz128x128_ST7735.obj (.text:Crystalfontz128x128_LineDrawH)
                  00002d56    00000060     Crystalfontz128x128_ST7735.obj (.text:Crystalfontz128x128_LineDrawV)
                  00002db6    00000056     rtsv7M4_T_le_v4SPD16_eabi.lib : _printfi.c.obj (.text:_pconv_f)
                  00002e0c    00000054     Crystalfontz128x128_ST7735.obj (.text:Crystalfontz128x128_SetOrientation)
                  00002e60    00000054     rtsv7M4_T_le_v4SPD16_eabi.lib : ltoa.c.obj (.text:ltoa)
                  00002eb4    00000052     grlib.a : context.obj (.text:Graphics_initContext)
                  00002f06    00000052     rtsv7M4_T_le_v4SPD16_eabi.lib : _printfi.c.obj (.text:_ecpy)
                  00002f58    0000004e     msp432p4xx_driverlib.lib : timer_a.o (.text:Timer_A_initCompare)
                  00002fa6    00000002     --HOLE-- [fill = 0]
                  00002fa8    0000004c     rtsv7M4_T_le_v4SPD16_eabi.lib : atoi.c.obj (.text:atoi)
                  00002ff4    00000048     grlib.a : string.obj (.text:Graphics_drawStringCentered)
                  0000303c    00000048     HAL_I2C.obj (.text:I2C_write16)
                  00003084    00000048     rtsv7M4_T_le_v4SPD16_eabi.lib : fd_toi_t2.asm.obj (.text)
                  000030cc    00000044                                   : autoinit.c.obj (.text:__TI_auto_init_nobinit_nopinit:__TI_auto_init_nobinit_nopinit)
                  00003110    00000040     Crystalfontz128x128_ST7735.obj (.text:Crystalfontz128x128_PixelDraw)
                  00003150    00000040     msp432p4xx_driverlib.lib : gpio.o (.text:GPIO_setAsOutputPin)
                  00003190    00000040     grlib.a : string.obj (.text:Graphics_getNumberOfLeadingZeros)
                  000031d0    00000040     HAL_MSP_EXP432P401R_Crystalfontz128x128_ST7735.obj (.text:HAL_LCD_SpiInit)
                  00003210    00000040     msp432p4xx_driverlib.lib : i2c.o (.text:I2C_masterReceiveMultiByteFinish)
                  00003250    00000040                              : spi.o (.text:is_A_Module)
                  00003290    00000040     rtsv7M4_T_le_v4SPD16_eabi.lib : sprintf.c.obj (.text:sprintf)
                  000032d0    0000003e                                   : _printfi.c.obj (.text:_fcpy)
                  0000330e    00000002     --HOLE-- [fill = 0]
                  00003310    00000038     HAL_MSP_EXP432P401R_Crystalfontz128x128_ST7735.obj (.text:HAL_LCD_writeCommand)
                  00003348    00000038     msp432p4xx_driverlib.lib : i2c.o (.text:I2C_masterSendMultiByteStop)
                  00003380    00000038     rtsv7M4_T_le_v4SPD16_eabi.lib : fs_tod_t2.asm.obj (.text)
                  000033b8    00000036     grlib.a : display.obj (.text:Graphics_drawHorizontalLineOnDisplay)
                  000033ee    00000002     --HOLE-- [fill = 0]
                  000033f0    00000034     msp432p4xx_driverlib.lib : i2c.o (.text:I2C_masterSendMultiByteNext)
                  00003424    00000034     rtsv7M4_T_le_v4SPD16_eabi.lib : boot_cortex_m.c.obj (.text:_c_int00_noargs:_c_int00_noargs)
                  00003458    00000030     HAL_MSP_EXP432P401R_Crystalfontz128x128_ST7735.obj (.text:HAL_LCD_PortInit)
                  00003488    0000002e     rtsv7M4_T_le_v4SPD16_eabi.lib : i_tofd_t2.asm.obj (.text)
                  000034b6    00000002     --HOLE-- [fill = 0]
                  000034b8    0000002c     Crystalfontz128x128_ST7735.obj (.text:Crystalfontz128x128_ClearScreen)
                  000034e4    0000002c     grlib.a : display.obj (.text:Graphics_drawPixelOnDisplay)
                  00003510    0000002c     HAL_MSP_EXP432P401R_Crystalfontz128x128_ST7735.obj (.text:HAL_LCD_writeData)
                  0000353c    00000028     Crystalfontz128x128_ST7735.obj (.text:Crystalfontz128x128_ColorTranslate)
                  00003564    00000028     msp432p4xx_driverlib.lib : gpio.o (.text:GPIO_setOutputHighOnPin)
                  0000358c    00000028                              : gpio.o (.text:GPIO_setOutputLowOnPin)
                  000035b4    00000020     HAL_I2C.obj (.text:I2C_init)
                  000035d4    0000001c     msp432p4xx_driverlib.lib : i2c.o (.text:I2C_setMode)
                  000035f0    0000001c     HAL_I2C.obj (.text:I2C_setslave)
                  0000360c    0000001c     msp432p4xx_driverlib.lib : spi.o (.text:SPI_enableModule)
                  00003628    0000001c     rtsv7M4_T_le_v4SPD16_eabi.lib : memccpy.c.obj (.text:memccpy)
                  00003644    0000001a     grlib.a : display.obj (.text:Graphics_clearDisplayOnDisplay)
                  0000365e    0000001a             : context.obj (.text:Graphics_setBackgroundColor)
                  00003678    0000001a             : context.obj (.text:Graphics_setFont)
                  00003692    0000001a     msp432p4xx_driverlib.lib : i2c.o (.text:I2C_masterReceiveStart)
                  000036ac    0000001a     rtsv7M4_T_le_v4SPD16_eabi.lib : s_copysign.c.obj (.text:copysign)
                  000036c6    00000018     msp432p4xx_driverlib.lib : i2c.o (.text:I2C_getInterruptStatus)
                  000036de    00000002     --HOLE-- [fill = 0]
                  000036e0    00000018                              : i2c.o (.text:I2C_isBusBusy)
                  000036f8    00000018     HAL_I2C.obj (.text:Init_I2C_GPIO)
                  00003710    00000018     rtsv7M4_T_le_v4SPD16_eabi.lib : sprintf.c.obj (.text:_outs)
                  00003728    00000016     msp432p4xx_driverlib.lib : spi.o (.text:EUSCI_A_SPI_enable)
                  0000373e    00000016                              : spi.o (.text:EUSCI_B_SPI_enable)
                  00003754    00000016     grlib.a : context.obj (.text:Graphics_setForegroundColor)
                  0000376a    00000016             : display.obj (.text:Graphics_translateColorOnDisplay)
                  00003780    00000016     msp432p4xx_driverlib.lib : i2c.o (.text:I2C_clearInterruptFlag)
                  00003796    00000016                              : i2c.o (.text:I2C_disableModule)
                  000037ac    00000016                              : i2c.o (.text:I2C_enableModule)
                  000037c2    00000016     rtsv7M4_T_le_v4SPD16_eabi.lib : strchr.c.obj (.text:strchr)
                  000037d8    00000014     msp432p4xx_driverlib.lib : i2c.o (.text:I2C_masterReceiveMultiByteNext)
                  000037ec    00000014                              : i2c.o (.text:I2C_setSlaveAddress)
                  00003800    00000014     HAL_OPT3001.obj (.text:OPT3001_init)
                  00003814    00000014     rtsv7M4_T_le_v4SPD16_eabi.lib : strlen.c.obj (.text:strlen)
                  00003828    00000012     grlib.a : context.obj (.text:Graphics_clearDisplay)
                  0000383a    00000012     rtsv7M4_T_le_v4SPD16_eabi.lib : copy_zero_init.c.obj (.text:decompress:ZI:__TI_zero_init_nomemset:__TI_zero_init_nomemset)
                  0000384c    00000012                                   : wcslen.c.obj (.text:wcslen)
                  0000385e    0000000e                                   : copy_decompress_none.c.obj (.text:decompress:none:__TI_decompress_none)
                  0000386c    0000000c     startup_msp432p401r_ccs.obj (.text:Reset_Handler)
                  00003878    0000000a     Crystalfontz128x128_ST7735.obj (.text:Crystalfontz128x128_Flush)
                  00003882    0000000a     rtsv7M4_T_le_v4SPD16_eabi.lib : sprintf.c.obj (.text:_outc)
                  0000388c    00000008                                   : errno.c.obj (.text:__aeabi_errno_addr)
                  00003894    00000004                                   : pre_init.c.obj (.text:_system_pre_init)
                  00003898    00000004                                   : exit.c.obj (.text:abort:abort)

.const     0    0000389c    00000564     
                  0000389c    000002f8     grlib.a : fontfixed6x8.obj (.const:.string:g_pucFontFixed6x8Data)
                  00003b94    00000101     rtsv7M4_T_le_v4SPD16_eabi.lib : ctype.c.obj (.const:.string:_ctypes_)
                  00003c95    00000003     --HOLE-- [fill = 0]
                  00003c98    000000c8     grlib.a : fontfixed6x8.obj (.const:g_sFontFixed6x8)
                  00003d60    00000030     msp432p4xx_driverlib.lib : gpio.o (.const:GPIO_PORT_TO_BASE)
                  00003d90    00000020     Crystalfontz128x128_ST7735.obj (.const:g_sCrystalfontz128x128_funcs)
                  00003db0    0000001c     HAL_MSP_EXP432P401R_Crystalfontz128x128_ST7735.obj (.const:$P$T0$1)
                  00003dcc    00000018     main.obj (.const:upConfig)
                  00003de4    00000014     HAL_I2C.obj (.const:i2cConfig)
                  00003df8    00000008     Crystalfontz128x128_ST7735.obj (.const:$P$T0$1)

.cinit     0    00003e00    00000040     
                  00003e00    00000017     (.cinit..data.load) [load image, compression = lzss]
                  00003e17    00000001     --HOLE-- [fill = 0]
                  00003e18    0000000c     (__TI_handler_table)
                  00003e24    00000004     --HOLE-- [fill = 0]
                  00003e28    00000008     (.cinit..bss.load) [load image, compression = zero_init]
                  00003e30    00000010     (__TI_cinit_table)

.init_array 
*          0    00000000    00000000     UNINITIALIZED

.binit     0    00000000    00000000     

.bss       0    20000000    0000002a     UNINITIALIZED
                  20000000    0000001c     (.common:g_sContext)
                  2000001c    00000004     (.common:lux)
                  20000020    00000002     (.common:Lcd_ScreenHeigth)
                  20000022    00000002     (.common:Lcd_ScreenWidth)
                  20000024    00000002     (.common:Lcd_TouchTrim)
                  20000026    00000001     (.common:Lcd_FlagRead)
                  20000027    00000001     (.common:Lcd_FontSolid)
                  20000028    00000001     (.common:Lcd_Orientation)
                  20000029    00000001     (.common:Lcd_PenSolid)

.data      0    2000002c    00000024     UNINITIALIZED
                  2000002c    00000010     main.obj (.data:compareConfig_PWM)
                  2000003c    00000010     Crystalfontz128x128_ST7735.obj (.data:g_sCrystalfontz128x128)
                  2000004c    00000004     rtsv7M4_T_le_v4SPD16_eabi.lib : errno.c.obj (.data)

.stack     0    2000fe00    00000200     UNINITIALIZED
                  2000fe00    00000004     rtsv7M4_T_le_v4SPD16_eabi.lib : boot_cortex_m.c.obj (.stack)
                  2000fe04    000001fc     --HOLE--

MODULE SUMMARY

       Module                                               code    ro data   rw data
       ------                                               ----    -------   -------
    ./
       main.obj                                             588     24        96     
       HAL_I2C.obj                                          296     20        0      
       HAL_OPT3001.obj                                      236     0         0      
       system_msp432p401r.obj                               120     0         0      
    +--+----------------------------------------------------+-------+---------+---------+
       Total:                                               1240    44        96     
                                                                                     
    ./LcdDriver/
       Crystalfontz128x128_ST7735.obj                       1670    40        52     
       HAL_MSP_EXP432P401R_Crystalfontz128x128_ST7735.obj   212     28        0      
    +--+----------------------------------------------------+-------+---------+---------+
       Total:                                               1882    68        52     
                                                                                     
    ./ccs/
       startup_msp432p401r_ccs.obj                          14      228       0      
    +--+----------------------------------------------------+-------+---------+---------+
       Total:                                               14      228       0      
                                                                                     
    /home/laura/ti/ccs901/ccs/tools/compiler/ti-cgt-arm_18.12.1.LTS/lib/rtsv7M4_T_le_v4SPD16_eabi.lib
       _printfi.c.obj                                       4851    0         0      
       fd_add_t2.asm.obj                                    438     0         0      
       fd_div_t2.asm.obj                                    310     0         0      
       s_scalbn.c.obj                                       272     0         0      
       fd_cmp_t2.asm.obj                                    268     0         0      
       ctype.c.obj                                          0       257       0      
       fd_mul_t2.asm.obj                                    252     0         0      
       memcpy_t2.asm.obj                                    156     0         0      
       ull_div_t2.asm.obj                                   150     0         0      
       memset_t2.asm.obj                                    122     0         0      
       copy_decompress_lzss.c.obj                           104     0         0      
       s_frexp.c.obj                                        100     0         0      
       sprintf.c.obj                                        98      0         0      
       ltoa.c.obj                                           84      0         0      
       atoi.c.obj                                           76      0         0      
       fd_toi_t2.asm.obj                                    72      0         0      
       autoinit.c.obj                                       68      0         0      
       fs_tod_t2.asm.obj                                    56      0         0      
       boot_cortex_m.c.obj                                  52      0         0      
       i_tofd_t2.asm.obj                                    46      0         0      
       memccpy.c.obj                                        28      0         0      
       s_copysign.c.obj                                     26      0         0      
       strchr.c.obj                                         22      0         0      
       strlen.c.obj                                         20      0         0      
       copy_zero_init.c.obj                                 18      0         0      
       wcslen.c.obj                                         18      0         0      
       errno.c.obj                                          8       0         8      
       copy_decompress_none.c.obj                           14      0         0      
       exit.c.obj                                           4       0         0      
       pre_init.c.obj                                       4       0         0      
       div0.asm.obj                                         2       0         0      
    +--+----------------------------------------------------+-------+---------+---------+
       Total:                                               7739    257       8      
                                                                                     
    /home/laura/ti/simplelink_msp432p4_sdk_3_10_00_08/source/ti/devices/msp432p4xx/driverlib/ccs/msp432p4xx_driverlib.lib
       i2c.o                                                690     0         0      
       gpio.o                                               280     48        0      
       spi.o                                                312     0         0      
       timer_a.o                                            78      0         0      
    +--+----------------------------------------------------+-------+---------+---------+
       Total:                                               1360    48        0      
                                                                                     
    /home/laura/ti/simplelink_msp432p4_sdk_3_10_00_08/source/ti/grlib/lib/ccs/m4f/grlib.a
       string.obj                                           1536    0         0      
       fontfixed6x8.obj                                     0       960       0      
       context.obj                                          174     0         0      
       line.obj                                             156     0         0      
       display.obj                                          146     0         0      
    +--+----------------------------------------------------+-------+---------+---------+
       Total:                                               2012    960       0      
                                                                                     
       Stack:                                               0       0         1024   
       Linker Generated:                                    0       59        0      
    +--+----------------------------------------------------+-------+---------+---------+
       Grand Total:                                         14247   1664      1180   


LINKER GENERATED COPY TABLES

__TI_cinit_table @ 00003e30 records: 2, size/record: 8, table size: 16
	.data: load addr=00003e00, load size=00000017 bytes, run addr=2000002c, run size=00000024 bytes, compression=lzss
	.bss: load addr=00003e28, load size=00000008 bytes, run addr=20000000, run size=0000002a bytes, compression=zero_init


LINKER GENERATED HANDLER TABLE

__TI_handler_table @ 00003e18 records: 3, size/record: 4, table size: 12
	index: 0, handler: __TI_decompress_lzss
	index: 1, handler: __TI_decompress_none
	index: 2, handler: __TI_zero_init


GLOBAL SYMBOLS: SORTED ALPHABETICALLY BY Name 

address   name                                       
-------   ----                                       
000019cb  ADC14_IRQHandler                           
000019cb  AES256_IRQHandler                          
000019cb  BusFault_Handler                           
00003899  C$$EXIT                                    
000019cb  COMP_E0_IRQHandler                         
000019cb  COMP_E1_IRQHandler                         
000019cb  CS_IRQHandler                              
00001d75  Crystalfontz128x128_Init                   
00001c41  Crystalfontz128x128_SetDrawFrame           
00002e0d  Crystalfontz128x128_SetOrientation         
000019cb  DMA_ERR_IRQHandler                         
000019cb  DMA_INT0_IRQHandler                        
000019cb  DMA_INT1_IRQHandler                        
000019cb  DMA_INT2_IRQHandler                        
000019cb  DMA_INT3_IRQHandler                        
000019cb  DebugMon_Handler                           
000019cb  Default_Handler                            
000019cb  EUSCIA0_IRQHandler                         
000019cb  EUSCIA1_IRQHandler                         
000019cb  EUSCIA2_IRQHandler                         
000019cb  EUSCIA3_IRQHandler                         
000019cb  EUSCIB0_IRQHandler                         
000019cb  EUSCIB1_IRQHandler                         
000019cb  EUSCIB2_IRQHandler                         
000019cb  EUSCIB3_IRQHandler                         
00003729  EUSCI_A_SPI_enable                         
0000373f  EUSCI_B_SPI_enable                         
000019cb  FLCTL_IRQHandler                           
000019cb  FPU_IRQHandler                             
00003151  GPIO_setAsOutputPin                        
000027fd  GPIO_setAsPeripheralModuleFunctionOutputPin
00003565  GPIO_setOutputHighOnPin                    
0000358d  GPIO_setOutputLowOnPin                     
00003829  Graphics_clearDisplay                      
00003645  Graphics_clearDisplayOnDisplay             
000033b9  Graphics_drawHorizontalLineOnDisplay       
000025a3  Graphics_drawLineH                         
000034e5  Graphics_drawPixelOnDisplay                
00000b33  Graphics_drawString                        
00002ff5  Graphics_drawStringCentered                
000021d1  Graphics_getStringWidth                    
00002eb5  Graphics_initContext                       
0000365f  Graphics_setBackgroundColor                
00003679  Graphics_setFont                           
00003755  Graphics_setForegroundColor                
0000376b  Graphics_translateColorOnDisplay           
00003459  HAL_LCD_PortInit                           
000031d1  HAL_LCD_SpiInit                            
00003311  HAL_LCD_writeCommand                       
00003511  HAL_LCD_writeData                          
000019cb  HardFault_Handler                          
00003781  I2C_clearInterruptFlag                     
00003797  I2C_disableModule                          
000037ad  I2C_enableModule                           
000036c7  I2C_getInterruptStatus                     
000035b5  I2C_init                                   
00002c95  I2C_initMaster                             
000036e1  I2C_isBusBusy                              
00003211  I2C_masterReceiveMultiByteFinish           
000037d9  I2C_masterReceiveMultiByteNext             
00003693  I2C_masterReceiveStart                     
00002af5  I2C_masterSendMultiByteFinish              
000033f1  I2C_masterSendMultiByteNext                
00002b61  I2C_masterSendMultiByteStart               
00003349  I2C_masterSendMultiByteStop                
00002771  I2C_read16                                 
000035d5  I2C_setMode                                
000037ed  I2C_setSlaveAddress                        
000035f1  I2C_setslave                               
0000303d  I2C_write16                                
000036f9  Init_I2C_GPIO                              
20000026  Lcd_FlagRead                               
20000027  Lcd_FontSolid                              
20000028  Lcd_Orientation                            
20000029  Lcd_PenSolid                               
20000020  Lcd_ScreenHeigth                           
20000022  Lcd_ScreenWidth                            
20000024  Lcd_TouchTrim                              
000019cb  MemManage_Handler                          
000019cb  NMI_Handler                                
000022cd  OPT3001_getLux                             
00003801  OPT3001_init                               
000019cb  PCM_IRQHandler                             
000019cb  PORT1_IRQHandler                           
000019cb  PORT2_IRQHandler                           
000019cb  PORT3_IRQHandler                           
000019cb  PORT4_IRQHandler                           
000019cb  PORT5_IRQHandler                           
000019cb  PORT6_IRQHandler                           
000019cb  PSS_IRQHandler                             
000019cb  PendSV_Handler                             
000019cb  RTC_C_IRQHandler                           
0000386d  Reset_Handler                              
0000360d  SPI_enableModule                           
00002457  SPI_initMaster                             
000019cb  SVC_Handler                                
000019cb  SysTick_Handler                            
00002a0d  SystemInit                                 
000019cb  T32_INT1_IRQHandler                        
000019cb  T32_INT2_IRQHandler                        
000019cb  T32_INTC_IRQHandler                        
000019cb  TA0_0_IRQHandler                           
000019cb  TA0_N_IRQHandler                           
000019cb  TA1_0_IRQHandler                           
000019cb  TA1_N_IRQHandler                           
000019cb  TA2_0_IRQHandler                           
000019cb  TA2_N_IRQHandler                           
000019cb  TA3_0_IRQHandler                           
000019cb  TA3_N_IRQHandler                           
00002f59  Timer_A_initCompare                        
000019cb  UsageFault_Handler                         
4000480c  WDTCTL_SYM                                 
000019cb  WDT_A_IRQHandler                           
20010000  __STACK_END                                
00000200  __STACK_SIZE                               
00003e30  __TI_CINIT_Base                            
00003e40  __TI_CINIT_Limit                           
00003e18  __TI_Handler_Table_Base                    
00003e24  __TI_Handler_Table_Limit                   
000030cd  __TI_auto_init_nobinit_nopinit             
00002bc9  __TI_decompress_lzss                       
0000385f  __TI_decompress_none                       
ffffffff  __TI_pprof_out_hndl                        
000000e5  __TI_printfi                               
ffffffff  __TI_prof_data_size                        
ffffffff  __TI_prof_data_start                       
00000000  __TI_static_base__                         
0000383b  __TI_zero_init_nomemset                    
00002885  __aeabi_cdcmpeq                            
00002885  __aeabi_cdcmple                            
0000290b  __aeabi_cdrcmple                           
00003085  __aeabi_d2iz                               
0000181f  __aeabi_dadd                               
00001b09  __aeabi_ddiv                               
000020d5  __aeabi_dmul                               
00001815  __aeabi_dsub                               
0000388d  __aeabi_errno_addr                         
00003381  __aeabi_f2d                                
00003489  __aeabi_i2d                                
00001c3f  __aeabi_idiv0                              
00001c3f  __aeabi_ldiv0                              
00002991  __aeabi_memclr                             
00002991  __aeabi_memclr4                            
00002991  __aeabi_memclr8                            
0000263f  __aeabi_memcpy                             
0000263f  __aeabi_memcpy4                            
0000263f  __aeabi_memcpy8                            
00002993  __aeabi_memset                             
00002993  __aeabi_memset4                            
00002993  __aeabi_memset8                            
000026db  __aeabi_uldivmod                           
ffffffff  __binit__                                  
ffffffff  __c_args__                                 
UNDEFED   __mpu_init                                 
2000fe00  __stack                                    
00003425  _c_int00_noargs                            
00003b94  _ctypes_                                   
UNDEFED   _system_post_cinit                         
00003895  _system_pre_init                           
00003899  abort                                      
00002fa9  atoi                                       
ffffffff  binit                                      
2000002c  compareConfig_PWM                          
000036ad  copysign                                   
000036ad  copysignl                                  
2000004c  errno                                      
00002c31  frexp                                      
00002c31  frexpl                                     
20000000  g_sContext                                 
2000003c  g_sCrystalfontz128x128                     
00003d90  g_sCrystalfontz128x128_funcs               
00003c98  g_sFontFixed6x8                            
00003de4  i2cConfig                                  
00000000  interruptVectors                           
00001fc5  ldexp                                      
00001fc5  ldexpl                                     
00002e61  ltoa                                       
2000001c  lux                                        
00001221  main                                       
00003629  memccpy                                    
0000263f  memcpy                                     
00002999  memset                                     
00001fc5  scalbn                                     
00001fc5  scalbnl                                    
00003291  sprintf                                    
000037c3  strchr                                     
00003815  strlen                                     
00003dcc  upConfig                                   
0000384d  wcslen                                     


GLOBAL SYMBOLS: SORTED BY Symbol Address 

address   name                                       
-------   ----                                       
00000000  __TI_static_base__                         
00000000  interruptVectors                           
000000e5  __TI_printfi                               
00000200  __STACK_SIZE                               
00000b33  Graphics_drawString                        
00001221  main                                       
00001815  __aeabi_dsub                               
0000181f  __aeabi_dadd                               
000019cb  ADC14_IRQHandler                           
000019cb  AES256_IRQHandler                          
000019cb  BusFault_Handler                           
000019cb  COMP_E0_IRQHandler                         
000019cb  COMP_E1_IRQHandler                         
000019cb  CS_IRQHandler                              
000019cb  DMA_ERR_IRQHandler                         
000019cb  DMA_INT0_IRQHandler                        
000019cb  DMA_INT1_IRQHandler                        
000019cb  DMA_INT2_IRQHandler                        
000019cb  DMA_INT3_IRQHandler                        
000019cb  DebugMon_Handler                           
000019cb  Default_Handler                            
000019cb  EUSCIA0_IRQHandler                         
000019cb  EUSCIA1_IRQHandler                         
000019cb  EUSCIA2_IRQHandler                         
000019cb  EUSCIA3_IRQHandler                         
000019cb  EUSCIB0_IRQHandler                         
000019cb  EUSCIB1_IRQHandler                         
000019cb  EUSCIB2_IRQHandler                         
000019cb  EUSCIB3_IRQHandler                         
000019cb  FLCTL_IRQHandler                           
000019cb  FPU_IRQHandler                             
000019cb  HardFault_Handler                          
000019cb  MemManage_Handler                          
000019cb  NMI_Handler                                
000019cb  PCM_IRQHandler                             
000019cb  PORT1_IRQHandler                           
000019cb  PORT2_IRQHandler                           
000019cb  PORT3_IRQHandler                           
000019cb  PORT4_IRQHandler                           
000019cb  PORT5_IRQHandler                           
000019cb  PORT6_IRQHandler                           
000019cb  PSS_IRQHandler                             
000019cb  PendSV_Handler                             
000019cb  RTC_C_IRQHandler                           
000019cb  SVC_Handler                                
000019cb  SysTick_Handler                            
000019cb  T32_INT1_IRQHandler                        
000019cb  T32_INT2_IRQHandler                        
000019cb  T32_INTC_IRQHandler                        
000019cb  TA0_0_IRQHandler                           
000019cb  TA0_N_IRQHandler                           
000019cb  TA1_0_IRQHandler                           
000019cb  TA1_N_IRQHandler                           
000019cb  TA2_0_IRQHandler                           
000019cb  TA2_N_IRQHandler                           
000019cb  TA3_0_IRQHandler                           
000019cb  TA3_N_IRQHandler                           
000019cb  UsageFault_Handler                         
000019cb  WDT_A_IRQHandler                           
00001b09  __aeabi_ddiv                               
00001c3f  __aeabi_idiv0                              
00001c3f  __aeabi_ldiv0                              
00001c41  Crystalfontz128x128_SetDrawFrame           
00001d75  Crystalfontz128x128_Init                   
00001fc5  ldexp                                      
00001fc5  ldexpl                                     
00001fc5  scalbn                                     
00001fc5  scalbnl                                    
000020d5  __aeabi_dmul                               
000021d1  Graphics_getStringWidth                    
000022cd  OPT3001_getLux                             
00002457  SPI_initMaster                             
000025a3  Graphics_drawLineH                         
0000263f  __aeabi_memcpy                             
0000263f  __aeabi_memcpy4                            
0000263f  __aeabi_memcpy8                            
0000263f  memcpy                                     
000026db  __aeabi_uldivmod                           
00002771  I2C_read16                                 
000027fd  GPIO_setAsPeripheralModuleFunctionOutputPin
00002885  __aeabi_cdcmpeq                            
00002885  __aeabi_cdcmple                            
0000290b  __aeabi_cdrcmple                           
00002991  __aeabi_memclr                             
00002991  __aeabi_memclr4                            
00002991  __aeabi_memclr8                            
00002993  __aeabi_memset                             
00002993  __aeabi_memset4                            
00002993  __aeabi_memset8                            
00002999  memset                                     
00002a0d  SystemInit                                 
00002af5  I2C_masterSendMultiByteFinish              
00002b61  I2C_masterSendMultiByteStart               
00002bc9  __TI_decompress_lzss                       
00002c31  frexp                                      
00002c31  frexpl                                     
00002c95  I2C_initMaster                             
00002e0d  Crystalfontz128x128_SetOrientation         
00002e61  ltoa                                       
00002eb5  Graphics_initContext                       
00002f59  Timer_A_initCompare                        
00002fa9  atoi                                       
00002ff5  Graphics_drawStringCentered                
0000303d  I2C_write16                                
00003085  __aeabi_d2iz                               
000030cd  __TI_auto_init_nobinit_nopinit             
00003151  GPIO_setAsOutputPin                        
000031d1  HAL_LCD_SpiInit                            
00003211  I2C_masterReceiveMultiByteFinish           
00003291  sprintf                                    
00003311  HAL_LCD_writeCommand                       
00003349  I2C_masterSendMultiByteStop                
00003381  __aeabi_f2d                                
000033b9  Graphics_drawHorizontalLineOnDisplay       
000033f1  I2C_masterSendMultiByteNext                
00003425  _c_int00_noargs                            
00003459  HAL_LCD_PortInit                           
00003489  __aeabi_i2d                                
000034e5  Graphics_drawPixelOnDisplay                
00003511  HAL_LCD_writeData                          
00003565  GPIO_setOutputHighOnPin                    
0000358d  GPIO_setOutputLowOnPin                     
000035b5  I2C_init                                   
000035d5  I2C_setMode                                
000035f1  I2C_setslave                               
0000360d  SPI_enableModule                           
00003629  memccpy                                    
00003645  Graphics_clearDisplayOnDisplay             
0000365f  Graphics_setBackgroundColor                
00003679  Graphics_setFont                           
00003693  I2C_masterReceiveStart                     
000036ad  copysign                                   
000036ad  copysignl                                  
000036c7  I2C_getInterruptStatus                     
000036e1  I2C_isBusBusy                              
000036f9  Init_I2C_GPIO                              
00003729  EUSCI_A_SPI_enable                         
0000373f  EUSCI_B_SPI_enable                         
00003755  Graphics_setForegroundColor                
0000376b  Graphics_translateColorOnDisplay           
00003781  I2C_clearInterruptFlag                     
00003797  I2C_disableModule                          
000037ad  I2C_enableModule                           
000037c3  strchr                                     
000037d9  I2C_masterReceiveMultiByteNext             
000037ed  I2C_setSlaveAddress                        
00003801  OPT3001_init                               
00003815  strlen                                     
00003829  Graphics_clearDisplay                      
0000383b  __TI_zero_init_nomemset                    
0000384d  wcslen                                     
0000385f  __TI_decompress_none                       
0000386d  Reset_Handler                              
0000388d  __aeabi_errno_addr                         
00003895  _system_pre_init                           
00003899  C$$EXIT                                    
00003899  abort                                      
00003b94  _ctypes_                                   
00003c98  g_sFontFixed6x8                            
00003d90  g_sCrystalfontz128x128_funcs               
00003dcc  upConfig                                   
00003de4  i2cConfig                                  
00003e18  __TI_Handler_Table_Base                    
00003e24  __TI_Handler_Table_Limit                   
00003e30  __TI_CINIT_Base                            
00003e40  __TI_CINIT_Limit                           
20000000  g_sContext                                 
2000001c  lux                                        
20000020  Lcd_ScreenHeigth                           
20000022  Lcd_ScreenWidth                            
20000024  Lcd_TouchTrim                              
20000026  Lcd_FlagRead                               
20000027  Lcd_FontSolid                              
20000028  Lcd_Orientation                            
20000029  Lcd_PenSolid                               
2000002c  compareConfig_PWM                          
2000003c  g_sCrystalfontz128x128                     
2000004c  errno                                      
2000fe00  __stack                                    
20010000  __STACK_END                                
4000480c  WDTCTL_SYM                                 
ffffffff  __TI_pprof_out_hndl                        
ffffffff  __TI_prof_data_size                        
ffffffff  __TI_prof_data_start                       
ffffffff  __binit__                                  
ffffffff  __c_args__                                 
ffffffff  binit                                      
UNDEFED   __mpu_init                                 
UNDEFED   _system_post_cinit                         

[189 symbols]
