******************************************************************************
                  TI ARM Linker Unix v18.12.1                  
******************************************************************************
>> Linked Sun May  5 16:01:18 2019

OUTPUT FILE NAME:   <LightSensor_test2.out>
ENTRY POINT SYMBOL: "_c_int00_noargs"  address: 00004459


MEMORY CONFIGURATION

         name            origin    length      used     unused   attr    fill
----------------------  --------  ---------  --------  --------  ----  --------
  MAIN                  00000000   00040000  0000544a  0003abb6  R  X
  INFO                  00200000   00004000  00000000  00004000  R  X
  SRAM_CODE             01000000   00010000  00000a78  0000f588  RW X
  SRAM_DATA             20000000   00010000  00000a78  0000f588  RW  


SEGMENT ALLOCATION MAP

run origin  load origin   length   init length attrs members
----------  ----------- ---------- ----------- ----- -------
00000000    00000000    00005450   00005450    r-x
  00000000    00000000    000000e4   000000e4    r-- .intvecs
  000000e4    000000e4    00004ade   00004ade    r-x .text
  00004bc4    00004bc4    000007b8   000007b8    r-- .const
  00005380    00005380    00000038   00000038    r-- .cinit
  000053b8    000053b8    00000098   00000098    r-- .ARM.exidx
20000000    20000000    00000878   00000000    rw-
  20000000    20000000    00000800   00000000    rw- .sysmem
  20000800    20000800    00000050   00000000    rw- .bss
  20000850    20000850    00000028   00000000    rw- .data
2000fe00    2000fe00    00000200   00000000    rw-
  2000fe00    2000fe00    00000200   00000000    rw- .stack


SECTION ALLOCATION MAP

 output                                  attributes/
section   page    origin      length       input sections
--------  ----  ----------  ----------   ----------------
.intvecs   0    00000000    000000e4     
                  00000000    000000e4     startup_msp432p401r_ccs.obj (.intvecs:retain)

.text      0    000000e4    00004ade     
                  000000e4    00000a4e     rtsv7M4_T_le_v4SPD16_eabi_eh.lib : _printfi.c.obj (.text:__TI_printfi)
                  00000b32    0000047e     grlib.a : string.obj (.text:Graphics_drawString)
                  00000fb0    00000288     rtsv7M4_T_le_v4SPD16_eabi_eh.lib : tdeh_pr_arm.cpp.obj (.text:_ZN37_INTERNAL_15_tdeh_pr_arm_cpp_7dc0f84d18__TI_unwind_cpp_prE13_Unwind_PhaseP19_Unwind_Exception_sP15_Unwind_Context15_Unwind_PR_Kind)
                  00001238    00000270                                      : _printfi.c.obj (.text:_pconv_a)
                  000014a8    00000252                                      : tdeh_pr_common.cpp.obj (.text:_Z24__TI_process_descriptors13_Unwind_PhaseP19_Unwind_Exception_sP15_Unwind_Context15_Unwind_PR_KindPjP19_Unwind_Reason_CodePb)
                  000016fa    00000002     startup_msp432p401r_ccs.obj (.text:Default_Handler)
                  000016fc    00000210     rtsv7M4_T_le_v4SPD16_eabi_eh.lib : rtti.c.obj (.text:_ZN27_INTERNAL_6_rtti_c_066a44b028derived_to_base_conversion_rEPvPS0_PKN10__cxxabiv117__class_type_infoES5_jPiiPS5_P19a_result_virtualityS6_)
                  0000190c    000001d8     Crystalfontz128x128_ST7735.obj (.text:_ZN50_INTERNAL_28_Crystalfontz128x128_ST7735_c_acdafc1437Crystalfontz128x128_PixelDrawMultipleEPK16Graphics_DisplaysssssPKhPKj)
                  00001ae4    000001d0     rtsv7M4_T_le_v4SPD16_eabi_eh.lib : _printfi.c.obj (.text:_pconv_g)
                  00001cb4    000001b6                                      : fd_add_t2.asm.obj (.text)
                  00001e6a    00000002                                      : stdlib_exception.cpp.obj (.text:_ZNSt13bad_exceptionD1Ev)
                  00001e6c    000001b4     main.obj (.text:main)
                  00002020    0000017c     Interruptions_handler.obj (.text:T32_INT2_IRQHandler)
                  0000219c    00000160     msp432p4xx_driverlib.lib : adc14.o (.text:_getIndexForMemRegister)
                  000022fc    00000140     rtsv7M4_T_le_v4SPD16_eabi_eh.lib : tdeh_cpp_abi.cpp.obj (.text:__cxa_type_match)
                  0000243c    0000013c                                      : _printfi.c.obj (.text:_pconv_e)
                  00002578    00000136                                      : fd_div_t2.asm.obj (.text)
                  000026ae    00000002                                      : stdlib_exception.cpp.obj (.text:_ZNSt9exceptionD1Ev)
                  000026b0    00000134     Crystalfontz128x128_ST7735.obj (.text:_Z32Crystalfontz128x128_SetDrawFrametttt)
                  000027e4    0000012c     Crystalfontz128x128_ST7735.obj (.text:_Z24Crystalfontz128x128_Initv)
                  00002910    00000124     rtsv7M4_T_le_v4SPD16_eabi_eh.lib : _printfi.c.obj (.text:fcvt)
                  00002a34    00000110                                      : s_scalbn.c.obj (.text:scalbn)
                  00002b44    000000fc                                      : fd_mul_t2.asm.obj (.text)
                  00002c40    000000fa     grlib.a : string.obj (.text:Graphics_getStringWidth)
                  00002d3a    00000002     rtsv7M4_T_le_v4SPD16_eabi_eh.lib : stdlib_typeinfo.cpp.obj (.text:_ZNSt9type_infoD1Ev)
                  00002d3c    000000f8     main.obj (.text:ADC14_IRQHandler)
                  00002e34    000000f4     rtsv7M4_T_le_v4SPD16_eabi_eh.lib : memory.c.obj (.text:aligned_alloc)
                  00002f28    000000e8                                      : memory.c.obj (.text:free)
                  00003010    000000e0                                      : tdeh_cpp_abi.cpp.obj (.text:__cxa_call_unexpected)
                  000030f0    000000b1                                      : _printfi.c.obj (.text:_ltostr)
                  000031a1    00000001     --HOLE-- [fill = 0]
                  000031a2    000000b0     msp432p4xx_driverlib.lib : spi.o (.text:SPI_initMaster)
                  00003252    0000009c     grlib.a : line.obj (.text:Graphics_drawLineH)
                  000032ee    0000009c     Crystalfontz128x128_ST7735.obj (.text:_ZN50_INTERNAL_28_Crystalfontz128x128_ST7735_c_acdafc1428Crystalfontz128x128_RectFillEPK16Graphics_DisplayPK18Graphics_Rectanglet)
                  0000338a    0000009c     rtsv7M4_T_le_v4SPD16_eabi_eh.lib : memcpy_t2.asm.obj (.text)
                  00003426    00000096                                      : ull_div_t2.asm.obj (.text)
                  000034bc    00000094     main.obj (.text:_Z13drawAccelDatav)
                  00003550    00000088     msp432p4xx_driverlib.lib : gpio.o (.text:GPIO_setAsPeripheralModuleFunctionOutputPin)
                  000035d8    00000086     rtsv7M4_T_le_v4SPD16_eabi_eh.lib : fd_cmp_t2.asm.obj (.text:__aeabi_cdcmple)
                  0000365e    00000086                                      : fd_cmp_t2.asm.obj (.text:__aeabi_cdrcmple)
                  000036e4    00000084     msp432p4xx_driverlib.lib : gpio.o (.text:GPIO_getEnabledInterruptStatus)
                  00003768    00000080     rtsv7M4_T_le_v4SPD16_eabi_eh.lib : rtti.c.obj (.text:__derived_to_base_conversion)
                  000037e8    0000007c                                      : memory.c.obj (.text:split)
                  00003864    0000007a                                      : memset_t2.asm.obj (.text)
                  000038de    00000002                                      : _lock.c.obj (.text:_nop)
                  000038e0    00000078     system_msp432p401r.obj (.text:SystemInit)
                  00003958    00000075     rtsv7M4_T_le_v4SPD16_eabi_eh.lib : tdeh_cpp_abi.cpp.obj (.text:__cxa_allocate_exception)
                  000039cd    00000001     --HOLE-- [fill = 0]
                  000039ce    0000006e                                      : _printfi.c.obj (.text:_mcpy)
                  00003a3c    0000006c                                      : tdeh_unwinder.cpp.obj (.text:_ZN39_INTERNAL_17_tdeh_unwinder_cpp_f8f63fad16find_et_setup_prEP19_Unwind_Exception_sj)
                  00003aa8    0000006c                                      : tdeh_uwentry_t2.asm.obj (.text)
                  00003b14    00000068                                      : copy_decompress_lzss.c.obj (.text:decompress:lzss:__TI_decompress_lzss)
                  00003b7c    00000064                                      : s_frexp.c.obj (.text:frexp)
                  00003be0    00000060     Crystalfontz128x128_ST7735.obj (.text:_ZN50_INTERNAL_28_Crystalfontz128x128_ST7735_c_acdafc1429Crystalfontz128x128_LineDrawHEPK16Graphics_Displayssst)
                  00003c40    00000060     Crystalfontz128x128_ST7735.obj (.text:_ZN50_INTERNAL_28_Crystalfontz128x128_ST7735_c_acdafc1429Crystalfontz128x128_LineDrawVEPK16Graphics_Displayssst)
                  00003ca0    00000056     rtsv7M4_T_le_v4SPD16_eabi_eh.lib : _printfi.c.obj (.text:_pconv_f)
                  00003cf6    00000002                                      : div0.asm.obj (.text)
                  00003cf8    00000054     Crystalfontz128x128_ST7735.obj (.text:_Z34Crystalfontz128x128_SetOrientationh)
                  00003d4c    00000054     rtsv7M4_T_le_v4SPD16_eabi_eh.lib : ltoa.c.obj (.text:ltoa)
                  00003da0    00000052     grlib.a : context.obj (.text:Graphics_initContext)
                  00003df2    00000052     rtsv7M4_T_le_v4SPD16_eabi_eh.lib : _printfi.c.obj (.text:_ecpy)
                  00003e44    00000050                                      : tdeh_cpp_abi.cpp.obj (.text:__cxa_get_globals)
                  00003e94    0000004c                                      : tdeh_cpp_abi.cpp.obj (.text:__cxa_end_catch)
                  00003ee0    0000004c                                      : atoi.c.obj (.text:atoi)
                  00003f2c    00000048     grlib.a : string.obj (.text:Graphics_drawStringCentered)
                  00003f74    00000048     rtsv7M4_T_le_v4SPD16_eabi_eh.lib : autoinit.c.obj (.text:__TI_auto_init_nobinit_nopinit:__TI_auto_init_nobinit_nopinit)
                  00003fbc    00000048                                      : fd_toi_t2.asm.obj (.text)
                  00004004    00000044                                      : tdeh_pr_arm.cpp.obj (.text:_Z16__TI_targ_set_prP19_Unwind_Exception_s)
                  00004048    00000044                                      : tdeh_pr_arm.cpp.obj (.text:_ZN37_INTERNAL_15_tdeh_pr_arm_cpp_7dc0f84d13regb_Dreg_popEP15_Unwind_Contextjjb)
                  0000408c    00000044                                      : bsearch.c.obj (.text:bsearch)
                  000040d0    00000040     msp432p4xx_driverlib.lib : gpio.o (.text:GPIO_setAsOutputPin)
                  00004110    00000040     grlib.a : string.obj (.text:Graphics_getNumberOfLeadingZeros)
                  00004150    00000040     HAL_MSP_EXP432P401R_Crystalfontz128x128_ST7735.obj (.text:_Z15HAL_LCD_SpiInitv)
                  00004190    00000040     Crystalfontz128x128_ST7735.obj (.text:_ZN50_INTERNAL_28_Crystalfontz128x128_ST7735_c_acdafc1429Crystalfontz128x128_PixelDrawEPK16Graphics_Displaysst)
                  000041d0    00000040     rtsv7M4_T_le_v4SPD16_eabi_eh.lib : tdeh_unwinder.cpp.obj (.text:__TI_ut_entry_cmp)
                  00004210    00000040     msp432p4xx_driverlib.lib : spi.o (.text:is_A_Module)
                  00004250    00000040     rtsv7M4_T_le_v4SPD16_eabi_eh.lib : sprintf.c.obj (.text:sprintf)
                  00004290    0000003e                                      : _printfi.c.obj (.text:_fcpy)
                  000042ce    0000003c                                      : tdeh_unwinder.cpp.obj (.text:_ZN39_INTERNAL_17_tdeh_unwinder_cpp_f8f63fad17__TI_unwind_frameEP19_Unwind_Exception_sP15_Unwind_Context)
                  0000430a    00000002     --HOLE-- [fill = 0]
                  0000430c    00000038     HAL_MSP_EXP432P401R_Crystalfontz128x128_ST7735.obj (.text:_Z20HAL_LCD_writeCommandh)
                  00004344    00000038     main.obj (.text:_Z9drawTitlev)
                  0000437c    00000038     rtsv7M4_T_le_v4SPD16_eabi_eh.lib : tdeh_unwinder.cpp.obj (.text:__TI_Unwind_RaiseException2)
                  000043b4    00000038                                      : tdeh_unwinder.cpp.obj (.text:__TI_Unwind_Resume)
                  000043ec    00000036     grlib.a : display.obj (.text:Graphics_drawHorizontalLineOnDisplay)
                  00004422    00000036     rtsv7M4_T_le_v4SPD16_eabi_eh.lib : tdeh_cpp_abi.cpp.obj (.text:__cxa_rethrow)
                  00004458    00000034                                      : boot_cortex_m.c.obj (.text:_c_int00_noargs:_c_int00_noargs)
                  0000448c    00000032                                      : tdeh_pr_arm.cpp.obj (.text:_ZN37_INTERNAL_15_tdeh_pr_arm_cpp_7dc0f84d13regb_core_popEP15_Unwind_Contextj)
                  000044be    00000002     --HOLE-- [fill = 0]
                  000044c0    00000030     Interruptions_handler.obj (.text:PORT1_IRQHandler)
                  000044f0    00000030     HAL_MSP_EXP432P401R_Crystalfontz128x128_ST7735.obj (.text:_Z16HAL_LCD_PortInitv)
                  00004520    00000030     rtsv7M4_T_le_v4SPD16_eabi_eh.lib : tdeh_pr_arm.cpp.obj (.text:_ZN37_INTERNAL_15_tdeh_pr_arm_cpp_7dc0f84d12next_uw_byteEP20_Unwind_Instr_Handle)
                  00004550    0000002e                                      : tdeh_cpp_abi.cpp.obj (.text:__cxa_begin_catch)
                  0000457e    0000002e                                      : i_tofd_t2.asm.obj (.text)
                  000045ac    0000002c     grlib.a : display.obj (.text:Graphics_drawPixelOnDisplay)
                  000045d8    0000002c     HAL_MSP_EXP432P401R_Crystalfontz128x128_ST7735.obj (.text:_Z17HAL_LCD_writeDatah)
                  00004604    0000002c     Crystalfontz128x128_ST7735.obj (.text:_ZN50_INTERNAL_28_Crystalfontz128x128_ST7735_c_acdafc1431Crystalfontz128x128_ClearScreenEPK16Graphics_Displayt)
                  00004630    0000002a     rtsv7M4_T_le_v4SPD16_eabi_eh.lib : tdeh_cpp_abi.cpp.obj (.text:__cxa_throw)
                  0000465a    00000002     --HOLE-- [fill = 0]
                  0000465c    00000028     msp432p4xx_driverlib.lib : gpio.o (.text:GPIO_clearInterruptFlag)
                  00004684    00000028                              : gpio.o (.text:GPIO_setOutputHighOnPin)
                  000046ac    00000028                              : gpio.o (.text:GPIO_setOutputLowOnPin)
                  000046d4    00000028                              : gpio.o (.text:GPIO_toggleOutputOnPin)
                  000046fc    00000028     Crystalfontz128x128_ST7735.obj (.text:_ZN50_INTERNAL_28_Crystalfontz128x128_ST7735_c_acdafc1434Crystalfontz128x128_ColorTranslateEPK16Graphics_Displayj)
                  00004724    00000028     rtsv7M4_T_le_v4SPD16_eabi_eh.lib : memory.c.obj (.text:free_list_insert)
                  0000474c    00000024     msp432p4xx_driverlib.lib : gpio.o (.text:GPIO_getInterruptStatus)
                  00004770    00000022     rtsv7M4_T_le_v4SPD16_eabi_eh.lib : tdeh_cpp_abi.cpp.obj (.text:__cxa_free_exception)
                  00004792    00000002     --HOLE-- [fill = 0]
                  00004794    00000020     Interruptions_handler.obj (.text:T32_INT1_IRQHandler)
                  000047b4    00000020     rtsv7M4_T_le_v4SPD16_eabi_eh.lib : tdeh_cpp_abi.cpp.obj (.text:_ZSt10unexpectedv)
                  000047d4    00000020                                      : tdeh_cpp_abi.cpp.obj (.text:_ZSt9terminatev)
                  000047f4    00000020                                      : tdeh_pr_arm.cpp.obj (.text:__TI_Unwind_RaiseException)
                  00004814    00000020                                      : rtti.c.obj (.text:__cxa_bad_typeid)
                  00004834    00000020                                      : u_tofd_t2.asm.obj (.text)
                  00004854    0000001e                                      : tdeh_cpp_abi.cpp.obj (.text:_ZN38_INTERNAL_16_tdeh_cpp_abi_cpp_89652da837__TI_setup_handler_and_call_terminateEP19_Unwind_Exception_s)
                  00004872    00000002     --HOLE-- [fill = 0]
                  00004874    0000001c     msp432p4xx_driverlib.lib : adc14.o (.text:ADC14_getResult)
                  00004890    0000001c                              : spi.o (.text:SPI_enableModule)
                  000048ac    0000001c     rtsv7M4_T_le_v4SPD16_eabi_eh.lib : memory.c.obj (.text:free_list_remove)
                  000048c8    0000001c                                      : memccpy.c.obj (.text:memccpy)
                  000048e4    0000001a     grlib.a : display.obj (.text:Graphics_clearDisplayOnDisplay)
                  000048fe    0000001a             : context.obj (.text:Graphics_setBackgroundColor)
                  00004918    0000001a             : context.obj (.text:Graphics_setFont)
                  00004932    0000001a     rtsv7M4_T_le_v4SPD16_eabi_eh.lib : s_copysign.c.obj (.text:copysign)
                  0000494c    00000018                                      : stdlib_exception.cpp.obj (.text:_ZNKSt13bad_exception4whatEv)
                  00004964    00000018                                      : sprintf.c.obj (.text:_outs)
                  0000497c    00000016     msp432p4xx_driverlib.lib : spi.o (.text:EUSCI_A_SPI_enable)
                  00004992    00000016                              : spi.o (.text:EUSCI_B_SPI_enable)
                  000049a8    00000016     grlib.a : context.obj (.text:Graphics_setForegroundColor)
                  000049be    00000016             : display.obj (.text:Graphics_translateColorOnDisplay)
                  000049d4    00000016     rtsv7M4_T_le_v4SPD16_eabi_eh.lib : strchr.c.obj (.text:strchr)
                  000049ea    00000002     --HOLE-- [fill = 0]
                  000049ec    00000014                                      : stdlib_typeinfo.cpp.obj (.text:_ZNKSt10bad_typeid4whatEv)
                  00004a00    00000014                                      : stdlib_typeinfo.cpp.obj (.text:_ZNSt10bad_typeidC1Ev)
                  00004a14    00000014                                      : strlen.c.obj (.text:strlen)
                  00004a28    00000013                                      : stdlib_exception.cpp.obj (.text:_ZNKSt9exception4whatEv)
                  00004a3b    00000001     --HOLE-- [fill = 0]
                  00004a3c    00000012     grlib.a : context.obj (.text:Graphics_clearDisplay)
                  00004a4e    00000012     rtsv7M4_T_le_v4SPD16_eabi_eh.lib : tdeh_cpp_abi.cpp.obj (.text:__cxa_begin_cleanup)
                  00004a60    00000012                                      : tdeh_cpp_abi.cpp.obj (.text:__cxa_call_terminate)
                  00004a72    00000012                                      : copy_zero_init.c.obj (.text:decompress:ZI:__TI_zero_init_nomemset:__TI_zero_init_nomemset)
                  00004a84    00000012                                      : wcslen.c.obj (.text:wcslen)
                  00004a96    0000000e                                      : typeinfo.c.obj (.text:_ZN10__cxxabiv117__class_type_infoD0Ev)
                  00004aa4    0000000e                                      : typeinfo.c.obj (.text:_ZN10__cxxabiv120__si_class_type_infoD0Ev)
                  00004ab2    0000000e                                      : typeinfo.c.obj (.text:_ZN10__cxxabiv123__fundamental_type_infoD0Ev)
                  00004ac0    0000000e                                      : stdlib_typeinfo.cpp.obj (.text:_ZNSt10bad_typeidD0Ev)
                  00004ace    0000000e                                      : copy_decompress_none.c.obj (.text:decompress:none:__TI_decompress_none)
                  00004adc    0000000c     startup_msp432p401r_ccs.obj (.text:Reset_Handler)
                  00004ae8    0000000c     rtsv7M4_T_le_v4SPD16_eabi_eh.lib : tdeh_cpp_abi.cpp.obj (.text:__TI_cxa_end_cleanup)
                  00004af4    0000000a                                      : tdeh_unwinder.cpp.obj (.text:_Z13__TI_prel2absPKj)
                  00004afe    0000000a                                      : tdeh_cpp_abi.cpp.obj (.text:_ZN38_INTERNAL_16_tdeh_cpp_abi_cpp_89652da825__TI_default_term_handlerEv)
                  00004b08    0000000a     Crystalfontz128x128_ST7735.obj (.text:_ZN50_INTERNAL_28_Crystalfontz128x128_ST7735_c_acdafc1425Crystalfontz128x128_FlushEPK16Graphics_Display)
                  00004b12    0000000a     rtsv7M4_T_le_v4SPD16_eabi_eh.lib : new.cpp.obj (.text:_ZdlPv)
                  00004b1c    0000000a                                      : tdeh_pr_arm.cpp.obj (.text:__aeabi_unwind_cpp_pr0)
                  00004b26    0000000a                                      : tdeh_pr_arm.cpp.obj (.text:__aeabi_unwind_cpp_pr1)
                  00004b30    0000000a                                      : tdeh_pr_arm.cpp.obj (.text:__aeabi_unwind_cpp_pr2)
                  00004b3a    0000000a                                      : sprintf.c.obj (.text:_outc)
                  00004b44    00000008                                      : tdeh_pr_arm.cpp.obj (.text:_Z24__TI_targ_regbuf_installP15_Unwind_Context)
                  00004b4c    00000008                                      : typeinfo.c.obj (.text:_ZN10__cxxabiv117__class_type_infoD1Ev)
                  00004b54    00000008                                      : typeinfo.c.obj (.text:_ZN10__cxxabiv120__si_class_type_infoD1Ev)
                  00004b5c    00000008                                      : typeinfo.c.obj (.text:_ZN10__cxxabiv123__fundamental_type_infoD1Ev)
                  00004b64    00000008                                      : stdlib_typeinfo.cpp.obj (.text:_ZNSt10bad_typeidD1Ev)
                  00004b6c    00000008                                      : errno.c.obj (.text:__aeabi_errno_addr)
                  00004b74    00000008                                      : tdeh_init.cpp.obj (.text:__tdeh_init)
                  00004b7c    00000008                                      : memory.c.obj (.text:malloc)
                  00004b84    00000006                                      : tdeh_pr_arm.cpp.obj (.text:_ZN37_INTERNAL_15_tdeh_pr_arm_cpp_7dc0f84d13regb_core_setEP15_Unwind_Context14_Unwind_Reg_Idj)
                  00004b8a    00000006                                      : stdlib_exception.cpp.obj (.text:_ZNSt13bad_exceptionD0Ev)
                  00004b90    00000006                                      : stdlib_exception.cpp.obj (.text:_ZNSt9exceptionD0Ev)
                  00004b96    00000004                                      : tdeh_pr_arm.cpp.obj (.text:_Z22__TI_targ_rtti_addressPjP15_Unwind_Context)
                  00004b9a    00000004                                      : tdeh_pr_arm.cpp.obj (.text:_Z23__TI_targ_regbuf_get_pcP15_Unwind_Context)
                  00004b9e    00000004                                      : tdeh_pr_arm.cpp.obj (.text:_Z23__TI_targ_regbuf_get_sbP15_Unwind_Context)
                  00004ba2    00000004                                      : tdeh_pr_arm.cpp.obj (.text:_Z23__TI_targ_regbuf_get_spP15_Unwind_Context)
                  00004ba6    00000004                                      : tdeh_pr_arm.cpp.obj (.text:_Z23__TI_targ_regbuf_set_pcP15_Unwind_Contextj)
                  00004baa    00000004                                      : tdeh_pr_arm.cpp.obj (.text:_Z26__TI_targ_setup_call_parm0P15_Unwind_Contextj)
                  00004bae    00000004                                      : tdeh_cpp_abi.cpp.obj (.text:_ZN38_INTERNAL_16_tdeh_cpp_abi_cpp_89652da826__TI_default_unexp_handlerEv)
                  00004bb2    00000004                                      : new.cpp.obj (.text:_ZdlPvj)
                  00004bb6    00000004                                      : error.c.obj (.text:__abort_execution)
                  00004bba    00000004                                      : pre_init.c.obj (.text:_system_pre_init)
                  00004bbe    00000004                                      : exit.c.obj (.text:abort:abort)

.const     0    00004bc4    000007b8     
                  00004bc4    000002f8     grlib.a : fontfixed6x8.obj (.const:.string:g_pucFontFixed6x8Data)
                  00004ebc    00000101     rtsv7M4_T_le_v4SPD16_eabi_eh.lib : ctype.c.obj (.const:.string:_ctypes_)
                  00004fbd    00000002                                      : tdeh_cpp_abi.cpp.obj (.const:.typeinfo:_ZTSv)
                  00004fbf    00000001     --HOLE-- [fill = 0]
                  00004fc0    000000c8     grlib.a : fontfixed6x8.obj (.const:g_sFontFixed6x8)
                  00005088    00000080     msp432p4xx_driverlib.lib : adc14.o (.const:_ctlRegs)
                  00005108    00000030                              : gpio.o (.const:GPIO_PORT_TO_BASE)
                  00005138    00000028     rtsv7M4_T_le_v4SPD16_eabi_eh.lib : typeinfo.c.obj (.const:.typeinfo:_ZTSN10__cxxabiv123__fundamental_type_infoE)
                  00005160    00000026                                      : typeinfo.c.obj (.const:.typeinfo:_ZTSN10__cxxabiv121__vmi_class_type_infoE)
                  00005186    00000025                                      : typeinfo.c.obj (.const:.typeinfo:_ZTSN10__cxxabiv120__si_class_type_infoE)
                  000051ab    00000024                                      : typeinfo.c.obj (.const:.typeinfo:_ZTSN10__cxxabiv119__pointer_type_infoE)
                  000051cf    00000022                                      : typeinfo.c.obj (.const:.typeinfo:_ZTSN10__cxxabiv117__class_type_infoE)
                  000051f1    00000022                                      : typeinfo.c.obj (.const:.typeinfo:_ZTSN10__cxxabiv117__pbase_type_infoE)
                  00005213    00000001     --HOLE-- [fill = 0]
                  00005214    00000020     Crystalfontz128x128_ST7735.obj (.const:g_sCrystalfontz128x128_funcs)
                  00005234    0000001c     HAL_MSP_EXP432P401R_Crystalfontz128x128_ST7735.obj (.const:$P$T40$1)
                  00005250    00000014     rtsv7M4_T_le_v4SPD16_eabi_eh.lib : stdlib_typeinfo.cpp.obj (.const:_ZTVSt10bad_typeid)
                  00005264    00000014                                      : stdlib_exception.cpp.obj (.const:_ZTVSt13bad_exception)
                  00005278    00000014                                      : stdlib_exception.cpp.obj (.const:_ZTVSt9exception)
                  0000528c    00000012                                      : stdlib_exception.cpp.obj (.const:.typeinfo:_ZTSSt13bad_exception)
                  0000529e    00000002     --HOLE-- [fill = 0]
                  000052a0    00000010                                      : typeinfo.c.obj (.const:_ZTVN10__cxxabiv117__class_type_infoE)
                  000052b0    00000010                                      : typeinfo.c.obj (.const:_ZTVN10__cxxabiv120__si_class_type_infoE)
                  000052c0    00000010                                      : typeinfo.c.obj (.const:_ZTVN10__cxxabiv123__fundamental_type_infoE)
                  000052d0    0000000f                                      : stdlib_typeinfo.cpp.obj (.const:.typeinfo:_ZTSSt10bad_typeid)
                  000052df    0000000d                                      : stdlib_exception.cpp.obj (.const:.typeinfo:_ZTSSt9exception)
                  000052ec    0000000d                                      : stdlib_typeinfo.cpp.obj (.const:.typeinfo:_ZTSSt9type_info)
                  000052f9    00000003     --HOLE-- [fill = 0]
                  000052fc    0000000c                                      : typeinfo.c.obj (.const:.typeinfo:_ZTIN10__cxxabiv117__class_type_infoE)
                  00005308    0000000c                                      : typeinfo.c.obj (.const:.typeinfo:_ZTIN10__cxxabiv117__pbase_type_infoE)
                  00005314    0000000c                                      : typeinfo.c.obj (.const:.typeinfo:_ZTIN10__cxxabiv119__pointer_type_infoE)
                  00005320    0000000c                                      : typeinfo.c.obj (.const:.typeinfo:_ZTIN10__cxxabiv120__si_class_type_infoE)
                  0000532c    0000000c                                      : typeinfo.c.obj (.const:.typeinfo:_ZTIN10__cxxabiv121__vmi_class_type_infoE)
                  00005338    0000000c                                      : typeinfo.c.obj (.const:.typeinfo:_ZTIN10__cxxabiv123__fundamental_type_infoE)
                  00005344    0000000c                                      : stdlib_typeinfo.cpp.obj (.const:.typeinfo:_ZTISt10bad_typeid)
                  00005350    0000000c                                      : stdlib_exception.cpp.obj (.const:.typeinfo:_ZTISt13bad_exception)
                  0000535c    00000008     Crystalfontz128x128_ST7735.obj (.const:$P$T40$1)
                  00005364    00000008     rtsv7M4_T_le_v4SPD16_eabi_eh.lib : stdlib_exception.cpp.obj (.const:.typeinfo:_ZTISt9exception)
                  0000536c    00000008                                      : stdlib_typeinfo.cpp.obj (.const:.typeinfo:_ZTISt9type_info)
                  00005374    00000008                                      : tdeh_cpp_abi.cpp.obj (.const:.typeinfo:_ZTIv)

.cinit     0    00005380    00000038     
                  00005380    00000014     (.cinit..data.load) [load image, compression = lzss]
                  00005394    0000000c     (__TI_handler_table)
                  000053a0    00000008     (.cinit..bss.load) [load image, compression = zero_init]
                  000053a8    00000010     (__TI_cinit_table)

.init_array 
*          0    00000000    00000000     UNINITIALIZED

.binit     0    00000000    00000000     

.sysmem    0    20000000    00000800     UNINITIALIZED
                  20000000    00000010     rtsv7M4_T_le_v4SPD16_eabi_eh.lib : memory.c.obj (.sysmem)
                  20000010    000007f0     --HOLE--

.bss       0    20000800    00000050     UNINITIALIZED
                  20000800    0000001c     (.common:g_sContext)
                  2000081c    0000000c     (.common:g_u16Adc14Result)
                  20000828    00000008     main.obj (.bss:resultsBuffer)
                  20000830    00000004     (.common:g_iAudioSampleCount)
                  20000834    00000004     (.common:g_iAudioThreshold)
                  20000838    00000004     (.common:g_iLampOnCount)
                  2000083c    00000004     (.common:g_u32AudioSampleSum)
                  20000840    00000002     (.common:Lcd_ScreenHeigth)
                  20000842    00000002     (.common:Lcd_ScreenWidth)
                  20000844    00000002     (.common:Lcd_TouchTrim)
                  20000846    00000002     (.common:g_u16AudioAverage_1s)
                  20000848    00000002     (.common:g_u16AudioAverage_5s)
                  2000084a    00000001     (.common:Lcd_FlagRead)
                  2000084b    00000001     (.common:Lcd_FontSolid)
                  2000084c    00000001     (.common:Lcd_Orientation)
                  2000084d    00000001     (.common:Lcd_PenSolid)
                  2000084e    00000001     (.common:g_u8Flags)
                  2000084f    00000001     (.common:g_u8OverThSampleCount)

.data      0    20000850    00000028     UNINITIALIZED
                  20000850    00000010     Crystalfontz128x128_ST7735.obj (.data:g_sCrystalfontz128x128)
                  20000860    00000008     rtsv7M4_T_le_v4SPD16_eabi_eh.lib : _lock.c.obj (.data:$O1$$)
                  20000868    00000008                                      : memory.c.obj (.data:$O1$$)
                  20000870    00000004                                      : errno.c.obj (.data)
                  20000874    00000004                                      : tdeh_cpp_abi.cpp.obj (.data)

.stack     0    2000fe00    00000200     UNINITIALIZED
                  2000fe00    00000004     rtsv7M4_T_le_v4SPD16_eabi_eh.lib : boot_cortex_m.c.obj (.stack)
                  2000fe04    000001fc     --HOLE--

.ARM.exidx 
*          0    000053b8    00000098     
                  000053b8    00000008     (.ARM.exidx.text:__TI_printfi:rtsv7M4_T_le_v4SPD16_eabi_eh.lib<_printfi.c.obj>)
                  000053c0    00000008     main.obj (.ARM.exidx)
                  000053c8    00000008     (.ARM.exidx.text:T32_INT2_IRQHandler:Interruptions_handler.obj)
                  000053d0    00000008     main.obj (.ARM.exidx)
                  000053d8    00000008     (.ARM.exidx.text:aligned_alloc:rtsv7M4_T_le_v4SPD16_eabi_eh.lib<memory.c.obj>)
                  000053e0    00000008     main.obj (.ARM.exidx)
                  000053e8    00000008     (.ARM.exidx.text:GPIO_setAsPeripheralModuleFunctionOutputPin:msp432p4xx_driverlib.lib<gpio.o>)
                  000053f0    00000008     rtsv7M4_T_le_v4SPD16_eabi_eh.lib : tdeh_cpp_abi.cpp.obj (.ARM.exidx)
                  000053f8    00000008     (.ARM.exidx.text:__cxa_end_catch:rtsv7M4_T_le_v4SPD16_eabi_eh.lib<tdeh_cpp_abi.cpp.obj>)
                  00005400    00000008     main.obj (.ARM.exidx)
                  00005408    00000008     (.ARM.exidx.text:__TI_Unwind_RaiseException2:rtsv7M4_T_le_v4SPD16_eabi_eh.lib<tdeh_unwinder.cpp.obj>)
                  00005410    00000008     Interruptions_handler.obj (.ARM.exidx)
                  00005418    00000008     (.ARM.exidx.text:_Z16HAL_LCD_PortInitv:HAL_MSP_EXP432P401R_Crystalfontz128x128_ST7735.obj)
                  00005420    00000008     rtsv7M4_T_le_v4SPD16_eabi_eh.lib : tdeh_cpp_abi.cpp.obj (.ARM.exidx)
                  00005428    00000008     (.ARM.exidx.text:__TI_Unwind_RaiseException:rtsv7M4_T_le_v4SPD16_eabi_eh.lib<tdeh_pr_arm.cpp.obj>)
                  00005430    00000008                                      : tdeh_cpp_abi.cpp.obj (.ARM.exidx)
                  00005438    00000008     (.ARM.exidx.text:_ZN50_INTERNAL_28_Crystalfontz128x128_ST7735_c_acdafc1425Crystalfontz128x128_FlushEPK16Graphics_Display:Crystalfontz128x128_ST7735.obj)
                  00005440    00000008                                      : tdeh_init.cpp.obj (.ARM.exidx)
                  00005448    00000008     (.ARM.exidx.text:malloc:rtsv7M4_T_le_v4SPD16_eabi_eh.lib<memory.c.obj>)

MODULE SUMMARY

       Module                                               code    ro data   rw data
       ------                                               ----    -------   -------
    ./
       main.obj                                             888     32        72     
       Interruptions_handler.obj                            460     8         0      
       system_msp432p401r.obj                               120     0         0      
       Hardware_setup.obj                                   0       0         68     
    +--+----------------------------------------------------+-------+---------+---------+
       Total:                                               1468    40        140    
                                                                                     
    ./LcdDriver/
       Crystalfontz128x128_ST7735.obj                       1670    40        52     
       HAL_MSP_EXP432P401R_Crystalfontz128x128_ST7735.obj   212     28        0      
    +--+----------------------------------------------------+-------+---------+---------+
       Total:                                               1882    68        52     
                                                                                     
    ./ccs/
       startup_msp432p401r_ccs.obj                          14      228       0      
    +--+----------------------------------------------------+-------+---------+---------+
       Total:                                               14      228       0      
                                                                                     
    /home/du/ti/ccs900/ccs/tools/compiler/ti-cgt-arm_18.12.1.LTS/lib/rtsv7M4_T_le_v4SPD16_eabi_eh.lib
       _printfi.c.obj                                       4851    0         0      
       tdeh_cpp_abi.cpp.obj                                 1149    34        8      
       tdeh_pr_arm.cpp.obj                                  982     0         0      
       memory.c.obj                                         676     0         16     
       rtti.c.obj                                           688     0         0      
       tdeh_pr_common.cpp.obj                               594     0         0      
       fd_add_t2.asm.obj                                    438     0         0      
       typeinfo.c.obj                                       66      339       0      
       tdeh_unwinder.cpp.obj                                354     0         0      
       fd_div_t2.asm.obj                                    310     0         0      
       s_scalbn.c.obj                                       272     0         0      
       fd_cmp_t2.asm.obj                                    268     0         0      
       ctype.c.obj                                          0       257       0      
       fd_mul_t2.asm.obj                                    252     0         0      
       memcpy_t2.asm.obj                                    156     0         0      
       stdlib_exception.cpp.obj                             59      91        0      
       ull_div_t2.asm.obj                                   150     0         0      
       stdlib_typeinfo.cpp.obj                              64      68        0      
       memset_t2.asm.obj                                    122     0         0      
       tdeh_uwentry_t2.asm.obj                              108     0         0      
       copy_decompress_lzss.c.obj                           104     0         0      
       s_frexp.c.obj                                        100     0         0      
       sprintf.c.obj                                        98      0         0      
       ltoa.c.obj                                           84      0         0      
       atoi.c.obj                                           76      0         0      
       autoinit.c.obj                                       72      0         0      
       fd_toi_t2.asm.obj                                    72      0         0      
       bsearch.c.obj                                        68      0         0      
       boot_cortex_m.c.obj                                  52      0         0      
       i_tofd_t2.asm.obj                                    46      0         0      
       u_tofd_t2.asm.obj                                    32      0         0      
       memccpy.c.obj                                        28      0         0      
       s_copysign.c.obj                                     26      0         0      
       strchr.c.obj                                         22      0         0      
       strlen.c.obj                                         20      0         0      
       _lock.c.obj                                          2       0         16     
       copy_zero_init.c.obj                                 18      0         0      
       wcslen.c.obj                                         18      0         0      
       errno.c.obj                                          8       0         8      
       tdeh_init.cpp.obj                                    8       8         0      
       copy_decompress_none.c.obj                           14      0         0      
       new.cpp.obj                                          14      0         0      
       error.c.obj                                          4       0         0      
       exit.c.obj                                           4       0         0      
       pre_init.c.obj                                       4       0         0      
       div0.asm.obj                                         2       0         0      
    +--+----------------------------------------------------+-------+---------+---------+
       Total:                                               12555   797       48     
                                                                                     
    /home/du/ti/simplelink_msp432p4_sdk_3_10_00_08/source/ti/devices/msp432p4xx/driverlib/ccs/msp432p4xx_driverlib.lib
       gpio.o                                               528     48        0      
       adc14.o                                              380     128       0      
       spi.o                                                312     0         0      
    +--+----------------------------------------------------+-------+---------+---------+
       Total:                                               1220    176       0      
                                                                                     
    /home/du/ti/simplelink_msp432p4_sdk_3_10_00_08/source/ti/grlib/lib/ccs/m4f/grlib.a
       string.obj                                           1536    0         0      
       fontfixed6x8.obj                                     0       960       0      
       context.obj                                          174     0         0      
       line.obj                                             156     0         0      
       display.obj                                          146     0         0      
    +--+----------------------------------------------------+-------+---------+---------+
       Total:                                               2012    960       0      
                                                                                     
       Heap:                                                0       0         4096   
       Stack:                                               0       0         1024   
       Linker Generated:                                    0       136       0      
    +--+----------------------------------------------------+-------+---------+---------+
       Grand Total:                                         19151   2405      5360   


LINKER GENERATED COPY TABLES

__TI_cinit_table @ 000053a8 records: 2, size/record: 8, table size: 16
	.data: load addr=00005380, load size=00000014 bytes, run addr=20000850, run size=00000028 bytes, compression=lzss
	.bss: load addr=000053a0, load size=00000008 bytes, run addr=20000800, run size=00000050 bytes, compression=zero_init


LINKER GENERATED HANDLER TABLE

__TI_handler_table @ 00005394 records: 3, size/record: 4, table size: 12
	index: 0, handler: __TI_decompress_lzss
	index: 1, handler: __TI_decompress_none
	index: 2, handler: __TI_zero_init


GLOBAL SYMBOLS: SORTED ALPHABETICALLY BY Name 

address   name                                                                                                                          
-------   ----                                                                                                                          
000053b8  .ARM.exidx$$Base                                                                                                              
00005450  .ARM.exidx$$Limit                                                                                                             
00002d3d  ADC14_IRQHandler                                                                                                              
00002d3d  ADC14_IRQHandler                                                                                                              
00004875  ADC14_getResult                                                                                                               
000016fb  AES256_IRQHandler                                                                                                             
000016fb  BusFault_Handler                                                                                                              
00004bbf  C$$EXIT                                                                                                                       
000016fb  COMP_E0_IRQHandler                                                                                                            
000016fb  COMP_E1_IRQHandler                                                                                                            
000016fb  CS_IRQHandler                                                                                                                 
000016fb  DMA_ERR_IRQHandler                                                                                                            
000016fb  DMA_INT0_IRQHandler                                                                                                           
000016fb  DMA_INT1_IRQHandler                                                                                                           
000016fb  DMA_INT2_IRQHandler                                                                                                           
000016fb  DMA_INT3_IRQHandler                                                                                                           
000016fb  DebugMon_Handler                                                                                                              
000016fb  Default_Handler                                                                                                               
000016fb  EUSCIA0_IRQHandler                                                                                                            
000016fb  EUSCIA1_IRQHandler                                                                                                            
000016fb  EUSCIA2_IRQHandler                                                                                                            
000016fb  EUSCIA3_IRQHandler                                                                                                            
000016fb  EUSCIB0_IRQHandler                                                                                                            
000016fb  EUSCIB1_IRQHandler                                                                                                            
000016fb  EUSCIB2_IRQHandler                                                                                                            
000016fb  EUSCIB3_IRQHandler                                                                                                            
0000497d  EUSCI_A_SPI_enable                                                                                                            
00004993  EUSCI_B_SPI_enable                                                                                                            
000016fb  FLCTL_IRQHandler                                                                                                              
000016fb  FPU_IRQHandler                                                                                                                
0000465d  GPIO_clearInterruptFlag                                                                                                       
000036e5  GPIO_getEnabledInterruptStatus                                                                                                
0000474d  GPIO_getInterruptStatus                                                                                                       
000040d1  GPIO_setAsOutputPin                                                                                                           
00003551  GPIO_setAsPeripheralModuleFunctionOutputPin                                                                                   
00004685  GPIO_setOutputHighOnPin                                                                                                       
000046ad  GPIO_setOutputLowOnPin                                                                                                        
000046d5  GPIO_toggleOutputOnPin                                                                                                        
00004a3d  Graphics_clearDisplay                                                                                                         
000048e5  Graphics_clearDisplayOnDisplay                                                                                                
000043ed  Graphics_drawHorizontalLineOnDisplay                                                                                          
00003253  Graphics_drawLineH                                                                                                            
000045ad  Graphics_drawPixelOnDisplay                                                                                                   
00000b33  Graphics_drawString                                                                                                           
00003f2d  Graphics_drawStringCentered                                                                                                   
00002c41  Graphics_getStringWidth                                                                                                       
00003da1  Graphics_initContext                                                                                                          
000048ff  Graphics_setBackgroundColor                                                                                                   
00004919  Graphics_setFont                                                                                                              
000049a9  Graphics_setForegroundColor                                                                                                   
000049bf  Graphics_translateColorOnDisplay                                                                                              
000016fb  HardFault_Handler                                                                                                             
2000084a  Lcd_FlagRead                                                                                                                  
2000084b  Lcd_FontSolid                                                                                                                 
2000084c  Lcd_Orientation                                                                                                               
2000084d  Lcd_PenSolid                                                                                                                  
20000840  Lcd_ScreenHeigth                                                                                                              
20000842  Lcd_ScreenWidth                                                                                                               
20000844  Lcd_TouchTrim                                                                                                                 
000016fb  MemManage_Handler                                                                                                             
000016fb  NMI_Handler                                                                                                                   
000016fb  PCM_IRQHandler                                                                                                                
000044c1  PORT1_IRQHandler                                                                                                              
000044c1  PORT1_IRQHandler                                                                                                              
000016fb  PORT2_IRQHandler                                                                                                              
000016fb  PORT3_IRQHandler                                                                                                              
000016fb  PORT4_IRQHandler                                                                                                              
000016fb  PORT5_IRQHandler                                                                                                              
000016fb  PORT6_IRQHandler                                                                                                              
000016fb  PSS_IRQHandler                                                                                                                
000016fb  PendSV_Handler                                                                                                                
000016fb  RTC_C_IRQHandler                                                                                                              
00004add  Reset_Handler                                                                                                                 
00004891  SPI_enableModule                                                                                                              
000031a3  SPI_initMaster                                                                                                                
000016fb  SVC_Handler                                                                                                                   
000016fb  SysTick_Handler                                                                                                               
000038e1  SystemInit                                                                                                                    
00004795  T32_INT1_IRQHandler                                                                                                           
00004795  T32_INT1_IRQHandler                                                                                                           
00002021  T32_INT2_IRQHandler                                                                                                           
00002021  T32_INT2_IRQHandler                                                                                                           
000016fb  T32_INTC_IRQHandler                                                                                                           
000016fb  TA0_0_IRQHandler                                                                                                              
000016fb  TA0_N_IRQHandler                                                                                                              
000016fb  TA1_0_IRQHandler                                                                                                              
000016fb  TA1_N_IRQHandler                                                                                                              
000016fb  TA2_0_IRQHandler                                                                                                              
000016fb  TA2_N_IRQHandler                                                                                                              
000016fb  TA3_0_IRQHandler                                                                                                              
000016fb  TA3_N_IRQHandler                                                                                                              
000016fb  UsageFault_Handler                                                                                                            
4000480c  WDTCTL_SYM                                                                                                                    
000016fb  WDT_A_IRQHandler                                                                                                              
00003aa9  _Unwind_RaiseException                                                                                                        
00003acb  _Unwind_Resume                                                                                                                
00004af5  _Z13__TI_prel2absPKj                                                                                                          
000034bd  _Z13drawAccelDatav                                                                                                            
00004151  _Z15HAL_LCD_SpiInitv                                                                                                          
000044f1  _Z16HAL_LCD_PortInitv                                                                                                         
00004005  _Z16__TI_targ_set_prP19_Unwind_Exception_s                                                                                    
000045d9  _Z17HAL_LCD_writeDatah                                                                                                        
0000430d  _Z20HAL_LCD_writeCommandh                                                                                                     
00004b97  _Z22__TI_targ_rtti_addressPjP15_Unwind_Context                                                                                
00004b9b  _Z23__TI_targ_regbuf_get_pcP15_Unwind_Context                                                                                 
00004b9f  _Z23__TI_targ_regbuf_get_sbP15_Unwind_Context                                                                                 
00004ba3  _Z23__TI_targ_regbuf_get_spP15_Unwind_Context                                                                                 
00004ba7  _Z23__TI_targ_regbuf_set_pcP15_Unwind_Contextj                                                                                
000027e5  _Z24Crystalfontz128x128_Initv                                                                                                 
000014a9  _Z24__TI_process_descriptors13_Unwind_PhaseP19_Unwind_Exception_sP15_Unwind_Context15_Unwind_PR_KindPjP19_Unwind_Reason_CodePb
00004b45  _Z24__TI_targ_regbuf_installP15_Unwind_Context                                                                                
00004bab  _Z26__TI_targ_setup_call_parm0P15_Unwind_Contextj                                                                             
000026b1  _Z32Crystalfontz128x128_SetDrawFrametttt                                                                                      
00003cf9  _Z34Crystalfontz128x128_SetOrientationh                                                                                       
00004345  _Z9drawTitlev                                                                                                                 
00004a97  _ZN10__cxxabiv117__class_type_infoD0Ev                                                                                        
00004b4d  _ZN10__cxxabiv117__class_type_infoD1Ev                                                                                        
00004b4d  _ZN10__cxxabiv117__class_type_infoD2Ev                                                                                        
00004aa5  _ZN10__cxxabiv120__si_class_type_infoD0Ev                                                                                     
00004b55  _ZN10__cxxabiv120__si_class_type_infoD1Ev                                                                                     
00004b55  _ZN10__cxxabiv120__si_class_type_infoD2Ev                                                                                     
00004ab3  _ZN10__cxxabiv123__fundamental_type_infoD0Ev                                                                                  
00004b5d  _ZN10__cxxabiv123__fundamental_type_infoD1Ev                                                                                  
00004b5d  _ZN10__cxxabiv123__fundamental_type_infoD2Ev                                                                                  
000049ed  _ZNKSt10bad_typeid4whatEv                                                                                                     
0000494d  _ZNKSt13bad_exception4whatEv                                                                                                  
00004a29  _ZNKSt9exception4whatEv                                                                                                       
00004a01  _ZNSt10bad_typeidC1Ev                                                                                                         
00004a01  _ZNSt10bad_typeidC2Ev                                                                                                         
00004ac1  _ZNSt10bad_typeidD0Ev                                                                                                         
00004b65  _ZNSt10bad_typeidD1Ev                                                                                                         
00004b65  _ZNSt10bad_typeidD2Ev                                                                                                         
00004b8b  _ZNSt13bad_exceptionD0Ev                                                                                                      
00001e6b  _ZNSt13bad_exceptionD1Ev                                                                                                      
00001e6b  _ZNSt13bad_exceptionD2Ev                                                                                                      
00004b91  _ZNSt9exceptionD0Ev                                                                                                           
000026af  _ZNSt9exceptionD1Ev                                                                                                           
000026af  _ZNSt9exceptionD2Ev                                                                                                           
00002d3b  _ZNSt9type_infoD1Ev                                                                                                           
00002d3b  _ZNSt9type_infoD2Ev                                                                                                           
000047b5  _ZSt10unexpectedv                                                                                                             
000047d5  _ZSt9terminatev                                                                                                               
000052fc  _ZTIN10__cxxabiv117__class_type_infoE                                                                                         
00005308  _ZTIN10__cxxabiv117__pbase_type_infoE                                                                                         
00005314  _ZTIN10__cxxabiv119__pointer_type_infoE                                                                                       
00005320  _ZTIN10__cxxabiv120__si_class_type_infoE                                                                                      
0000532c  _ZTIN10__cxxabiv121__vmi_class_type_infoE                                                                                     
00005338  _ZTIN10__cxxabiv123__fundamental_type_infoE                                                                                   
00005344  _ZTISt10bad_typeid                                                                                                            
00005350  _ZTISt13bad_exception                                                                                                         
00005364  _ZTISt9exception                                                                                                              
0000536c  _ZTISt9type_info                                                                                                              
00005374  _ZTIv                                                                                                                         
000051cf  _ZTSN10__cxxabiv117__class_type_infoE                                                                                         
000051f1  _ZTSN10__cxxabiv117__pbase_type_infoE                                                                                         
000051ab  _ZTSN10__cxxabiv119__pointer_type_infoE                                                                                       
00005186  _ZTSN10__cxxabiv120__si_class_type_infoE                                                                                      
00005160  _ZTSN10__cxxabiv121__vmi_class_type_infoE                                                                                     
00005138  _ZTSN10__cxxabiv123__fundamental_type_infoE                                                                                   
000052d0  _ZTSSt10bad_typeid                                                                                                            
0000528c  _ZTSSt13bad_exception                                                                                                         
000052df  _ZTSSt9exception                                                                                                              
000052ec  _ZTSSt9type_info                                                                                                              
00004fbd  _ZTSv                                                                                                                         
000052a0  _ZTVN10__cxxabiv117__class_type_infoE                                                                                         
000052b0  _ZTVN10__cxxabiv120__si_class_type_infoE                                                                                      
000052c0  _ZTVN10__cxxabiv123__fundamental_type_infoE                                                                                   
00005250  _ZTVSt10bad_typeid                                                                                                            
00005264  _ZTVSt13bad_exception                                                                                                         
00005278  _ZTVSt9exception                                                                                                              
00004b13  _ZdlPv                                                                                                                        
00004bb3  _ZdlPvj                                                                                                                       
20010000  __STACK_END                                                                                                                   
00000200  __STACK_SIZE                                                                                                                  
00000800  __SYSMEM_SIZE                                                                                                                 
000053a8  __TI_CINIT_Base                                                                                                               
000053b8  __TI_CINIT_Limit                                                                                                              
00005394  __TI_Handler_Table_Base                                                                                                       
000053a0  __TI_Handler_Table_Limit                                                                                                      
00003ae1  __TI_Install_CoreRegs                                                                                                         
00005450  __TI_UNWIND_TABLE_END                                                                                                         
000053b8  __TI_UNWIND_TABLE_START                                                                                                       
000047f5  __TI_Unwind_RaiseException                                                                                                    
0000437d  __TI_Unwind_RaiseException2                                                                                                   
000043b5  __TI_Unwind_Resume                                                                                                            
00003f75  __TI_auto_init_nobinit_nopinit                                                                                                
00004ae9  __TI_cxa_end_cleanup                                                                                                          
00003b15  __TI_decompress_lzss                                                                                                          
00004acf  __TI_decompress_none                                                                                                          
ffffffff  __TI_pprof_out_hndl                                                                                                           
00003b09  __TI_preserve_low_VFP                                                                                                         
000000e5  __TI_printfi                                                                                                                  
ffffffff  __TI_prof_data_size                                                                                                           
ffffffff  __TI_prof_data_start                                                                                                          
00003b0f  __TI_restore_low_VFP                                                                                                          
00000000  __TI_static_base__                                                                                                            
000041d1  __TI_ut_entry_cmp                                                                                                             
00004a73  __TI_zero_init_nomemset                                                                                                       
00004bb7  __abort_execution                                                                                                             
000035d9  __aeabi_cdcmpeq                                                                                                               
000035d9  __aeabi_cdcmple                                                                                                               
0000365f  __aeabi_cdrcmple                                                                                                              
00003fbd  __aeabi_d2iz                                                                                                                  
00001cbf  __aeabi_dadd                                                                                                                  
00002579  __aeabi_ddiv                                                                                                                  
00002b45  __aeabi_dmul                                                                                                                  
00001cb5  __aeabi_dsub                                                                                                                  
00004b6d  __aeabi_errno_addr                                                                                                            
0000457f  __aeabi_i2d                                                                                                                   
00003cf7  __aeabi_idiv0                                                                                                                 
00003cf7  __aeabi_ldiv0                                                                                                                 
00003865  __aeabi_memclr                                                                                                                
00003865  __aeabi_memclr4                                                                                                               
00003865  __aeabi_memclr8                                                                                                               
0000338b  __aeabi_memcpy                                                                                                                
0000338b  __aeabi_memcpy4                                                                                                               
0000338b  __aeabi_memcpy8                                                                                                               
00003867  __aeabi_memset                                                                                                                
00003867  __aeabi_memset4                                                                                                               
00003867  __aeabi_memset8                                                                                                               
00004835  __aeabi_ui2d                                                                                                                  
00003427  __aeabi_uldivmod                                                                                                              
00004b1d  __aeabi_unwind_cpp_pr0                                                                                                        
00004b27  __aeabi_unwind_cpp_pr1                                                                                                        
00004b31  __aeabi_unwind_cpp_pr2                                                                                                        
ffffffff  __binit__                                                                                                                     
ffffffff  __c_args__                                                                                                                    
00003959  __cxa_allocate_exception                                                                                                      
00004815  __cxa_bad_typeid                                                                                                              
00004551  __cxa_begin_catch                                                                                                             
00004a4f  __cxa_begin_cleanup                                                                                                           
00004a61  __cxa_call_terminate                                                                                                          
00003011  __cxa_call_unexpected                                                                                                         
00003e95  __cxa_end_catch                                                                                                               
00003afb  __cxa_end_cleanup                                                                                                             
00004771  __cxa_free_exception                                                                                                          
00003e45  __cxa_get_globals                                                                                                             
00004423  __cxa_rethrow                                                                                                                 
00004631  __cxa_throw                                                                                                                   
000022fd  __cxa_type_match                                                                                                              
00003769  __derived_to_base_conversion                                                                                                  
UNDEFED   __mpu_init                                                                                                                    
2000fe00  __stack                                                                                                                       
00004b75  __tdeh_init                                                                                                                   
00004459  _c_int00_noargs                                                                                                               
00004ebc  _ctypes_                                                                                                                      
20000860  _lock                                                                                                                         
000038df  _nop                                                                                                                          
20000000  _sys_memory                                                                                                                   
UNDEFED   _system_post_cinit                                                                                                            
00004bbb  _system_pre_init                                                                                                              
20000864  _unlock                                                                                                                       
00004bbf  abort                                                                                                                         
00002e35  aligned_alloc                                                                                                                 
00003ee1  atoi                                                                                                                          
ffffffff  binit                                                                                                                         
0000408d  bsearch                                                                                                                       
00004933  copysign                                                                                                                      
00004933  copysignl                                                                                                                     
20000870  errno                                                                                                                         
00002f29  free                                                                                                                          
00003b7d  frexp                                                                                                                         
00003b7d  frexpl                                                                                                                        
20000830  g_iAudioSampleCount                                                                                                           
20000834  g_iAudioThreshold                                                                                                             
20000838  g_iLampOnCount                                                                                                                
20000800  g_sContext                                                                                                                    
20000850  g_sCrystalfontz128x128                                                                                                        
00005214  g_sCrystalfontz128x128_funcs                                                                                                  
00004fc0  g_sFontFixed6x8                                                                                                               
[...]
00004685  GPIO_setOutputHighOnPin                                                                                                       
000046ad  GPIO_setOutputLowOnPin                                                                                                        
000046d5  GPIO_toggleOutputOnPin                                                                                                        
0000474d  GPIO_getInterruptStatus                                                                                                       
00004771  __cxa_free_exception                                                                                                          
00004795  T32_INT1_IRQHandler                                                                                                           
00004795  T32_INT1_IRQHandler                                                                                                           
000047b5  _ZSt10unexpectedv                                                                                                             
000047d5  _ZSt9terminatev                                                                                                               
000047f5  __TI_Unwind_RaiseException                                                                                                    
00004815  __cxa_bad_typeid                                                                                                              
00004835  __aeabi_ui2d                                                                                                                  
00004875  ADC14_getResult                                                                                                               
00004891  SPI_enableModule                                                                                                              
000048c9  memccpy                                                                                                                       
000048e5  Graphics_clearDisplayOnDisplay                                                                                                
000048ff  Graphics_setBackgroundColor                                                                                                   
00004919  Graphics_setFont                                                                                                              
00004933  copysign                                                                                                                      
00004933  copysignl                                                                                                                     
0000494d  _ZNKSt13bad_exception4whatEv                                                                                                  
0000497d  EUSCI_A_SPI_enable                                                                                                            
00004993  EUSCI_B_SPI_enable                                                                                                            
000049a9  Graphics_setForegroundColor                                                                                                   
000049bf  Graphics_translateColorOnDisplay                                                                                              
000049d5  strchr                                                                                                                        
000049ed  _ZNKSt10bad_typeid4whatEv                                                                                                     
00004a01  _ZNSt10bad_typeidC1Ev                                                                                                         
00004a01  _ZNSt10bad_typeidC2Ev                                                                                                         
00004a15  strlen                                                                                                                        
00004a29  _ZNKSt9exception4whatEv                                                                                                       
00004a3d  Graphics_clearDisplay                                                                                                         
00004a4f  __cxa_begin_cleanup                                                                                                           
00004a61  __cxa_call_terminate                                                                                                          
00004a73  __TI_zero_init_nomemset                                                                                                       
00004a85  wcslen                                                                                                                        
00004a97  _ZN10__cxxabiv117__class_type_infoD0Ev                                                                                        
00004aa5  _ZN10__cxxabiv120__si_class_type_infoD0Ev                                                                                     
00004ab3  _ZN10__cxxabiv123__fundamental_type_infoD0Ev                                                                                  
00004ac1  _ZNSt10bad_typeidD0Ev                                                                                                         
00004acf  __TI_decompress_none                                                                                                          
00004add  Reset_Handler                                                                                                                 
00004ae9  __TI_cxa_end_cleanup                                                                                                          
00004af5  _Z13__TI_prel2absPKj                                                                                                          
00004b13  _ZdlPv                                                                                                                        
00004b1d  __aeabi_unwind_cpp_pr0                                                                                                        
00004b27  __aeabi_unwind_cpp_pr1                                                                                                        
00004b31  __aeabi_unwind_cpp_pr2                                                                                                        
00004b45  _Z24__TI_targ_regbuf_installP15_Unwind_Context                                                                                
00004b4d  _ZN10__cxxabiv117__class_type_infoD1Ev                                                                                        
00004b4d  _ZN10__cxxabiv117__class_type_infoD2Ev                                                                                        
00004b55  _ZN10__cxxabiv120__si_class_type_infoD1Ev                                                                                     
00004b55  _ZN10__cxxabiv120__si_class_type_infoD2Ev                                                                                     
00004b5d  _ZN10__cxxabiv123__fundamental_type_infoD1Ev                                                                                  
00004b5d  _ZN10__cxxabiv123__fundamental_type_infoD2Ev                                                                                  
00004b65  _ZNSt10bad_typeidD1Ev                                                                                                         
00004b65  _ZNSt10bad_typeidD2Ev                                                                                                         
00004b6d  __aeabi_errno_addr                                                                                                            
00004b75  __tdeh_init                                                                                                                   
00004b7d  malloc                                                                                                                        
00004b8b  _ZNSt13bad_exceptionD0Ev                                                                                                      
00004b91  _ZNSt9exceptionD0Ev                                                                                                           
00004b97  _Z22__TI_targ_rtti_addressPjP15_Unwind_Context                                                                                
00004b9b  _Z23__TI_targ_regbuf_get_pcP15_Unwind_Context                                                                                 
00004b9f  _Z23__TI_targ_regbuf_get_sbP15_Unwind_Context                                                                                 
00004ba3  _Z23__TI_targ_regbuf_get_spP15_Unwind_Context                                                                                 
00004ba7  _Z23__TI_targ_regbuf_set_pcP15_Unwind_Contextj                                                                                
00004bab  _Z26__TI_targ_setup_call_parm0P15_Unwind_Contextj                                                                             
00004bb3  _ZdlPvj                                                                                                                       
00004bb7  __abort_execution                                                                                                             
00004bbb  _system_pre_init                                                                                                              
00004bbf  C$$EXIT                                                                                                                       
00004bbf  abort                                                                                                                         
00004ebc  _ctypes_                                                                                                                      
00004fbd  _ZTSv                                                                                                                         
00004fc0  g_sFontFixed6x8                                                                                                               
00005138  _ZTSN10__cxxabiv123__fundamental_type_infoE                                                                                   
00005160  _ZTSN10__cxxabiv121__vmi_class_type_infoE                                                                                     
00005186  _ZTSN10__cxxabiv120__si_class_type_infoE                                                                                      
000051ab  _ZTSN10__cxxabiv119__pointer_type_infoE                                                                                       
000051cf  _ZTSN10__cxxabiv117__class_type_infoE                                                                                         
000051f1  _ZTSN10__cxxabiv117__pbase_type_infoE                                                                                         
00005214  g_sCrystalfontz128x128_funcs                                                                                                  
00005250  _ZTVSt10bad_typeid                                                                                                            
00005264  _ZTVSt13bad_exception                                                                                                         
00005278  _ZTVSt9exception                                                                                                              
0000528c  _ZTSSt13bad_exception                                                                                                         
000052a0  _ZTVN10__cxxabiv117__class_type_infoE                                                                                         
000052b0  _ZTVN10__cxxabiv120__si_class_type_infoE                                                                                      
000052c0  _ZTVN10__cxxabiv123__fundamental_type_infoE                                                                                   
000052d0  _ZTSSt10bad_typeid                                                                                                            
000052df  _ZTSSt9exception                                                                                                              
000052ec  _ZTSSt9type_info                                                                                                              
000052fc  _ZTIN10__cxxabiv117__class_type_infoE                                                                                         
00005308  _ZTIN10__cxxabiv117__pbase_type_infoE                                                                                         
00005314  _ZTIN10__cxxabiv119__pointer_type_infoE                                                                                       
00005320  _ZTIN10__cxxabiv120__si_class_type_infoE                                                                                      
0000532c  _ZTIN10__cxxabiv121__vmi_class_type_infoE                                                                                     
00005338  _ZTIN10__cxxabiv123__fundamental_type_infoE                                                                                   
00005344  _ZTISt10bad_typeid                                                                                                            
00005350  _ZTISt13bad_exception                                                                                                         
00005364  _ZTISt9exception                                                                                                              
0000536c  _ZTISt9type_info                                                                                                              
00005374  _ZTIv                                                                                                                         
00005394  __TI_Handler_Table_Base                                                                                                       
000053a0  __TI_Handler_Table_Limit                                                                                                      
000053a8  __TI_CINIT_Base                                                                                                               
000053b8  .ARM.exidx$$Base                                                                                                              
000053b8  __TI_CINIT_Limit                                                                                                              
000053b8  __TI_UNWIND_TABLE_START                                                                                                       
00005450  .ARM.exidx$$Limit                                                                                                             
00005450  __TI_UNWIND_TABLE_END                                                                                                         
20000000  _sys_memory                                                                                                                   
20000800  g_sContext                                                                                                                    
2000081c  g_u16Adc14Result                                                                                                              
20000830  g_iAudioSampleCount                                                                                                           
20000834  g_iAudioThreshold                                                                                                             
20000838  g_iLampOnCount                                                                                                                
2000083c  g_u32AudioSampleSum                                                                                                           
20000840  Lcd_ScreenHeigth                                                                                                              
20000842  Lcd_ScreenWidth                                                                                                               
20000844  Lcd_TouchTrim                                                                                                                 
20000846  g_u16AudioAverage_1s                                                                                                          
20000848  g_u16AudioAverage_5s                                                                                                          
2000084a  Lcd_FlagRead                                                                                                                  
2000084b  Lcd_FontSolid                                                                                                                 
2000084c  Lcd_Orientation                                                                                                               
2000084d  Lcd_PenSolid                                                                                                                  
2000084e  g_u8Flags                                                                                                                     
2000084f  g_u8OverThSampleCount                                                                                                         
20000850  g_sCrystalfontz128x128                                                                                                        
20000860  _lock                                                                                                                         
20000864  _unlock                                                                                                                       
20000870  errno                                                                                                                         
2000fe00  __stack                                                                                                                       
20010000  __STACK_END                                                                                                                   
4000480c  WDTCTL_SYM                                                                                                                    
ffffffff  __TI_pprof_out_hndl                                                                                                           
ffffffff  __TI_prof_data_size                                                                                                           
ffffffff  __TI_prof_data_start                                                                                                          
ffffffff  __binit__                                                                                                                     
ffffffff  __c_args__                                                                                                                    
ffffffff  binit                                                                                                                         
UNDEFED   __mpu_init                                                                                                                    
UNDEFED   _system_post_cinit                                                                                                            

[292 symbols]
