<?xml version="1.0" encoding="ISO-8859-1" ?>
<link_info>
   <banner>TI ARM Linker Unix v18.12.1.LTS</banner>
   <copyright>Copyright (c) 1996-2018 Texas Instruments Incorporated</copyright>
   <link_time>0x5ccf5d2e</link_time>
   <link_errors>0x0</link_errors>
   <output_file>LightSensor_test2.out</output_file>
   <entry_point>
      <name>_c_int00_noargs</name>
      <address>0x4459</address>
   </entry_point>
   <input_file_list>
      <input_file id="fl-2">
         <path>./</path>
         <kind>object</kind>
         <file>Hardware_setup.obj</file>
         <name>Hardware_setup.obj</name>
      </input_file>
      <input_file id="fl-3">
         <path>./</path>
         <kind>object</kind>
         <file>Interruptions_handler.obj</file>
         <name>Interruptions_handler.obj</name>
      </input_file>
      <input_file id="fl-4">
         <path>./</path>
         <kind>object</kind>
         <file>main.obj</file>
         <name>main.obj</name>
      </input_file>
      <input_file id="fl-5">
         <path>./</path>
         <kind>object</kind>
         <file>system_msp432p401r.obj</file>
         <name>system_msp432p401r.obj</name>
      </input_file>
      <input_file id="fl-6">
         <path>./LcdDriver/</path>
         <kind>object</kind>
         <file>Crystalfontz128x128_ST7735.obj</file>
         <name>Crystalfontz128x128_ST7735.obj</name>
      </input_file>
      <input_file id="fl-7">
         <path>./LcdDriver/</path>
         <kind>object</kind>
         <file>HAL_MSP_EXP432P401R_Crystalfontz128x128_ST7735.obj</file>
         <name>HAL_MSP_EXP432P401R_Crystalfontz128x128_ST7735.obj</name>
      </input_file>
      <input_file id="fl-8">
         <path>./ccs/</path>
         <kind>object</kind>
         <file>startup_msp432p401r_ccs.obj</file>
         <name>startup_msp432p401r_ccs.obj</name>
      </input_file>
      <input_file id="fl-13">
         <kind>object</kind>
         <file>&lt;internal&gt;</file>
         <name>&lt;internal&gt;</name>
      </input_file>
      <input_file id="fl-14">
         <path>/home/du/ti/simplelink_msp432p4_sdk_3_10_00_08/source/ti/grlib/lib/ccs/m4f/</path>
         <kind>archive</kind>
         <file>grlib.a</file>
         <name>context.obj</name>
      </input_file>
      <input_file id="fl-15">
         <path>/home/du/ti/simplelink_msp432p4_sdk_3_10_00_08/source/ti/grlib/lib/ccs/m4f/</path>
         <kind>archive</kind>
         <file>grlib.a</file>
         <name>display.obj</name>
      </input_file>
      <input_file id="fl-16">
         <path>/home/du/ti/simplelink_msp432p4_sdk_3_10_00_08/source/ti/grlib/lib/ccs/m4f/</path>
         <kind>archive</kind>
         <file>grlib.a</file>
         <name>fontfixed6x8.obj</name>
      </input_file>
      <input_file id="fl-17">
         <path>/home/du/ti/simplelink_msp432p4_sdk_3_10_00_08/source/ti/grlib/lib/ccs/m4f/</path>
         <kind>archive</kind>
         <file>grlib.a</file>
         <name>string.obj</name>
      </input_file>
      <input_file id="fl-18">
         <path>/home/du/ti/simplelink_msp432p4_sdk_3_10_00_08/source/ti/grlib/lib/ccs/m4f/</path>
         <kind>archive</kind>
         <file>grlib.a</file>
         <name>line.obj</name>
      </input_file>
      <input_file id="fl-19">
         <path>/home/du/ti/simplelink_msp432p4_sdk_3_10_00_08/source/ti/devices/msp432p4xx/driverlib/ccs/</path>
         <kind>archive</kind>
         <file>msp432p4xx_driverlib.lib</file>
         <name>adc14.o</name>
      </input_file>
      <input_file id="fl-1a">
         <path>/home/du/ti/simplelink_msp432p4_sdk_3_10_00_08/source/ti/devices/msp432p4xx/driverlib/ccs/</path>
         <kind>archive</kind>
         <file>msp432p4xx_driverlib.lib</file>
         <name>gpio.o</name>
      </input_file>
      <input_file id="fl-1b">
         <path>/home/du/ti/simplelink_msp432p4_sdk_3_10_00_08/source/ti/devices/msp432p4xx/driverlib/ccs/</path>
         <kind>archive</kind>
         <file>msp432p4xx_driverlib.lib</file>
         <name>interrupt.o</name>
      </input_file>
      <input_file id="fl-1c">
         <path>/home/du/ti/simplelink_msp432p4_sdk_3_10_00_08/source/ti/devices/msp432p4xx/driverlib/ccs/</path>
         <kind>archive</kind>
         <file>msp432p4xx_driverlib.lib</file>
         <name>spi.o</name>
      </input_file>
      <input_file id="fl-1d">
         <path>/home/du/ti/simplelink_msp432p4_sdk_3_10_00_08/source/ti/devices/msp432p4xx/driverlib/ccs/</path>
         <kind>archive</kind>
         <file>msp432p4xx_driverlib.lib</file>
         <name>cpu.o</name>
      </input_file>
      <input_file id="fl-d3">
         <path>/home/du/ti/ccs900/ccs/tools/compiler/ti-cgt-arm_18.12.1.LTS/lib/</path>
         <kind>archive</kind>
         <file>rtsv7M4_T_le_v4SPD16_eabi_eh.lib</file>
         <name>sprintf.c.obj</name>
      </input_file>
      <input_file id="fl-d4">
         <path>/home/du/ti/ccs900/ccs/tools/compiler/ti-cgt-arm_18.12.1.LTS/lib/</path>
         <kind>archive</kind>
         <file>rtsv7M4_T_le_v4SPD16_eabi_eh.lib</file>
         <name>fd_cmp_t2.asm.obj</name>
      </input_file>
      <input_file id="fl-d5">
         <path>/home/du/ti/ccs900/ccs/tools/compiler/ti-cgt-arm_18.12.1.LTS/lib/</path>
         <kind>archive</kind>
         <file>rtsv7M4_T_le_v4SPD16_eabi_eh.lib</file>
         <name>fd_mul_t2.asm.obj</name>
      </input_file>
      <input_file id="fl-d6">
         <path>/home/du/ti/ccs900/ccs/tools/compiler/ti-cgt-arm_18.12.1.LTS/lib/</path>
         <kind>archive</kind>
         <file>rtsv7M4_T_le_v4SPD16_eabi_eh.lib</file>
         <name>i_tofd_t2.asm.obj</name>
      </input_file>
      <input_file id="fl-d7">
         <path>/home/du/ti/ccs900/ccs/tools/compiler/ti-cgt-arm_18.12.1.LTS/lib/</path>
         <kind>archive</kind>
         <file>rtsv7M4_T_le_v4SPD16_eabi_eh.lib</file>
         <name>memcpy_t2.asm.obj</name>
      </input_file>
      <input_file id="fl-d8">
         <path>/home/du/ti/ccs900/ccs/tools/compiler/ti-cgt-arm_18.12.1.LTS/lib/</path>
         <kind>archive</kind>
         <file>rtsv7M4_T_le_v4SPD16_eabi_eh.lib</file>
         <name>u_tofd_t2.asm.obj</name>
      </input_file>
      <input_file id="fl-d9">
         <path>/home/du/ti/ccs900/ccs/tools/compiler/ti-cgt-arm_18.12.1.LTS/lib/</path>
         <kind>archive</kind>
         <file>rtsv7M4_T_le_v4SPD16_eabi_eh.lib</file>
         <name>tdeh_pr_arm.cpp.obj</name>
      </input_file>
      <input_file id="fl-da">
         <path>/home/du/ti/ccs900/ccs/tools/compiler/ti-cgt-arm_18.12.1.LTS/lib/</path>
         <kind>archive</kind>
         <file>rtsv7M4_T_le_v4SPD16_eabi_eh.lib</file>
         <name>copy_zero_init.c.obj</name>
      </input_file>
      <input_file id="fl-db">
         <path>/home/du/ti/ccs900/ccs/tools/compiler/ti-cgt-arm_18.12.1.LTS/lib/</path>
         <kind>archive</kind>
         <file>rtsv7M4_T_le_v4SPD16_eabi_eh.lib</file>
         <name>copy_decompress_none.c.obj</name>
      </input_file>
      <input_file id="fl-dc">
         <path>/home/du/ti/ccs900/ccs/tools/compiler/ti-cgt-arm_18.12.1.LTS/lib/</path>
         <kind>archive</kind>
         <file>rtsv7M4_T_le_v4SPD16_eabi_eh.lib</file>
         <name>copy_decompress_lzss.c.obj</name>
      </input_file>
      <input_file id="fl-dd">
         <path>/home/du/ti/ccs900/ccs/tools/compiler/ti-cgt-arm_18.12.1.LTS/lib/</path>
         <kind>archive</kind>
         <file>rtsv7M4_T_le_v4SPD16_eabi_eh.lib</file>
         <name>boot_cortex_m.c.obj</name>
      </input_file>
      <input_file id="fl-de">
         <path>/home/du/ti/ccs900/ccs/tools/compiler/ti-cgt-arm_18.12.1.LTS/lib/</path>
         <kind>archive</kind>
         <file>rtsv7M4_T_le_v4SPD16_eabi_eh.lib</file>
         <name>tdeh_unwinder.cpp.obj</name>
      </input_file>
      <input_file id="fl-df">
         <path>/home/du/ti/ccs900/ccs/tools/compiler/ti-cgt-arm_18.12.1.LTS/lib/</path>
         <kind>archive</kind>
         <file>rtsv7M4_T_le_v4SPD16_eabi_eh.lib</file>
         <name>tdeh_cpp_abi.cpp.obj</name>
      </input_file>
      <input_file id="fl-e0">
         <path>/home/du/ti/ccs900/ccs/tools/compiler/ti-cgt-arm_18.12.1.LTS/lib/</path>
         <kind>archive</kind>
         <file>rtsv7M4_T_le_v4SPD16_eabi_eh.lib</file>
         <name>tdeh_pr_common.cpp.obj</name>
      </input_file>
      <input_file id="fl-e1">
         <path>/home/du/ti/ccs900/ccs/tools/compiler/ti-cgt-arm_18.12.1.LTS/lib/</path>
         <kind>archive</kind>
         <file>rtsv7M4_T_le_v4SPD16_eabi_eh.lib</file>
         <name>error.c.obj</name>
      </input_file>
      <input_file id="fl-e2">
         <path>/home/du/ti/ccs900/ccs/tools/compiler/ti-cgt-arm_18.12.1.LTS/lib/</path>
         <kind>archive</kind>
         <file>rtsv7M4_T_le_v4SPD16_eabi_eh.lib</file>
         <name>rtti.c.obj</name>
      </input_file>
      <input_file id="fl-e3">
         <path>/home/du/ti/ccs900/ccs/tools/compiler/ti-cgt-arm_18.12.1.LTS/lib/</path>
         <kind>archive</kind>
         <file>rtsv7M4_T_le_v4SPD16_eabi_eh.lib</file>
         <name>typeinfo.c.obj</name>
      </input_file>
      <input_file id="fl-e4">
         <path>/home/du/ti/ccs900/ccs/tools/compiler/ti-cgt-arm_18.12.1.LTS/lib/</path>
         <kind>archive</kind>
         <file>rtsv7M4_T_le_v4SPD16_eabi_eh.lib</file>
         <name>stdlib_exception.cpp.obj</name>
      </input_file>
      <input_file id="fl-e5">
         <path>/home/du/ti/ccs900/ccs/tools/compiler/ti-cgt-arm_18.12.1.LTS/lib/</path>
         <kind>archive</kind>
         <file>rtsv7M4_T_le_v4SPD16_eabi_eh.lib</file>
         <name>stdlib_typeinfo.cpp.obj</name>
      </input_file>
      <input_file id="fl-e6">
         <path>/home/du/ti/ccs900/ccs/tools/compiler/ti-cgt-arm_18.12.1.LTS/lib/</path>
         <kind>archive</kind>
         <file>rtsv7M4_T_le_v4SPD16_eabi_eh.lib</file>
         <name>_printfi.c.obj</name>
      </input_file>
      <input_file id="fl-e7">
         <path>/home/du/ti/ccs900/ccs/tools/compiler/ti-cgt-arm_18.12.1.LTS/lib/</path>
         <kind>archive</kind>
         <file>rtsv7M4_T_le_v4SPD16_eabi_eh.lib</file>
         <name>new.cpp.obj</name>
      </input_file>
      <input_file id="fl-e8">
         <path>/home/du/ti/ccs900/ccs/tools/compiler/ti-cgt-arm_18.12.1.LTS/lib/</path>
         <kind>archive</kind>
         <file>rtsv7M4_T_le_v4SPD16_eabi_eh.lib</file>
         <name>memset_t2.asm.obj</name>
      </input_file>
      <input_file id="fl-e9">
         <path>/home/du/ti/ccs900/ccs/tools/compiler/ti-cgt-arm_18.12.1.LTS/lib/</path>
         <kind>archive</kind>
         <file>rtsv7M4_T_le_v4SPD16_eabi_eh.lib</file>
         <name>tdeh_uwentry_t2.asm.obj</name>
      </input_file>
      <input_file id="fl-ea">
         <path>/home/du/ti/ccs900/ccs/tools/compiler/ti-cgt-arm_18.12.1.LTS/lib/</path>
         <kind>archive</kind>
         <file>rtsv7M4_T_le_v4SPD16_eabi_eh.lib</file>
         <name>fd_add_t2.asm.obj</name>
      </input_file>
      <input_file id="fl-eb">
         <path>/home/du/ti/ccs900/ccs/tools/compiler/ti-cgt-arm_18.12.1.LTS/lib/</path>
         <kind>archive</kind>
         <file>rtsv7M4_T_le_v4SPD16_eabi_eh.lib</file>
         <name>fd_div_t2.asm.obj</name>
      </input_file>
      <input_file id="fl-ec">
         <path>/home/du/ti/ccs900/ccs/tools/compiler/ti-cgt-arm_18.12.1.LTS/lib/</path>
         <kind>archive</kind>
         <file>rtsv7M4_T_le_v4SPD16_eabi_eh.lib</file>
         <name>fd_toi_t2.asm.obj</name>
      </input_file>
      <input_file id="fl-ed">
         <path>/home/du/ti/ccs900/ccs/tools/compiler/ti-cgt-arm_18.12.1.LTS/lib/</path>
         <kind>archive</kind>
         <file>rtsv7M4_T_le_v4SPD16_eabi_eh.lib</file>
         <name>ull_div_t2.asm.obj</name>
      </input_file>
      <input_file id="fl-ee">
         <path>/home/du/ti/ccs900/ccs/tools/compiler/ti-cgt-arm_18.12.1.LTS/lib/</path>
         <kind>archive</kind>
         <file>rtsv7M4_T_le_v4SPD16_eabi_eh.lib</file>
         <name>autoinit.c.obj</name>
      </input_file>
      <input_file id="fl-ef">
         <path>/home/du/ti/ccs900/ccs/tools/compiler/ti-cgt-arm_18.12.1.LTS/lib/</path>
         <kind>archive</kind>
         <file>rtsv7M4_T_le_v4SPD16_eabi_eh.lib</file>
         <name>pre_init.c.obj</name>
      </input_file>
      <input_file id="fl-f0">
         <path>/home/du/ti/ccs900/ccs/tools/compiler/ti-cgt-arm_18.12.1.LTS/lib/</path>
         <kind>archive</kind>
         <file>rtsv7M4_T_le_v4SPD16_eabi_eh.lib</file>
         <name>cpy_tbl.c.obj</name>
      </input_file>
      <input_file id="fl-f1">
         <path>/home/du/ti/ccs900/ccs/tools/compiler/ti-cgt-arm_18.12.1.LTS/lib/</path>
         <kind>archive</kind>
         <file>rtsv7M4_T_le_v4SPD16_eabi_eh.lib</file>
         <name>exit.c.obj</name>
      </input_file>
      <input_file id="fl-f2">
         <path>/home/du/ti/ccs900/ccs/tools/compiler/ti-cgt-arm_18.12.1.LTS/lib/</path>
         <kind>archive</kind>
         <file>rtsv7M4_T_le_v4SPD16_eabi_eh.lib</file>
         <name>_lock.c.obj</name>
      </input_file>
      <input_file id="fl-f3">
         <path>/home/du/ti/ccs900/ccs/tools/compiler/ti-cgt-arm_18.12.1.LTS/lib/</path>
         <kind>archive</kind>
         <file>rtsv7M4_T_le_v4SPD16_eabi_eh.lib</file>
         <name>args_main.c.obj</name>
      </input_file>
      <input_file id="fl-f4">
         <path>/home/du/ti/ccs900/ccs/tools/compiler/ti-cgt-arm_18.12.1.LTS/lib/</path>
         <kind>archive</kind>
         <file>rtsv7M4_T_le_v4SPD16_eabi_eh.lib</file>
         <name>atoi.c.obj</name>
      </input_file>
      <input_file id="fl-f5">
         <path>/home/du/ti/ccs900/ccs/tools/compiler/ti-cgt-arm_18.12.1.LTS/lib/</path>
         <kind>archive</kind>
         <file>rtsv7M4_T_le_v4SPD16_eabi_eh.lib</file>
         <name>bsearch.c.obj</name>
      </input_file>
      <input_file id="fl-f6">
         <path>/home/du/ti/ccs900/ccs/tools/compiler/ti-cgt-arm_18.12.1.LTS/lib/</path>
         <kind>archive</kind>
         <file>rtsv7M4_T_le_v4SPD16_eabi_eh.lib</file>
         <name>ctype.c.obj</name>
      </input_file>
      <input_file id="fl-f7">
         <path>/home/du/ti/ccs900/ccs/tools/compiler/ti-cgt-arm_18.12.1.LTS/lib/</path>
         <kind>archive</kind>
         <file>rtsv7M4_T_le_v4SPD16_eabi_eh.lib</file>
         <name>ltoa.c.obj</name>
      </input_file>
      <input_file id="fl-f8">
         <path>/home/du/ti/ccs900/ccs/tools/compiler/ti-cgt-arm_18.12.1.LTS/lib/</path>
         <kind>archive</kind>
         <file>rtsv7M4_T_le_v4SPD16_eabi_eh.lib</file>
         <name>memccpy.c.obj</name>
      </input_file>
      <input_file id="fl-f9">
         <path>/home/du/ti/ccs900/ccs/tools/compiler/ti-cgt-arm_18.12.1.LTS/lib/</path>
         <kind>archive</kind>
         <file>rtsv7M4_T_le_v4SPD16_eabi_eh.lib</file>
         <name>memory.c.obj</name>
      </input_file>
      <input_file id="fl-fa">
         <path>/home/du/ti/ccs900/ccs/tools/compiler/ti-cgt-arm_18.12.1.LTS/lib/</path>
         <kind>archive</kind>
         <file>rtsv7M4_T_le_v4SPD16_eabi_eh.lib</file>
         <name>strchr.c.obj</name>
      </input_file>
      <input_file id="fl-fb">
         <path>/home/du/ti/ccs900/ccs/tools/compiler/ti-cgt-arm_18.12.1.LTS/lib/</path>
         <kind>archive</kind>
         <file>rtsv7M4_T_le_v4SPD16_eabi_eh.lib</file>
         <name>strlen.c.obj</name>
      </input_file>
      <input_file id="fl-fc">
         <path>/home/du/ti/ccs900/ccs/tools/compiler/ti-cgt-arm_18.12.1.LTS/lib/</path>
         <kind>archive</kind>
         <file>rtsv7M4_T_le_v4SPD16_eabi_eh.lib</file>
         <name>errno.c.obj</name>
      </input_file>
      <input_file id="fl-fd">
         <path>/home/du/ti/ccs900/ccs/tools/compiler/ti-cgt-arm_18.12.1.LTS/lib/</path>
         <kind>archive</kind>
         <file>rtsv7M4_T_le_v4SPD16_eabi_eh.lib</file>
         <name>tdeh_init.cpp.obj</name>
      </input_file>
      <input_file id="fl-fe">
         <path>/home/du/ti/ccs900/ccs/tools/compiler/ti-cgt-arm_18.12.1.LTS/lib/</path>
         <kind>archive</kind>
         <file>rtsv7M4_T_le_v4SPD16_eabi_eh.lib</file>
         <name>wcslen.c.obj</name>
      </input_file>
      <input_file id="fl-ff">
         <path>/home/du/ti/ccs900/ccs/tools/compiler/ti-cgt-arm_18.12.1.LTS/lib/</path>
         <kind>archive</kind>
         <file>rtsv7M4_T_le_v4SPD16_eabi_eh.lib</file>
         <name>s_frexp.c.obj</name>
      </input_file>
      <input_file id="fl-100">
         <path>/home/du/ti/ccs900/ccs/tools/compiler/ti-cgt-arm_18.12.1.LTS/lib/</path>
         <kind>archive</kind>
         <file>rtsv7M4_T_le_v4SPD16_eabi_eh.lib</file>
         <name>s_scalbn.c.obj</name>
      </input_file>
      <input_file id="fl-101">
         <path>/home/du/ti/ccs900/ccs/tools/compiler/ti-cgt-arm_18.12.1.LTS/lib/</path>
         <kind>archive</kind>
         <file>rtsv7M4_T_le_v4SPD16_eabi_eh.lib</file>
         <name>div0.asm.obj</name>
      </input_file>
      <input_file id="fl-102">
         <path>/home/du/ti/ccs900/ccs/tools/compiler/ti-cgt-arm_18.12.1.LTS/lib/</path>
         <kind>archive</kind>
         <file>rtsv7M4_T_le_v4SPD16_eabi_eh.lib</file>
         <name>s_copysign.c.obj</name>
      </input_file>
   </input_file_list>
   <object_component_list>
      <object_component id="oc-23">
         <name>.intvecs:retain</name>
         <load_address>0x0</load_address>
         <run_address>0x0</run_address>
         <size>0xe4</size>
         <input_file_ref idref="fl-8"/>
      </object_component>
      <object_component id="oc-323">
         <name>.text:__TI_printfi</name>
         <load_address>0xe4</load_address>
         <run_address>0xe4</run_address>
         <size>0xa4e</size>
         <input_file_ref idref="fl-e6"/>
      </object_component>
      <object_component id="oc-31b">
         <name>.text:Graphics_drawString</name>
         <load_address>0xb32</load_address>
         <run_address>0xb32</run_address>
         <size>0x47e</size>
         <input_file_ref idref="fl-17"/>
      </object_component>
      <object_component id="oc-59d">
         <name>.text:_ZN37_INTERNAL_15_tdeh_pr_arm_cpp_7dc0f84d18__TI_unwind_cpp_prE13_Unwind_PhaseP19_Unwind_Exception_sP15_Unwind_Context15_Unwind_PR_Kind</name>
         <load_address>0xfb0</load_address>
         <run_address>0xfb0</run_address>
         <size>0x288</size>
         <input_file_ref idref="fl-d9"/>
      </object_component>
      <object_component id="oc-3e7">
         <name>.text:_pconv_a</name>
         <load_address>0x1238</load_address>
         <run_address>0x1238</run_address>
         <size>0x270</size>
         <input_file_ref idref="fl-e6"/>
      </object_component>
      <object_component id="oc-5a4">
         <name>.text:_Z24__TI_process_descriptors13_Unwind_PhaseP19_Unwind_Exception_sP15_Unwind_Context15_Unwind_PR_KindPjP19_Unwind_Reason_CodePb</name>
         <load_address>0x14a8</load_address>
         <run_address>0x14a8</run_address>
         <size>0x252</size>
         <input_file_ref idref="fl-e0"/>
      </object_component>
      <object_component id="oc-6d">
         <name>.text:Default_Handler</name>
         <load_address>0x16fa</load_address>
         <run_address>0x16fa</run_address>
         <size>0x2</size>
         <input_file_ref idref="fl-8"/>
      </object_component>
      <object_component id="oc-702">
         <name>.text:_ZN27_INTERNAL_6_rtti_c_066a44b028derived_to_base_conversion_rEPvPS0_PKN10__cxxabiv117__class_type_infoES5_jPiiPS5_P19a_result_virtualityS6_</name>
         <load_address>0x16fc</load_address>
         <run_address>0x16fc</run_address>
         <size>0x210</size>
         <input_file_ref idref="fl-e2"/>
      </object_component>
      <object_component id="oc-2b0">
         <name>.text:_ZN50_INTERNAL_28_Crystalfontz128x128_ST7735_c_acdafc1437Crystalfontz128x128_PixelDrawMultipleEPK16Graphics_DisplaysssssPKhPKj</name>
         <load_address>0x190c</load_address>
         <run_address>0x190c</run_address>
         <size>0x1d8</size>
         <input_file_ref idref="fl-6"/>
      </object_component>
      <object_component id="oc-3d5">
         <name>.text:_pconv_g</name>
         <load_address>0x1ae4</load_address>
         <run_address>0x1ae4</run_address>
         <size>0x1d0</size>
         <input_file_ref idref="fl-e6"/>
      </object_component>
      <object_component id="oc-483">
         <name>.text</name>
         <load_address>0x1cb4</load_address>
         <run_address>0x1cb4</run_address>
         <size>0x1b6</size>
         <input_file_ref idref="fl-ea"/>
      </object_component>
      <object_component id="oc-658">
         <name>.text:_ZNSt13bad_exceptionD1Ev</name>
         <load_address>0x1e6a</load_address>
         <run_address>0x1e6a</run_address>
         <size>0x2</size>
         <input_file_ref idref="fl-e4"/>
      </object_component>
      <object_component id="oc-b6">
         <name>.text:main</name>
         <load_address>0x1e6c</load_address>
         <run_address>0x1e6c</run_address>
         <size>0x1b4</size>
         <input_file_ref idref="fl-4"/>
      </object_component>
      <object_component id="oc-7f">
         <name>.text:T32_INT2_IRQHandler</name>
         <load_address>0x2020</load_address>
         <run_address>0x2020</run_address>
         <size>0x17c</size>
         <input_file_ref idref="fl-3"/>
      </object_component>
      <object_component id="oc-1d5">
         <name>.text:_getIndexForMemRegister</name>
         <load_address>0x219c</load_address>
         <run_address>0x219c</run_address>
         <size>0x160</size>
         <input_file_ref idref="fl-19"/>
      </object_component>
      <object_component id="oc-5e6">
         <name>.text:__cxa_type_match</name>
         <load_address>0x22fc</load_address>
         <run_address>0x22fc</run_address>
         <size>0x140</size>
         <input_file_ref idref="fl-df"/>
      </object_component>
      <object_component id="oc-3e1">
         <name>.text:_pconv_e</name>
         <load_address>0x243c</load_address>
         <run_address>0x243c</run_address>
         <size>0x13c</size>
         <input_file_ref idref="fl-e6"/>
      </object_component>
      <object_component id="oc-473">
         <name>.text</name>
         <load_address>0x2578</load_address>
         <run_address>0x2578</run_address>
         <size>0x136</size>
         <input_file_ref idref="fl-eb"/>
      </object_component>
      <object_component id="oc-6ce">
         <name>.text:_ZNSt9exceptionD1Ev</name>
         <load_address>0x26ae</load_address>
         <run_address>0x26ae</run_address>
         <size>0x2</size>
         <input_file_ref idref="fl-e4"/>
      </object_component>
      <object_component id="oc-290">
         <name>.text:_Z32Crystalfontz128x128_SetDrawFrametttt</name>
         <load_address>0x26b0</load_address>
         <run_address>0x26b0</run_address>
         <size>0x134</size>
         <input_file_ref idref="fl-6"/>
      </object_component>
      <object_component id="oc-168">
         <name>.text:_Z24Crystalfontz128x128_Initv</name>
         <load_address>0x27e4</load_address>
         <run_address>0x27e4</run_address>
         <size>0x12c</size>
         <input_file_ref idref="fl-6"/>
      </object_component>
      <object_component id="oc-495">
         <name>.text:fcvt</name>
         <load_address>0x2910</load_address>
         <run_address>0x2910</run_address>
         <size>0x124</size>
         <input_file_ref idref="fl-e6"/>
      </object_component>
      <object_component id="oc-4a9">
         <name>.text:scalbn</name>
         <load_address>0x2a34</load_address>
         <run_address>0x2a34</run_address>
         <size>0x110</size>
         <input_file_ref idref="fl-100"/>
      </object_component>
      <object_component id="oc-100">
         <name>.text</name>
         <load_address>0x2b44</load_address>
         <run_address>0x2b44</run_address>
         <size>0xfc</size>
         <input_file_ref idref="fl-d5"/>
      </object_component>
      <object_component id="oc-315">
         <name>.text:Graphics_getStringWidth</name>
         <load_address>0x2c40</load_address>
         <run_address>0x2c40</run_address>
         <size>0xfa</size>
         <input_file_ref idref="fl-17"/>
      </object_component>
      <object_component id="oc-819">
         <name>.text:_ZNSt9type_infoD1Ev</name>
         <load_address>0x2d3a</load_address>
         <run_address>0x2d3a</run_address>
         <size>0x2</size>
         <input_file_ref idref="fl-e5"/>
      </object_component>
      <object_component id="oc-73">
         <name>.text:ADC14_IRQHandler</name>
         <load_address>0x2d3c</load_address>
         <run_address>0x2d3c</run_address>
         <size>0xf8</size>
         <input_file_ref idref="fl-4"/>
      </object_component>
      <object_component id="oc-4df">
         <name>.text:aligned_alloc</name>
         <load_address>0x2e34</load_address>
         <run_address>0x2e34</run_address>
         <size>0xf4</size>
         <input_file_ref idref="fl-f9"/>
      </object_component>
      <object_component id="oc-75c">
         <name>.text:free</name>
         <load_address>0x2f28</load_address>
         <run_address>0x2f28</run_address>
         <size>0xe8</size>
         <input_file_ref idref="fl-f9"/>
      </object_component>
      <object_component id="oc-5c2">
         <name>.text:__cxa_call_unexpected</name>
         <load_address>0x3010</load_address>
         <run_address>0x3010</run_address>
         <size>0xe0</size>
         <input_file_ref idref="fl-df"/>
      </object_component>
      <object_component id="oc-3ca">
         <name>.text:_ltostr</name>
         <load_address>0x30f0</load_address>
         <run_address>0x30f0</run_address>
         <size>0xb1</size>
         <input_file_ref idref="fl-e6"/>
      </object_component>
      <object_component id="oc-34d">
         <name>.text:SPI_initMaster</name>
         <load_address>0x31a2</load_address>
         <run_address>0x31a2</run_address>
         <size>0xb0</size>
         <input_file_ref idref="fl-1c"/>
      </object_component>
      <object_component id="oc-3af">
         <name>.text:Graphics_drawLineH</name>
         <load_address>0x3252</load_address>
         <run_address>0x3252</run_address>
         <size>0x9c</size>
         <input_file_ref idref="fl-18"/>
      </object_component>
      <object_component id="oc-2c2">
         <name>.text:_ZN50_INTERNAL_28_Crystalfontz128x128_ST7735_c_acdafc1428Crystalfontz128x128_RectFillEPK16Graphics_DisplayPK18Graphics_Rectanglet</name>
         <load_address>0x32ee</load_address>
         <run_address>0x32ee</run_address>
         <size>0x9c</size>
         <input_file_ref idref="fl-6"/>
      </object_component>
      <object_component id="oc-37">
         <name>.text</name>
         <load_address>0x338a</load_address>
         <run_address>0x338a</run_address>
         <size>0x9c</size>
         <input_file_ref idref="fl-d7"/>
      </object_component>
      <object_component id="oc-46c">
         <name>.text</name>
         <load_address>0x3426</load_address>
         <run_address>0x3426</run_address>
         <size>0x96</size>
         <input_file_ref idref="fl-ed"/>
      </object_component>
      <object_component id="oc-e2">
         <name>.text:_Z13drawAccelDatav</name>
         <load_address>0x34bc</load_address>
         <run_address>0x34bc</run_address>
         <size>0x94</size>
         <input_file_ref idref="fl-4"/>
      </object_component>
      <object_component id="oc-340">
         <name>.text:GPIO_setAsPeripheralModuleFunctionOutputPin</name>
         <load_address>0x3550</load_address>
         <run_address>0x3550</run_address>
         <size>0x88</size>
         <input_file_ref idref="fl-1a"/>
      </object_component>
      <object_component id="oc-3d0">
         <name>.text:__aeabi_cdcmple</name>
         <load_address>0x35d8</load_address>
         <run_address>0x35d8</run_address>
         <size>0x86</size>
         <input_file_ref idref="fl-d4"/>
      </object_component>
      <object_component id="oc-105">
         <name>.text:__aeabi_cdrcmple</name>
         <load_address>0x365e</load_address>
         <run_address>0x365e</run_address>
         <size>0x86</size>
         <input_file_ref idref="fl-d4"/>
      </object_component>
      <object_component id="oc-123">
         <name>.text:GPIO_getEnabledInterruptStatus</name>
         <load_address>0x36e4</load_address>
         <run_address>0x36e4</run_address>
         <size>0x84</size>
         <input_file_ref idref="fl-1a"/>
      </object_component>
      <object_component id="oc-66a">
         <name>.text:__derived_to_base_conversion</name>
         <load_address>0x3768</load_address>
         <run_address>0x3768</run_address>
         <size>0x80</size>
         <input_file_ref idref="fl-e2"/>
      </object_component>
      <object_component id="oc-56d">
         <name>.text:split</name>
         <load_address>0x37e8</load_address>
         <run_address>0x37e8</run_address>
         <size>0x7c</size>
         <input_file_ref idref="fl-f9"/>
      </object_component>
      <object_component id="oc-aa">
         <name>.text</name>
         <load_address>0x3864</load_address>
         <run_address>0x3864</run_address>
         <size>0x7a</size>
         <input_file_ref idref="fl-e8"/>
      </object_component>
      <object_component id="oc-37a">
         <name>.text:_nop</name>
         <load_address>0x38de</load_address>
         <run_address>0x38de</run_address>
         <size>0x2</size>
         <input_file_ref idref="fl-f2"/>
      </object_component>
      <object_component id="oc-c8">
         <name>.text:SystemInit</name>
         <load_address>0x38e0</load_address>
         <run_address>0x38e0</run_address>
         <size>0x78</size>
         <input_file_ref idref="fl-5"/>
      </object_component>
      <object_component id="oc-637">
         <name>.text:__cxa_allocate_exception</name>
         <load_address>0x3958</load_address>
         <run_address>0x3958</run_address>
         <size>0x75</size>
         <input_file_ref idref="fl-df"/>
      </object_component>
      <object_component id="oc-48e">
         <name>.text:_mcpy</name>
         <load_address>0x39ce</load_address>
         <run_address>0x39ce</run_address>
         <size>0x6e</size>
         <input_file_ref idref="fl-e6"/>
      </object_component>
      <object_component id="oc-7df">
         <name>.text:_ZN39_INTERNAL_17_tdeh_unwinder_cpp_f8f63fad16find_et_setup_prEP19_Unwind_Exception_sj</name>
         <load_address>0x3a3c</load_address>
         <run_address>0x3a3c</run_address>
         <size>0x6c</size>
         <input_file_ref idref="fl-de"/>
      </object_component>
      <object_component id="oc-612">
         <name>.text</name>
         <load_address>0x3aa8</load_address>
         <run_address>0x3aa8</run_address>
         <size>0x6c</size>
         <input_file_ref idref="fl-e9"/>
      </object_component>
      <object_component id="oc-14">
         <name>.text:decompress:lzss:__TI_decompress_lzss</name>
         <load_address>0x3b14</load_address>
         <run_address>0x3b14</run_address>
         <size>0x68</size>
         <input_file_ref idref="fl-dc"/>
      </object_component>
      <object_component id="oc-4a3">
         <name>.text:frexp</name>
         <load_address>0x3b7c</load_address>
         <run_address>0x3b7c</run_address>
         <size>0x64</size>
         <input_file_ref idref="fl-ff"/>
      </object_component>
      <object_component id="oc-2b6">
         <name>.text:_ZN50_INTERNAL_28_Crystalfontz128x128_ST7735_c_acdafc1429Crystalfontz128x128_LineDrawHEPK16Graphics_Displayssst</name>
         <load_address>0x3be0</load_address>
         <run_address>0x3be0</run_address>
         <size>0x60</size>
         <input_file_ref idref="fl-6"/>
      </object_component>
      <object_component id="oc-2bc">
         <name>.text:_ZN50_INTERNAL_28_Crystalfontz128x128_ST7735_c_acdafc1429Crystalfontz128x128_LineDrawVEPK16Graphics_Displayssst</name>
         <load_address>0x3c40</load_address>
         <run_address>0x3c40</run_address>
         <size>0x60</size>
         <input_file_ref idref="fl-6"/>
      </object_component>
      <object_component id="oc-3db">
         <name>.text:_pconv_f</name>
         <load_address>0x3ca0</load_address>
         <run_address>0x3ca0</run_address>
         <size>0x56</size>
         <input_file_ref idref="fl-e6"/>
      </object_component>
      <object_component id="oc-52f">
         <name>.text</name>
         <load_address>0x3cf6</load_address>
         <run_address>0x3cf6</run_address>
         <size>0x2</size>
         <input_file_ref idref="fl-101"/>
      </object_component>
      <object_component id="oc-d6">
         <name>.text:_Z34Crystalfontz128x128_SetOrientationh</name>
         <load_address>0x3cf8</load_address>
         <run_address>0x3cf8</run_address>
         <size>0x54</size>
         <input_file_ref idref="fl-6"/>
      </object_component>
      <object_component id="oc-47d">
         <name>.text:ltoa</name>
         <load_address>0x3d4c</load_address>
         <run_address>0x3d4c</run_address>
         <size>0x54</size>
         <input_file_ref idref="fl-f7"/>
      </object_component>
      <object_component id="oc-16e">
         <name>.text:Graphics_initContext</name>
         <load_address>0x3da0</load_address>
         <run_address>0x3da0</run_address>
         <size>0x52</size>
         <input_file_ref idref="fl-14"/>
      </object_component>
      <object_component id="oc-488">
         <name>.text:_ecpy</name>
         <load_address>0x3df2</load_address>
         <run_address>0x3df2</run_address>
         <size>0x52</size>
         <input_file_ref idref="fl-e6"/>
      </object_component>
      <object_component id="oc-386">
         <name>.text:__cxa_get_globals</name>
         <load_address>0x3e44</load_address>
         <run_address>0x3e44</run_address>
         <size>0x50</size>
         <input_file_ref idref="fl-df"/>
      </object_component>
      <object_component id="oc-62b">
         <name>.text:__cxa_end_catch</name>
         <load_address>0x3e94</load_address>
         <run_address>0x3e94</run_address>
         <size>0x4c</size>
         <input_file_ref idref="fl-df"/>
      </object_component>
      <object_component id="oc-3c4">
         <name>.text:atoi</name>
         <load_address>0x3ee0</load_address>
         <run_address>0x3ee0</run_address>
         <size>0x4c</size>
         <input_file_ref idref="fl-f4"/>
      </object_component>
      <object_component id="oc-1f7">
         <name>.text:Graphics_drawStringCentered</name>
         <load_address>0x3f2c</load_address>
         <run_address>0x3f2c</run_address>
         <size>0x48</size>
         <input_file_ref idref="fl-17"/>
      </object_component>
      <object_component id="oc-1a2">
         <name>.text:__TI_auto_init_nobinit_nopinit:__TI_auto_init_nobinit_nopinit</name>
         <load_address>0x3f74</load_address>
         <run_address>0x3f74</run_address>
         <size>0x48</size>
         <input_file_ref idref="fl-ee"/>
      </object_component>
      <object_component id="oc-478">
         <name>.text</name>
         <load_address>0x3fbc</load_address>
         <run_address>0x3fbc</run_address>
         <size>0x48</size>
         <input_file_ref idref="fl-ec"/>
      </object_component>
      <object_component id="oc-827">
         <name>.text:_Z16__TI_targ_set_prP19_Unwind_Exception_s</name>
         <load_address>0x4004</load_address>
         <run_address>0x4004</run_address>
         <size>0x44</size>
         <input_file_ref idref="fl-d9"/>
      </object_component>
      <object_component id="oc-5b0">
         <name>.text:_ZN37_INTERNAL_15_tdeh_pr_arm_cpp_7dc0f84d13regb_Dreg_popEP15_Unwind_Contextjjb</name>
         <load_address>0x4048</load_address>
         <run_address>0x4048</run_address>
         <size>0x44</size>
         <input_file_ref idref="fl-d9"/>
      </object_component>
      <object_component id="oc-821">
         <name>.text:bsearch</name>
         <load_address>0x408c</load_address>
         <run_address>0x408c</run_address>
         <size>0x44</size>
         <input_file_ref idref="fl-f5"/>
      </object_component>
      <object_component id="oc-346">
         <name>.text:GPIO_setAsOutputPin</name>
         <load_address>0x40d0</load_address>
         <run_address>0x40d0</run_address>
         <size>0x40</size>
         <input_file_ref idref="fl-1a"/>
      </object_component>
      <object_component id="oc-3a9">
         <name>.text:Graphics_getNumberOfLeadingZeros</name>
         <load_address>0x4110</load_address>
         <run_address>0x4110</run_address>
         <size>0x40</size>
         <input_file_ref idref="fl-17"/>
      </object_component>
      <object_component id="oc-27e">
         <name>.text:_Z15HAL_LCD_SpiInitv</name>
         <load_address>0x4150</load_address>
         <run_address>0x4150</run_address>
         <size>0x40</size>
         <input_file_ref idref="fl-7"/>
      </object_component>
      <object_component id="oc-2aa">
         <name>.text:_ZN50_INTERNAL_28_Crystalfontz128x128_ST7735_c_acdafc1429Crystalfontz128x128_PixelDrawEPK16Graphics_Displaysst</name>
         <load_address>0x4190</load_address>
         <run_address>0x4190</run_address>
         <size>0x40</size>
         <input_file_ref idref="fl-6"/>
      </object_component>
      <object_component id="oc-82d">
         <name>.text:__TI_ut_entry_cmp</name>
         <load_address>0x41d0</load_address>
         <run_address>0x41d0</run_address>
         <size>0x40</size>
         <input_file_ref idref="fl-de"/>
      </object_component>
      <object_component id="oc-413">
         <name>.text:is_A_Module</name>
         <load_address>0x4210</load_address>
         <run_address>0x4210</run_address>
         <size>0x40</size>
         <input_file_ref idref="fl-1c"/>
      </object_component>
      <object_component id="oc-1fe">
         <name>.text:sprintf</name>
         <load_address>0x4250</load_address>
         <run_address>0x4250</run_address>
         <size>0x40</size>
         <input_file_ref idref="fl-d3"/>
      </object_component>
      <object_component id="oc-49b">
         <name>.text:_fcpy</name>
         <load_address>0x4290</load_address>
         <run_address>0x4290</run_address>
         <size>0x3e</size>
         <input_file_ref idref="fl-e6"/>
      </object_component>
      <object_component id="oc-754">
         <name>.text:_ZN39_INTERNAL_17_tdeh_unwinder_cpp_f8f63fad17__TI_unwind_frameEP19_Unwind_Exception_sP15_Unwind_Context</name>
         <load_address>0x42ce</load_address>
         <run_address>0x42ce</run_address>
         <size>0x3c</size>
         <input_file_ref idref="fl-de"/>
      </object_component>
      <object_component id="oc-1e4">
         <name>.text:_Z20HAL_LCD_writeCommandh</name>
         <load_address>0x430c</load_address>
         <run_address>0x430c</run_address>
         <size>0x38</size>
         <input_file_ref idref="fl-7"/>
      </object_component>
      <object_component id="oc-dc">
         <name>.text:_Z9drawTitlev</name>
         <load_address>0x4344</load_address>
         <run_address>0x4344</run_address>
         <size>0x38</size>
         <input_file_ref idref="fl-4"/>
      </object_component>
      <object_component id="oc-747">
         <name>.text:__TI_Unwind_RaiseException2</name>
         <load_address>0x437c</load_address>
         <run_address>0x437c</run_address>
         <size>0x38</size>
         <input_file_ref idref="fl-de"/>
      </object_component>
      <object_component id="oc-69d">
         <name>.text:__TI_Unwind_Resume</name>
         <load_address>0x43b4</load_address>
         <run_address>0x43b4</run_address>
         <size>0x38</size>
         <input_file_ref idref="fl-de"/>
      </object_component>
      <object_component id="oc-45c">
         <name>.text:Graphics_drawHorizontalLineOnDisplay</name>
         <load_address>0x43ec</load_address>
         <run_address>0x43ec</run_address>
         <size>0x36</size>
         <input_file_ref idref="fl-15"/>
      </object_component>
      <object_component id="oc-643">
         <name>.text:__cxa_rethrow</name>
         <load_address>0x4422</load_address>
         <run_address>0x4422</run_address>
         <size>0x36</size>
         <input_file_ref idref="fl-df"/>
      </object_component>
      <object_component id="oc-55">
         <name>.text:_c_int00_noargs:_c_int00_noargs</name>
         <load_address>0x4458</load_address>
         <run_address>0x4458</run_address>
         <size>0x34</size>
         <input_file_ref idref="fl-dd"/>
      </object_component>
      <object_component id="oc-5b6">
         <name>.text:_ZN37_INTERNAL_15_tdeh_pr_arm_cpp_7dc0f84d13regb_core_popEP15_Unwind_Contextj</name>
         <load_address>0x448c</load_address>
         <run_address>0x448c</run_address>
         <size>0x32</size>
         <input_file_ref idref="fl-d9"/>
      </object_component>
      <object_component id="oc-85">
         <name>.text:PORT1_IRQHandler</name>
         <load_address>0x44c0</load_address>
         <run_address>0x44c0</run_address>
         <size>0x30</size>
         <input_file_ref idref="fl-3"/>
      </object_component>
      <object_component id="oc-278">
         <name>.text:_Z16HAL_LCD_PortInitv</name>
         <load_address>0x44f0</load_address>
         <run_address>0x44f0</run_address>
         <size>0x30</size>
         <input_file_ref idref="fl-7"/>
      </object_component>
      <object_component id="oc-5aa">
         <name>.text:_ZN37_INTERNAL_15_tdeh_pr_arm_cpp_7dc0f84d12next_uw_byteEP20_Unwind_Instr_Handle</name>
         <load_address>0x4520</load_address>
         <run_address>0x4520</run_address>
         <size>0x30</size>
         <input_file_ref idref="fl-d9"/>
      </object_component>
      <object_component id="oc-61f">
         <name>.text:__cxa_begin_catch</name>
         <load_address>0x4550</load_address>
         <run_address>0x4550</run_address>
         <size>0x2e</size>
         <input_file_ref idref="fl-df"/>
      </object_component>
      <object_component id="oc-fb">
         <name>.text</name>
         <load_address>0x457e</load_address>
         <run_address>0x457e</run_address>
         <size>0x2e</size>
         <input_file_ref idref="fl-d6"/>
      </object_component>
      <object_component id="oc-3b5">
         <name>.text:Graphics_drawPixelOnDisplay</name>
         <load_address>0x45ac</load_address>
         <run_address>0x45ac</run_address>
         <size>0x2c</size>
         <input_file_ref idref="fl-15"/>
      </object_component>
      <object_component id="oc-1ea">
         <name>.text:_Z17HAL_LCD_writeDatah</name>
         <load_address>0x45d8</load_address>
         <run_address>0x45d8</run_address>
         <size>0x2c</size>
         <input_file_ref idref="fl-7"/>
      </object_component>
      <object_component id="oc-2d4">
         <name>.text:_ZN50_INTERNAL_28_Crystalfontz128x128_ST7735_c_acdafc1431Crystalfontz128x128_ClearScreenEPK16Graphics_Displayt</name>
         <load_address>0x4604</load_address>
         <run_address>0x4604</run_address>
         <size>0x2c</size>
         <input_file_ref idref="fl-6"/>
      </object_component>
      <object_component id="oc-63d">
         <name>.text:__cxa_throw</name>
         <load_address>0x4630</load_address>
         <run_address>0x4630</run_address>
         <size>0x2a</size>
         <input_file_ref idref="fl-df"/>
      </object_component>
      <object_component id="oc-12f">
         <name>.text:GPIO_clearInterruptFlag</name>
         <load_address>0x465c</load_address>
         <run_address>0x465c</run_address>
         <size>0x28</size>
         <input_file_ref idref="fl-1a"/>
      </object_component>
      <object_component id="oc-28a">
         <name>.text:GPIO_setOutputHighOnPin</name>
         <load_address>0x4684</load_address>
         <run_address>0x4684</run_address>
         <size>0x28</size>
         <input_file_ref idref="fl-1a"/>
      </object_component>
      <object_component id="oc-284">
         <name>.text:GPIO_setOutputLowOnPin</name>
         <load_address>0x46ac</load_address>
         <run_address>0x46ac</run_address>
         <size>0x28</size>
         <input_file_ref idref="fl-1a"/>
      </object_component>
      <object_component id="oc-129">
         <name>.text:GPIO_toggleOutputOnPin</name>
         <load_address>0x46d4</load_address>
         <run_address>0x46d4</run_address>
         <size>0x28</size>
         <input_file_ref idref="fl-1a"/>
      </object_component>
      <object_component id="oc-2c8">
         <name>.text:_ZN50_INTERNAL_28_Crystalfontz128x128_ST7735_c_acdafc1434Crystalfontz128x128_ColorTranslateEPK16Graphics_Displayj</name>
         <load_address>0x46fc</load_address>
         <run_address>0x46fc</run_address>
         <size>0x28</size>
         <input_file_ref idref="fl-6"/>
      </object_component>
      <object_component id="oc-567">
         <name>.text:free_list_insert</name>
         <load_address>0x4724</load_address>
         <run_address>0x4724</run_address>
         <size>0x28</size>
         <input_file_ref idref="fl-f9"/>
      </object_component>
      <object_component id="oc-267">
         <name>.text:GPIO_getInterruptStatus</name>
         <load_address>0x474c</load_address>
         <run_address>0x474c</run_address>
         <size>0x24</size>
         <input_file_ref idref="fl-1a"/>
      </object_component>
      <object_component id="oc-6ac">
         <name>.text:__cxa_free_exception</name>
         <load_address>0x4770</load_address>
         <run_address>0x4770</run_address>
         <size>0x22</size>
         <input_file_ref idref="fl-df"/>
      </object_component>
      <object_component id="oc-79">
         <name>.text:T32_INT1_IRQHandler</name>
         <load_address>0x4794</load_address>
         <run_address>0x4794</run_address>
         <size>0x20</size>
         <input_file_ref idref="fl-3"/>
      </object_component>
      <object_component id="oc-625">
         <name>.text:_ZSt10unexpectedv</name>
         <load_address>0x47b4</load_address>
         <run_address>0x47b4</run_address>
         <size>0x20</size>
         <input_file_ref idref="fl-df"/>
      </object_component>
      <object_component id="oc-4ea">
         <name>.text:_ZSt9terminatev</name>
         <load_address>0x47d4</load_address>
         <run_address>0x47d4</run_address>
         <size>0x20</size>
         <input_file_ref idref="fl-df"/>
      </object_component>
      <object_component id="oc-697">
         <name>.text:__TI_Unwind_RaiseException</name>
         <load_address>0x47f4</load_address>
         <run_address>0x47f4</run_address>
         <size>0x20</size>
         <input_file_ref idref="fl-d9"/>
      </object_component>
      <object_component id="oc-664">
         <name>.text:__cxa_bad_typeid</name>
         <load_address>0x4814</load_address>
         <run_address>0x4814</run_address>
         <size>0x20</size>
         <input_file_ref idref="fl-e2"/>
      </object_component>
      <object_component id="oc-f6">
         <name>.text</name>
         <load_address>0x4834</load_address>
         <run_address>0x4834</run_address>
         <size>0x20</size>
         <input_file_ref idref="fl-d8"/>
      </object_component>
      <object_component id="oc-631">
         <name>.text:_ZN38_INTERNAL_16_tdeh_cpp_abi_cpp_89652da837__TI_setup_handler_and_call_terminateEP19_Unwind_Exception_s</name>
         <load_address>0x4854</load_address>
         <run_address>0x4854</run_address>
         <size>0x1e</size>
         <input_file_ref idref="fl-df"/>
      </object_component>
      <object_component id="oc-d0">
         <name>.text:ADC14_getResult</name>
         <load_address>0x4874</load_address>
         <run_address>0x4874</run_address>
         <size>0x1c</size>
         <input_file_ref idref="fl-19"/>
      </object_component>
      <object_component id="oc-353">
         <name>.text:SPI_enableModule</name>
         <load_address>0x4890</load_address>
         <run_address>0x4890</run_address>
         <size>0x1c</size>
         <input_file_ref idref="fl-1c"/>
      </object_component>
      <object_component id="oc-561">
         <name>.text:free_list_remove</name>
         <load_address>0x48ac</load_address>
         <run_address>0x48ac</run_address>
         <size>0x1c</size>
         <input_file_ref idref="fl-f9"/>
      </object_component>
      <object_component id="oc-3ed">
         <name>.text:memccpy</name>
         <load_address>0x48c8</load_address>
         <run_address>0x48c8</run_address>
         <size>0x1c</size>
         <input_file_ref idref="fl-f8"/>
      </object_component>
      <object_component id="oc-30e">
         <name>.text:Graphics_clearDisplayOnDisplay</name>
         <load_address>0x48e4</load_address>
         <run_address>0x48e4</run_address>
         <size>0x1a</size>
         <input_file_ref idref="fl-15"/>
      </object_component>
      <object_component id="oc-17a">
         <name>.text:Graphics_setBackgroundColor</name>
         <load_address>0x48fe</load_address>
         <run_address>0x48fe</run_address>
         <size>0x1a</size>
         <input_file_ref idref="fl-14"/>
      </object_component>
      <object_component id="oc-180">
         <name>.text:Graphics_setFont</name>
         <load_address>0x4918</load_address>
         <run_address>0x4918</run_address>
         <size>0x1a</size>
         <input_file_ref idref="fl-14"/>
      </object_component>
      <object_component id="oc-545">
         <name>.text:copysign</name>
         <load_address>0x4932</load_address>
         <run_address>0x4932</run_address>
         <size>0x1a</size>
         <input_file_ref idref="fl-102"/>
      </object_component>
      <object_component id="oc-6e4">
         <name>.text:_ZNKSt13bad_exception4whatEv</name>
         <load_address>0x494c</load_address>
         <run_address>0x494c</run_address>
         <size>0x18</size>
         <input_file_ref idref="fl-e4"/>
      </object_component>
      <object_component id="oc-329">
         <name>.text:_outs</name>
         <load_address>0x4964</load_address>
         <run_address>0x4964</run_address>
         <size>0x18</size>
         <input_file_ref idref="fl-d3"/>
      </object_component>
      <object_component id="oc-41b">
         <name>.text:EUSCI_A_SPI_enable</name>
         <load_address>0x497c</load_address>
         <run_address>0x497c</run_address>
         <size>0x16</size>
         <input_file_ref idref="fl-1c"/>
      </object_component>
      <object_component id="oc-421">
         <name>.text:EUSCI_B_SPI_enable</name>
         <load_address>0x4992</load_address>
         <run_address>0x4992</run_address>
         <size>0x16</size>
         <input_file_ref idref="fl-1c"/>
      </object_component>
      <object_component id="oc-174">
         <name>.text:Graphics_setForegroundColor</name>
         <load_address>0x49a8</load_address>
         <run_address>0x49a8</run_address>
         <size>0x16</size>
         <input_file_ref idref="fl-14"/>
      </object_component>
      <object_component id="oc-29f">
         <name>.text:Graphics_translateColorOnDisplay</name>
         <load_address>0x49be</load_address>
         <run_address>0x49be</run_address>
         <size>0x16</size>
         <input_file_ref idref="fl-15"/>
      </object_component>
      <object_component id="oc-4af">
         <name>.text:strchr</name>
         <load_address>0x49d4</load_address>
         <run_address>0x49d4</run_address>
         <size>0x16</size>
         <input_file_ref idref="fl-fa"/>
      </object_component>
      <object_component id="oc-807">
         <name>.text:_ZNKSt10bad_typeid4whatEv</name>
         <load_address>0x49ec</load_address>
         <run_address>0x49ec</run_address>
         <size>0x14</size>
         <input_file_ref idref="fl-e5"/>
      </object_component>
      <object_component id="oc-6f0">
         <name>.text:_ZNSt10bad_typeidC1Ev</name>
         <load_address>0x4a00</load_address>
         <run_address>0x4a00</run_address>
         <size>0x14</size>
         <input_file_ref idref="fl-e5"/>
      </object_component>
      <object_component id="oc-3be">
         <name>.text:strlen</name>
         <load_address>0x4a14</load_address>
         <run_address>0x4a14</run_address>
         <size>0x14</size>
         <input_file_ref idref="fl-fb"/>
      </object_component>
      <object_component id="oc-6d9">
         <name>.text:_ZNKSt9exception4whatEv</name>
         <load_address>0x4a28</load_address>
         <run_address>0x4a28</run_address>
         <size>0x13</size>
         <input_file_ref idref="fl-e4"/>
      </object_component>
      <object_component id="oc-1f1">
         <name>.text:Graphics_clearDisplay</name>
         <load_address>0x4a3c</load_address>
         <run_address>0x4a3c</run_address>
         <size>0x12</size>
         <input_file_ref idref="fl-14"/>
      </object_component>
      <object_component id="oc-604">
         <name>.text:__cxa_begin_cleanup</name>
         <load_address>0x4a4e</load_address>
         <run_address>0x4a4e</run_address>
         <size>0x12</size>
         <input_file_ref idref="fl-df"/>
      </object_component>
      <object_component id="oc-6b5">
         <name>.text:__cxa_call_terminate</name>
         <load_address>0x4a60</load_address>
         <run_address>0x4a60</run_address>
         <size>0x12</size>
         <input_file_ref idref="fl-df"/>
      </object_component>
      <object_component id="oc-43">
         <name>.text:decompress:ZI:__TI_zero_init_nomemset:__TI_zero_init_nomemset</name>
         <load_address>0x4a72</load_address>
         <run_address>0x4a72</run_address>
         <size>0x12</size>
         <input_file_ref idref="fl-da"/>
      </object_component>
      <object_component id="oc-3f3">
         <name>.text:wcslen</name>
         <load_address>0x4a84</load_address>
         <run_address>0x4a84</run_address>
         <size>0x12</size>
         <input_file_ref idref="fl-fe"/>
      </object_component>
      <object_component id="oc-7f1">
         <name>.text:_ZN10__cxxabiv117__class_type_infoD0Ev</name>
         <load_address>0x4a96</load_address>
         <run_address>0x4a96</run_address>
         <size>0xe</size>
         <input_file_ref idref="fl-e3"/>
      </object_component>
      <object_component id="oc-76a">
         <name>.text:_ZN10__cxxabiv120__si_class_type_infoD0Ev</name>
         <load_address>0x4aa4</load_address>
         <run_address>0x4aa4</run_address>
         <size>0xe</size>
         <input_file_ref idref="fl-e3"/>
      </object_component>
      <object_component id="oc-7d4">
         <name>.text:_ZN10__cxxabiv123__fundamental_type_infoD0Ev</name>
         <load_address>0x4ab2</load_address>
         <run_address>0x4ab2</run_address>
         <size>0xe</size>
         <input_file_ref idref="fl-e3"/>
      </object_component>
      <object_component id="oc-801">
         <name>.text:_ZNSt10bad_typeidD0Ev</name>
         <load_address>0x4ac0</load_address>
         <run_address>0x4ac0</run_address>
         <size>0xe</size>
         <input_file_ref idref="fl-e5"/>
      </object_component>
      <object_component id="oc-1a">
         <name>.text:decompress:none:__TI_decompress_none</name>
         <load_address>0x4ace</load_address>
         <run_address>0x4ace</run_address>
         <size>0xe</size>
         <input_file_ref idref="fl-db"/>
      </object_component>
      <object_component id="oc-67">
         <name>.text:Reset_Handler</name>
         <load_address>0x4adc</load_address>
         <run_address>0x4adc</run_address>
         <size>0xc</size>
         <input_file_ref idref="fl-8"/>
      </object_component>
      <object_component id="oc-6a3">
         <name>.text:__TI_cxa_end_cleanup</name>
         <load_address>0x4ae8</load_address>
         <run_address>0x4ae8</run_address>
         <size>0xc</size>
         <input_file_ref idref="fl-df"/>
      </object_component>
      <object_component id="oc-5ec">
         <name>.text:_Z13__TI_prel2absPKj</name>
         <load_address>0x4af4</load_address>
         <run_address>0x4af4</run_address>
         <size>0xa</size>
         <input_file_ref idref="fl-de"/>
      </object_component>
      <object_component id="oc-440">
         <name>.text:_ZN38_INTERNAL_16_tdeh_cpp_abi_cpp_89652da825__TI_default_term_handlerEv</name>
         <load_address>0x4afe</load_address>
         <run_address>0x4afe</run_address>
         <size>0xa</size>
         <input_file_ref idref="fl-df"/>
      </object_component>
      <object_component id="oc-2ce">
         <name>.text:_ZN50_INTERNAL_28_Crystalfontz128x128_ST7735_c_acdafc1425Crystalfontz128x128_FlushEPK16Graphics_Display</name>
         <load_address>0x4b08</load_address>
         <run_address>0x4b08</run_address>
         <size>0xa</size>
         <input_file_ref idref="fl-6"/>
      </object_component>
      <object_component id="oc-7f7">
         <name>.text:_ZdlPv</name>
         <load_address>0x4b12</load_address>
         <run_address>0x4b12</run_address>
         <size>0xa</size>
         <input_file_ref idref="fl-e7"/>
      </object_component>
      <object_component id="oc-597">
         <name>.text:__aeabi_unwind_cpp_pr0</name>
         <load_address>0x4b1c</load_address>
         <run_address>0x4b1c</run_address>
         <size>0xa</size>
         <input_file_ref idref="fl-d9"/>
      </object_component>
      <object_component id="oc-849">
         <name>.text:__aeabi_unwind_cpp_pr1</name>
         <load_address>0x4b26</load_address>
         <run_address>0x4b26</run_address>
         <size>0xa</size>
         <input_file_ref idref="fl-d9"/>
      </object_component>
      <object_component id="oc-843">
         <name>.text:__aeabi_unwind_cpp_pr2</name>
         <load_address>0x4b30</load_address>
         <run_address>0x4b30</run_address>
         <size>0xa</size>
         <input_file_ref idref="fl-d9"/>
      </object_component>
      <object_component id="oc-32f">
         <name>.text:_outc</name>
         <load_address>0x4b3a</load_address>
         <run_address>0x4b3a</run_address>
         <size>0xa</size>
         <input_file_ref idref="fl-d3"/>
      </object_component>
      <object_component id="oc-74e">
         <name>.text:_Z24__TI_targ_regbuf_installP15_Unwind_Context</name>
         <load_address>0x4b44</load_address>
         <run_address>0x4b44</run_address>
         <size>0x8</size>
         <input_file_ref idref="fl-d9"/>
      </object_component>
      <object_component id="oc-7e9">
         <name>.text:_ZN10__cxxabiv117__class_type_infoD1Ev</name>
         <load_address>0x4b4c</load_address>
         <run_address>0x4b4c</run_address>
         <size>0x8</size>
         <input_file_ref idref="fl-e3"/>
      </object_component>
      <object_component id="oc-764">
         <name>.text:_ZN10__cxxabiv120__si_class_type_infoD1Ev</name>
         <load_address>0x4b54</load_address>
         <run_address>0x4b54</run_address>
         <size>0x8</size>
         <input_file_ref idref="fl-e3"/>
      </object_component>
      <object_component id="oc-7ce">
         <name>.text:_ZN10__cxxabiv123__fundamental_type_infoD1Ev</name>
         <load_address>0x4b5c</load_address>
         <run_address>0x4b5c</run_address>
         <size>0x8</size>
         <input_file_ref idref="fl-e3"/>
      </object_component>
      <object_component id="oc-6fb">
         <name>.text:_ZNSt10bad_typeidD1Ev</name>
         <load_address>0x4b64</load_address>
         <run_address>0x4b64</run_address>
         <size>0x8</size>
         <input_file_ref idref="fl-e5"/>
      </object_component>
      <object_component id="oc-3f9">
         <name>.text:__aeabi_errno_addr</name>
         <load_address>0x4b6c</load_address>
         <run_address>0x4b6c</run_address>
         <size>0x8</size>
         <input_file_ref idref="fl-fc"/>
      </object_component>
      <object_component id="oc-2ec">
         <name>.text:__tdeh_init</name>
         <load_address>0x4b74</load_address>
         <run_address>0x4b74</run_address>
         <size>0x8</size>
         <input_file_ref idref="fl-fd"/>
      </object_component>
      <object_component id="oc-431">
         <name>.text:malloc</name>
         <load_address>0x4b7c</load_address>
         <run_address>0x4b7c</run_address>
         <size>0x8</size>
         <input_file_ref idref="fl-f9"/>
      </object_component>
      <object_component id="oc-5bc">
         <name>.text:_ZN37_INTERNAL_15_tdeh_pr_arm_cpp_7dc0f84d13regb_core_setEP15_Unwind_Context14_Unwind_Reg_Idj</name>
         <load_address>0x4b84</load_address>
         <run_address>0x4b84</run_address>
         <size>0x6</size>
         <input_file_ref idref="fl-d9"/>
      </object_component>
      <object_component id="oc-6df">
         <name>.text:_ZNSt13bad_exceptionD0Ev</name>
         <load_address>0x4b8a</load_address>
         <run_address>0x4b8a</run_address>
         <size>0x6</size>
         <input_file_ref idref="fl-e4"/>
      </object_component>
      <object_component id="oc-6d4">
         <name>.text:_ZNSt9exceptionD0Ev</name>
         <load_address>0x4b90</load_address>
         <run_address>0x4b90</run_address>
         <size>0x6</size>
         <input_file_ref idref="fl-e4"/>
      </object_component>
      <object_component id="oc-5e0">
         <name>.text:_Z22__TI_targ_rtti_addressPjP15_Unwind_Context</name>
         <load_address>0x4b96</load_address>
         <run_address>0x4b96</run_address>
         <size>0x4</size>
         <input_file_ref idref="fl-d9"/>
      </object_component>
      <object_component id="oc-5d4">
         <name>.text:_Z23__TI_targ_regbuf_get_pcP15_Unwind_Context</name>
         <load_address>0x4b9a</load_address>
         <run_address>0x4b9a</run_address>
         <size>0x4</size>
         <input_file_ref idref="fl-d9"/>
      </object_component>
      <object_component id="oc-5fe">
         <name>.text:_Z23__TI_targ_regbuf_get_sbP15_Unwind_Context</name>
         <load_address>0x4b9e</load_address>
         <run_address>0x4b9e</run_address>
         <size>0x4</size>
         <input_file_ref idref="fl-d9"/>
      </object_component>
      <object_component id="oc-5da">
         <name>.text:_Z23__TI_targ_regbuf_get_spP15_Unwind_Context</name>
         <load_address>0x4ba2</load_address>
         <run_address>0x4ba2</run_address>
         <size>0x4</size>
         <input_file_ref idref="fl-d9"/>
      </object_component>
      <object_component id="oc-5f2">
         <name>.text:_Z23__TI_targ_regbuf_set_pcP15_Unwind_Contextj</name>
         <load_address>0x4ba6</load_address>
         <run_address>0x4ba6</run_address>
         <size>0x4</size>
         <input_file_ref idref="fl-d9"/>
      </object_component>
      <object_component id="oc-5f8">
         <name>.text:_Z26__TI_targ_setup_call_parm0P15_Unwind_Contextj</name>
         <load_address>0x4baa</load_address>
         <run_address>0x4baa</run_address>
         <size>0x4</size>
         <input_file_ref idref="fl-d9"/>
      </object_component>
      <object_component id="oc-446">
         <name>.text:_ZN38_INTERNAL_16_tdeh_cpp_abi_cpp_89652da826__TI_default_unexp_handlerEv</name>
         <load_address>0x4bae</load_address>
         <run_address>0x4bae</run_address>
         <size>0x4</size>
         <input_file_ref idref="fl-df"/>
      </object_component>
      <object_component id="oc-782">
         <name>.text:_ZdlPvj</name>
         <load_address>0x4bb2</load_address>
         <run_address>0x4bb2</run_address>
         <size>0x4</size>
         <input_file_ref idref="fl-e7"/>
      </object_component>
      <object_component id="oc-437">
         <name>.text:__abort_execution</name>
         <load_address>0x4bb6</load_address>
         <run_address>0x4bb6</run_address>
         <size>0x4</size>
         <input_file_ref idref="fl-e1"/>
      </object_component>
      <object_component id="oc-b0">
         <name>.text:_system_pre_init</name>
         <load_address>0x4bba</load_address>
         <run_address>0x4bba</run_address>
         <size>0x4</size>
         <input_file_ref idref="fl-ef"/>
      </object_component>
      <object_component id="oc-196">
         <name>.text:abort:abort</name>
         <load_address>0x4bbe</load_address>
         <run_address>0x4bbe</run_address>
         <size>0x4</size>
         <input_file_ref idref="fl-f1"/>
      </object_component>
      <object_component id="oc-2dc">
         <name>.const:.string:g_pucFontFixed6x8Data</name>
         <load_address>0x4bc4</load_address>
         <run_address>0x4bc4</run_address>
         <size>0x2f8</size>
         <input_file_ref idref="fl-16"/>
      </object_component>
      <object_component id="oc-467">
         <name>.const:.string:_ctypes_</name>
         <load_address>0x4ebc</load_address>
         <run_address>0x4ebc</run_address>
         <size>0x101</size>
         <input_file_ref idref="fl-f6"/>
      </object_component>
      <object_component id="oc-727">
         <name>.const:.typeinfo:_ZTSv</name>
         <load_address>0x4fbd</load_address>
         <run_address>0x4fbd</run_address>
         <size>0x2</size>
         <input_file_ref idref="fl-df"/>
      </object_component>
      <object_component id="oc-18d">
         <name>.const:g_sFontFixed6x8</name>
         <load_address>0x4fc0</load_address>
         <run_address>0x4fc0</run_address>
         <size>0xc8</size>
         <input_file_ref idref="fl-16"/>
      </object_component>
      <object_component id="oc-1db">
         <name>.const:_ctlRegs</name>
         <load_address>0x5088</load_address>
         <run_address>0x5088</run_address>
         <size>0x80</size>
         <input_file_ref idref="fl-19"/>
      </object_component>
      <object_component id="oc-26d">
         <name>.const:GPIO_PORT_TO_BASE</name>
         <load_address>0x5108</load_address>
         <run_address>0x5108</run_address>
         <size>0x30</size>
         <input_file_ref idref="fl-1a"/>
      </object_component>
      <object_component id="oc-814">
         <name>.const:.typeinfo:_ZTSN10__cxxabiv123__fundamental_type_infoE</name>
         <load_address>0x5138</load_address>
         <run_address>0x5138</run_address>
         <size>0x28</size>
         <input_file_ref idref="fl-e3"/>
      </object_component>
      <object_component id="oc-736">
         <name>.const:.typeinfo:_ZTSN10__cxxabiv121__vmi_class_type_infoE</name>
         <load_address>0x5160</load_address>
         <run_address>0x5160</run_address>
         <size>0x26</size>
         <input_file_ref idref="fl-e3"/>
      </object_component>
      <object_component id="oc-72c">
         <name>.const:.typeinfo:_ZTSN10__cxxabiv120__si_class_type_infoE</name>
         <load_address>0x5186</load_address>
         <run_address>0x5186</run_address>
         <size>0x25</size>
         <input_file_ref idref="fl-e3"/>
      </object_component>
      <object_component id="oc-715">
         <name>.const:.typeinfo:_ZTSN10__cxxabiv119__pointer_type_infoE</name>
         <load_address>0x51ab</load_address>
         <run_address>0x51ab</run_address>
         <size>0x24</size>
         <input_file_ref idref="fl-e3"/>
      </object_component>
      <object_component id="oc-7da">
         <name>.const:.typeinfo:_ZTSN10__cxxabiv117__class_type_infoE</name>
         <load_address>0x51cf</load_address>
         <run_address>0x51cf</run_address>
         <size>0x22</size>
         <input_file_ref idref="fl-e3"/>
      </object_component>
      <object_component id="oc-7b8">
         <name>.const:.typeinfo:_ZTSN10__cxxabiv117__pbase_type_infoE</name>
         <load_address>0x51f1</load_address>
         <run_address>0x51f1</run_address>
         <size>0x22</size>
         <input_file_ref idref="fl-e3"/>
      </object_component>
      <object_component id="oc-18a">
         <name>.const:g_sCrystalfontz128x128_funcs</name>
         <load_address>0x5214</load_address>
         <run_address>0x5214</run_address>
         <size>0x20</size>
         <input_file_ref idref="fl-6"/>
      </object_component>
      <object_component id="oc-359">
         <name>.const:$P$T40$1</name>
         <load_address>0x5234</load_address>
         <run_address>0x5234</run_address>
         <size>0x1c</size>
         <input_file_ref idref="fl-7"/>
      </object_component>
      <object_component id="oc-78e">
         <name>.const:_ZTVSt10bad_typeid</name>
         <load_address>0x5250</load_address>
         <run_address>0x5250</run_address>
         <size>0x14</size>
         <input_file_ref idref="fl-e5"/>
      </object_component>
      <object_component id="oc-653">
         <name>.const:_ZTVSt13bad_exception</name>
         <load_address>0x5264</load_address>
         <run_address>0x5264</run_address>
         <size>0x14</size>
         <input_file_ref idref="fl-e4"/>
      </object_component>
      <object_component id="oc-64e">
         <name>.const:_ZTVSt9exception</name>
         <load_address>0x5278</load_address>
         <run_address>0x5278</run_address>
         <size>0x14</size>
         <input_file_ref idref="fl-e4"/>
      </object_component>
      <object_component id="oc-6c2">
         <name>.const:.typeinfo:_ZTSSt13bad_exception</name>
         <load_address>0x528c</load_address>
         <run_address>0x528c</run_address>
         <size>0x12</size>
         <input_file_ref idref="fl-e4"/>
      </object_component>
      <object_component id="oc-770">
         <name>.const:_ZTVN10__cxxabiv117__class_type_infoE</name>
         <load_address>0x52a0</load_address>
         <run_address>0x52a0</run_address>
         <size>0x10</size>
         <input_file_ref idref="fl-e3"/>
      </object_component>
      <object_component id="oc-6bd">
         <name>.const:_ZTVN10__cxxabiv120__si_class_type_infoE</name>
         <load_address>0x52b0</load_address>
         <run_address>0x52b0</run_address>
         <size>0x10</size>
         <input_file_ref idref="fl-e3"/>
      </object_component>
      <object_component id="oc-722">
         <name>.const:_ZTVN10__cxxabiv123__fundamental_type_infoE</name>
         <load_address>0x52c0</load_address>
         <run_address>0x52c0</run_address>
         <size>0x10</size>
         <input_file_ref idref="fl-e3"/>
      </object_component>
      <object_component id="oc-79b">
         <name>.const:.typeinfo:_ZTSSt10bad_typeid</name>
         <load_address>0x52d0</load_address>
         <run_address>0x52d0</run_address>
         <size>0xf</size>
         <input_file_ref idref="fl-e5"/>
      </object_component>
      <object_component id="oc-775">
         <name>.const:.typeinfo:_ZTSSt9exception</name>
         <load_address>0x52df</load_address>
         <run_address>0x52df</run_address>
         <size>0xd</size>
         <input_file_ref idref="fl-e4"/>
      </object_component>
      <object_component id="oc-80f">
         <name>.const:.typeinfo:_ZTSSt9type_info</name>
         <load_address>0x52ec</load_address>
         <run_address>0x52ec</run_address>
         <size>0xd</size>
         <input_file_ref idref="fl-e5"/>
      </object_component>
      <object_component id="oc-731">
         <name>.const:.typeinfo:_ZTIN10__cxxabiv117__class_type_infoE</name>
         <load_address>0x52fc</load_address>
         <run_address>0x52fc</run_address>
         <size>0xc</size>
         <input_file_ref idref="fl-e3"/>
      </object_component>
      <object_component id="oc-71a">
         <name>.const:.typeinfo:_ZTIN10__cxxabiv117__pbase_type_infoE</name>
         <load_address>0x5308</load_address>
         <run_address>0x5308</run_address>
         <size>0xc</size>
         <input_file_ref idref="fl-e3"/>
      </object_component>
      <object_component id="oc-670">
         <name>.const:.typeinfo:_ZTIN10__cxxabiv119__pointer_type_infoE</name>
         <load_address>0x5314</load_address>
         <run_address>0x5314</run_address>
         <size>0xc</size>
         <input_file_ref idref="fl-e3"/>
      </object_component>
      <object_component id="oc-67a">
         <name>.const:.typeinfo:_ZTIN10__cxxabiv120__si_class_type_infoE</name>
         <load_address>0x5320</load_address>
         <run_address>0x5320</run_address>
         <size>0xc</size>
         <input_file_ref idref="fl-e3"/>
      </object_component>
      <object_component id="oc-67f">
         <name>.const:.typeinfo:_ZTIN10__cxxabiv121__vmi_class_type_infoE</name>
         <load_address>0x532c</load_address>
         <run_address>0x532c</run_address>
         <size>0xc</size>
         <input_file_ref idref="fl-e3"/>
      </object_component>
      <object_component id="oc-7c9">
         <name>.const:.typeinfo:_ZTIN10__cxxabiv123__fundamental_type_infoE</name>
         <load_address>0x5338</load_address>
         <run_address>0x5338</run_address>
         <size>0xc</size>
         <input_file_ref idref="fl-e3"/>
      </object_component>
      <object_component id="oc-6f6">
         <name>.const:.typeinfo:_ZTISt10bad_typeid</name>
         <load_address>0x5344</load_address>
         <run_address>0x5344</run_address>
         <size>0xc</size>
         <input_file_ref idref="fl-e5"/>
      </object_component>
      <object_component id="oc-649">
         <name>.const:.typeinfo:_ZTISt13bad_exception</name>
         <load_address>0x5350</load_address>
         <run_address>0x5350</run_address>
         <size>0xc</size>
         <input_file_ref idref="fl-e4"/>
      </object_component>
      <object_component id="oc-370">
         <name>.const:$P$T40$1</name>
         <load_address>0x535c</load_address>
         <run_address>0x535c</run_address>
         <size>0x8</size>
         <input_file_ref idref="fl-6"/>
      </object_component>
      <object_component id="oc-6c7">
         <name>.const:.typeinfo:_ZTISt9exception</name>
         <load_address>0x5364</load_address>
         <run_address>0x5364</run_address>
         <size>0x8</size>
         <input_file_ref idref="fl-e4"/>
      </object_component>
      <object_component id="oc-7bd">
         <name>.const:.typeinfo:_ZTISt9type_info</name>
         <load_address>0x536c</load_address>
         <run_address>0x536c</run_address>
         <size>0x8</size>
         <input_file_ref idref="fl-e5"/>
      </object_component>
      <object_component id="oc-675">
         <name>.const:.typeinfo:_ZTIv</name>
         <load_address>0x5374</load_address>
         <run_address>0x5374</run_address>
         <size>0x8</size>
         <input_file_ref idref="fl-df"/>
      </object_component>
      <object_component id="oc-935">
         <name>.cinit..data.load</name>
         <load_address>0x5380</load_address>
         <run_address>0x5380</run_address>
         <size>0x14</size>
      </object_component>
      <object_component id="oc-933">
         <name>__TI_handler_table</name>
         <load_address>0x5394</load_address>
         <run_address>0x5394</run_address>
         <size>0xc</size>
      </object_component>
      <object_component id="oc-936">
         <name>.cinit..bss.load</name>
         <load_address>0x53a0</load_address>
         <run_address>0x53a0</run_address>
         <size>0x8</size>
      </object_component>
      <object_component id="oc-934">
         <name>__TI_cinit_table</name>
         <load_address>0x53a8</load_address>
         <run_address>0x53a8</run_address>
         <size>0x10</size>
      </object_component>
      <object_component id="oc-857">
         <name>.binit</name>
         <load_address>0x0</load_address>
         <run_address>0x0</run_address>
         <size>0x0</size>
      </object_component>
      <object_component id="oc-187">
         <name>.data:g_sCrystalfontz128x128</name>
         <load_address>0x20000850</load_address>
         <run_address>0x20000850</run_address>
         <size>0x10</size>
         <input_file_ref idref="fl-6"/>
      </object_component>
      <object_component id="oc-43d">
         <name>.data</name>
         <load_address>0x20000874</load_address>
         <run_address>0x20000874</run_address>
         <size>0x4</size>
         <input_file_ref idref="fl-df"/>
      </object_component>
      <object_component id="oc-2e6">
         <name>.data:$O1$$</name>
         <load_address>0x20000860</load_address>
         <run_address>0x20000860</run_address>
         <size>0x8</size>
         <input_file_ref idref="fl-f2"/>
      </object_component>
      <object_component id="oc-573">
         <name>.data:$O1$$</name>
         <load_address>0x20000868</load_address>
         <run_address>0x20000868</run_address>
         <size>0x8</size>
         <input_file_ref idref="fl-f9"/>
      </object_component>
      <object_component id="oc-4bf">
         <name>.data</name>
         <load_address>0x20000870</load_address>
         <run_address>0x20000870</run_address>
         <size>0x4</size>
         <input_file_ref idref="fl-fc"/>
      </object_component>
      <object_component id="oc-e8">
         <name>.bss:resultsBuffer</name>
         <uninitialized>true</uninitialized>
         <run_address>0x20000828</run_address>
         <size>0x8</size>
         <input_file_ref idref="fl-4"/>
      </object_component>
      <object_component id="oc-10a">
         <name>.common:g_u8OverThSampleCount</name>
         <uninitialized>true</uninitialized>
         <run_address>0x2000084f</run_address>
         <size>0x1</size>
      </object_component>
      <object_component id="oc-11e">
         <name>.common:g_u16Adc14Result</name>
         <uninitialized>true</uninitialized>
         <run_address>0x2000081c</run_address>
         <size>0xc</size>
      </object_component>
      <object_component id="oc-11f">
         <name>.common:g_u16AudioAverage_5s</name>
         <uninitialized>true</uninitialized>
         <run_address>0x20000848</run_address>
         <size>0x2</size>
      </object_component>
      <object_component id="oc-11c">
         <name>.common:g_u16AudioAverage_1s</name>
         <uninitialized>true</uninitialized>
         <run_address>0x20000846</run_address>
         <size>0x2</size>
      </object_component>
      <object_component id="oc-11d">
         <name>.common:g_u32AudioSampleSum</name>
         <uninitialized>true</uninitialized>
         <run_address>0x2000083c</run_address>
         <size>0x4</size>
      </object_component>
      <object_component id="oc-120">
         <name>.common:g_iAudioThreshold</name>
         <uninitialized>true</uninitialized>
         <run_address>0x20000834</run_address>
         <size>0x4</size>
      </object_component>
      <object_component id="oc-11a">
         <name>.common:g_iAudioSampleCount</name>
         <uninitialized>true</uninitialized>
         <run_address>0x20000830</run_address>
         <size>0x4</size>
      </object_component>
      <object_component id="oc-11b">
         <name>.common:g_u8Flags</name>
         <uninitialized>true</uninitialized>
         <run_address>0x2000084e</run_address>
         <size>0x1</size>
      </object_component>
      <object_component id="oc-121">
         <name>.common:g_iLampOnCount</name>
         <uninitialized>true</uninitialized>
         <run_address>0x20000838</run_address>
         <size>0x4</size>
      </object_component>
      <object_component id="oc-186">
         <name>.common:g_sContext</name>
         <uninitialized>true</uninitialized>
         <run_address>0x20000800</run_address>
         <size>0x1c</size>
      </object_component>
      <object_component id="oc-eb">
         <name>.common:Lcd_Orientation</name>
         <uninitialized>true</uninitialized>
         <run_address>0x2000084c</run_address>
         <size>0x1</size>
      </object_component>
      <object_component id="oc-296">
         <name>.common:Lcd_ScreenWidth</name>
         <uninitialized>true</uninitialized>
         <run_address>0x20000842</run_address>
         <size>0x2</size>
      </object_component>
      <object_component id="oc-297">
[...]
         <value>0x4b55</value>
         <object_component_ref idref="oc-764"/>
      </symbol>
      <symbol id="sm-9c0">
         <name>_ZTIN10__cxxabiv120__si_class_type_infoE</name>
         <value>0x5320</value>
         <object_component_ref idref="oc-67a"/>
      </symbol>
      <symbol id="sm-9c1">
         <name>_ZN10__cxxabiv117__class_type_infoD0Ev</name>
         <value>0x4a97</value>
         <object_component_ref idref="oc-7f1"/>
      </symbol>
      <symbol id="sm-9c2">
         <name>_ZTSN10__cxxabiv117__pbase_type_infoE</name>
         <value>0x51f1</value>
         <object_component_ref idref="oc-7b8"/>
      </symbol>
      <symbol id="sm-9c3">
         <name>_ZTVN10__cxxabiv120__si_class_type_infoE</name>
         <value>0x52b0</value>
         <object_component_ref idref="oc-6bd"/>
      </symbol>
      <symbol id="sm-9c4">
         <name>_ZN10__cxxabiv120__si_class_type_infoD0Ev</name>
         <value>0x4aa5</value>
         <object_component_ref idref="oc-76a"/>
      </symbol>
      <symbol id="sm-a2c">
         <name>_ZNSt9exceptionD1Ev</name>
         <value>0x26af</value>
         <object_component_ref idref="oc-6ce"/>
      </symbol>
      <symbol id="sm-a2d">
         <name>_ZTISt13bad_exception</name>
         <value>0x5350</value>
         <object_component_ref idref="oc-649"/>
      </symbol>
      <symbol id="sm-a2e">
         <name>_ZNKSt9exception4whatEv</name>
         <value>0x4a29</value>
         <object_component_ref idref="oc-6d9"/>
      </symbol>
      <symbol id="sm-a2f">
         <name>_ZTISt9exception</name>
         <value>0x5364</value>
         <object_component_ref idref="oc-6c7"/>
      </symbol>
      <symbol id="sm-a30">
         <name>_ZTVSt13bad_exception</name>
         <value>0x5264</value>
         <object_component_ref idref="oc-653"/>
      </symbol>
      <symbol id="sm-a31">
         <name>_ZNSt13bad_exceptionD0Ev</name>
         <value>0x4b8b</value>
         <object_component_ref idref="oc-6df"/>
      </symbol>
      <symbol id="sm-a32">
         <name>_ZNSt9exceptionD0Ev</name>
         <value>0x4b91</value>
         <object_component_ref idref="oc-6d4"/>
      </symbol>
      <symbol id="sm-a33">
         <name>_ZTSSt13bad_exception</name>
         <value>0x528c</value>
         <object_component_ref idref="oc-6c2"/>
      </symbol>
      <symbol id="sm-a34">
         <name>_ZTVSt9exception</name>
         <value>0x5278</value>
         <object_component_ref idref="oc-64e"/>
      </symbol>
      <symbol id="sm-a35">
         <name>_ZNSt13bad_exceptionD1Ev</name>
         <value>0x1e6b</value>
         <object_component_ref idref="oc-658"/>
      </symbol>
      <symbol id="sm-a36">
         <name>_ZTSSt9exception</name>
         <value>0x52df</value>
         <object_component_ref idref="oc-775"/>
      </symbol>
      <symbol id="sm-a37">
         <name>_ZNKSt13bad_exception4whatEv</name>
         <value>0x494d</value>
         <object_component_ref idref="oc-6e4"/>
      </symbol>
      <symbol id="sm-a38">
         <name>_ZNSt13bad_exceptionD2Ev</name>
         <value>0x1e6b</value>
         <object_component_ref idref="oc-658"/>
      </symbol>
      <symbol id="sm-a39">
         <name>_ZNSt9exceptionD2Ev</name>
         <value>0x26af</value>
         <object_component_ref idref="oc-6ce"/>
      </symbol>
      <symbol id="sm-a8f">
         <name>_ZTSSt9type_info</name>
         <value>0x52ec</value>
         <object_component_ref idref="oc-80f"/>
      </symbol>
      <symbol id="sm-a90">
         <name>_ZNSt9type_infoD2Ev</name>
         <value>0x2d3b</value>
         <object_component_ref idref="oc-819"/>
      </symbol>
      <symbol id="sm-a91">
         <name>_ZNSt10bad_typeidD2Ev</name>
         <value>0x4b65</value>
         <object_component_ref idref="oc-6fb"/>
      </symbol>
      <symbol id="sm-a92">
         <name>_ZTISt10bad_typeid</name>
         <value>0x5344</value>
         <object_component_ref idref="oc-6f6"/>
      </symbol>
      <symbol id="sm-a93">
         <name>_ZTSSt10bad_typeid</name>
         <value>0x52d0</value>
         <object_component_ref idref="oc-79b"/>
      </symbol>
      <symbol id="sm-a94">
         <name>_ZTVSt10bad_typeid</name>
         <value>0x5250</value>
         <object_component_ref idref="oc-78e"/>
      </symbol>
      <symbol id="sm-a95">
         <name>_ZNSt9type_infoD1Ev</name>
         <value>0x2d3b</value>
         <object_component_ref idref="oc-819"/>
      </symbol>
      <symbol id="sm-a96">
         <name>_ZNKSt10bad_typeid4whatEv</name>
         <value>0x49ed</value>
         <object_component_ref idref="oc-807"/>
      </symbol>
      <symbol id="sm-a97">
         <name>_ZTISt9type_info</name>
         <value>0x536c</value>
         <object_component_ref idref="oc-7bd"/>
      </symbol>
      <symbol id="sm-a98">
         <name>_ZNSt10bad_typeidD1Ev</name>
         <value>0x4b65</value>
         <object_component_ref idref="oc-6fb"/>
      </symbol>
      <symbol id="sm-a99">
         <name>_ZNSt10bad_typeidC2Ev</name>
         <value>0x4a01</value>
         <object_component_ref idref="oc-6f0"/>
      </symbol>
      <symbol id="sm-a9a">
         <name>_ZNSt10bad_typeidC1Ev</name>
         <value>0x4a01</value>
         <object_component_ref idref="oc-6f0"/>
      </symbol>
      <symbol id="sm-a9b">
         <name>_ZNSt10bad_typeidD0Ev</name>
         <value>0x4ac1</value>
         <object_component_ref idref="oc-801"/>
      </symbol>
      <symbol id="sm-c00">
         <name>__TI_printfi</name>
         <value>0xe5</value>
         <object_component_ref idref="oc-323"/>
      </symbol>
      <symbol id="sm-c1d">
         <name>_ZdlPv</name>
         <value>0x4b13</value>
         <object_component_ref idref="oc-7f7"/>
      </symbol>
      <symbol id="sm-c1e">
         <name>_ZdlPvj</name>
         <value>0x4bb3</value>
         <object_component_ref idref="oc-782"/>
      </symbol>
      <symbol id="sm-c2d">
         <name>__aeabi_memset</name>
         <value>0x3867</value>
         <object_component_ref idref="oc-aa"/>
      </symbol>
      <symbol id="sm-c2e">
         <name>memset</name>
         <value>0x386d</value>
         <object_component_ref idref="oc-aa"/>
      </symbol>
      <symbol id="sm-c2f">
         <name>__aeabi_memset8</name>
         <value>0x3867</value>
         <object_component_ref idref="oc-aa"/>
      </symbol>
      <symbol id="sm-c30">
         <name>__aeabi_memset4</name>
         <value>0x3867</value>
         <object_component_ref idref="oc-aa"/>
      </symbol>
      <symbol id="sm-c31">
         <name>__aeabi_memclr8</name>
         <value>0x3865</value>
         <object_component_ref idref="oc-aa"/>
      </symbol>
      <symbol id="sm-c32">
         <name>__aeabi_memclr4</name>
         <value>0x3865</value>
         <object_component_ref idref="oc-aa"/>
      </symbol>
      <symbol id="sm-c33">
         <name>__aeabi_memclr</name>
         <value>0x3865</value>
         <object_component_ref idref="oc-aa"/>
      </symbol>
      <symbol id="sm-c3c">
         <name>_Unwind_Resume</name>
         <value>0x3acb</value>
         <object_component_ref idref="oc-612"/>
      </symbol>
      <symbol id="sm-c3d">
         <name>__TI_Install_CoreRegs</name>
         <value>0x3ae1</value>
         <object_component_ref idref="oc-612"/>
      </symbol>
      <symbol id="sm-c3e">
         <name>_Unwind_RaiseException</name>
         <value>0x3aa9</value>
         <object_component_ref idref="oc-612"/>
      </symbol>
      <symbol id="sm-c3f">
         <name>__TI_restore_low_VFP</name>
         <value>0x3b0f</value>
         <object_component_ref idref="oc-612"/>
      </symbol>
      <symbol id="sm-c40">
         <name>__cxa_end_cleanup</name>
         <value>0x3afb</value>
         <object_component_ref idref="oc-612"/>
      </symbol>
      <symbol id="sm-c41">
         <name>__TI_preserve_low_VFP</name>
         <value>0x3b09</value>
         <object_component_ref idref="oc-612"/>
      </symbol>
      <symbol id="sm-c58">
         <name>__aeabi_dsub</name>
         <value>0x1cb5</value>
         <object_component_ref idref="oc-483"/>
      </symbol>
      <symbol id="sm-c59">
         <name>__aeabi_dadd</name>
         <value>0x1cbf</value>
         <object_component_ref idref="oc-483"/>
      </symbol>
      <symbol id="sm-c6d">
         <name>__aeabi_ddiv</name>
         <value>0x2579</value>
         <object_component_ref idref="oc-473"/>
      </symbol>
      <symbol id="sm-c77">
         <name>__aeabi_d2iz</name>
         <value>0x3fbd</value>
         <object_component_ref idref="oc-478"/>
      </symbol>
      <symbol id="sm-c84">
         <name>__aeabi_uldivmod</name>
         <value>0x3427</value>
         <object_component_ref idref="oc-46c"/>
      </symbol>
      <symbol id="sm-cac">
         <name>__TI_auto_init_nobinit_nopinit</name>
         <value>0x3f75</value>
         <object_component_ref idref="oc-1a2"/>
      </symbol>
      <symbol id="sm-cb6">
         <name>_system_pre_init</name>
         <value>0x4bbb</value>
         <object_component_ref idref="oc-b0"/>
      </symbol>
      <symbol id="sm-cc2">
         <name>C$$EXIT</name>
         <value>0x4bbf</value>
         <object_component_ref idref="oc-196"/>
      </symbol>
      <symbol id="sm-cc3">
         <name>abort</name>
         <value>0x4bbf</value>
         <object_component_ref idref="oc-196"/>
      </symbol>
      <symbol id="sm-cd8">
         <name>_nop</name>
         <value>0x38df</value>
         <object_component_ref idref="oc-37a"/>
      </symbol>
      <symbol id="sm-cd9">
         <name>_lock</name>
         <value>0x20000860</value>
         <object_component_ref idref="oc-2e6"/>
      </symbol>
      <symbol id="sm-cda">
         <name>_unlock</name>
         <value>0x20000864</value>
         <object_component_ref idref="oc-2e6"/>
      </symbol>
      <symbol id="sm-cf1">
         <name>atoi</name>
         <value>0x3ee1</value>
         <object_component_ref idref="oc-3c4"/>
      </symbol>
      <symbol id="sm-d06">
         <name>bsearch</name>
         <value>0x408d</value>
         <object_component_ref idref="oc-821"/>
      </symbol>
      <symbol id="sm-d11">
         <name>_ctypes_</name>
         <value>0x4ebc</value>
         <object_component_ref idref="oc-467"/>
      </symbol>
      <symbol id="sm-d20">
         <name>ltoa</name>
         <value>0x3d4d</value>
         <object_component_ref idref="oc-47d"/>
      </symbol>
      <symbol id="sm-d30">
         <name>memccpy</name>
         <value>0x48c9</value>
         <object_component_ref idref="oc-3ed"/>
      </symbol>
      <symbol id="sm-db2">
         <name>_sys_memory</name>
         <value>0x20000000</value>
         <object_component_ref idref="oc-29"/>
      </symbol>
      <symbol id="sm-db3">
         <name>free</name>
         <value>0x2f29</value>
         <object_component_ref idref="oc-75c"/>
      </symbol>
      <symbol id="sm-db4">
         <name>memalign</name>
         <value>0x2e35</value>
         <object_component_ref idref="oc-4df"/>
      </symbol>
      <symbol id="sm-db5">
         <name>malloc</name>
         <value>0x4b7d</value>
         <object_component_ref idref="oc-431"/>
      </symbol>
      <symbol id="sm-db6">
         <name>aligned_alloc</name>
         <value>0x2e35</value>
         <object_component_ref idref="oc-4df"/>
      </symbol>
      <symbol id="sm-dc6">
         <name>strchr</name>
         <value>0x49d5</value>
         <object_component_ref idref="oc-4af"/>
      </symbol>
      <symbol id="sm-dd4">
         <name>strlen</name>
         <value>0x4a15</value>
         <object_component_ref idref="oc-3be"/>
      </symbol>
      <symbol id="sm-dea">
         <name>__aeabi_errno_addr</name>
         <value>0x4b6d</value>
         <object_component_ref idref="oc-3f9"/>
      </symbol>
      <symbol id="sm-deb">
         <name>errno</name>
         <value>0x20000870</value>
         <object_component_ref idref="oc-4bf"/>
      </symbol>
      <symbol id="sm-df7">
         <name>__tdeh_init</name>
         <value>0x4b75</value>
         <object_component_ref idref="oc-2ec"/>
      </symbol>
      <symbol id="sm-e10">
         <name>wcslen</name>
         <value>0x4a85</value>
         <object_component_ref idref="oc-3f3"/>
      </symbol>
      <symbol id="sm-e30">
         <name>frexpl</name>
         <value>0x3b7d</value>
         <object_component_ref idref="oc-4a3"/>
      </symbol>
      <symbol id="sm-e31">
         <name>frexp</name>
         <value>0x3b7d</value>
         <object_component_ref idref="oc-4a3"/>
      </symbol>
      <symbol id="sm-e4e">
         <name>scalbn</name>
         <value>0x2a35</value>
         <object_component_ref idref="oc-4a9"/>
      </symbol>
      <symbol id="sm-e4f">
         <name>scalbnl</name>
         <value>0x2a35</value>
         <object_component_ref idref="oc-4a9"/>
      </symbol>
      <symbol id="sm-e50">
         <name>ldexpl</name>
         <value>0x2a35</value>
         <object_component_ref idref="oc-4a9"/>
      </symbol>
      <symbol id="sm-e51">
         <name>ldexp</name>
         <value>0x2a35</value>
         <object_component_ref idref="oc-4a9"/>
      </symbol>
      <symbol id="sm-e5b">
         <name>__aeabi_idiv0</name>
         <value>0x3cf7</value>
         <object_component_ref idref="oc-52f"/>
      </symbol>
      <symbol id="sm-e5c">
         <name>__aeabi_ldiv0</name>
         <value>0x3cf7</value>
         <object_component_ref idref="oc-52f"/>
      </symbol>
      <symbol id="sm-e66">
         <name>copysign</name>
         <value>0x4933</value>
         <object_component_ref idref="oc-545"/>
      </symbol>
      <symbol id="sm-e67">
         <name>copysignl</name>
         <value>0x4933</value>
         <object_component_ref idref="oc-545"/>
      </symbol>
      <symbol id="sm-e68">
         <name>__TI_static_base__</name>
         <value>0x0</value>
      </symbol>
      <symbol id="sm-e6b">
         <name>__mpu_init</name>
         <value>0x0</value>
      </symbol>
      <symbol id="sm-e6c">
         <name>_system_post_cinit</name>
         <value>0x0</value>
      </symbol>
      <symbol id="sm-e6d">
         <name>NMI_Handler</name>
         <value>0x16fb</value>
      </symbol>
      <symbol id="sm-e6e">
         <name>HardFault_Handler</name>
         <value>0x16fb</value>
      </symbol>
      <symbol id="sm-e6f">
         <name>MemManage_Handler</name>
         <value>0x16fb</value>
      </symbol>
      <symbol id="sm-e70">
         <name>BusFault_Handler</name>
         <value>0x16fb</value>
      </symbol>
      <symbol id="sm-e71">
         <name>UsageFault_Handler</name>
         <value>0x16fb</value>
      </symbol>
      <symbol id="sm-e72">
         <name>SVC_Handler</name>
         <value>0x16fb</value>
      </symbol>
      <symbol id="sm-e73">
         <name>DebugMon_Handler</name>
         <value>0x16fb</value>
      </symbol>
      <symbol id="sm-e74">
         <name>PendSV_Handler</name>
         <value>0x16fb</value>
      </symbol>
      <symbol id="sm-e75">
         <name>SysTick_Handler</name>
         <value>0x16fb</value>
      </symbol>
      <symbol id="sm-e76">
         <name>PSS_IRQHandler</name>
         <value>0x16fb</value>
      </symbol>
      <symbol id="sm-e77">
         <name>CS_IRQHandler</name>
         <value>0x16fb</value>
      </symbol>
      <symbol id="sm-e78">
         <name>PCM_IRQHandler</name>
         <value>0x16fb</value>
      </symbol>
      <symbol id="sm-e79">
         <name>WDT_A_IRQHandler</name>
         <value>0x16fb</value>
      </symbol>
      <symbol id="sm-e7a">
         <name>FPU_IRQHandler</name>
         <value>0x16fb</value>
      </symbol>
      <symbol id="sm-e7b">
         <name>FLCTL_IRQHandler</name>
         <value>0x16fb</value>
      </symbol>
      <symbol id="sm-e7c">
         <name>COMP_E0_IRQHandler</name>
         <value>0x16fb</value>
      </symbol>
      <symbol id="sm-e7d">
         <name>COMP_E1_IRQHandler</name>
         <value>0x16fb</value>
      </symbol>
      <symbol id="sm-e7e">
         <name>TA0_0_IRQHandler</name>
         <value>0x16fb</value>
      </symbol>
      <symbol id="sm-e7f">
         <name>TA0_N_IRQHandler</name>
         <value>0x16fb</value>
      </symbol>
      <symbol id="sm-e80">
         <name>TA1_0_IRQHandler</name>
         <value>0x16fb</value>
      </symbol>
      <symbol id="sm-e81">
         <name>TA1_N_IRQHandler</name>
         <value>0x16fb</value>
      </symbol>
      <symbol id="sm-e82">
         <name>TA2_0_IRQHandler</name>
         <value>0x16fb</value>
      </symbol>
      <symbol id="sm-e83">
         <name>TA2_N_IRQHandler</name>
         <value>0x16fb</value>
      </symbol>
      <symbol id="sm-e84">
         <name>TA3_0_IRQHandler</name>
         <value>0x16fb</value>
      </symbol>
      <symbol id="sm-e85">
         <name>TA3_N_IRQHandler</name>
         <value>0x16fb</value>
      </symbol>
      <symbol id="sm-e86">
         <name>EUSCIA0_IRQHandler</name>
         <value>0x16fb</value>
      </symbol>
      <symbol id="sm-e87">
         <name>EUSCIA1_IRQHandler</name>
         <value>0x16fb</value>
      </symbol>
      <symbol id="sm-e88">
         <name>EUSCIA2_IRQHandler</name>
         <value>0x16fb</value>
      </symbol>
      <symbol id="sm-e89">
         <name>EUSCIA3_IRQHandler</name>
         <value>0x16fb</value>
      </symbol>
      <symbol id="sm-e8a">
         <name>EUSCIB0_IRQHandler</name>
         <value>0x16fb</value>
      </symbol>
      <symbol id="sm-e8b">
         <name>EUSCIB1_IRQHandler</name>
         <value>0x16fb</value>
      </symbol>
      <symbol id="sm-e8c">
         <name>EUSCIB2_IRQHandler</name>
         <value>0x16fb</value>
      </symbol>
      <symbol id="sm-e8d">
         <name>EUSCIB3_IRQHandler</name>
         <value>0x16fb</value>
      </symbol>
      <symbol id="sm-e8e">
         <name>ADC14_IRQHandler</name>
         <value>0x2d3d</value>
      </symbol>
      <symbol id="sm-e8f">
         <name>T32_INT1_IRQHandler</name>
         <value>0x4795</value>
      </symbol>
      <symbol id="sm-e90">
         <name>T32_INT2_IRQHandler</name>
         <value>0x2021</value>
      </symbol>
      <symbol id="sm-e91">
         <name>T32_INTC_IRQHandler</name>
         <value>0x16fb</value>
      </symbol>
      <symbol id="sm-e92">
         <name>AES256_IRQHandler</name>
         <value>0x16fb</value>
      </symbol>
      <symbol id="sm-e93">
         <name>RTC_C_IRQHandler</name>
         <value>0x16fb</value>
      </symbol>
      <symbol id="sm-e94">
         <name>DMA_ERR_IRQHandler</name>
         <value>0x16fb</value>
      </symbol>
      <symbol id="sm-e95">
         <name>DMA_INT3_IRQHandler</name>
         <value>0x16fb</value>
      </symbol>
      <symbol id="sm-e96">
         <name>DMA_INT2_IRQHandler</name>
         <value>0x16fb</value>
      </symbol>
      <symbol id="sm-e97">
         <name>DMA_INT1_IRQHandler</name>
         <value>0x16fb</value>
      </symbol>
      <symbol id="sm-e98">
         <name>DMA_INT0_IRQHandler</name>
         <value>0x16fb</value>
      </symbol>
      <symbol id="sm-e99">
         <name>PORT1_IRQHandler</name>
         <value>0x44c1</value>
      </symbol>
      <symbol id="sm-e9a">
         <name>PORT2_IRQHandler</name>
         <value>0x16fb</value>
      </symbol>
      <symbol id="sm-e9b">
         <name>PORT3_IRQHandler</name>
         <value>0x16fb</value>
      </symbol>
      <symbol id="sm-e9c">
         <name>PORT4_IRQHandler</name>
         <value>0x16fb</value>
      </symbol>
      <symbol id="sm-e9d">
         <name>PORT5_IRQHandler</name>
         <value>0x16fb</value>
      </symbol>
      <symbol id="sm-e9e">
         <name>PORT6_IRQHandler</name>
         <value>0x16fb</value>
      </symbol>
   </symbol_table>
   <title>Link successful</title>
</link_info>
