******************************************************************************
                  TI ARM Linker Unix v18.12.1                  
******************************************************************************
>> Linked Thu Jul 11 23:18:08 2019

OUTPUT FILE NAME:   <PlantMonitor.out>
ENTRY POINT SYMBOL: "_c_int00_noargs"  address: 000032b5


MEMORY CONFIGURATION

         name            origin    length      used     unused   attr    fill
----------------------  --------  ---------  --------  --------  ----  --------
  MAIN                  00000000   00040000  00004206  0003bdfa  R  X
  INFO                  00200000   00004000  00000000  00004000  R  X
  SRAM_CODE             01000000   00010000  00000a24  0000f5dc  RW X
  SRAM_DATA             20000000   00010000  00000a24  0000f5dc  RW  


SEGMENT ALLOCATION MAP

run origin  load origin   length   init length attrs members
----------  ----------- ---------- ----------- ----- -------
00000000    00000000    00004210   00004210    r-x
  00000000    00000000    000000e4   000000e4    r-- .intvecs
  000000e4    000000e4    00003a3e   00003a3e    r-x .text
  00003b28    00003b28    000003cc   000003cc    r-- .const
  00003ef4    00003ef4    00000088   00000088    r-- .ARM.extab
  00003f80    00003f80    00000038   00000038    r-- .cinit
  00003fb8    00003fb8    00000258   00000258    r-- .ARM.exidx
20000000    20000000    00000825   00000000    rw-
  20000000    20000000    00000800   00000000    rw- .sysmem
  20000800    20000800    00000021   00000000    rw- .data
  20000822    20000822    00000003   00000000    rw- .bss
2000fe00    2000fe00    00000200   00000000    rw-
  2000fe00    2000fe00    00000200   00000000    rw- .stack


SECTION ALLOCATION MAP

 output                                  attributes/
section   page    origin      length       input sections
--------  ----  ----------  ----------   ----------------
.intvecs   0    00000000    000000e4     
                  00000000    000000e4     startup_msp432p401r_ccs.obj (.intvecs:retain)

.text      0    000000e4    00003a3e     
                  000000e4    000009c0     rtsv7M4_T_le_v4SPD16_eabi_eh.lib : e_pow.c.obj (.text:pow)
                  00000aa4    0000030c     HAL_TMP006.obj (.text:_Z14TMP006_getTempv)
                  00000db0    00000288     rtsv7M4_T_le_v4SPD16_eabi_eh.lib : tdeh_pr_arm.cpp.obj (.text:_ZN37_INTERNAL_15_tdeh_pr_arm_cpp_7dc0f84d18__TI_unwind_cpp_prE13_Unwind_PhaseP19_Unwind_Exception_sP15_Unwind_Context15_Unwind_PR_Kind)
                  00001038    00000252                                      : tdeh_pr_common.cpp.obj (.text:_Z24__TI_process_descriptors13_Unwind_PhaseP19_Unwind_Exception_sP15_Unwind_Context15_Unwind_PR_KindPjP19_Unwind_Reason_CodePb)
                  0000128a    00000002     startup_msp432p401r_ccs.obj (.text:Default_Handler)
                  0000128c    00000210     rtsv7M4_T_le_v4SPD16_eabi_eh.lib : rtti.c.obj (.text:_ZN27_INTERNAL_6_rtti_c_066a44b028derived_to_base_conversion_rEPvPS0_PKN10__cxxabiv117__class_type_infoES5_jPiiPS5_P19a_result_virtualityS6_)
                  0000149c    000001b6                                      : fd_add_t2.asm.obj (.text)
                  00001652    00000002                                      : stdlib_exception.cpp.obj (.text:_ZNSt13bad_exceptionD1Ev)
                  00001654    00000168     printf.obj (.text:_Z6printfjPcz)
                  000017bc    00000158     rtsv7M4_T_le_v4SPD16_eabi_eh.lib : e_sqrt.c.obj (.text:sqrt)
                  00001914    00000140                                      : tdeh_cpp_abi.cpp.obj (.text:__cxa_type_match)
                  00001a54    00000136                                      : fd_div_t2.asm.obj (.text)
                  00001b8a    00000002                                      : stdlib_exception.cpp.obj (.text:_ZNSt9exceptionD1Ev)
                  00001b8c    00000110                                      : s_scalbn.c.obj (.text:scalbn)
                  00001c9c    000000fc                                      : fd_mul_t2.asm.obj (.text)
                  00001d98    000000f4                                      : memory.c.obj (.text:aligned_alloc)
                  00001e8c    000000ea     main.obj (.text:_ZN13SensorManagerIiE13ManageRequestEt)
                  00001f76    00000002     rtsv7M4_T_le_v4SPD16_eabi_eh.lib : stdlib_typeinfo.cpp.obj (.text:_ZNSt9type_infoD1Ev)
                  00001f78    000000e8                                      : memory.c.obj (.text:free)
                  00002060    000000e0                                      : tdeh_cpp_abi.cpp.obj (.text:__cxa_call_unexpected)
                  00002140    000000d8     HAL_OPT3001.obj (.text:_Z14OPT3001_getLuxv)
                  00002218    000000bc     system_msp432p401r.obj (.text:SystemInit)
                  000022d4    0000009c     main.obj (.text:main)
                  00002370    0000009c     rtsv7M4_T_le_v4SPD16_eabi_eh.lib : memcpy_t2.asm.obj (.text)
                  0000240c    0000008c     HAL_I2C.obj (.text:_Z10I2C_read16h)
                  00002498    00000088     msp432p4xx_driverlib.lib : gpio.o (.text:GPIO_setAsPeripheralModuleFunctionOutputPin)
                  00002520    00000086     rtsv7M4_T_le_v4SPD16_eabi_eh.lib : fd_cmp_t2.asm.obj (.text:__aeabi_cdcmple)
                  000025a6    00000086                                      : fd_cmp_t2.asm.obj (.text:__aeabi_cdrcmple)
                  0000262c    00000080                                      : rtti.c.obj (.text:__derived_to_base_conversion)
                  000026ac    0000007c     printf.obj (.text:_ZN29_INTERNAL_8_printf_c_83c338eb4xtoaEjmPKm)
                  00002728    0000007c     rtsv7M4_T_le_v4SPD16_eabi_eh.lib : memory.c.obj (.text:split)
                  000027a4    00000075                                      : tdeh_cpp_abi.cpp.obj (.text:__cxa_allocate_exception)
                  00002819    00000001     --HOLE-- [fill = 0]
                  0000281a    00000002                                      : _lock.c.obj (.text:_nop)
                  0000281c    0000006c     msp432p4xx_driverlib.lib : i2c.o (.text:I2C_masterSendMultiByteFinish)
                  00002888    0000006c     rtsv7M4_T_le_v4SPD16_eabi_eh.lib : tdeh_unwinder.cpp.obj (.text:_ZN39_INTERNAL_17_tdeh_unwinder_cpp_f8f63fad16find_et_setup_prEP19_Unwind_Exception_sj)
                  000028f4    0000006c                                      : tdeh_uwentry_t2.asm.obj (.text)
                  00002960    00000068     Interruptions_handler.obj (.text:EUSCIA0_IRQHandler)
                  000029c8    00000068     msp432p4xx_driverlib.lib : i2c.o (.text:I2C_masterSendMultiByteStart)
                  00002a30    00000068     rtsv7M4_T_le_v4SPD16_eabi_eh.lib : copy_decompress_lzss.c.obj (.text:decompress:lzss:__TI_decompress_lzss)
                  00002a98    00000064     Hardware_setup.obj (.text:_Z9UartSetupv)
                  00002afc    00000062     msp432p4xx_driverlib.lib : i2c.o (.text:I2C_initMaster)
                  00002b5e    00000002     --HOLE-- [fill = 0]
                  00002b60    0000005c     main.obj (.text:_ZN11ThermometerIiE8GetValueEv)
                  00002bbc    0000005c     main.obj (.text:_ZN13SensorManagerIiE3runEv)
                  00002c18    00000054     main.obj (.text:_ZN11LightSensorIiE8GetValueEv)
                  00002c6c    00000050     main.obj (.text:_ZN13SensorManagerIiE6attachEP6SensorIiE)
                  00002cbc    00000050     rtsv7M4_T_le_v4SPD16_eabi_eh.lib : tdeh_cpp_abi.cpp.obj (.text:__cxa_get_globals)
                  00002d0c    0000004c     main.obj (.text:_ZN13SensorManagerIiE5setupEv)
                  00002d58    0000004c     rtsv7M4_T_le_v4SPD16_eabi_eh.lib : tdeh_cpp_abi.cpp.obj (.text:__cxa_end_catch)
                  00002da4    0000004a     main.obj (.text:_ZN13LowPassFilterIifE12filterSignalEi)
                  00002dee    00000002     --HOLE-- [fill = 0]
                  00002df0    00000048     HAL_I2C.obj (.text:_Z11I2C_write16hj)
                  00002e38    00000048     rtsv7M4_T_le_v4SPD16_eabi_eh.lib : autoinit.c.obj (.text:__TI_auto_init_nobinit_nopinit:__TI_auto_init_nobinit_nopinit)
                  00002e80    00000048                                      : fd_toi_t2.asm.obj (.text)
                  00002ec8    00000044                                      : tdeh_pr_arm.cpp.obj (.text:_Z16__TI_targ_set_prP19_Unwind_Exception_s)
                  00002f0c    00000044                                      : tdeh_pr_arm.cpp.obj (.text:_ZN37_INTERNAL_15_tdeh_pr_arm_cpp_7dc0f84d13regb_Dreg_popEP15_Unwind_Contextjjb)
                  00002f50    00000044                                      : bsearch.c.obj (.text:bsearch)
                  00002f94    00000040     msp432p4xx_driverlib.lib : i2c.o (.text:I2C_masterReceiveMultiByteFinish)
                  00002fd4    00000040     rtsv7M4_T_le_v4SPD16_eabi_eh.lib : tdeh_unwinder.cpp.obj (.text:__TI_ut_entry_cmp)
                  00003014    0000003c     Hardware_setup.obj (.text:_Z22InitialConditionsSetupv)
                  00003050    0000003c     rtsv7M4_T_le_v4SPD16_eabi_eh.lib : tdeh_unwinder.cpp.obj (.text:_ZN39_INTERNAL_17_tdeh_unwinder_cpp_f8f63fad17__TI_unwind_frameEP19_Unwind_Exception_sP15_Unwind_Context)
                  0000308c    0000003a     main.obj (.text:_ZN13SensorManagerIiEC1Ev)
                  000030c6    00000002     --HOLE-- [fill = 0]
                  000030c8    00000038     msp432p4xx_driverlib.lib : i2c.o (.text:I2C_masterSendMultiByteStop)
                  00003100    00000038     HAL_TMP006.obj (.text:_Z3powIedENSt3__216__lazy_enable_ifIXaasr3std3__213is_arithmeticIT_EE5valuesr3std3__213is_arithmeticIT0_EE5valueENS0_9__promoteIS2_S3_vEEE4typeES2_S3_)
                  00003138    00000038     HAL_TMP006.obj (.text:_Z3powee)
                  00003170    00000038     rtsv7M4_T_le_v4SPD16_eabi_eh.lib : tdeh_unwinder.cpp.obj (.text:__TI_Unwind_RaiseException2)
                  000031a8    00000038                                      : tdeh_unwinder.cpp.obj (.text:__TI_Unwind_Resume)
                  000031e0    00000036     HAL_TMP006.obj (.text:_Z11TMP006_initv)
                  00003216    00000036     rtsv7M4_T_le_v4SPD16_eabi_eh.lib : tdeh_cpp_abi.cpp.obj (.text:__cxa_rethrow)
                  0000324c    00000034     msp432p4xx_driverlib.lib : cs.o (.text:CS_setDCOCenteredFrequency)
                  00003280    00000034                              : i2c.o (.text:I2C_masterSendMultiByteNext)
                  000032b4    00000034     rtsv7M4_T_le_v4SPD16_eabi_eh.lib : boot_cortex_m.c.obj (.text:_c_int00_noargs:_c_int00_noargs)
                  000032e8    00000032     HAL_TMP006.obj (.text:_Z3powIeiENSt3__216__lazy_enable_ifIXaasr3std3__213is_arithmeticIT_EE5valuesr3std3__213is_arithmeticIT0_EE5valueENS0_9__promoteIS2_S3_vEEE4typeES2_S3_)
                  0000331a    00000032     rtsv7M4_T_le_v4SPD16_eabi_eh.lib : tdeh_pr_arm.cpp.obj (.text:_ZN37_INTERNAL_15_tdeh_pr_arm_cpp_7dc0f84d13regb_core_popEP15_Unwind_Contextj)
                  0000334c    00000030     main.obj (.text:_ZN11LightSensorIiE5setupEv)
                  0000337c    00000030     main.obj (.text:_ZN11ThermometerIiE5setupEv)
                  000033ac    00000030     rtsv7M4_T_le_v4SPD16_eabi_eh.lib : tdeh_pr_arm.cpp.obj (.text:_ZN37_INTERNAL_15_tdeh_pr_arm_cpp_7dc0f84d12next_uw_byteEP20_Unwind_Instr_Handle)
                  000033dc    0000002e                                      : tdeh_cpp_abi.cpp.obj (.text:__cxa_begin_catch)
                  0000340a    0000002e                                      : i_tofd_t2.asm.obj (.text)
                  00003438    0000002c     HAL_TMP006.obj (.text:_Z3powIiiENSt3__216__lazy_enable_ifIXaasr3std3__213is_arithmeticIT_EE5valuesr3std3__213is_arithmeticIT0_EE5valueENS0_9__promoteIS2_S3_vEEE4typeES2_S3_)
                  00003464    0000002c     main.obj (.text:_ZN6SensorIiEC1Ev)
                  00003490    0000002a     rtsv7M4_T_le_v4SPD16_eabi_eh.lib : tdeh_cpp_abi.cpp.obj (.text:__cxa_throw)
                  000034ba    00000002     --HOLE-- [fill = 0]
                  000034bc    00000028     Hardware_setup.obj (.text:_Z8PinSetupv)
                  000034e4    00000028     main.obj (.text:_ZN13LowPassFilterIifEC1Ef)
                  0000350c    00000028     rtsv7M4_T_le_v4SPD16_eabi_eh.lib : memory.c.obj (.text:free_list_insert)
                  00003534    00000024     printf.obj (.text:_Z4putsjPc)
                  00003558    00000022     rtsv7M4_T_le_v4SPD16_eabi_eh.lib : tdeh_cpp_abi.cpp.obj (.text:__cxa_free_exception)
                  0000357a    00000002     --HOLE-- [fill = 0]
                  0000357c    00000020     HAL_I2C.obj (.text:_Z8I2C_initv)
                  0000359c    00000020     printf.obj (.text:_Z8sendBytejc)
                  000035bc    00000020     main.obj (.text:_ZN11LightSensorIiE12EnableSensorEv)
                  000035dc    00000020     main.obj (.text:_ZN11LightSensorIiE13DisableSensorEv)
                  000035fc    00000020     main.obj (.text:_ZN11LightSensorIiEC1Ev)
                  0000361c    00000020     main.obj (.text:_ZN11ThermometerIiE12EnableSensorEv)
                  0000363c    00000020     main.obj (.text:_ZN11ThermometerIiE13DisableSensorEv)
                  0000365c    00000020     main.obj (.text:_ZN11ThermometerIiEC1Ev)
                  0000367c    00000020     rtsv7M4_T_le_v4SPD16_eabi_eh.lib : tdeh_cpp_abi.cpp.obj (.text:_ZSt10unexpectedv)
                  0000369c    00000020                                      : tdeh_cpp_abi.cpp.obj (.text:_ZSt9terminatev)
                  000036bc    00000020                                      : tdeh_pr_arm.cpp.obj (.text:__TI_Unwind_RaiseException)
                  000036dc    00000020                                      : rtti.c.obj (.text:__cxa_bad_typeid)
                  000036fc    0000001e                                      : tdeh_cpp_abi.cpp.obj (.text:_ZN38_INTERNAL_16_tdeh_cpp_abi_cpp_89652da837__TI_setup_handler_and_call_terminateEP19_Unwind_Exception_s)
                  0000371a    0000001c     msp432p4xx_driverlib.lib : i2c.o (.text:I2C_setMode)
                  00003736    00000002     --HOLE-- [fill = 0]
                  00003738    0000001c     HAL_I2C.obj (.text:_Z12I2C_setslavej)
                  00003754    0000001c     printf.obj (.text:_ZN29_INTERNAL_8_printf_c_83c338eb4puthEjj)
                  00003770    0000001c     rtsv7M4_T_le_v4SPD16_eabi_eh.lib : memory.c.obj (.text:free_list_remove)
                  0000378c    0000001a     msp432p4xx_driverlib.lib : i2c.o (.text:I2C_masterReceiveStart)
                  000037a6    0000001a     rtsv7M4_T_le_v4SPD16_eabi_eh.lib : s_copysign.c.obj (.text:copysign)
                  000037c0    00000018     msp432p4xx_driverlib.lib : i2c.o (.text:I2C_getInterruptStatus)
                  000037d8    00000018                              : i2c.o (.text:I2C_isBusBusy)
                  000037f0    00000018     HAL_I2C.obj (.text:_Z13Init_I2C_GPIOv)
                  00003808    00000018     main.obj (.text:_ZN6FilterIiEC1Ev)
                  00003820    00000018     rtsv7M4_T_le_v4SPD16_eabi_eh.lib : stdlib_exception.cpp.obj (.text:_ZNKSt13bad_exception4whatEv)
                  00003838    00000016     msp432p4xx_driverlib.lib : i2c.o (.text:I2C_clearInterruptFlag)
                  0000384e    00000016                              : i2c.o (.text:I2C_disableModule)
                  00003864    00000016                              : i2c.o (.text:I2C_enableModule)
                  0000387a    00000014                              : i2c.o (.text:I2C_masterReceiveMultiByteNext)
                  0000388e    00000014                              : i2c.o (.text:I2C_setSlaveAddress)
                  000038a2    00000014     HAL_OPT3001.obj (.text:_Z12OPT3001_initv)
                  000038b6    00000014     main.obj (.text:_ZN11LightSensorIiED0Ev)
                  000038ca    00000002     --HOLE-- [fill = 0]
                  000038cc    00000014     rtsv7M4_T_le_v4SPD16_eabi_eh.lib : stdlib_typeinfo.cpp.obj (.text:_ZNKSt10bad_typeid4whatEv)
                  000038e0    00000014                                      : stdlib_typeinfo.cpp.obj (.text:_ZNSt10bad_typeidC1Ev)
                  000038f4    00000013                                      : stdlib_exception.cpp.obj (.text:_ZNKSt9exception4whatEv)
                  00003907    00000001     --HOLE-- [fill = 0]
                  00003908    00000012     printf.obj (.text:_Z4putcjj)
                  0000391a    00000012     rtsv7M4_T_le_v4SPD16_eabi_eh.lib : tdeh_cpp_abi.cpp.obj (.text:__cxa_begin_cleanup)
                  0000392c    00000012                                      : tdeh_cpp_abi.cpp.obj (.text:__cxa_call_terminate)
                  0000393e    00000012                                      : copy_zero_init.c.obj (.text:decompress:ZI:__TI_zero_init_nomemset:__TI_zero_init_nomemset)
                  00003950    00000010     HAL_TMP006.obj (.text:_Z19TMP006_readDeviceIdv)
                  00003960    00000010     HAL_TMP006.obj (.text:_Z24TMP006_readObjectVoltagev)
                  00003970    00000010     HAL_TMP006.obj (.text:_Z29TMP006_readAmbientTemperaturev)
                  00003980    00000010     Hardware_setup.obj (.text:_Z7PowerUpv)
                  00003990    00000010     main.obj (.text:_ZN6FilterIiEC2Ev)
                  000039a0    00000010     main.obj (.text:_ZN6FilterIiED2Ev)
                  000039b0    00000010     main.obj (.text:_ZN6SensorIiEC2Ev)
                  000039c0    0000000e     rtsv7M4_T_le_v4SPD16_eabi_eh.lib : typeinfo.c.obj (.text:_ZN10__cxxabiv117__class_type_infoD0Ev)
                  000039ce    0000000e                                      : typeinfo.c.obj (.text:_ZN10__cxxabiv120__si_class_type_infoD0Ev)
                  000039dc    0000000e                                      : typeinfo.c.obj (.text:_ZN10__cxxabiv123__fundamental_type_infoD0Ev)
                  000039ea    0000000e     main.obj (.text:_ZN13LowPassFilterIifED1Ev)
                  000039f8    0000000e     main.obj (.text:_ZN6FilterIiE16getFilteredValueEv)
                  00003a06    0000000e     rtsv7M4_T_le_v4SPD16_eabi_eh.lib : stdlib_typeinfo.cpp.obj (.text:_ZNSt10bad_typeidD0Ev)
                  00003a14    0000000e                                      : copy_decompress_none.c.obj (.text:decompress:none:__TI_decompress_none)
                  00003a22    0000000c     startup_msp432p401r_ccs.obj (.text:Reset_Handler)
                  00003a2e    0000000c     main.obj (.text:_ZN11LightSensorIiED1Ev)
                  00003a3a    0000000c     main.obj (.text:_ZN11ThermometerIiED1Ev)
                  00003a46    0000000c     main.obj (.text:_ZN6FilterIiED1Ev)
                  00003a52    0000000c     rtsv7M4_T_le_v4SPD16_eabi_eh.lib : tdeh_cpp_abi.cpp.obj (.text:__TI_cxa_end_cleanup)
                  00003a5e    0000000a                                      : tdeh_unwinder.cpp.obj (.text:_Z13__TI_prel2absPKj)
                  00003a68    0000000a                                      : tdeh_cpp_abi.cpp.obj (.text:_ZN38_INTERNAL_16_tdeh_cpp_abi_cpp_89652da825__TI_default_term_handlerEv)
                  00003a72    0000000a                                      : new.cpp.obj (.text:_ZdlPv)
                  00003a7c    0000000a                                      : tdeh_pr_arm.cpp.obj (.text:__aeabi_unwind_cpp_pr0)
                  00003a86    0000000a                                      : tdeh_pr_arm.cpp.obj (.text:__aeabi_unwind_cpp_pr1)
                  00003a90    0000000a                                      : tdeh_pr_arm.cpp.obj (.text:__aeabi_unwind_cpp_pr2)
                  00003a9a    0000000a                                      : pure_virt.c.obj (.text:__cxa_pure_virtual)
                  00003aa4    00000008                                      : tdeh_pr_arm.cpp.obj (.text:_Z24__TI_targ_regbuf_installP15_Unwind_Context)
                  00003aac    00000008                                      : typeinfo.c.obj (.text:_ZN10__cxxabiv117__class_type_infoD1Ev)
                  00003ab4    00000008                                      : typeinfo.c.obj (.text:_ZN10__cxxabiv120__si_class_type_infoD1Ev)
                  00003abc    00000008                                      : typeinfo.c.obj (.text:_ZN10__cxxabiv123__fundamental_type_infoD1Ev)
                  00003ac4    00000008                                      : stdlib_typeinfo.cpp.obj (.text:_ZNSt10bad_typeidD1Ev)
                  00003acc    00000008                                      : errno.c.obj (.text:__aeabi_errno_addr)
                  00003ad4    00000008                                      : tdeh_init.cpp.obj (.text:__tdeh_init)
                  00003adc    00000008                                      : memory.c.obj (.text:malloc)
                  00003ae4    00000006                                      : tdeh_pr_arm.cpp.obj (.text:_ZN37_INTERNAL_15_tdeh_pr_arm_cpp_7dc0f84d13regb_core_setEP15_Unwind_Context14_Unwind_Reg_Idj)
                  00003aea    00000006                                      : stdlib_exception.cpp.obj (.text:_ZNSt13bad_exceptionD0Ev)
                  00003af0    00000006                                      : stdlib_exception.cpp.obj (.text:_ZNSt9exceptionD0Ev)
                  00003af6    00000004                                      : tdeh_pr_arm.cpp.obj (.text:_Z22__TI_targ_rtti_addressPjP15_Unwind_Context)
                  00003afa    00000004                                      : tdeh_pr_arm.cpp.obj (.text:_Z23__TI_targ_regbuf_get_pcP15_Unwind_Context)
                  00003afe    00000004                                      : tdeh_pr_arm.cpp.obj (.text:_Z23__TI_targ_regbuf_get_sbP15_Unwind_Context)
                  00003b02    00000004                                      : tdeh_pr_arm.cpp.obj (.text:_Z23__TI_targ_regbuf_get_spP15_Unwind_Context)
                  00003b06    00000004                                      : tdeh_pr_arm.cpp.obj (.text:_Z23__TI_targ_regbuf_set_pcP15_Unwind_Contextj)
                  00003b0a    00000004                                      : tdeh_pr_arm.cpp.obj (.text:_Z26__TI_targ_setup_call_parm0P15_Unwind_Contextj)
                  00003b0e    00000004                                      : tdeh_cpp_abi.cpp.obj (.text:_ZN38_INTERNAL_16_tdeh_cpp_abi_cpp_89652da826__TI_default_unexp_handlerEv)
                  00003b12    00000004                                      : new.cpp.obj (.text:_ZdlPvj)
                  00003b16    00000004                                      : error.c.obj (.text:__abort_execution)
                  00003b1a    00000004                                      : pre_init.c.obj (.text:_system_pre_init)
                  00003b1e    00000004                                      : exit.c.obj (.text:abort:abort)

.const     0    00003b28    000003cc     
                  00003b28    00000030     rtsv7M4_T_le_v4SPD16_eabi_eh.lib : e_pow.c.obj (.const:$O1$$)
                  00003b58    00000030     msp432p4xx_driverlib.lib : gpio.o (.const:GPIO_PORT_TO_BASE)
                  00003b88    00000028     rtsv7M4_T_le_v4SPD16_eabi_eh.lib : typeinfo.c.obj (.const:.typeinfo:_ZTSN10__cxxabiv123__fundamental_type_infoE)
                  00003bb0    00000028     printf.obj (.const:dv)
                  00003bd8    00000026     rtsv7M4_T_le_v4SPD16_eabi_eh.lib : typeinfo.c.obj (.const:.typeinfo:_ZTSN10__cxxabiv121__vmi_class_type_infoE)
                  00003bfe    00000025                                      : typeinfo.c.obj (.const:.typeinfo:_ZTSN10__cxxabiv120__si_class_type_infoE)
                  00003c23    00000024                                      : typeinfo.c.obj (.const:.typeinfo:_ZTSN10__cxxabiv119__pointer_type_infoE)
                  00003c47    00000001     --HOLE-- [fill = 0]
                  00003c48    00000024     Hardware_setup.obj (.const:uartConfig)
                  00003c6c    00000022     rtsv7M4_T_le_v4SPD16_eabi_eh.lib : typeinfo.c.obj (.const:.typeinfo:_ZTSN10__cxxabiv117__class_type_infoE)
                  00003c8e    00000022                                      : typeinfo.c.obj (.const:.typeinfo:_ZTSN10__cxxabiv117__pbase_type_infoE)
                  00003cb0    00000020     main.obj (.const:_ZTV11LightSensorIiE)
                  00003cd0    00000018     main.obj (.const:_ZTV11ThermometerIiE)
                  00003ce8    00000018     main.obj (.const:_ZTV6SensorIiE)
                  00003d00    00000014     main.obj (.const:.typeinfo:_ZTS13LowPassFilterIifE)
                  00003d14    00000014     rtsv7M4_T_le_v4SPD16_eabi_eh.lib : stdlib_typeinfo.cpp.obj (.const:_ZTVSt10bad_typeid)
                  00003d28    00000014                                      : stdlib_exception.cpp.obj (.const:_ZTVSt13bad_exception)
                  00003d3c    00000014                                      : stdlib_exception.cpp.obj (.const:_ZTVSt9exception)
                  00003d50    00000014     HAL_I2C.obj (.const:i2cConfig)
                  00003d64    00000012     rtsv7M4_T_le_v4SPD16_eabi_eh.lib : stdlib_exception.cpp.obj (.const:.typeinfo:_ZTSSt13bad_exception)
                  00003d76    00000011     main.obj (.const:.typeinfo:_ZTS11LightSensorIiE)
                  00003d87    00000011     main.obj (.const:.typeinfo:_ZTS11ThermometerIiE)
                  00003d98    00000010     printf.obj (.const:.string:hex$1)
                  00003da8    00000010     rtsv7M4_T_le_v4SPD16_eabi_eh.lib : typeinfo.c.obj (.const:_ZTVN10__cxxabiv117__class_type_infoE)
                  00003db8    00000010                                      : typeinfo.c.obj (.const:_ZTVN10__cxxabiv120__si_class_type_infoE)
                  00003dc8    00000010                                      : typeinfo.c.obj (.const:_ZTVN10__cxxabiv123__fundamental_type_infoE)
                  00003dd8    0000000f                                      : stdlib_typeinfo.cpp.obj (.const:.typeinfo:_ZTSSt10bad_typeid)
                  00003de7    0000000d                                      : stdlib_exception.cpp.obj (.const:.typeinfo:_ZTSSt9exception)
                  00003df4    0000000d                                      : stdlib_typeinfo.cpp.obj (.const:.typeinfo:_ZTSSt9type_info)
                  00003e01    00000002     main.obj (.const:.string:_ZZN13SensorManagerIiE3runEvEs)
                  00003e03    00000001     --HOLE-- [fill = 0]
                  00003e04    0000000c     main.obj (.const:.typeinfo:_ZTI11LightSensorIiE)
                  00003e10    0000000c     main.obj (.const:.typeinfo:_ZTI11ThermometerIiE)
                  00003e1c    0000000c     main.obj (.const:.typeinfo:_ZTI13LowPassFilterIifE)
                  00003e28    0000000c     rtsv7M4_T_le_v4SPD16_eabi_eh.lib : typeinfo.c.obj (.const:.typeinfo:_ZTIN10__cxxabiv117__class_type_infoE)
                  00003e34    0000000c                                      : typeinfo.c.obj (.const:.typeinfo:_ZTIN10__cxxabiv117__pbase_type_infoE)
                  00003e40    0000000c                                      : typeinfo.c.obj (.const:.typeinfo:_ZTIN10__cxxabiv119__pointer_type_infoE)
                  00003e4c    0000000c                                      : typeinfo.c.obj (.const:.typeinfo:_ZTIN10__cxxabiv120__si_class_type_infoE)
                  00003e58    0000000c                                      : typeinfo.c.obj (.const:.typeinfo:_ZTIN10__cxxabiv121__vmi_class_type_infoE)
                  00003e64    0000000c                                      : typeinfo.c.obj (.const:.typeinfo:_ZTIN10__cxxabiv123__fundamental_type_infoE)
                  00003e70    0000000c                                      : stdlib_typeinfo.cpp.obj (.const:.typeinfo:_ZTISt10bad_typeid)
                  00003e7c    0000000c                                      : stdlib_exception.cpp.obj (.const:.typeinfo:_ZTISt13bad_exception)
                  00003e88    0000000c     main.obj (.const:_ZTV13LowPassFilterIifE)
                  00003e94    0000000c     main.obj (.const:_ZTV6FilterIiE)
                  00003ea0    0000000b     main.obj (.const:.typeinfo:_ZTS6FilterIiE)
                  00003eab    0000000b     main.obj (.const:.typeinfo:_ZTS6SensorIiE)
                  00003eb6    0000000a     main.obj (.const:.string:_ZZN11ThermometerIiE8GetValueEvEs)
                  00003ec0    00000009     main.obj (.const:.string:_ZZN11LightSensorIiE8GetValueEvEs)
                  00003ec9    00000002     rtsv7M4_T_le_v4SPD16_eabi_eh.lib : typeinfo.c.obj (.const:.typeinfo:_ZTSv)
                  00003ecb    00000001     --HOLE-- [fill = 0]
                  00003ecc    00000008     main.obj (.const:.typeinfo:_ZTI6FilterIiE)
                  00003ed4    00000008     main.obj (.const:.typeinfo:_ZTI6SensorIiE)
                  00003edc    00000008     rtsv7M4_T_le_v4SPD16_eabi_eh.lib : stdlib_exception.cpp.obj (.const:.typeinfo:_ZTISt9exception)
                  00003ee4    00000008                                      : stdlib_typeinfo.cpp.obj (.const:.typeinfo:_ZTISt9type_info)
                  00003eec    00000008                                      : typeinfo.c.obj (.const:.typeinfo:_ZTIv)

.cinit     0    00003f80    00000038     
                  00003f80    0000000d     (.cinit..data.load) [load image, compression = lzss]
                  00003f8d    00000003     --HOLE-- [fill = 0]
                  00003f90    0000000c     (__TI_handler_table)
                  00003f9c    00000004     --HOLE-- [fill = 0]
                  00003fa0    00000008     (.cinit..bss.load) [load image, compression = zero_init]
                  00003fa8    00000010     (__TI_cinit_table)

.init_array 
*          0    00000000    00000000     UNINITIALIZED

.binit     0    00000000    00000000     

.sysmem    0    20000000    00000800     UNINITIALIZED
                  20000000    00000010     rtsv7M4_T_le_v4SPD16_eabi_eh.lib : memory.c.obj (.sysmem)
                  20000010    000007f0     --HOLE--

.data      0    20000800    00000021     UNINITIALIZED
                  20000800    00000008     rtsv7M4_T_le_v4SPD16_eabi_eh.lib : _lock.c.obj (.data:$O1$$)
                  20000808    00000008                                      : memory.c.obj (.data:$O1$$)
                  20000810    00000008     HAL_TMP006.obj (.data)
                  20000818    00000004     rtsv7M4_T_le_v4SPD16_eabi_eh.lib : errno.c.obj (.data)
                  2000081c    00000004                                      : tdeh_cpp_abi.cpp.obj (.data)
                  20000820    00000001     main.obj (.data:_ZN6SensorIiE16m_u8NextSensorIDE)

.bss       0    20000822    00000003     UNINITIALIZED
                  20000822    00000002     (.common:g_u16BytesReceived)
                  20000824    00000001     (.common:g_u8BytesCounter)

.stack     0    2000fe00    00000200     UNINITIALIZED
                  2000fe00    00000004     rtsv7M4_T_le_v4SPD16_eabi_eh.lib : boot_cortex_m.c.obj (.stack)
                  2000fe04    000001fc     --HOLE--

.ARM.extab 
*          0    00003ef4    00000088     
                  00003ef4    00000030     rtsv7M4_T_le_v4SPD16_eabi_eh.lib : tdeh_cpp_abi.cpp.obj (.ARM.extab)
                  00003f24    0000001c     main.obj (.ARM.extab)
                  00003f40    0000001c     rtsv7M4_T_le_v4SPD16_eabi_eh.lib : tdeh_cpp_abi.cpp.obj (.ARM.extab)
                  00003f5c    00000010     main.obj (.ARM.extab)
                  00003f6c    00000010     main.obj (.ARM.extab)

.ARM.exidx 
*          0    00003fb8    00000258     
                  00003fb8    00000008     (.ARM.exidx.text:pow:rtsv7M4_T_le_v4SPD16_eabi_eh.lib<e_pow.c.obj>)
                  00003fc0    00000008     rtsv7M4_T_le_v4SPD16_eabi_eh.lib : tdeh_pr_arm.cpp.obj (.ARM.exidx)
                  00003fc8    00000008                                      : tdeh_pr_common.cpp.obj (.ARM.exidx)
                  00003fd0    00000008     (.ARM.exidx.text:Default_Handler:startup_msp432p401r_ccs.obj)
                  00003fd8    00000008                                      : rtti.c.obj (.ARM.exidx)
                  00003fe0    00000008     (.ARM.exidx.text:rtsv7M4_T_le_v4SPD16_eabi_eh.lib<fd_add_t2.asm.obj>)
                  00003fe8    00000008                                      : tdeh_cpp_abi.cpp.obj (.ARM.exidx)
                  00003ff0    00000008     (.ARM.exidx.text:rtsv7M4_T_le_v4SPD16_eabi_eh.lib<fd_div_t2.asm.obj>)
                  00003ff8    00000008     main.obj (.ARM.exidx)
                  00004000    00000008     (.ARM.exidx.text:_ZNSt9type_infoD1Ev:rtsv7M4_T_le_v4SPD16_eabi_eh.lib<stdlib_typeinfo.cpp.obj>)
                  00004008    00000008     rtsv7M4_T_le_v4SPD16_eabi_eh.lib : tdeh_cpp_abi.cpp.obj (.ARM.exidx)
                  00004010    00000008     (.ARM.exidx.text:_Z14OPT3001_getLuxv:HAL_OPT3001.obj)
                  00004018    00000008     main.obj (.ARM.exidx)
                  00004020    00000008     (.ARM.exidx.text:rtsv7M4_T_le_v4SPD16_eabi_eh.lib<memcpy_t2.asm.obj>)
                  00004028    00000008     rtsv7M4_T_le_v4SPD16_eabi_eh.lib : rtti.c.obj (.ARM.exidx)
                  00004030    00000008     (.ARM.exidx.text:_ZN29_INTERNAL_8_printf_c_83c338eb4xtoaEjmPKm:printf.obj)
                  00004038    00000008                                      : tdeh_cpp_abi.cpp.obj (.ARM.exidx)
                  00004040    00000008     (.ARM.exidx.text:_nop:rtsv7M4_T_le_v4SPD16_eabi_eh.lib<_lock.c.obj>)
                  00004048    00000008                                      : tdeh_unwinder.cpp.obj (.ARM.exidx)
                  00004050    00000008     (.ARM.exidx.text:rtsv7M4_T_le_v4SPD16_eabi_eh.lib<tdeh_uwentry_t2.asm.obj>)
                  00004058    00000008     Interruptions_handler.obj (.ARM.exidx)
                  00004060    00000008     (.ARM.exidx.text:I2C_masterSendMultiByteStart:msp432p4xx_driverlib.lib<i2c.o>)
                  00004068    00000008     Hardware_setup.obj (.ARM.exidx)
                  00004070    00000008     (.ARM.exidx.text:I2C_initMaster:msp432p4xx_driverlib.lib<i2c.o>)
                  00004078    00000008     main.obj (.ARM.exidx)
                  00004080    00000008     main.obj (.ARM.exidx)
                  00004088    00000008     main.obj (.ARM.exidx)
                  00004090    00000008     (.ARM.exidx.text:_ZN13SensorManagerIiE6attachEP6SensorIiE:main.obj)
                  00004098    00000008     rtsv7M4_T_le_v4SPD16_eabi_eh.lib : tdeh_cpp_abi.cpp.obj (.ARM.exidx)
                  000040a0    00000008     main.obj (.ARM.exidx)
                  000040a8    00000008     rtsv7M4_T_le_v4SPD16_eabi_eh.lib : tdeh_cpp_abi.cpp.obj (.ARM.exidx)
                  000040b0    00000008     (.ARM.exidx.text:_ZN13LowPassFilterIifE12filterSignalEi:main.obj)
                  000040b8    00000008                                      : tdeh_pr_arm.cpp.obj (.ARM.exidx)
                  000040c0    00000008                                      : tdeh_pr_arm.cpp.obj (.ARM.exidx)
                  000040c8    00000008     (.ARM.exidx.text:bsearch:rtsv7M4_T_le_v4SPD16_eabi_eh.lib<bsearch.c.obj>)
                  000040d0    00000008                                      : tdeh_unwinder.cpp.obj (.ARM.exidx)
                  000040d8    00000008     (.ARM.exidx.text:_ZN13SensorManagerIiEC1Ev:main.obj)
                  000040e0    00000008                                      : tdeh_unwinder.cpp.obj (.ARM.exidx)
                  000040e8    00000008                                      : tdeh_unwinder.cpp.obj (.ARM.exidx)
                  000040f0    00000008     (.ARM.exidx.text:_Z11TMP006_initv:HAL_TMP006.obj)
                  000040f8    00000008                                      : tdeh_cpp_abi.cpp.obj (.ARM.exidx)
                  00004100    00000008     (.ARM.exidx.text:CS_setDCOCenteredFrequency:msp432p4xx_driverlib.lib<cs.o>)
                  00004108    00000008     main.obj (.ARM.exidx)
                  00004110    00000008     (.ARM.exidx.text:_ZN37_INTERNAL_15_tdeh_pr_arm_cpp_7dc0f84d12next_uw_byteEP20_Unwind_Instr_Handle:rtsv7M4_T_le_v4SPD16_eabi_eh.lib<tdeh_pr_arm.cpp.obj>)
                  00004118    00000008     rtsv7M4_T_le_v4SPD16_eabi_eh.lib : tdeh_cpp_abi.cpp.obj (.ARM.exidx)
                  00004120    00000008     (.ARM.exidx.text:rtsv7M4_T_le_v4SPD16_eabi_eh.lib<i_tofd_t2.asm.obj>)
                  00004128    00000008                                      : tdeh_cpp_abi.cpp.obj (.ARM.exidx)
                  00004130    00000008     (.ARM.exidx.text:_Z8PinSetupv:Hardware_setup.obj)
                  00004138    00000008     main.obj (.ARM.exidx)
                  00004140    00000008     (.ARM.exidx.text:free_list_insert:rtsv7M4_T_le_v4SPD16_eabi_eh.lib<memory.c.obj>)
                  00004148    00000008     rtsv7M4_T_le_v4SPD16_eabi_eh.lib : tdeh_cpp_abi.cpp.obj (.ARM.exidx)
                  00004150    00000008     (.ARM.exidx.text:_Z8I2C_initv:HAL_I2C.obj)
                  00004158    00000008     main.obj (.ARM.exidx)
                  00004160    00000008     (.ARM.exidx.text:_ZN11ThermometerIiE12EnableSensorEv:main.obj)
                  00004168    00000008     main.obj (.ARM.exidx)
                  00004170    00000008     rtsv7M4_T_le_v4SPD16_eabi_eh.lib : tdeh_pr_arm.cpp.obj (.ARM.exidx)
                  00004178    00000008                                      : rtti.c.obj (.ARM.exidx)
                  00004180    00000008                                      : tdeh_cpp_abi.cpp.obj (.ARM.exidx)
                  00004188    00000008     (.ARM.exidx.text:I2C_setMode:msp432p4xx_driverlib.lib<i2c.o>)
                  00004190    00000008                                      : tdeh_cpp_abi.cpp.obj (.ARM.exidx)
                  00004198    00000008     (.ARM.exidx.text:decompress:ZI:__TI_zero_init_nomemset:__TI_zero_init_nomemset:rtsv7M4_T_le_v4SPD16_eabi_eh.lib<copy_zero_init.c.obj>)
                  000041a0    00000008     Hardware_setup.obj (.ARM.exidx)
                  000041a8    00000008     main.obj (.ARM.exidx)
                  000041b0    00000008     (.ARM.exidx.text:_ZN6FilterIiED2Ev:main.obj)
                  000041b8    00000008     main.obj (.ARM.exidx)
                  000041c0    00000008     rtsv7M4_T_le_v4SPD16_eabi_eh.lib : typeinfo.c.obj (.ARM.exidx)
                  000041c8    00000008     (.ARM.exidx.text:_ZN6FilterIiE16getFilteredValueEv:main.obj)
                  000041d0    00000008                                      : stdlib_typeinfo.cpp.obj (.ARM.exidx)
                  000041d8    00000008     (.ARM.exidx.text:decompress:none:__TI_decompress_none:rtsv7M4_T_le_v4SPD16_eabi_eh.lib<copy_decompress_none.c.obj>)
                  000041e0    00000008                                      : tdeh_cpp_abi.cpp.obj (.ARM.exidx)
                  000041e8    00000008     (.ARM.exidx.text:_Z13__TI_prel2absPKj:rtsv7M4_T_le_v4SPD16_eabi_eh.lib<tdeh_unwinder.cpp.obj>)
                  000041f0    00000008                                      : tdeh_cpp_abi.cpp.obj (.ARM.exidx)
                  000041f8    00000008     (.ARM.exidx.text:__aeabi_errno_addr:rtsv7M4_T_le_v4SPD16_eabi_eh.lib<errno.c.obj>)
                  00004200    00000008                                      : tdeh_init.cpp.obj (.ARM.exidx)
                  00004208    00000008     (.ARM.exidx.text:malloc:rtsv7M4_T_le_v4SPD16_eabi_eh.lib<memory.c.obj>)

MODULE SUMMARY

       Module                        code    ro data   rw data
       ------                        ----    -------   -------
    ./
       main.obj                      1474    409       2      
       HAL_TMP006.obj                1088    0         16     
       printf.obj                    598     56        0      
       HAL_I2C.obj                   296     20        6      
       Hardware_setup.obj            216     52        0      
       HAL_OPT3001.obj               236     0         0      
       system_msp432p401r.obj        188     0         0      
       Interruptions_handler.obj     104     8         0      
    +--+-----------------------------+-------+---------+---------+
       Total:                        4200    545       24     
                                                              
    ./ccs/
       startup_msp432p401r_ccs.obj   14      228       0      
    +--+-----------------------------+-------+---------+---------+
       Total:                        14      228       0      
                                                              
    /home/laura/ti/ccs901/ccs/tools/compiler/ti-cgt-arm_18.12.1.LTS/lib/rtsv7M4_T_le_v4SPD16_eabi_eh.lib
       e_pow.c.obj                   2496    48        0      
       tdeh_cpp_abi.cpp.obj          1149    180       8      
       tdeh_pr_arm.cpp.obj           982     32        0      
       rtti.c.obj                    688     24        0      
       memory.c.obj                  676     0         16     
       tdeh_pr_common.cpp.obj        594     8         0      
       fd_add_t2.asm.obj             438     0         0      
       typeinfo.c.obj                66      357       0      
       tdeh_unwinder.cpp.obj         354     32        0      
       e_sqrt.c.obj                  344     0         0      
       fd_div_t2.asm.obj             310     0         0      
       s_scalbn.c.obj                272     0         0      
       fd_cmp_t2.asm.obj             268     0         0      
       fd_mul_t2.asm.obj             252     0         0      
       memcpy_t2.asm.obj             156     0         0      
       stdlib_exception.cpp.obj      59      91        0      
       stdlib_typeinfo.cpp.obj       64      76        0      
       tdeh_uwentry_t2.asm.obj       108     0         0      
       copy_decompress_lzss.c.obj    104     0         0      
       autoinit.c.obj                72      0         0      
       fd_toi_t2.asm.obj             72      0         0      
       bsearch.c.obj                 68      0         0      
       boot_cortex_m.c.obj           52      0         0      
       i_tofd_t2.asm.obj             46      0         0      
       s_copysign.c.obj              26      0         0      
       _lock.c.obj                   2       0         16     
       copy_zero_init.c.obj          18      0         0      
       errno.c.obj                   8       0         8      
       tdeh_init.cpp.obj             8       8         0      
       copy_decompress_none.c.obj    14      0         0      
       new.cpp.obj                   14      0         0      
       pure_virt.c.obj               10      0         0      
       error.c.obj                   4       0         0      
       exit.c.obj                    4       0         0      
       pre_init.c.obj                4       0         0      
    +--+-----------------------------+-------+---------+---------+
       Total:                        9802    856       48     
                                                              
    /home/laura/ti/simplelink_msp432p4_sdk_3_10_00_08/source/ti/devices/msp432p4xx/driverlib/ccs/msp432p4xx_driverlib.lib
       i2c.o                         690     0         0      
       gpio.o                        136     48        0      
       cs.o                          52      0         0      
    +--+-----------------------------+-------+---------+---------+
       Total:                        878     48        0      
                                                              
       Heap:                         0       0         4096   
       Stack:                        0       0         1024   
       Linker Generated:             0       305       0      
    +--+-----------------------------+-------+---------+---------+
       Grand Total:                  14894   1982      5192   


LINKER GENERATED COPY TABLES

__TI_cinit_table @ 00003fa8 records: 2, size/record: 8, table size: 16
	.data: load addr=00003f80, load size=0000000d bytes, run addr=20000800, run size=00000021 bytes, compression=lzss
	.bss: load addr=00003fa0, load size=00000008 bytes, run addr=20000822, run size=00000003 bytes, compression=zero_init


LINKER GENERATED HANDLER TABLE

__TI_handler_table @ 00003f90 records: 3, size/record: 4, table size: 12
	index: 0, handler: __TI_decompress_lzss
	index: 1, handler: __TI_decompress_none
	index: 2, handler: __TI_zero_init


GLOBAL SYMBOLS: SORTED ALPHABETICALLY BY Name 

address   name                                                                                                                                                  
-------   ----                                                                                                                                                  
00003fb8  .ARM.exidx$$Base                                                                                                                                      
00004210  .ARM.exidx$$Limit                                                                                                                                     
0000128b  ADC14_IRQHandler                                                                                                                                      
0000128b  AES256_IRQHandler                                                                                                                                     
0000128b  BusFault_Handler                                                                                                                                      
00003b1f  C$$EXIT                                                                                                                                               
0000128b  COMP_E0_IRQHandler                                                                                                                                    
0000128b  COMP_E1_IRQHandler                                                                                                                                    
0000128b  CS_IRQHandler                                                                                                                                         
0000324d  CS_setDCOCenteredFrequency                                                                                                                            
0000128b  DMA_ERR_IRQHandler                                                                                                                                    
0000128b  DMA_INT0_IRQHandler                                                                                                                                   
0000128b  DMA_INT1_IRQHandler                                                                                                                                   
0000128b  DMA_INT2_IRQHandler                                                                                                                                   
0000128b  DMA_INT3_IRQHandler                                                                                                                                   
0000128b  DebugMon_Handler                                                                                                                                      
0000128b  Default_Handler                                                                                                                                       
00002961  EUSCIA0_IRQHandler                                                                                                                                    
00002961  EUSCIA0_IRQHandler                                                                                                                                    
0000128b  EUSCIA1_IRQHandler                                                                                                                                    
0000128b  EUSCIA2_IRQHandler                                                                                                                                    
0000128b  EUSCIA3_IRQHandler                                                                                                                                    
0000128b  EUSCIB0_IRQHandler                                                                                                                                    
0000128b  EUSCIB1_IRQHandler                                                                                                                                    
0000128b  EUSCIB2_IRQHandler                                                                                                                                    
0000128b  EUSCIB3_IRQHandler                                                                                                                                    
0000128b  FLCTL_IRQHandler                                                                                                                                      
0000128b  FPU_IRQHandler                                                                                                                                        
00002499  GPIO_setAsPeripheralModuleFunctionOutputPin                                                                                                           
0000128b  HardFault_Handler                                                                                                                                     
00003839  I2C_clearInterruptFlag                                                                                                                                
0000384f  I2C_disableModule                                                                                                                                     
00003865  I2C_enableModule                                                                                                                                      
000037c1  I2C_getInterruptStatus                                                                                                                                
00002afd  I2C_initMaster                                                                                                                                        
000037d9  I2C_isBusBusy                                                                                                                                         
00002f95  I2C_masterReceiveMultiByteFinish                                                                                                                      
0000387b  I2C_masterReceiveMultiByteNext                                                                                                                        
0000378d  I2C_masterReceiveStart                                                                                                                                
0000281d  I2C_masterSendMultiByteFinish                                                                                                                         
00003281  I2C_masterSendMultiByteNext                                                                                                                           
000029c9  I2C_masterSendMultiByteStart                                                                                                                          
000030c9  I2C_masterSendMultiByteStop                                                                                                                           
0000371b  I2C_setMode                                                                                                                                           
0000388f  I2C_setSlaveAddress                                                                                                                                   
0000128b  MemManage_Handler                                                                                                                                     
0000128b  NMI_Handler                                                                                                                                           
0000128b  PCM_IRQHandler                                                                                                                                        
0000128b  PORT1_IRQHandler                                                                                                                                      
0000128b  PORT2_IRQHandler                                                                                                                                      
0000128b  PORT3_IRQHandler                                                                                                                                      
0000128b  PORT4_IRQHandler                                                                                                                                      
0000128b  PORT5_IRQHandler                                                                                                                                      
0000128b  PORT6_IRQHandler                                                                                                                                      
0000128b  PSS_IRQHandler                                                                                                                                        
0000128b  PendSV_Handler                                                                                                                                        
0000128b  RTC_C_IRQHandler                                                                                                                                      
00003a23  Reset_Handler                                                                                                                                         
0000128b  SVC_Handler                                                                                                                                           
0000128b  SysTick_Handler                                                                                                                                       
00002219  SystemInit                                                                                                                                            
0000128b  T32_INT1_IRQHandler                                                                                                                                   
0000128b  T32_INT2_IRQHandler                                                                                                                                   
0000128b  T32_INTC_IRQHandler                                                                                                                                   
0000128b  TA0_0_IRQHandler                                                                                                                                      
0000128b  TA0_N_IRQHandler                                                                                                                                      
0000128b  TA1_0_IRQHandler                                                                                                                                      
0000128b  TA1_N_IRQHandler                                                                                                                                      
0000128b  TA2_0_IRQHandler                                                                                                                                      
0000128b  TA2_N_IRQHandler                                                                                                                                      
0000128b  TA3_0_IRQHandler                                                                                                                                      
0000128b  TA3_N_IRQHandler                                                                                                                                      
0000128b  UsageFault_Handler                                                                                                                                    
4000480c  WDTCTL_SYM                                                                                                                                            
0000128b  WDT_A_IRQHandler                                                                                                                                      
000028f5  _Unwind_RaiseException                                                                                                                                
00002917  _Unwind_Resume                                                                                                                                        
0000240d  _Z10I2C_read16h                                                                                                                                       
00002df1  _Z11I2C_write16hj                                                                                                                                     
000031e1  _Z11TMP006_initv                                                                                                                                      
00003739  _Z12I2C_setslavej                                                                                                                                     
000038a3  _Z12OPT3001_initv                                                                                                                                     
000037f1  _Z13Init_I2C_GPIOv                                                                                                                                    
00003a5f  _Z13__TI_prel2absPKj                                                                                                                                  
00002141  _Z14OPT3001_getLuxv                                                                                                                                   
00000aa5  _Z14TMP006_getTempv                                                                                                                                   
00002ec9  _Z16__TI_targ_set_prP19_Unwind_Exception_s                                                                                                            
00003951  _Z19TMP006_readDeviceIdv                                                                                                                              
00003015  _Z22InitialConditionsSetupv                                                                                                                           
00003af7  _Z22__TI_targ_rtti_addressPjP15_Unwind_Context                                                                                                        
00003afb  _Z23__TI_targ_regbuf_get_pcP15_Unwind_Context                                                                                                         
00003aff  _Z23__TI_targ_regbuf_get_sbP15_Unwind_Context                                                                                                         
00003b03  _Z23__TI_targ_regbuf_get_spP15_Unwind_Context                                                                                                         
00003b07  _Z23__TI_targ_regbuf_set_pcP15_Unwind_Contextj                                                                                                        
00003961  _Z24TMP006_readObjectVoltagev                                                                                                                         
00001039  _Z24__TI_process_descriptors13_Unwind_PhaseP19_Unwind_Exception_sP15_Unwind_Context15_Unwind_PR_KindPjP19_Unwind_Reason_CodePb                        
00003aa5  _Z24__TI_targ_regbuf_installP15_Unwind_Context                                                                                                        
00003b0b  _Z26__TI_targ_setup_call_parm0P15_Unwind_Contextj                                                                                                     
00003971  _Z29TMP006_readAmbientTemperaturev                                                                                                                    
00003101  _Z3powIedENSt3__216__lazy_enable_ifIXaasr3std3__213is_arithmeticIT_EE5valuesr3std3__213is_arithmeticIT0_EE5valueENS0_9__promoteIS2_S3_vEEE4typeES2_S3_
000032e9  _Z3powIeiENSt3__216__lazy_enable_ifIXaasr3std3__213is_arithmeticIT_EE5valuesr3std3__213is_arithmeticIT0_EE5valueENS0_9__promoteIS2_S3_vEEE4typeES2_S3_
00003439  _Z3powIiiENSt3__216__lazy_enable_ifIXaasr3std3__213is_arithmeticIT_EE5valuesr3std3__213is_arithmeticIT0_EE5valueENS0_9__promoteIS2_S3_vEEE4typeES2_S3_
00003139  _Z3powee                                                                                                                                              
00003909  _Z4putcjj                                                                                                                                             
00003535  _Z4putsjPc                                                                                                                                            
00001655  _Z6printfjPcz                                                                                                                                         
00003981  _Z7PowerUpv                                                                                                                                           
0000357d  _Z8I2C_initv                                                                                                                                          
000034bd  _Z8PinSetupv                                                                                                                                          
0000359d  _Z8sendBytejc                                                                                                                                         
00002a99  _Z9UartSetupv                                                                                                                                         
000039c1  _ZN10__cxxabiv117__class_type_infoD0Ev                                                                                                                
00003aad  _ZN10__cxxabiv117__class_type_infoD1Ev                                                                                                                
00003aad  _ZN10__cxxabiv117__class_type_infoD2Ev                                                                                                                
000039cf  _ZN10__cxxabiv120__si_class_type_infoD0Ev                                                                                                             
00003ab5  _ZN10__cxxabiv120__si_class_type_infoD1Ev                                                                                                             
00003ab5  _ZN10__cxxabiv120__si_class_type_infoD2Ev                                                                                                             
000039dd  _ZN10__cxxabiv123__fundamental_type_infoD0Ev                                                                                                          
00003abd  _ZN10__cxxabiv123__fundamental_type_infoD1Ev                                                                                                          
00003abd  _ZN10__cxxabiv123__fundamental_type_infoD2Ev                                                                                                          
000035bd  _ZN11LightSensorIiE12EnableSensorEv                                                                                                                   
000035dd  _ZN11LightSensorIiE13DisableSensorEv                                                                                                                  
0000334d  _ZN11LightSensorIiE5setupEv                                                                                                                           
00002c19  _ZN11LightSensorIiE8GetValueEv                                                                                                                        
000035fd  _ZN11LightSensorIiEC1Ev                                                                                                                               
000038b7  _ZN11LightSensorIiED0Ev                                                                                                                               
00003a2f  _ZN11LightSensorIiED1Ev                                                                                                                               
0000361d  _ZN11ThermometerIiE12EnableSensorEv                                                                                                                   
0000363d  _ZN11ThermometerIiE13DisableSensorEv                                                                                                                  
0000337d  _ZN11ThermometerIiE5setupEv                                                                                                                           
00002b61  _ZN11ThermometerIiE8GetValueEv                                                                                                                        
0000365d  _ZN11ThermometerIiEC1Ev                                                                                                                               
00003a3b  _ZN11ThermometerIiED1Ev                                                                                                                               
00002da5  _ZN13LowPassFilterIifE12filterSignalEi                                                                                                                
000034e5  _ZN13LowPassFilterIifEC1Ef                                                                                                                            
000039eb  _ZN13LowPassFilterIifED1Ev                                                                                                                            
00001e8d  _ZN13SensorManagerIiE13ManageRequestEt                                                                                                                
00002bbd  _ZN13SensorManagerIiE3runEv                                                                                                                           
00002d0d  _ZN13SensorManagerIiE5setupEv                                                                                                                         
00002c6d  _ZN13SensorManagerIiE6attachEP6SensorIiE                                                                                                              
0000308d  _ZN13SensorManagerIiEC1Ev                                                                                                                             
000039f9  _ZN6FilterIiE16getFilteredValueEv                                                                                                                     
00003809  _ZN6FilterIiEC1Ev                                                                                                                                     
00003991  _ZN6FilterIiEC2Ev                                                                                                                                     
00003a47  _ZN6FilterIiED1Ev                                                                                                                                     
000039a1  _ZN6FilterIiED2Ev                                                                                                                                     
20000820  _ZN6SensorIiE16m_u8NextSensorIDE                                                                                                                      
00003465  _ZN6SensorIiEC1Ev                                                                                                                                     
000039b1  _ZN6SensorIiEC2Ev                                                                                                                                     
000038cd  _ZNKSt10bad_typeid4whatEv                                                                                                                             
00003821  _ZNKSt13bad_exception4whatEv                                                                                                                          
000038f5  _ZNKSt9exception4whatEv                                                                                                                               
000038e1  _ZNSt10bad_typeidC1Ev                                                                                                                                 
000038e1  _ZNSt10bad_typeidC2Ev                                                                                                                                 
00003a07  _ZNSt10bad_typeidD0Ev                                                                                                                                 
00003ac5  _ZNSt10bad_typeidD1Ev                                                                                                                                 
00003ac5  _ZNSt10bad_typeidD2Ev                                                                                                                                 
00003aeb  _ZNSt13bad_exceptionD0Ev                                                                                                                              
00001653  _ZNSt13bad_exceptionD1Ev                                                                                                                              
00001653  _ZNSt13bad_exceptionD2Ev                                                                                                                              
00003af1  _ZNSt9exceptionD0Ev                                                                                                                                   
00001b8b  _ZNSt9exceptionD1Ev                                                                                                                                   
00001b8b  _ZNSt9exceptionD2Ev                                                                                                                                   
00001f77  _ZNSt9type_infoD1Ev                                                                                                                                   
00001f77  _ZNSt9type_infoD2Ev                                                                                                                                   
0000367d  _ZSt10unexpectedv                                                                                                                                     
0000369d  _ZSt9terminatev                                                                                                                                       
00003e04  _ZTI11LightSensorIiE                                                                                                                                  
00003e10  _ZTI11ThermometerIiE                                                                                                                                  
00003e1c  _ZTI13LowPassFilterIifE                                                                                                                               
00003ecc  _ZTI6FilterIiE                                                                                                                                        
00003ed4  _ZTI6SensorIiE                                                                                                                                        
00003e28  _ZTIN10__cxxabiv117__class_type_infoE                                                                                                                 
00003e34  _ZTIN10__cxxabiv117__pbase_type_infoE                                                                                                                 
00003e40  _ZTIN10__cxxabiv119__pointer_type_infoE                                                                                                               
00003e4c  _ZTIN10__cxxabiv120__si_class_type_infoE                                                                                                              
00003e58  _ZTIN10__cxxabiv121__vmi_class_type_infoE                                                                                                             
00003e64  _ZTIN10__cxxabiv123__fundamental_type_infoE                                                                                                           
00003e70  _ZTISt10bad_typeid                                                                                                                                    
00003e7c  _ZTISt13bad_exception                                                                                                                                 
00003edc  _ZTISt9exception                                                                                                                                      
00003ee4  _ZTISt9type_info                                                                                                                                      
00003eec  _ZTIv                                                                                                                                                 
00003d76  _ZTS11LightSensorIiE                                                                                                                                  
00003d87  _ZTS11ThermometerIiE                                                                                                                                  
00003d00  _ZTS13LowPassFilterIifE                                                                                                                               
00003ea0  _ZTS6FilterIiE                                                                                                                                        
00003eab  _ZTS6SensorIiE                                                                                                                                        
00003c6c  _ZTSN10__cxxabiv117__class_type_infoE                                                                                                                 
00003c8e  _ZTSN10__cxxabiv117__pbase_type_infoE                                                                                                                 
00003c23  _ZTSN10__cxxabiv119__pointer_type_infoE                                                                                                               
00003bfe  _ZTSN10__cxxabiv120__si_class_type_infoE                                                                                                              
00003bd8  _ZTSN10__cxxabiv121__vmi_class_type_infoE                                                                                                             
00003b88  _ZTSN10__cxxabiv123__fundamental_type_infoE                                                                                                           
00003dd8  _ZTSSt10bad_typeid                                                                                                                                    
00003d64  _ZTSSt13bad_exception                                                                                                                                 
00003de7  _ZTSSt9exception                                                                                                                                      
00003df4  _ZTSSt9type_info                                                                                                                                      
00003ec9  _ZTSv                                                                                                                                                 
00003cb0  _ZTV11LightSensorIiE                                                                                                                                  
00003cd0  _ZTV11ThermometerIiE                                                                                                                                  
00003e88  _ZTV13LowPassFilterIifE                                                                                                                               
00003e94  _ZTV6FilterIiE                                                                                                                                        
00003ce8  _ZTV6SensorIiE                                                                                                                                        
00003da8  _ZTVN10__cxxabiv117__class_type_infoE                                                                                                                 
00003db8  _ZTVN10__cxxabiv120__si_class_type_infoE                                                                                                              
00003dc8  _ZTVN10__cxxabiv123__fundamental_type_infoE                                                                                                           
00003d14  _ZTVSt10bad_typeid                                                                                                                                    
00003d28  _ZTVSt13bad_exception                                                                                                                                 
00003d3c  _ZTVSt9exception                                                                                                                                      
00003ec0  _ZZN11LightSensorIiE8GetValueEvEs                                                                                                                     
00003eb6  _ZZN11ThermometerIiE8GetValueEvEs                                                                                                                     
00003e01  _ZZN13SensorManagerIiE3runEvEs                                                                                                                        
00003a73  _ZdlPv                                                                                                                                                
00003b13  _ZdlPvj                                                                                                                                               
20010000  __STACK_END                                                                                                                                           
00000200  __STACK_SIZE                                                                                                                                          
[...]
0000392d  __cxa_call_terminate                                                                                                                                  
0000393f  __TI_zero_init_nomemset                                                                                                                               
00003951  _Z19TMP006_readDeviceIdv                                                                                                                              
00003961  _Z24TMP006_readObjectVoltagev                                                                                                                         
00003971  _Z29TMP006_readAmbientTemperaturev                                                                                                                    
00003981  _Z7PowerUpv                                                                                                                                           
00003991  _ZN6FilterIiEC2Ev                                                                                                                                     
000039a1  _ZN6FilterIiED2Ev                                                                                                                                     
000039b1  _ZN6SensorIiEC2Ev                                                                                                                                     
000039c1  _ZN10__cxxabiv117__class_type_infoD0Ev                                                                                                                
000039cf  _ZN10__cxxabiv120__si_class_type_infoD0Ev                                                                                                             
000039dd  _ZN10__cxxabiv123__fundamental_type_infoD0Ev                                                                                                          
000039eb  _ZN13LowPassFilterIifED1Ev                                                                                                                            
000039f9  _ZN6FilterIiE16getFilteredValueEv                                                                                                                     
00003a07  _ZNSt10bad_typeidD0Ev                                                                                                                                 
00003a15  __TI_decompress_none                                                                                                                                  
00003a23  Reset_Handler                                                                                                                                         
00003a2f  _ZN11LightSensorIiED1Ev                                                                                                                               
00003a3b  _ZN11ThermometerIiED1Ev                                                                                                                               
00003a47  _ZN6FilterIiED1Ev                                                                                                                                     
00003a53  __TI_cxa_end_cleanup                                                                                                                                  
00003a5f  _Z13__TI_prel2absPKj                                                                                                                                  
00003a73  _ZdlPv                                                                                                                                                
00003a7d  __aeabi_unwind_cpp_pr0                                                                                                                                
00003a87  __aeabi_unwind_cpp_pr1                                                                                                                                
00003a91  __aeabi_unwind_cpp_pr2                                                                                                                                
00003a9b  __cxa_pure_virtual                                                                                                                                    
00003aa5  _Z24__TI_targ_regbuf_installP15_Unwind_Context                                                                                                        
00003aad  _ZN10__cxxabiv117__class_type_infoD1Ev                                                                                                                
00003aad  _ZN10__cxxabiv117__class_type_infoD2Ev                                                                                                                
00003ab5  _ZN10__cxxabiv120__si_class_type_infoD1Ev                                                                                                             
00003ab5  _ZN10__cxxabiv120__si_class_type_infoD2Ev                                                                                                             
00003abd  _ZN10__cxxabiv123__fundamental_type_infoD1Ev                                                                                                          
00003abd  _ZN10__cxxabiv123__fundamental_type_infoD2Ev                                                                                                          
00003ac5  _ZNSt10bad_typeidD1Ev                                                                                                                                 
00003ac5  _ZNSt10bad_typeidD2Ev                                                                                                                                 
00003acd  __aeabi_errno_addr                                                                                                                                    
00003ad5  __tdeh_init                                                                                                                                           
00003add  malloc                                                                                                                                                
00003aeb  _ZNSt13bad_exceptionD0Ev                                                                                                                              
00003af1  _ZNSt9exceptionD0Ev                                                                                                                                   
00003af7  _Z22__TI_targ_rtti_addressPjP15_Unwind_Context                                                                                                        
00003afb  _Z23__TI_targ_regbuf_get_pcP15_Unwind_Context                                                                                                         
00003aff  _Z23__TI_targ_regbuf_get_sbP15_Unwind_Context                                                                                                         
00003b03  _Z23__TI_targ_regbuf_get_spP15_Unwind_Context                                                                                                         
00003b07  _Z23__TI_targ_regbuf_set_pcP15_Unwind_Contextj                                                                                                        
00003b0b  _Z26__TI_targ_setup_call_parm0P15_Unwind_Contextj                                                                                                     
00003b13  _ZdlPvj                                                                                                                                               
00003b17  __abort_execution                                                                                                                                     
00003b1b  _system_pre_init                                                                                                                                      
00003b1f  C$$EXIT                                                                                                                                               
00003b1f  abort                                                                                                                                                 
00003b88  _ZTSN10__cxxabiv123__fundamental_type_infoE                                                                                                           
00003bd8  _ZTSN10__cxxabiv121__vmi_class_type_infoE                                                                                                             
00003bfe  _ZTSN10__cxxabiv120__si_class_type_infoE                                                                                                              
00003c23  _ZTSN10__cxxabiv119__pointer_type_infoE                                                                                                               
00003c6c  _ZTSN10__cxxabiv117__class_type_infoE                                                                                                                 
00003c8e  _ZTSN10__cxxabiv117__pbase_type_infoE                                                                                                                 
00003cb0  _ZTV11LightSensorIiE                                                                                                                                  
00003cd0  _ZTV11ThermometerIiE                                                                                                                                  
00003ce8  _ZTV6SensorIiE                                                                                                                                        
00003d00  _ZTS13LowPassFilterIifE                                                                                                                               
00003d14  _ZTVSt10bad_typeid                                                                                                                                    
00003d28  _ZTVSt13bad_exception                                                                                                                                 
00003d3c  _ZTVSt9exception                                                                                                                                      
00003d64  _ZTSSt13bad_exception                                                                                                                                 
00003d76  _ZTS11LightSensorIiE                                                                                                                                  
00003d87  _ZTS11ThermometerIiE                                                                                                                                  
00003da8  _ZTVN10__cxxabiv117__class_type_infoE                                                                                                                 
00003db8  _ZTVN10__cxxabiv120__si_class_type_infoE                                                                                                              
00003dc8  _ZTVN10__cxxabiv123__fundamental_type_infoE                                                                                                           
00003dd8  _ZTSSt10bad_typeid                                                                                                                                    
00003de7  _ZTSSt9exception                                                                                                                                      
00003df4  _ZTSSt9type_info                                                                                                                                      
00003e01  _ZZN13SensorManagerIiE3runEvEs                                                                                                                        
00003e04  _ZTI11LightSensorIiE                                                                                                                                  
00003e10  _ZTI11ThermometerIiE                                                                                                                                  
00003e1c  _ZTI13LowPassFilterIifE                                                                                                                               
00003e28  _ZTIN10__cxxabiv117__class_type_infoE                                                                                                                 
00003e34  _ZTIN10__cxxabiv117__pbase_type_infoE                                                                                                                 
00003e40  _ZTIN10__cxxabiv119__pointer_type_infoE                                                                                                               
00003e4c  _ZTIN10__cxxabiv120__si_class_type_infoE                                                                                                              
00003e58  _ZTIN10__cxxabiv121__vmi_class_type_infoE                                                                                                             
00003e64  _ZTIN10__cxxabiv123__fundamental_type_infoE                                                                                                           
00003e70  _ZTISt10bad_typeid                                                                                                                                    
00003e7c  _ZTISt13bad_exception                                                                                                                                 
00003e88  _ZTV13LowPassFilterIifE                                                                                                                               
00003e94  _ZTV6FilterIiE                                                                                                                                        
00003ea0  _ZTS6FilterIiE                                                                                                                                        
00003eab  _ZTS6SensorIiE                                                                                                                                        
00003eb6  _ZZN11ThermometerIiE8GetValueEvEs                                                                                                                     
00003ec0  _ZZN11LightSensorIiE8GetValueEvEs                                                                                                                     
00003ec9  _ZTSv                                                                                                                                                 
00003ecc  _ZTI6FilterIiE                                                                                                                                        
00003ed4  _ZTI6SensorIiE                                                                                                                                        
00003edc  _ZTISt9exception                                                                                                                                      
00003ee4  _ZTISt9type_info                                                                                                                                      
00003eec  _ZTIv                                                                                                                                                 
00003f90  __TI_Handler_Table_Base                                                                                                                               
00003f9c  __TI_Handler_Table_Limit                                                                                                                              
00003fa8  __TI_CINIT_Base                                                                                                                                       
00003fb8  .ARM.exidx$$Base                                                                                                                                      
00003fb8  __TI_CINIT_Limit                                                                                                                                      
00003fb8  __TI_UNWIND_TABLE_START                                                                                                                               
00004210  .ARM.exidx$$Limit                                                                                                                                     
00004210  __TI_UNWIND_TABLE_END                                                                                                                                 
20000000  _sys_memory                                                                                                                                           
20000800  _lock                                                                                                                                                 
20000804  _unlock                                                                                                                                               
20000818  errno                                                                                                                                                 
20000820  _ZN6SensorIiE16m_u8NextSensorIDE                                                                                                                      
20000822  g_u16BytesReceived                                                                                                                                    
20000824  g_u8BytesCounter                                                                                                                                      
2000fe00  __stack                                                                                                                                               
20010000  __STACK_END                                                                                                                                           
4000480c  WDTCTL_SYM                                                                                                                                            
ffffffff  __TI_pprof_out_hndl                                                                                                                                   
ffffffff  __TI_prof_data_size                                                                                                                                   
ffffffff  __TI_prof_data_start                                                                                                                                  
ffffffff  __binit__                                                                                                                                             
ffffffff  __c_args__                                                                                                                                            
ffffffff  binit                                                                                                                                                 
UNDEFED   __mpu_init                                                                                                                                            
UNDEFED   _system_post_cinit                                                                                                                                    

[307 symbols]
