******************************************************************************
                  TI ARM Linker Unix v18.12.1                  
******************************************************************************
>> Linked Mon May 13 23:27:52 2019

OUTPUT FILE NAME:   <Lab_02_v2_du.out>
ENTRY POINT SYMBOL: "_c_int00_noargs"  address: 0000517d


MEMORY CONFIGURATION

         name            origin    length      used     unused   attr    fill
----------------------  --------  ---------  --------  --------  ----  --------
  MAIN                  00000000   00040000  0000652e  00039ad2  R  X
  INFO                  00200000   00004000  00000000  00004000  R  X
  SRAM_CODE             01000000   00010000  00000dee  0000f212  RW X
  SRAM_DATA             20000000   00010000  00000dee  0000f212  RW  


SEGMENT ALLOCATION MAP

run origin  load origin   length   init length attrs members
----------  ----------- ---------- ----------- ----- -------
00000000    00000000    00006530   00006530    r-x
  00000000    00000000    000000e4   000000e4    r-- .intvecs
  000000e4    000000e4    000058da   000058da    r-x .text
  000059c0    000059c0    00000864   00000864    r-- .const
  00006224    00006224    0000004c   0000004c    r-- .ARM.extab
  00006270    00006270    00000098   00000098    r-- .cinit
  00006308    00006308    00000228   00000228    r-- .ARM.exidx
20000000    20000000    00000bee   00000000    rw-
  20000000    20000000    00000800   00000000    rw- .sysmem
  20000800    20000800    000001fc   00000000    rw- .data
  200009fc    200009fc    000001f2   00000000    rw- .bss
2000fe00    2000fe00    00000200   00000000    rw-
  2000fe00    2000fe00    00000200   00000000    rw- .stack


SECTION ALLOCATION MAP

 output                                  attributes/
section   page    origin      length       input sections
--------  ----  ----------  ----------   ----------------
.intvecs   0    00000000    000000e4     
                  00000000    000000e4     startup_msp432p401r_ccs.obj (.intvecs:retain)

.text      0    000000e4    000058da     
                  000000e4    00000a4e     rtsv7M4_T_le_v4SPD16_eabi_eh.lib : _printfi.c.obj (.text:__TI_printfi)
                  00000b32    00000002     startup_msp432p401r_ccs.obj (.text:Default_Handler)
                  00000b34    000002ec     rtsv7M4_T_le_v4SPD16_eabi_eh.lib : s_atan.c.obj (.text:atan)
                  00000e20    00000288                                      : tdeh_pr_arm.cpp.obj (.text:_ZN37_INTERNAL_15_tdeh_pr_arm_cpp_7dc0f84d18__TI_unwind_cpp_prE13_Unwind_PhaseP19_Unwind_Exception_sP15_Unwind_Context15_Unwind_PR_Kind)
                  000010a8    00000280     Interruptions_handler.obj (.text:ADC14_IRQHandler)
                  00001328    00000270     rtsv7M4_T_le_v4SPD16_eabi_eh.lib : _printfi.c.obj (.text:_pconv_a)
                  00001598    00000252                                      : tdeh_pr_common.cpp.obj (.text:_Z24__TI_process_descriptors13_Unwind_PhaseP19_Unwind_Exception_sP15_Unwind_Context15_Unwind_PR_KindPjP19_Unwind_Reason_CodePb)
                  000017ea    00000002                                      : stdlib_exception.cpp.obj (.text:_ZNSt13bad_exceptionD1Ev)
                  000017ec    00000210                                      : rtti.c.obj (.text:_ZN27_INTERNAL_6_rtti_c_066a44b028derived_to_base_conversion_rEPvPS0_PKN10__cxxabiv117__class_type_infoES5_jPiiPS5_P19a_result_virtualityS6_)
                  000019fc    000001d8     Crystalfontz128x128_ST7735.obj (.text:_ZN50_INTERNAL_28_Crystalfontz128x128_ST7735_c_acdafc1437Crystalfontz128x128_PixelDrawMultipleEPK16Graphics_DisplaysssssPKhPKj)
                  00001bd4    000001d0     rtsv7M4_T_le_v4SPD16_eabi_eh.lib : _printfi.c.obj (.text:_pconv_g)
                  00001da4    000001b6                                      : fd_add_t2.asm.obj (.text)
                  00001f5a    00000180     grlib.a : line.obj (.text:Graphics_clipLine)
                  000020da    00000174             : line.obj (.text:Graphics_drawLine)
                  0000224e    00000002     rtsv7M4_T_le_v4SPD16_eabi_eh.lib : stdlib_exception.cpp.obj (.text:_ZNSt9exceptionD1Ev)
                  00002250    00000160     msp432p4xx_driverlib.lib : adc14.o (.text:_getIndexForMemRegister)
                  000023b0    00000158     rtsv7M4_T_le_v4SPD16_eabi_eh.lib : e_sqrt.c.obj (.text:sqrt)
                  00002508    00000140                                      : tdeh_cpp_abi.cpp.obj (.text:__cxa_type_match)
                  00002648    0000013c                                      : _printfi.c.obj (.text:_pconv_e)
                  00002784    00000136                                      : fd_div_t2.asm.obj (.text)
                  000028ba    00000002                                      : stdlib_typeinfo.cpp.obj (.text:_ZNSt9type_infoD1Ev)
                  000028bc    00000134     Crystalfontz128x128_ST7735.obj (.text:_Z32Crystalfontz128x128_SetDrawFrametttt)
                  000029f0    0000012c     Crystalfontz128x128_ST7735.obj (.text:_Z24Crystalfontz128x128_Initv)
                  00002b1c    00000124     rtsv7M4_T_le_v4SPD16_eabi_eh.lib : _printfi.c.obj (.text:fcvt)
                  00002c40    00000114                                      : fputs.c.obj (.text:fputs)
                  00002d54    00000112     grlib.a : rectangle.obj (.text:Graphics_fillRectangle)
                  00002e66    00000002     rtsv7M4_T_le_v4SPD16_eabi_eh.lib : _lock.c.obj (.text:_nop)
                  00002e68    00000110                                      : s_scalbn.c.obj (.text:scalbn)
                  00002f78    000000fc                                      : fd_mul_t2.asm.obj (.text)
                  00003074    000000f4                                      : memory.c.obj (.text:aligned_alloc)
                  00003168    000000e8                                      : memory.c.obj (.text:free)
                  00003250    000000e0                                      : tdeh_cpp_abi.cpp.obj (.text:__cxa_call_unexpected)
                  00003330    000000dc                                      : setvbuf.c.obj (.text:setvbuf)
                  0000340c    000000b8     Hardware_setup.obj (.text:_Z9LCD_setupv)
                  000034c4    000000b1     rtsv7M4_T_le_v4SPD16_eabi_eh.lib : _printfi.c.obj (.text:_ltostr)
                  00003575    00000001     --HOLE-- [fill = 0]
                  00003576    000000b0     msp432p4xx_driverlib.lib : spi.o (.text:SPI_initMaster)
                  00003626    00000002     rtsv7M4_T_le_v4SPD16_eabi_eh.lib : div0.asm.obj (.text)
                  00003628    000000a4                                      : s_sinf.c.obj (.text:sinf)
                  000036cc    000000a0     Hardware_setup.obj (.text:_Z9ADC_setupv)
                  0000376c    0000009c     grlib.a : line.obj (.text:Graphics_drawLineH)
                  00003808    0000009c             : line.obj (.text:Graphics_drawLineV)
                  000038a4    0000009c     Crystalfontz128x128_ST7735.obj (.text:_ZN50_INTERNAL_28_Crystalfontz128x128_ST7735_c_acdafc1428Crystalfontz128x128_RectFillEPK16Graphics_DisplayPK18Graphics_Rectanglet)
                  00003940    0000009c     rtsv7M4_T_le_v4SPD16_eabi_eh.lib : memcpy_t2.asm.obj (.text)
                  000039dc    00000096                                      : ull_div_t2.asm.obj (.text)
                  00003a72    00000002     --HOLE-- [fill = 0]
                  00003a74    0000008c     main.obj (.text:_Z17LCD_DrawRectanglei)
                  00003b00    0000008c     rtsv7M4_T_le_v4SPD16_eabi_eh.lib : fputc.c.obj (.text:fputc)
                  00003b8c    00000088     msp432p4xx_driverlib.lib : gpio.o (.text:GPIO_setAsPeripheralModuleFunctionOutputPin)
                  00003c14    00000086     rtsv7M4_T_le_v4SPD16_eabi_eh.lib : fd_cmp_t2.asm.obj (.text:__aeabi_cdcmple)
                  00003c9a    00000086                                      : fd_cmp_t2.asm.obj (.text:__aeabi_cdrcmple)
                  00003d20    00000080                                      : rtti.c.obj (.text:__derived_to_base_conversion)
                  00003da0    0000007c                                      : memory.c.obj (.text:split)
                  00003e1c    0000007a                                      : memset_t2.asm.obj (.text)
                  00003e96    00000002     --HOLE-- [fill = 0]
                  00003e98    00000078     system_msp432p401r.obj (.text:SystemInit)
                  00003f10    00000075     rtsv7M4_T_le_v4SPD16_eabi_eh.lib : tdeh_cpp_abi.cpp.obj (.text:__cxa_allocate_exception)
                  00003f85    00000003     --HOLE-- [fill = 0]
                  00003f88    00000074                                      : fclose.c.obj (.text:__TI_closefile)
                  00003ffc    0000006e                                      : _printfi.c.obj (.text:_mcpy)
                  0000406a    0000006e                                      : fd_tos_t2.asm.obj (.text)
                  000040d8    0000006c                                      : tdeh_unwinder.cpp.obj (.text:_ZN39_INTERNAL_17_tdeh_unwinder_cpp_f8f63fad16find_et_setup_prEP19_Unwind_Exception_sj)
                  00004144    0000006c                                      : tdeh_uwentry_t2.asm.obj (.text)
                  000041b0    00000068                                      : hostlseek.c.obj (.text:HOSTlseek)
                  00004218    00000068                                      : hostrename.c.obj (.text:HOSTrename)
                  00004280    00000068                                      : copy_decompress_lzss.c.obj (.text:decompress:lzss:__TI_decompress_lzss)
                  000042e8    00000068                                      : printf.c.obj (.text:printf)
                  00004350    00000064     grlib.a : line.obj (.text:Graphics_getClipCode)
                  000043b4    00000064     rtsv7M4_T_le_v4SPD16_eabi_eh.lib : s_frexp.c.obj (.text:frexp)
                  00004418    00000064                                      : fseek.c.obj (.text:fseek)
                  0000447c    00000062                                      : _io_perm.c.obj (.text:__TI_wrt_ok)
                  000044de    00000002     --HOLE-- [fill = 0]
                  000044e0    00000060                                      : hostopen.c.obj (.text:HOSTopen)
                  00004540    00000060     Crystalfontz128x128_ST7735.obj (.text:_ZN50_INTERNAL_28_Crystalfontz128x128_ST7735_c_acdafc1429Crystalfontz128x128_LineDrawHEPK16Graphics_Displayssst)
                  000045a0    00000060     Crystalfontz128x128_ST7735.obj (.text:_ZN50_INTERNAL_28_Crystalfontz128x128_ST7735_c_acdafc1429Crystalfontz128x128_LineDrawVEPK16Graphics_Displayssst)
                  00004600    0000005c     rtsv7M4_T_le_v4SPD16_eabi_eh.lib : close.c.obj (.text:close)
                  0000465c    00000058                                      : hostread.c.obj (.text:HOSTread)
                  000046b4    00000058                                      : hostwrite.c.obj (.text:HOSTwrite)
                  0000470c    00000058     Hardware_setup.obj (.text:_Z9Pin_setupv)
                  00004764    00000056     rtsv7M4_T_le_v4SPD16_eabi_eh.lib : _printfi.c.obj (.text:_pconv_f)
                  000047ba    00000002     --HOLE-- [fill = 0]
                  000047bc    00000054     Crystalfontz128x128_ST7735.obj (.text:_Z34Crystalfontz128x128_SetOrientationh)
                  00004810    00000054     rtsv7M4_T_le_v4SPD16_eabi_eh.lib : ltoa.c.obj (.text:ltoa)
                  00004864    00000052     grlib.a : context.obj (.text:Graphics_initContext)
                  000048b6    00000052     rtsv7M4_T_le_v4SPD16_eabi_eh.lib : _printfi.c.obj (.text:_ecpy)
                  00004908    00000050                                      : tdeh_cpp_abi.cpp.obj (.text:__cxa_get_globals)
                  00004958    0000004c                                      : fflush.c.obj (.text:__TI_doflush)
                  000049a4    0000004c                                      : tdeh_cpp_abi.cpp.obj (.text:__cxa_end_catch)
                  000049f0    0000004c                                      : atoi.c.obj (.text:atoi)
                  00004a3c    00000048     Hardware_setup.obj (.text:_ZN40_INTERNAL_18_Hardware_setup_cpp_436c594a18__NVIC_SetPriorityE4IRQnj)
                  00004a84    00000048     rtsv7M4_T_le_v4SPD16_eabi_eh.lib : autoinit.c.obj (.text:__TI_auto_init_nobinit_nopinit:__TI_auto_init_nobinit_nopinit)
                  00004acc    00000048                                      : exit.c.obj (.text:exit)
                  00004b14    00000048                                      : fd_toi_t2.asm.obj (.text)
                  00004b5c    00000044                                      : hostclose.c.obj (.text:HOSTclose)
                  00004ba0    00000044                                      : hostunlink.c.obj (.text:HOSTunlink)
                  00004be4    00000044                                      : tdeh_pr_arm.cpp.obj (.text:_Z16__TI_targ_set_prP19_Unwind_Exception_s)
                  00004c28    00000044                                      : tdeh_pr_arm.cpp.obj (.text:_ZN37_INTERNAL_15_tdeh_pr_arm_cpp_7dc0f84d13regb_Dreg_popEP15_Unwind_Contextjjb)
                  00004c6c    00000044                                      : bsearch.c.obj (.text:bsearch)
                  00004cb0    00000044                                      : getdevice.c.obj (.text:getdevice)
                  00004cf4    00000040     msp432p4xx_driverlib.lib : gpio.o (.text:GPIO_setAsOutputPin)
                  00004d34    00000040     HAL_MSP_EXP432P401R_Crystalfontz128x128_ST7735.obj (.text:_Z15HAL_LCD_SpiInitv)
                  00004d74    00000040     Crystalfontz128x128_ST7735.obj (.text:_ZN50_INTERNAL_28_Crystalfontz128x128_ST7735_c_acdafc1429Crystalfontz128x128_PixelDrawEPK16Graphics_Displaysst)
                  00004db4    00000040     rtsv7M4_T_le_v4SPD16_eabi_eh.lib : tdeh_unwinder.cpp.obj (.text:__TI_ut_entry_cmp)
                  00004df4    00000040     msp432p4xx_driverlib.lib : spi.o (.text:is_A_Module)
                  00004e34    00000040     main.obj (.text:main)
                  00004e74    0000003e     rtsv7M4_T_le_v4SPD16_eabi_eh.lib : _printfi.c.obj (.text:_fcpy)
                  00004eb2    0000003c                                      : tdeh_unwinder.cpp.obj (.text:_ZN39_INTERNAL_17_tdeh_unwinder_cpp_f8f63fad17__TI_unwind_frameEP19_Unwind_Exception_sP15_Unwind_Context)
                  00004eee    00000002     --HOLE-- [fill = 0]
                  00004ef0    00000038     HAL_MSP_EXP432P401R_Crystalfontz128x128_ST7735.obj (.text:_Z20HAL_LCD_writeCommandh)
                  00004f28    00000038     rtsv7M4_T_le_v4SPD16_eabi_eh.lib : tdeh_unwinder.cpp.obj (.text:__TI_Unwind_RaiseException2)
                  00004f60    00000038                                      : tdeh_unwinder.cpp.obj (.text:__TI_Unwind_Resume)
                  00004f98    00000038                                      : trgmsg.c.obj (.text:__TI_writemsg)
                  00004fd0    00000038                                      : fs_tod_t2.asm.obj (.text)
                  00005008    00000036     grlib.a : display.obj (.text:Graphics_drawHorizontalLineOnDisplay)
                  0000503e    00000036             : display.obj (.text:Graphics_drawVerticalLineOnDisplay)
                  00005074    00000036     rtsv7M4_T_le_v4SPD16_eabi_eh.lib : tdeh_cpp_abi.cpp.obj (.text:__cxa_rethrow)
                  000050aa    00000036                                      : strncpy.c.obj (.text:strncpy)
                  000050e0    00000034     Hardware_setup.obj (.text:_Z23InitialConditions_setupv)
                  00005114    00000034     rtsv7M4_T_le_v4SPD16_eabi_eh.lib : fopen.c.obj (.text:__TI_cleanup)
                  00005148    00000034                                      : trgmsg.c.obj (.text:__TI_readmsg)
                  0000517c    00000034                                      : boot_cortex_m.c.obj (.text:_c_int00_noargs:_c_int00_noargs)
                  000051b0    00000032                                      : tdeh_pr_arm.cpp.obj (.text:_ZN37_INTERNAL_15_tdeh_pr_arm_cpp_7dc0f84d13regb_core_popEP15_Unwind_Contextj)
                  000051e2    00000002     --HOLE-- [fill = 0]
                  000051e4    00000030     Hardware_setup.obj (.text:_Z11T32_1_setupv)
                  00005214    00000030     HAL_MSP_EXP432P401R_Crystalfontz128x128_ST7735.obj (.text:_Z16HAL_LCD_PortInitv)
                  00005244    00000030     rtsv7M4_T_le_v4SPD16_eabi_eh.lib : tdeh_pr_arm.cpp.obj (.text:_ZN37_INTERNAL_15_tdeh_pr_arm_cpp_7dc0f84d12next_uw_byteEP20_Unwind_Instr_Handle)
                  00005274    00000030     Hardware_setup.obj (.text:_ZN40_INTERNAL_18_Hardware_setup_cpp_436c594a16__NVIC_EnableIRQE4IRQn)
                  000052a4    00000030     rtsv7M4_T_le_v4SPD16_eabi_eh.lib : getdevice.c.obj (.text:finddevice)
                  000052d4    0000002e                                      : tdeh_cpp_abi.cpp.obj (.text:__cxa_begin_catch)
                  00005302    0000002e                                      : i_tofd_t2.asm.obj (.text)
                  00005330    0000002c     grlib.a : display.obj (.text:Graphics_drawPixelOnDisplay)
                  0000535c    0000002c     HAL_MSP_EXP432P401R_Crystalfontz128x128_ST7735.obj (.text:_Z17HAL_LCD_writeDatah)
                  00005388    0000002c     Crystalfontz128x128_ST7735.obj (.text:_ZN50_INTERNAL_28_Crystalfontz128x128_ST7735_c_acdafc1431Crystalfontz128x128_ClearScreenEPK16Graphics_Displayt)
                  000053b4    0000002c     rtsv7M4_T_le_v4SPD16_eabi_eh.lib : unlink.c.obj (.text:unlink)
                  000053e0    0000002a     Interruptions_handler.obj (.text:_Z4sqrtIiENSt3__29enable_ifIXsr3std3__211is_integralIT_EE5valueEdE4typeES2_)
                  0000540a    0000002a     rtsv7M4_T_le_v4SPD16_eabi_eh.lib : tdeh_cpp_abi.cpp.obj (.text:__cxa_throw)
                  00005434    00000028     msp432p4xx_driverlib.lib : gpio.o (.text:GPIO_setOutputHighOnPin)
                  0000545c    00000028                              : gpio.o (.text:GPIO_setOutputLowOnPin)
                  00005484    00000028     Crystalfontz128x128_ST7735.obj (.text:_ZN50_INTERNAL_28_Crystalfontz128x128_ST7735_c_acdafc1434Crystalfontz128x128_ColorTranslateEPK16Graphics_Displayj)
                  000054ac    00000028     rtsv7M4_T_le_v4SPD16_eabi_eh.lib : memory.c.obj (.text:free_list_insert)
                  000054d4    00000028                                      : lseek.c.obj (.text:lseek)
                  000054fc    00000028                                      : write.c.obj (.text:write)
                  00005524    00000022                                      : tdeh_cpp_abi.cpp.obj (.text:__cxa_free_exception)
                  00005546    00000002     --HOLE-- [fill = 0]
                  00005548    00000020     Interruptions_handler.obj (.text:T32_INT1_IRQHandler)
                  00005568    00000020     rtsv7M4_T_le_v4SPD16_eabi_eh.lib : tdeh_cpp_abi.cpp.obj (.text:_ZSt10unexpectedv)
                  00005588    00000020                                      : tdeh_cpp_abi.cpp.obj (.text:_ZSt9terminatev)
                  000055a8    00000020                                      : tdeh_pr_arm.cpp.obj (.text:__TI_Unwind_RaiseException)
                  000055c8    00000020                                      : rtti.c.obj (.text:__cxa_bad_typeid)
                  000055e8    00000020                                      : memchr.c.obj (.text:memchr)
                  00005608    0000001e     grlib.a : display.obj (.text:Graphics_fillRectangleOnDisplay)
                  00005626    0000001e     rtsv7M4_T_le_v4SPD16_eabi_eh.lib : tdeh_cpp_abi.cpp.obj (.text:_ZN38_INTERNAL_16_tdeh_cpp_abi_cpp_89652da837__TI_setup_handler_and_call_terminateEP19_Unwind_Exception_s)
                  00005644    0000001c     msp432p4xx_driverlib.lib : adc14.o (.text:ADC14_getResult)
                  00005660    0000001c                              : spi.o (.text:SPI_enableModule)
                  0000567c    0000001c     rtsv7M4_T_le_v4SPD16_eabi_eh.lib : memory.c.obj (.text:free_list_remove)
                  00005698    0000001c                                      : memccpy.c.obj (.text:memccpy)
                  000056b4    0000001a     grlib.a : display.obj (.text:Graphics_clearDisplayOnDisplay)
                  000056ce    0000001a             : context.obj (.text:Graphics_setFont)
                  000056e8    0000001a     rtsv7M4_T_le_v4SPD16_eabi_eh.lib : s_copysign.c.obj (.text:copysign)
                  00005702    00000018     Interruptions_handler.obj (.text:_Z3sinf)
                  0000571a    00000018     Hardware_setup.obj (.text:_Z8Power_upv)
                  00005732    00000002     --HOLE-- [fill = 0]
                  00005734    00000018     rtsv7M4_T_le_v4SPD16_eabi_eh.lib : stdlib_exception.cpp.obj (.text:_ZNKSt13bad_exception4whatEv)
                  0000574c    00000018                                      : strcmp.c.obj (.text:strcmp)
                  00005764    00000016     msp432p4xx_driverlib.lib : spi.o (.text:EUSCI_A_SPI_enable)
                  0000577a    00000016                              : spi.o (.text:EUSCI_B_SPI_enable)
                  00005790    00000016     grlib.a : context.obj (.text:Graphics_setForegroundColor)
                  000057a6    00000016             : display.obj (.text:Graphics_translateColorOnDisplay)
                  000057bc    00000016     rtsv7M4_T_le_v4SPD16_eabi_eh.lib : strchr.c.obj (.text:strchr)
                  000057d2    00000002     --HOLE-- [fill = 0]
                  000057d4    00000014                                      : stdlib_typeinfo.cpp.obj (.text:_ZNKSt10bad_typeid4whatEv)
                  000057e8    00000014                                      : stdlib_typeinfo.cpp.obj (.text:_ZNSt10bad_typeidC1Ev)
                  000057fc    00000014                                      : strcpy.c.obj (.text:strcpy)
                  00005810    00000014                                      : strlen.c.obj (.text:strlen)
                  00005824    00000013                                      : stdlib_exception.cpp.obj (.text:_ZNKSt9exception4whatEv)
                  00005837    00000001     --HOLE-- [fill = 0]
                  00005838    00000012     grlib.a : context.obj (.text:Graphics_clearDisplay)
                  0000584a    00000012     rtsv7M4_T_le_v4SPD16_eabi_eh.lib : tdeh_cpp_abi.cpp.obj (.text:__cxa_begin_cleanup)
                  0000585c    00000012                                      : tdeh_cpp_abi.cpp.obj (.text:__cxa_call_terminate)
                  0000586e    00000012                                      : copy_zero_init.c.obj (.text:decompress:ZI:__TI_zero_init_nomemset:__TI_zero_init_nomemset)
                  00005880    00000012                                      : wcslen.c.obj (.text:wcslen)
                  00005892    0000000e                                      : typeinfo.c.obj (.text:_ZN10__cxxabiv117__class_type_infoD0Ev)
                  000058a0    0000000e                                      : typeinfo.c.obj (.text:_ZN10__cxxabiv120__si_class_type_infoD0Ev)
                  000058ae    0000000e                                      : typeinfo.c.obj (.text:_ZN10__cxxabiv123__fundamental_type_infoD0Ev)
                  000058bc    0000000e                                      : stdlib_typeinfo.cpp.obj (.text:_ZNSt10bad_typeidD0Ev)
                  000058ca    0000000e                                      : copy_decompress_none.c.obj (.text:decompress:none:__TI_decompress_none)
                  000058d8    0000000c     startup_msp432p401r_ccs.obj (.text:Reset_Handler)
                  000058e4    0000000c     rtsv7M4_T_le_v4SPD16_eabi_eh.lib : tdeh_cpp_abi.cpp.obj (.text:__TI_cxa_end_cleanup)
                  000058f0    0000000a                                      : tdeh_unwinder.cpp.obj (.text:_Z13__TI_prel2absPKj)
                  000058fa    0000000a                                      : tdeh_cpp_abi.cpp.obj (.text:_ZN38_INTERNAL_16_tdeh_cpp_abi_cpp_89652da825__TI_default_term_handlerEv)
                  00005904    0000000a     Crystalfontz128x128_ST7735.obj (.text:_ZN50_INTERNAL_28_Crystalfontz128x128_ST7735_c_acdafc1425Crystalfontz128x128_FlushEPK16Graphics_Display)
                  0000590e    0000000a     rtsv7M4_T_le_v4SPD16_eabi_eh.lib : new.cpp.obj (.text:_ZdlPv)
                  00005918    0000000a                                      : tdeh_pr_arm.cpp.obj (.text:__aeabi_unwind_cpp_pr0)
                  00005922    0000000a                                      : tdeh_pr_arm.cpp.obj (.text:__aeabi_unwind_cpp_pr1)
                  0000592c    0000000a                                      : tdeh_pr_arm.cpp.obj (.text:__aeabi_unwind_cpp_pr2)
                  00005936    00000008                                      : tdeh_pr_arm.cpp.obj (.text:_Z24__TI_targ_regbuf_installP15_Unwind_Context)
                  0000593e    00000008                                      : typeinfo.c.obj (.text:_ZN10__cxxabiv117__class_type_infoD1Ev)
                  00005946    00000008                                      : typeinfo.c.obj (.text:_ZN10__cxxabiv120__si_class_type_infoD1Ev)
                  0000594e    00000008                                      : typeinfo.c.obj (.text:_ZN10__cxxabiv123__fundamental_type_infoD1Ev)
                  00005956    00000008                                      : stdlib_typeinfo.cpp.obj (.text:_ZNSt10bad_typeidD1Ev)
                  0000595e    00000002     --HOLE-- [fill = 0]
                  00005960    00000008                                      : errno.c.obj (.text:__aeabi_errno_addr)
                  00005968    00000008                                      : tdeh_init.cpp.obj (.text:__tdeh_init)
                  00005970    00000008                                      : memory.c.obj (.text:malloc)
                  00005978    00000006                                      : tdeh_pr_arm.cpp.obj (.text:_ZN37_INTERNAL_15_tdeh_pr_arm_cpp_7dc0f84d13regb_core_setEP15_Unwind_Context14_Unwind_Reg_Idj)
                  0000597e    00000006                                      : stdlib_exception.cpp.obj (.text:_ZNSt13bad_exceptionD0Ev)
                  00005984    00000006                                      : stdlib_exception.cpp.obj (.text:_ZNSt9exceptionD0Ev)
                  0000598a    00000004                                      : tdeh_pr_arm.cpp.obj (.text:_Z22__TI_targ_rtti_addressPjP15_Unwind_Context)
                  0000598e    00000004                                      : tdeh_pr_arm.cpp.obj (.text:_Z23__TI_targ_regbuf_get_pcP15_Unwind_Context)
                  00005992    00000004                                      : tdeh_pr_arm.cpp.obj (.text:_Z23__TI_targ_regbuf_get_sbP15_Unwind_Context)
                  00005996    00000004                                      : tdeh_pr_arm.cpp.obj (.text:_Z23__TI_targ_regbuf_get_spP15_Unwind_Context)
                  0000599a    00000004                                      : tdeh_pr_arm.cpp.obj (.text:_Z23__TI_targ_regbuf_set_pcP15_Unwind_Contextj)
                  0000599e    00000004                                      : tdeh_pr_arm.cpp.obj (.text:_Z26__TI_targ_setup_call_parm0P15_Unwind_Contextj)
                  000059a2    00000004                                      : tdeh_cpp_abi.cpp.obj (.text:_ZN38_INTERNAL_16_tdeh_cpp_abi_cpp_89652da826__TI_default_unexp_handlerEv)
                  000059a6    00000004                                      : new.cpp.obj (.text:_ZdlPvj)
                  000059aa    00000004                                      : error.c.obj (.text:__abort_execution)
                  000059ae    00000004                                      : printf.c.obj (.text:_outc)
                  000059b2    00000004                                      : printf.c.obj (.text:_outs)
                  000059b6    00000004                                      : pre_init.c.obj (.text:_system_pre_init)
                  000059ba    00000004                                      : exit.c.obj (.text:abort:abort)

.const     0    000059c0    00000864     
                  000059c0    000002f8     grlib.a : fontfixed6x8.obj (.const:.string:g_pucFontFixed6x8Data)
                  00005cb8    00000101     rtsv7M4_T_le_v4SPD16_eabi_eh.lib : ctype.c.obj (.const:.string:_ctypes_)
                  00005db9    00000002                                      : tdeh_cpp_abi.cpp.obj (.const:.typeinfo:_ZTSv)
                  00005dbb    00000001     --HOLE-- [fill = 0]
                  00005dbc    000000c8     grlib.a : fontfixed6x8.obj (.const:g_sFontFixed6x8)
                  00005e84    00000004     --HOLE-- [fill = 0]
                  00005e88    00000098     rtsv7M4_T_le_v4SPD16_eabi_eh.lib : s_atan.c.obj (.const:$O1$$)
                  00005f20    00000080     msp432p4xx_driverlib.lib : adc14.o (.const:_ctlRegs)
                  00005fa0    00000030                              : gpio.o (.const:GPIO_PORT_TO_BASE)
                  00005fd0    00000028     rtsv7M4_T_le_v4SPD16_eabi_eh.lib : typeinfo.c.obj (.const:.typeinfo:_ZTSN10__cxxabiv123__fundamental_type_infoE)
                  00005ff8    00000026                                      : typeinfo.c.obj (.const:.typeinfo:_ZTSN10__cxxabiv121__vmi_class_type_infoE)
                  0000601e    00000025                                      : typeinfo.c.obj (.const:.typeinfo:_ZTSN10__cxxabiv120__si_class_type_infoE)
                  00006043    00000024                                      : typeinfo.c.obj (.const:.typeinfo:_ZTSN10__cxxabiv119__pointer_type_infoE)
                  00006067    00000022                                      : typeinfo.c.obj (.const:.typeinfo:_ZTSN10__cxxabiv117__class_type_infoE)
                  00006089    00000022                                      : typeinfo.c.obj (.const:.typeinfo:_ZTSN10__cxxabiv117__pbase_type_infoE)
                  000060ab    00000001     --HOLE-- [fill = 0]
                  000060ac    00000020     Crystalfontz128x128_ST7735.obj (.const:g_sCrystalfontz128x128_funcs)
                  000060cc    0000001c     HAL_MSP_EXP432P401R_Crystalfontz128x128_ST7735.obj (.const:$P$T40$1)
                  000060e8    00000014     rtsv7M4_T_le_v4SPD16_eabi_eh.lib : stdlib_typeinfo.cpp.obj (.const:_ZTVSt10bad_typeid)
                  000060fc    00000014                                      : stdlib_exception.cpp.obj (.const:_ZTVSt13bad_exception)
                  00006110    00000014                                      : stdlib_exception.cpp.obj (.const:_ZTVSt9exception)
                  00006124    00000012                                      : stdlib_exception.cpp.obj (.const:.typeinfo:_ZTSSt13bad_exception)
                  00006136    00000002     --HOLE-- [fill = 0]
                  00006138    00000010                                      : typeinfo.c.obj (.const:_ZTVN10__cxxabiv117__class_type_infoE)
                  00006148    00000010                                      : typeinfo.c.obj (.const:_ZTVN10__cxxabiv120__si_class_type_infoE)
                  00006158    00000010                                      : typeinfo.c.obj (.const:_ZTVN10__cxxabiv123__fundamental_type_infoE)
                  00006168    0000000f                                      : stdlib_typeinfo.cpp.obj (.const:.typeinfo:_ZTSSt10bad_typeid)
                  00006177    0000000d                                      : stdlib_exception.cpp.obj (.const:.typeinfo:_ZTSSt9exception)
                  00006184    0000000d                                      : stdlib_typeinfo.cpp.obj (.const:.typeinfo:_ZTSSt9type_info)
                  00006191    00000003     --HOLE-- [fill = 0]
                  00006194    0000000c                                      : typeinfo.c.obj (.const:.typeinfo:_ZTIN10__cxxabiv117__class_type_infoE)
                  000061a0    0000000c                                      : typeinfo.c.obj (.const:.typeinfo:_ZTIN10__cxxabiv117__pbase_type_infoE)
                  000061ac    0000000c                                      : typeinfo.c.obj (.const:.typeinfo:_ZTIN10__cxxabiv119__pointer_type_infoE)
                  000061b8    0000000c                                      : typeinfo.c.obj (.const:.typeinfo:_ZTIN10__cxxabiv120__si_class_type_infoE)
                  000061c4    0000000c                                      : typeinfo.c.obj (.const:.typeinfo:_ZTIN10__cxxabiv121__vmi_class_type_infoE)
                  000061d0    0000000c                                      : typeinfo.c.obj (.const:.typeinfo:_ZTIN10__cxxabiv123__fundamental_type_infoE)
                  000061dc    0000000c                                      : stdlib_typeinfo.cpp.obj (.const:.typeinfo:_ZTISt10bad_typeid)
                  000061e8    0000000c                                      : stdlib_exception.cpp.obj (.const:.typeinfo:_ZTISt13bad_exception)
                  000061f4    00000008     Crystalfontz128x128_ST7735.obj (.const:$P$T40$1)
                  000061fc    00000008     main.obj (.const:$P$T40$1)
                  00006204    00000008     main.obj (.const:$P$T41$2)
                  0000620c    00000008     rtsv7M4_T_le_v4SPD16_eabi_eh.lib : stdlib_exception.cpp.obj (.const:.typeinfo:_ZTISt9exception)
                  00006214    00000008                                      : stdlib_typeinfo.cpp.obj (.const:.typeinfo:_ZTISt9type_info)
                  0000621c    00000008                                      : tdeh_cpp_abi.cpp.obj (.const:.typeinfo:_ZTIv)

.cinit     0    00006270    00000098     
                  00006270    0000006e     (.cinit..data.load) [load image, compression = lzss]
                  000062de    00000002     --HOLE-- [fill = 0]
                  000062e0    0000000c     (__TI_handler_table)
                  000062ec    00000004     --HOLE-- [fill = 0]
                  000062f0    00000008     (.cinit..bss.load) [load image, compression = zero_init]
                  000062f8    00000010     (__TI_cinit_table)

.init_array 
*          0    00000000    00000000     UNINITIALIZED

.binit     0    00000000    00000000     

.sysmem    0    20000000    00000800     UNINITIALIZED
                  20000000    00000010     rtsv7M4_T_le_v4SPD16_eabi_eh.lib : memory.c.obj (.sysmem)
                  20000010    000007f0     --HOLE--

.data      0    20000800    000001fc     UNINITIALIZED
                  20000800    000000f0     rtsv7M4_T_le_v4SPD16_eabi_eh.lib : defs.c.obj (.data:_ftable)
                  200008f0    00000078                                      : host_device.c.obj (.data:_device)
                  20000968    00000050                                      : host_device.c.obj (.data:_stream)
                  200009b8    00000010     Crystalfontz128x128_ST7735.obj (.data:g_sCrystalfontz128x128)
                  200009c8    00000010     rtsv7M4_T_le_v4SPD16_eabi_eh.lib : defs.c.obj (.data)
                  200009d8    0000000c                                      : exit.c.obj (.data:$O1$$)
                  200009e4    00000008                                      : _lock.c.obj (.data:$O1$$)
                  200009ec    00000008                                      : memory.c.obj (.data:$O1$$)
                  200009f4    00000004                                      : errno.c.obj (.data)
                  200009f8    00000004                                      : tdeh_cpp_abi.cpp.obj (.data)

.bss       0    200009fc    000001f2     UNINITIALIZED
                  200009fc    00000120     rtsv7M4_T_le_v4SPD16_eabi_eh.lib : trgmsg.c.obj (.bss:_CIOBUF_)
                  20000b1c    000000a0     (.common:__TI_tmpnams)
                  20000bbc    0000001c     (.common:g_sContext)
                  20000bd8    00000008     (.common:parmbuf)
                  20000be0    00000004     (.common:g_iyInitPosition)
                  20000be4    00000002     (.common:Lcd_ScreenHeigth)
                  20000be6    00000002     (.common:Lcd_ScreenWidth)
                  20000be8    00000002     (.common:Lcd_TouchTrim)
                  20000bea    00000001     (.common:Lcd_FlagRead)
                  20000beb    00000001     (.common:Lcd_FontSolid)
                  20000bec    00000001     (.common:Lcd_Orientation)
                  20000bed    00000001     (.common:Lcd_PenSolid)

.stack     0    2000fe00    00000200     UNINITIALIZED
                  2000fe00    00000004     rtsv7M4_T_le_v4SPD16_eabi_eh.lib : boot_cortex_m.c.obj (.stack)
                  2000fe04    000001fc     --HOLE--

.ARM.extab 
*          0    00006224    0000004c     
                  00006224    00000030     rtsv7M4_T_le_v4SPD16_eabi_eh.lib : tdeh_cpp_abi.cpp.obj (.ARM.extab)
                  00006254    0000001c                                      : tdeh_cpp_abi.cpp.obj (.ARM.extab)

.ARM.exidx 
*          0    00006308    00000228     
                  00006308    00000008     (.ARM.exidx.text:__TI_printfi:rtsv7M4_T_le_v4SPD16_eabi_eh.lib<_printfi.c.obj>)
                  00006310    00000008     rtsv7M4_T_le_v4SPD16_eabi_eh.lib : tdeh_pr_arm.cpp.obj (.ARM.exidx)
                  00006318    00000008     Interruptions_handler.obj (.ARM.exidx)
                  00006320    00000008     (.ARM.exidx.text:_pconv_a:rtsv7M4_T_le_v4SPD16_eabi_eh.lib<_printfi.c.obj>)
                  00006328    00000008     rtsv7M4_T_le_v4SPD16_eabi_eh.lib : tdeh_pr_common.cpp.obj (.ARM.exidx)
                  00006330    00000008     (.ARM.exidx.text:_ZNSt13bad_exceptionD1Ev:rtsv7M4_T_le_v4SPD16_eabi_eh.lib<stdlib_exception.cpp.obj>)
                  00006338    00000008                                      : rtti.c.obj (.ARM.exidx)
                  00006340    00000008     (.ARM.exidx.text:_ZN50_INTERNAL_28_Crystalfontz128x128_ST7735_c_acdafc1437Crystalfontz128x128_PixelDrawMultipleEPK16Graphics_DisplaysssssPKhPKj:Crystalfontz128x128_ST7735.obj)
                  00006348    00000008                                      : tdeh_cpp_abi.cpp.obj (.ARM.exidx)
                  00006350    00000008     (.ARM.exidx.text:_pconv_e:rtsv7M4_T_le_v4SPD16_eabi_eh.lib<_printfi.c.obj>)
                  00006358    00000008                                      : tdeh_cpp_abi.cpp.obj (.ARM.exidx)
                  00006360    00000008     (.ARM.exidx.text:setvbuf:rtsv7M4_T_le_v4SPD16_eabi_eh.lib<setvbuf.c.obj>)
                  00006368    00000008     Hardware_setup.obj (.ARM.exidx)
                  00006370    00000008     (.ARM.exidx.text:_ltostr:rtsv7M4_T_le_v4SPD16_eabi_eh.lib<_printfi.c.obj>)
                  00006378    00000008     Hardware_setup.obj (.ARM.exidx)
                  00006380    00000008     (.ARM.exidx.text:Graphics_drawLineH:grlib.a<line.obj>)
                  00006388    00000008     main.obj (.ARM.exidx)
                  00006390    00000008     (.ARM.exidx.text:fputc:rtsv7M4_T_le_v4SPD16_eabi_eh.lib<fputc.c.obj>)
                  00006398    00000008     rtsv7M4_T_le_v4SPD16_eabi_eh.lib : rtti.c.obj (.ARM.exidx)
                  000063a0    00000008     (.ARM.exidx.text:split:rtsv7M4_T_le_v4SPD16_eabi_eh.lib<memory.c.obj>)
                  000063a8    00000008                                      : tdeh_cpp_abi.cpp.obj (.ARM.exidx)
                  000063b0    00000008     (.ARM.exidx.text:__TI_closefile:rtsv7M4_T_le_v4SPD16_eabi_eh.lib<fclose.c.obj>)
                  000063b8    00000008                                      : tdeh_unwinder.cpp.obj (.ARM.exidx)
                  000063c0    00000008     (.ARM.exidx.text:rtsv7M4_T_le_v4SPD16_eabi_eh.lib<tdeh_uwentry_t2.asm.obj>)
                  000063c8    00000008     Hardware_setup.obj (.ARM.exidx)
                  000063d0    00000008     (.ARM.exidx.text:_pconv_f:rtsv7M4_T_le_v4SPD16_eabi_eh.lib<_printfi.c.obj>)
                  000063d8    00000008     rtsv7M4_T_le_v4SPD16_eabi_eh.lib : tdeh_cpp_abi.cpp.obj (.ARM.exidx)
                  000063e0    00000008     (.ARM.exidx.text:__TI_doflush:rtsv7M4_T_le_v4SPD16_eabi_eh.lib<fflush.c.obj>)
                  000063e8    00000008                                      : tdeh_cpp_abi.cpp.obj (.ARM.exidx)
                  000063f0    00000008     (.ARM.exidx.text:atoi:rtsv7M4_T_le_v4SPD16_eabi_eh.lib<atoi.c.obj>)
                  000063f8    00000008                                      : tdeh_pr_arm.cpp.obj (.ARM.exidx)
                  00006400    00000008                                      : tdeh_pr_arm.cpp.obj (.ARM.exidx)
                  00006408    00000008     (.ARM.exidx.text:bsearch:rtsv7M4_T_le_v4SPD16_eabi_eh.lib<bsearch.c.obj>)
                  00006410    00000008     main.obj (.ARM.exidx)
                  00006418    00000008     (.ARM.exidx.text:_fcpy:rtsv7M4_T_le_v4SPD16_eabi_eh.lib<_printfi.c.obj>)
                  00006420    00000008     rtsv7M4_T_le_v4SPD16_eabi_eh.lib : tdeh_unwinder.cpp.obj (.ARM.exidx)
                  00006428    00000008     (.ARM.exidx.text:_Z20HAL_LCD_writeCommandh:HAL_MSP_EXP432P401R_Crystalfontz128x128_ST7735.obj)
                  00006430    00000008                                      : tdeh_unwinder.cpp.obj (.ARM.exidx)
                  00006438    00000008                                      : tdeh_unwinder.cpp.obj (.ARM.exidx)
                  00006440    00000008     (.ARM.exidx.text:__TI_writemsg:rtsv7M4_T_le_v4SPD16_eabi_eh.lib<trgmsg.c.obj>)
                  00006448    00000008                                      : tdeh_cpp_abi.cpp.obj (.ARM.exidx)
                  00006450    00000008     (.ARM.exidx.text:strncpy:rtsv7M4_T_le_v4SPD16_eabi_eh.lib<strncpy.c.obj>)
                  00006458    00000008                                      : tdeh_cpp_abi.cpp.obj (.ARM.exidx)
                  00006460    00000008     (.ARM.exidx.text:rtsv7M4_T_le_v4SPD16_eabi_eh.lib<i_tofd_t2.asm.obj>)
                  00006468    00000008     Interruptions_handler.obj (.ARM.exidx)
                  00006470    00000008     rtsv7M4_T_le_v4SPD16_eabi_eh.lib : tdeh_cpp_abi.cpp.obj (.ARM.exidx)
                  00006478    00000008     (.ARM.exidx.text:GPIO_setOutputHighOnPin:msp432p4xx_driverlib.lib<gpio.o>)
                  00006480    00000008                                      : tdeh_cpp_abi.cpp.obj (.ARM.exidx)
                  00006488    00000008     Interruptions_handler.obj (.ARM.exidx)
                  00006490    00000008     rtsv7M4_T_le_v4SPD16_eabi_eh.lib : tdeh_pr_arm.cpp.obj (.ARM.exidx)
                  00006498    00000008                                      : rtti.c.obj (.ARM.exidx)
                  000064a0    00000008     (.ARM.exidx.text:memchr:rtsv7M4_T_le_v4SPD16_eabi_eh.lib<memchr.c.obj>)
                  000064a8    00000008                                      : tdeh_cpp_abi.cpp.obj (.ARM.exidx)
                  000064b0    00000008     (.ARM.exidx.text:ADC14_getResult:msp432p4xx_driverlib.lib<adc14.o>)
                  000064b8    00000008     Interruptions_handler.obj (.ARM.exidx)
                  000064c0    00000008     Hardware_setup.obj (.ARM.exidx)
                  000064c8    00000008     (.ARM.exidx.text:_ZNKSt13bad_exception4whatEv:rtsv7M4_T_le_v4SPD16_eabi_eh.lib<stdlib_exception.cpp.obj>)
                  000064d0    00000008     rtsv7M4_T_le_v4SPD16_eabi_eh.lib : tdeh_cpp_abi.cpp.obj (.ARM.exidx)
                  000064d8    00000008     (.ARM.exidx.text:decompress:ZI:__TI_zero_init_nomemset:__TI_zero_init_nomemset:rtsv7M4_T_le_v4SPD16_eabi_eh.lib<copy_zero_init.c.obj>)
                  000064e0    00000008                                      : typeinfo.c.obj (.ARM.exidx)
                  000064e8    00000008     (.ARM.exidx.text:decompress:none:__TI_decompress_none:rtsv7M4_T_le_v4SPD16_eabi_eh.lib<copy_decompress_none.c.obj>)
                  000064f0    00000008                                      : tdeh_cpp_abi.cpp.obj (.ARM.exidx)
                  000064f8    00000008     (.ARM.exidx.text:_Z13__TI_prel2absPKj:rtsv7M4_T_le_v4SPD16_eabi_eh.lib<tdeh_unwinder.cpp.obj>)
                  00006500    00000008                                      : tdeh_cpp_abi.cpp.obj (.ARM.exidx)
                  00006508    00000008     (.ARM.exidx.text:_ZN50_INTERNAL_28_Crystalfontz128x128_ST7735_c_acdafc1425Crystalfontz128x128_FlushEPK16Graphics_Display:Crystalfontz128x128_ST7735.obj)
                  00006510    00000008                                      : new.cpp.obj (.ARM.exidx)
                  00006518    00000008     (.ARM.exidx.text:__aeabi_errno_addr:rtsv7M4_T_le_v4SPD16_eabi_eh.lib<errno.c.obj>)
                  00006520    00000008                                      : tdeh_init.cpp.obj (.ARM.exidx)
                  00006528    00000008     (.ARM.exidx.text:malloc:rtsv7M4_T_le_v4SPD16_eabi_eh.lib<memory.c.obj>)

MODULE SUMMARY

       Module                                               code    ro data   rw data
       ------                                               ----    -------   -------
    ./
       Hardware_setup.obj                                   676     32        64     
       Interruptions_handler.obj                            738     32        0      
       main.obj                                             204     32        0      
       system_msp432p401r.obj                               120     0         0      
    +--+----------------------------------------------------+-------+---------+---------+
       Total:                                               1738    96        64     
                                                                                     
    ./LcdDriver/
       Crystalfontz128x128_ST7735.obj                       1670    40        52     
       HAL_MSP_EXP432P401R_Crystalfontz128x128_ST7735.obj   212     28        0      
    +--+----------------------------------------------------+-------+---------+---------+
       Total:                                               1882    68        52     
                                                                                     
    ./ccs/
       startup_msp432p401r_ccs.obj                          14      228       0      
    +--+----------------------------------------------------+-------+---------+---------+
       Total:                                               14      228       0      
                                                                                     
    /Applications/ti/ccs901/ccs/tools/compiler/ti-cgt-arm_18.12.1.LTS/lib/rtsv7M4_T_le_v4SPD16_eabi_eh.lib
       _printfi.c.obj                                       4851    0         0      
       tdeh_cpp_abi.cpp.obj                                 1149    190       8      
       tdeh_pr_arm.cpp.obj                                  982     32        0      
       s_atan.c.obj                                         748     152       0      
       defs.c.obj                                           0       0         832    
       rtti.c.obj                                           688     24        0      
       memory.c.obj                                         676     0         16     
       trgmsg.c.obj                                         108     0         576    
       tdeh_pr_common.cpp.obj                               594     8         0      
       fd_add_t2.asm.obj                                    438     0         0      
       typeinfo.c.obj                                       66      347       0      
       host_device.c.obj                                    0       0         400    
       tdeh_unwinder.cpp.obj                                354     32        0      
       e_sqrt.c.obj                                         344     0         0      
       fd_div_t2.asm.obj                                    310     0         0      
       fputs.c.obj                                          276     0         0      
       s_scalbn.c.obj                                       272     0         0      
       fd_cmp_t2.asm.obj                                    268     0         0      
       ctype.c.obj                                          0       257       0      
       fd_mul_t2.asm.obj                                    252     0         0      
       setvbuf.c.obj                                        220     0         0      
       s_sinf.c.obj                                         164     0         0      
       memcpy_t2.asm.obj                                    156     0         0      
       stdlib_exception.cpp.obj                             59      91        0      
       ull_div_t2.asm.obj                                   150     0         0      
       fputc.c.obj                                          140     0         0      
       stdlib_typeinfo.cpp.obj                              64      68        0      
       memset_t2.asm.obj                                    122     0         0      
       fclose.c.obj                                         116     0         0      
       getdevice.c.obj                                      116     0         0      
       hostopen.c.obj                                       96      0         16     
       printf.c.obj                                         112     0         0      
       fd_tos_t2.asm.obj                                    110     0         0      
       tdeh_uwentry_t2.asm.obj                              108     0         0      
       copy_decompress_lzss.c.obj                           104     0         0      
       hostlseek.c.obj                                      104     0         0      
       hostrename.c.obj                                     104     0         0      
       exit.c.obj                                           76      0         24     
       fseek.c.obj                                          100     0         0      
       s_frexp.c.obj                                        100     0         0      
       _io_perm.c.obj                                       98      0         0      
       close.c.obj                                          92      0         0      
       hostread.c.obj                                       88      0         0      
       hostwrite.c.obj                                      88      0         0      
       ltoa.c.obj                                           84      0         0      
       atoi.c.obj                                           76      0         0      
       fflush.c.obj                                         76      0         0      
       autoinit.c.obj                                       72      0         0      
       fd_toi_t2.asm.obj                                    72      0         0      
       bsearch.c.obj                                        68      0         0      
       hostclose.c.obj                                      68      0         0      
       hostunlink.c.obj                                     68      0         0      
       fs_tod_t2.asm.obj                                    56      0         0      
       strncpy.c.obj                                        54      0         0      
       boot_cortex_m.c.obj                                  52      0         0      
       fopen.c.obj                                          52      0         0      
       i_tofd_t2.asm.obj                                    46      0         0      
       unlink.c.obj                                         44      0         0      
       lseek.c.obj                                          40      0         0      
       write.c.obj                                          40      0         0      
       memchr.c.obj                                         32      0         0      
       memccpy.c.obj                                        28      0         0      
       s_copysign.c.obj                                     26      0         0      
       strcmp.c.obj                                         24      0         0      
       new.cpp.obj                                          14      8         0      
       strchr.c.obj                                         22      0         0      
       strcpy.c.obj                                         20      0         0      
       strlen.c.obj                                         20      0         0      
       _lock.c.obj                                          2       0         16     
       copy_zero_init.c.obj                                 18      0         0      
       wcslen.c.obj                                         18      0         0      
       errno.c.obj                                          8       0         8      
       tdeh_init.cpp.obj                                    8       8         0      
       copy_decompress_none.c.obj                           14      0         0      
       error.c.obj                                          4       0         0      
       pre_init.c.obj                                       4       0         0      
       div0.asm.obj                                         2       0         0      
    +--+----------------------------------------------------+-------+---------+---------+
       Total:                                               16295   1217      1896   
                                                                                     
    /Users/sebastianblanco/ti/simplelink_msp432p4_sdk_3_10_00_08/source/ti/devices/msp432p4xx/driverlib/ccs/msp432p4xx_driverlib.lib
       adc14.o                                              380     128       0      
       gpio.o                                               280     48        0      
       spi.o                                                312     0         0      
    +--+----------------------------------------------------+-------+---------+---------+
       Total:                                               972     176       0      
                                                                                     
    /Users/sebastianblanco/ti/simplelink_msp432p4_sdk_3_10_00_08/source/ti/grlib/lib/ccs/m4f/grlib.a
       line.obj                                             1168    0         0      
       fontfixed6x8.obj                                     0       960       0      
       rectangle.obj                                        274     0         0      
       display.obj                                          230     0         0      
       context.obj                                          148     0         0      
    +--+----------------------------------------------------+-------+---------+---------+
       Total:                                               1820    960       0      
                                                                                     
       Heap:                                                0       0         4096   
       Stack:                                               0       0         1024   
       Linker Generated:                                    0       394       0      
    +--+----------------------------------------------------+-------+---------+---------+
       Grand Total:                                         22721   3139      7132   


LINKER GENERATED COPY TABLES

__TI_cinit_table @ 000062f8 records: 2, size/record: 8, table size: 16
	.data: load addr=00006270, load size=0000006e bytes, run addr=20000800, run size=000001fc bytes, compression=lzss
	.bss: load addr=000062f0, load size=00000008 bytes, run addr=200009fc, run size=000001f2 bytes, compression=zero_init


LINKER GENERATED HANDLER TABLE

__TI_handler_table @ 000062e0 records: 3, size/record: 4, table size: 12
	index: 0, handler: __TI_decompress_lzss
	index: 1, handler: __TI_decompress_none
	index: 2, handler: __TI_zero_init


GLOBAL SYMBOLS: SORTED ALPHABETICALLY BY Name 

address   name                                                                                                                          
-------   ----                                                                                                                          
00006308  .ARM.exidx$$Base                                                                                                              
00006530  .ARM.exidx$$Limit                                                                                                             
000010a9  ADC14_IRQHandler                                                                                                              
000010a9  ADC14_IRQHandler                                                                                                              
00005645  ADC14_getResult                                                                                                               
00000b33  AES256_IRQHandler                                                                                                             
00000b33  BusFault_Handler                                                                                                              
000059bb  C$$EXIT                                                                                                                       
00004fc7  C$$IO$$                                                                                                                       
00000b33  COMP_E0_IRQHandler                                                                                                            
00000b33  COMP_E1_IRQHandler                                                                                                            
00000b33  CS_IRQHandler                                                                                                                 
00000b33  DMA_ERR_IRQHandler                                                                                                            
00000b33  DMA_INT0_IRQHandler                                                                                                           
00000b33  DMA_INT1_IRQHandler                                                                                                           
00000b33  DMA_INT2_IRQHandler                                                                                                           
00000b33  DMA_INT3_IRQHandler                                                                                                           
00000b33  DebugMon_Handler                                                                                                              
00000b33  Default_Handler                                                                                                               
00000b33  EUSCIA0_IRQHandler                                                                                                            
00000b33  EUSCIA1_IRQHandler                                                                                                            
00000b33  EUSCIA2_IRQHandler                                                                                                            
00000b33  EUSCIA3_IRQHandler                                                                                                            
00000b33  EUSCIB0_IRQHandler                                                                                                            
00000b33  EUSCIB1_IRQHandler                                                                                                            
00000b33  EUSCIB2_IRQHandler                                                                                                            
00000b33  EUSCIB3_IRQHandler                                                                                                            
00005765  EUSCI_A_SPI_enable                                                                                                            
0000577b  EUSCI_B_SPI_enable                                                                                                            
00000b33  FLCTL_IRQHandler                                                                                                              
00000b33  FPU_IRQHandler                                                                                                                
00004cf5  GPIO_setAsOutputPin                                                                                                           
00003b8d  GPIO_setAsPeripheralModuleFunctionOutputPin                                                                                   
00005435  GPIO_setOutputHighOnPin                                                                                                       
0000545d  GPIO_setOutputLowOnPin                                                                                                        
00005839  Graphics_clearDisplay                                                                                                         
000056b5  Graphics_clearDisplayOnDisplay                                                                                                
00005009  Graphics_drawHorizontalLineOnDisplay                                                                                          
000020db  Graphics_drawLine                                                                                                             
0000376d  Graphics_drawLineH                                                                                                            
00003809  Graphics_drawLineV                                                                                                            
00005331  Graphics_drawPixelOnDisplay                                                                                                   
0000503f  Graphics_drawVerticalLineOnDisplay                                                                                            
00002d55  Graphics_fillRectangle                                                                                                        
00005609  Graphics_fillRectangleOnDisplay                                                                                               
00004865  Graphics_initContext                                                                                                          
000056cf  Graphics_setFont                                                                                                              
00005791  Graphics_setForegroundColor                                                                                                   
000057a7  Graphics_translateColorOnDisplay                                                                                              
00004b5d  HOSTclose                                                                                                                     
000041b1  HOSTlseek                                                                                                                     
000044e1  HOSTopen                                                                                                                      
0000465d  HOSTread                                                                                                                      
00004219  HOSTrename                                                                                                                    
00004ba1  HOSTunlink                                                                                                                    
000046b5  HOSTwrite                                                                                                                     
00000b33  HardFault_Handler                                                                                                             
20000bea  Lcd_FlagRead                                                                                                                  
20000beb  Lcd_FontSolid                                                                                                                 
20000bec  Lcd_Orientation                                                                                                               
20000bed  Lcd_PenSolid                                                                                                                  
20000be4  Lcd_ScreenHeigth                                                                                                              
20000be6  Lcd_ScreenWidth                                                                                                               
20000be8  Lcd_TouchTrim                                                                                                                 
00000b33  MemManage_Handler                                                                                                             
00000b33  NMI_Handler                                                                                                                   
00000b33  PCM_IRQHandler                                                                                                                
00000b33  PORT1_IRQHandler                                                                                                              
00000b33  PORT2_IRQHandler                                                                                                              
00000b33  PORT3_IRQHandler                                                                                                              
00000b33  PORT4_IRQHandler                                                                                                              
00000b33  PORT5_IRQHandler                                                                                                              
00000b33  PORT6_IRQHandler                                                                                                              
00000b33  PSS_IRQHandler                                                                                                                
00000b33  PendSV_Handler                                                                                                                
00000b33  RTC_C_IRQHandler                                                                                                              
000058d9  Reset_Handler                                                                                                                 
00005661  SPI_enableModule                                                                                                              
00003577  SPI_initMaster                                                                                                                
00000b33  SVC_Handler                                                                                                                   
00000b33  SysTick_Handler                                                                                                               
00003e99  SystemInit                                                                                                                    
00005549  T32_INT1_IRQHandler                                                                                                           
00005549  T32_INT1_IRQHandler                                                                                                           
00000b33  T32_INT2_IRQHandler                                                                                                           
00000b33  T32_INTC_IRQHandler                                                                                                           
00000b33  TA0_0_IRQHandler                                                                                                              
00000b33  TA0_N_IRQHandler                                                                                                              
00000b33  TA1_0_IRQHandler                                                                                                              
00000b33  TA1_N_IRQHandler                                                                                                              
00000b33  TA2_0_IRQHandler                                                                                                              
00000b33  TA2_N_IRQHandler                                                                                                              
00000b33  TA3_0_IRQHandler                                                                                                              
00000b33  TA3_N_IRQHandler                                                                                                              
00000b33  UsageFault_Handler                                                                                                            
4000480c  WDTCTL_SYM                                                                                                                    
00000b33  WDT_A_IRQHandler                                                                                                              
00004145  _Unwind_RaiseException                                                                                                        
00004167  _Unwind_Resume                                                                                                                
000051e5  _Z11T32_1_setupv                                                                                                              
000058f1  _Z13__TI_prel2absPKj                                                                                                          
00004d35  _Z15HAL_LCD_SpiInitv                                                                                                          
00005215  _Z16HAL_LCD_PortInitv                                                                                                         
00004be5  _Z16__TI_targ_set_prP19_Unwind_Exception_s                                                                                    
0000535d  _Z17HAL_LCD_writeDatah                                                                                                        
00003a75  _Z17LCD_DrawRectanglei                                                                                                        
00004ef1  _Z20HAL_LCD_writeCommandh                                                                                                     
0000598b  _Z22__TI_targ_rtti_addressPjP15_Unwind_Context                                                                                
000050e1  _Z23InitialConditions_setupv                                                                                                  
0000598f  _Z23__TI_targ_regbuf_get_pcP15_Unwind_Context                                                                                 
00005993  _Z23__TI_targ_regbuf_get_sbP15_Unwind_Context                                                                                 
00005997  _Z23__TI_targ_regbuf_get_spP15_Unwind_Context                                                                                 
0000599b  _Z23__TI_targ_regbuf_set_pcP15_Unwind_Contextj                                                                                
000029f1  _Z24Crystalfontz128x128_Initv                                                                                                 
00001599  _Z24__TI_process_descriptors13_Unwind_PhaseP19_Unwind_Exception_sP15_Unwind_Context15_Unwind_PR_KindPjP19_Unwind_Reason_CodePb
00005937  _Z24__TI_targ_regbuf_installP15_Unwind_Context                                                                                
0000599f  _Z26__TI_targ_setup_call_parm0P15_Unwind_Contextj                                                                             
000028bd  _Z32Crystalfontz128x128_SetDrawFrametttt                                                                                      
000047bd  _Z34Crystalfontz128x128_SetOrientationh                                                                                       
00005703  _Z3sinf                                                                                                                       
000053e1  _Z4sqrtIiENSt3__29enable_ifIXsr3std3__211is_integralIT_EE5valueEdE4typeES2_                                                   
0000571b  _Z8Power_upv                                                                                                                  
000036cd  _Z9ADC_setupv                                                                                                                 
0000340d  _Z9LCD_setupv                                                                                                                 
0000470d  _Z9Pin_setupv                                                                                                                 
00005893  _ZN10__cxxabiv117__class_type_infoD0Ev                                                                                        
0000593f  _ZN10__cxxabiv117__class_type_infoD1Ev                                                                                        
0000593f  _ZN10__cxxabiv117__class_type_infoD2Ev                                                                                        
000058a1  _ZN10__cxxabiv120__si_class_type_infoD0Ev                                                                                     
00005947  _ZN10__cxxabiv120__si_class_type_infoD1Ev                                                                                     
00005947  _ZN10__cxxabiv120__si_class_type_infoD2Ev                                                                                     
000058af  _ZN10__cxxabiv123__fundamental_type_infoD0Ev                                                                                  
0000594f  _ZN10__cxxabiv123__fundamental_type_infoD1Ev                                                                                  
0000594f  _ZN10__cxxabiv123__fundamental_type_infoD2Ev                                                                                  
000057d5  _ZNKSt10bad_typeid4whatEv                                                                                                     
00005735  _ZNKSt13bad_exception4whatEv                                                                                                  
00005825  _ZNKSt9exception4whatEv                                                                                                       
000057e9  _ZNSt10bad_typeidC1Ev                                                                                                         
000057e9  _ZNSt10bad_typeidC2Ev                                                                                                         
000058bd  _ZNSt10bad_typeidD0Ev                                                                                                         
00005957  _ZNSt10bad_typeidD1Ev                                                                                                         
00005957  _ZNSt10bad_typeidD2Ev                                                                                                         
0000597f  _ZNSt13bad_exceptionD0Ev                                                                                                      
000017eb  _ZNSt13bad_exceptionD1Ev                                                                                                      
000017eb  _ZNSt13bad_exceptionD2Ev                                                                                                      
00005985  _ZNSt9exceptionD0Ev                                                                                                           
0000224f  _ZNSt9exceptionD1Ev                                                                                                           
0000224f  _ZNSt9exceptionD2Ev                                                                                                           
000028bb  _ZNSt9type_infoD1Ev                                                                                                           
000028bb  _ZNSt9type_infoD2Ev                                                                                                           
00005569  _ZSt10unexpectedv                                                                                                             
00005589  _ZSt9terminatev                                                                                                               
00006194  _ZTIN10__cxxabiv117__class_type_infoE                                                                                         
000061a0  _ZTIN10__cxxabiv117__pbase_type_infoE                                                                                         
000061ac  _ZTIN10__cxxabiv119__pointer_type_infoE                                                                                       
000061b8  _ZTIN10__cxxabiv120__si_class_type_infoE                                                                                      
000061c4  _ZTIN10__cxxabiv121__vmi_class_type_infoE                                                                                     
000061d0  _ZTIN10__cxxabiv123__fundamental_type_infoE                                                                                   
000061dc  _ZTISt10bad_typeid                                                                                                            
000061e8  _ZTISt13bad_exception                                                                                                         
0000620c  _ZTISt9exception                                                                                                              
00006214  _ZTISt9type_info                                                                                                              
0000621c  _ZTIv                                                                                                                         
00006067  _ZTSN10__cxxabiv117__class_type_infoE                                                                                         
00006089  _ZTSN10__cxxabiv117__pbase_type_infoE                                                                                         
00006043  _ZTSN10__cxxabiv119__pointer_type_infoE                                                                                       
0000601e  _ZTSN10__cxxabiv120__si_class_type_infoE                                                                                      
00005ff8  _ZTSN10__cxxabiv121__vmi_class_type_infoE                                                                                     
00005fd0  _ZTSN10__cxxabiv123__fundamental_type_infoE                                                                                   
00006168  _ZTSSt10bad_typeid                                                                                                            
00006124  _ZTSSt13bad_exception                                                                                                         
[...]
000055a9  __TI_Unwind_RaiseException                                                                                                    
000055c9  __cxa_bad_typeid                                                                                                              
000055e9  memchr                                                                                                                        
00005609  Graphics_fillRectangleOnDisplay                                                                                               
00005645  ADC14_getResult                                                                                                               
00005661  SPI_enableModule                                                                                                              
00005699  memccpy                                                                                                                       
000056b5  Graphics_clearDisplayOnDisplay                                                                                                
000056cf  Graphics_setFont                                                                                                              
000056e9  copysign                                                                                                                      
000056e9  copysignl                                                                                                                     
00005703  _Z3sinf                                                                                                                       
0000571b  _Z8Power_upv                                                                                                                  
00005735  _ZNKSt13bad_exception4whatEv                                                                                                  
0000574d  strcmp                                                                                                                        
00005765  EUSCI_A_SPI_enable                                                                                                            
0000577b  EUSCI_B_SPI_enable                                                                                                            
00005791  Graphics_setForegroundColor                                                                                                   
000057a7  Graphics_translateColorOnDisplay                                                                                              
000057bd  strchr                                                                                                                        
000057d5  _ZNKSt10bad_typeid4whatEv                                                                                                     
000057e9  _ZNSt10bad_typeidC1Ev                                                                                                         
000057e9  _ZNSt10bad_typeidC2Ev                                                                                                         
000057fd  strcpy                                                                                                                        
00005811  strlen                                                                                                                        
00005825  _ZNKSt9exception4whatEv                                                                                                       
00005839  Graphics_clearDisplay                                                                                                         
0000584b  __cxa_begin_cleanup                                                                                                           
0000585d  __cxa_call_terminate                                                                                                          
0000586f  __TI_zero_init_nomemset                                                                                                       
00005881  wcslen                                                                                                                        
00005893  _ZN10__cxxabiv117__class_type_infoD0Ev                                                                                        
000058a1  _ZN10__cxxabiv120__si_class_type_infoD0Ev                                                                                     
000058af  _ZN10__cxxabiv123__fundamental_type_infoD0Ev                                                                                  
000058bd  _ZNSt10bad_typeidD0Ev                                                                                                         
000058cb  __TI_decompress_none                                                                                                          
000058d9  Reset_Handler                                                                                                                 
000058e5  __TI_cxa_end_cleanup                                                                                                          
000058f1  _Z13__TI_prel2absPKj                                                                                                          
0000590f  _ZdlPv                                                                                                                        
00005919  __aeabi_unwind_cpp_pr0                                                                                                        
00005923  __aeabi_unwind_cpp_pr1                                                                                                        
0000592d  __aeabi_unwind_cpp_pr2                                                                                                        
00005937  _Z24__TI_targ_regbuf_installP15_Unwind_Context                                                                                
0000593f  _ZN10__cxxabiv117__class_type_infoD1Ev                                                                                        
0000593f  _ZN10__cxxabiv117__class_type_infoD2Ev                                                                                        
00005947  _ZN10__cxxabiv120__si_class_type_infoD1Ev                                                                                     
00005947  _ZN10__cxxabiv120__si_class_type_infoD2Ev                                                                                     
0000594f  _ZN10__cxxabiv123__fundamental_type_infoD1Ev                                                                                  
0000594f  _ZN10__cxxabiv123__fundamental_type_infoD2Ev                                                                                  
00005957  _ZNSt10bad_typeidD1Ev                                                                                                         
00005957  _ZNSt10bad_typeidD2Ev                                                                                                         
00005961  __aeabi_errno_addr                                                                                                            
00005969  __tdeh_init                                                                                                                   
00005971  malloc                                                                                                                        
0000597f  _ZNSt13bad_exceptionD0Ev                                                                                                      
00005985  _ZNSt9exceptionD0Ev                                                                                                           
0000598b  _Z22__TI_targ_rtti_addressPjP15_Unwind_Context                                                                                
0000598f  _Z23__TI_targ_regbuf_get_pcP15_Unwind_Context                                                                                 
00005993  _Z23__TI_targ_regbuf_get_sbP15_Unwind_Context                                                                                 
00005997  _Z23__TI_targ_regbuf_get_spP15_Unwind_Context                                                                                 
0000599b  _Z23__TI_targ_regbuf_set_pcP15_Unwind_Contextj                                                                                
0000599f  _Z26__TI_targ_setup_call_parm0P15_Unwind_Contextj                                                                             
000059a7  _ZdlPvj                                                                                                                       
000059ab  __abort_execution                                                                                                             
000059b7  _system_pre_init                                                                                                              
000059bb  C$$EXIT                                                                                                                       
000059bb  abort                                                                                                                         
00005cb8  _ctypes_                                                                                                                      
00005db9  _ZTSv                                                                                                                         
00005dbc  g_sFontFixed6x8                                                                                                               
00005fd0  _ZTSN10__cxxabiv123__fundamental_type_infoE                                                                                   
00005ff8  _ZTSN10__cxxabiv121__vmi_class_type_infoE                                                                                     
0000601e  _ZTSN10__cxxabiv120__si_class_type_infoE                                                                                      
00006043  _ZTSN10__cxxabiv119__pointer_type_infoE                                                                                       
00006067  _ZTSN10__cxxabiv117__class_type_infoE                                                                                         
00006089  _ZTSN10__cxxabiv117__pbase_type_infoE                                                                                         
000060ac  g_sCrystalfontz128x128_funcs                                                                                                  
000060e8  _ZTVSt10bad_typeid                                                                                                            
000060fc  _ZTVSt13bad_exception                                                                                                         
00006110  _ZTVSt9exception                                                                                                              
00006124  _ZTSSt13bad_exception                                                                                                         
00006138  _ZTVN10__cxxabiv117__class_type_infoE                                                                                         
00006148  _ZTVN10__cxxabiv120__si_class_type_infoE                                                                                      
00006158  _ZTVN10__cxxabiv123__fundamental_type_infoE                                                                                   
00006168  _ZTSSt10bad_typeid                                                                                                            
00006177  _ZTSSt9exception                                                                                                              
00006184  _ZTSSt9type_info                                                                                                              
00006194  _ZTIN10__cxxabiv117__class_type_infoE                                                                                         
000061a0  _ZTIN10__cxxabiv117__pbase_type_infoE                                                                                         
000061ac  _ZTIN10__cxxabiv119__pointer_type_infoE                                                                                       
000061b8  _ZTIN10__cxxabiv120__si_class_type_infoE                                                                                      
000061c4  _ZTIN10__cxxabiv121__vmi_class_type_infoE                                                                                     
000061d0  _ZTIN10__cxxabiv123__fundamental_type_infoE                                                                                   
000061dc  _ZTISt10bad_typeid                                                                                                            
000061e8  _ZTISt13bad_exception                                                                                                         
0000620c  _ZTISt9exception                                                                                                              
00006214  _ZTISt9type_info                                                                                                              
0000621c  _ZTIv                                                                                                                         
000062e0  __TI_Handler_Table_Base                                                                                                       
000062ec  __TI_Handler_Table_Limit                                                                                                      
000062f8  __TI_CINIT_Base                                                                                                               
00006308  .ARM.exidx$$Base                                                                                                              
00006308  __TI_CINIT_Limit                                                                                                              
00006308  __TI_UNWIND_TABLE_START                                                                                                       
00006530  .ARM.exidx$$Limit                                                                                                             
00006530  __TI_UNWIND_TABLE_END                                                                                                         
20000000  _sys_memory                                                                                                                   
20000800  _ftable                                                                                                                       
200008f0  _device                                                                                                                       
20000968  _stream                                                                                                                       
200009b8  g_sCrystalfontz128x128                                                                                                        
200009c8  __TI_ft_end                                                                                                                   
200009cc  __aeabi_stdin                                                                                                                 
200009d0  __aeabi_stdout                                                                                                                
200009d4  __aeabi_stderr                                                                                                                
200009d8  __TI_cleanup_ptr                                                                                                              
200009dc  __TI_dtors_ptr                                                                                                                
200009e0  __TI_enable_exit_profile_output                                                                                               
200009e4  _lock                                                                                                                         
200009e8  _unlock                                                                                                                       
200009f4  errno                                                                                                                         
200009fc  __CIOBUF_                                                                                                                     
20000b1c  __TI_tmpnams                                                                                                                  
20000bbc  g_sContext                                                                                                                    
20000bd8  parmbuf                                                                                                                       
20000be0  g_iyInitPosition                                                                                                              
20000be4  Lcd_ScreenHeigth                                                                                                              
20000be6  Lcd_ScreenWidth                                                                                                               
20000be8  Lcd_TouchTrim                                                                                                                 
20000bea  Lcd_FlagRead                                                                                                                  
20000beb  Lcd_FontSolid                                                                                                                 
20000bec  Lcd_Orientation                                                                                                               
20000bed  Lcd_PenSolid                                                                                                                  
2000fe00  __stack                                                                                                                       
20010000  __STACK_END                                                                                                                   
4000480c  WDTCTL_SYM                                                                                                                    
ffffffff  __TI_pprof_out_hndl                                                                                                           
ffffffff  __TI_prof_data_size                                                                                                           
ffffffff  __TI_prof_data_start                                                                                                          
ffffffff  __binit__                                                                                                                     
ffffffff  __c_args__                                                                                                                    
ffffffff  binit                                                                                                                         
UNDEFED   __mpu_init                                                                                                                    
UNDEFED   _system_post_cinit                                                                                                            

[336 symbols]
